Archive member included because of file (symbol)

D:\GitHub\EECS373_Project\TouchScreenController\SoftConsole\TouchScreenController_MSS_CM3_0\TouchScreenController_MSS_CM3_0_hw_platform\Debug\libTouchScreenController_MSS_CM3_0_hw_platform.a(mss_spi.o)
                              ./touchscreen.o (g_mss_spi1)
D:\GitHub\EECS373_Project\TouchScreenController\SoftConsole\TouchScreenController_MSS_CM3_0\TouchScreenController_MSS_CM3_0_hw_platform\Debug\libTouchScreenController_MSS_CM3_0_hw_platform.a(mss_gpio.o)
                              ./touchscreen.o (MSS_GPIO_init)
D:\GitHub\EECS373_Project\TouchScreenController\SoftConsole\TouchScreenController_MSS_CM3_0\TouchScreenController_MSS_CM3_0_hw_platform\Debug\libTouchScreenController_MSS_CM3_0_hw_platform.a(mss_ace.o)
                              ./touchscreen.o (ACE_init)
D:\GitHub\EECS373_Project\TouchScreenController\SoftConsole\TouchScreenController_MSS_CM3_0\TouchScreenController_MSS_CM3_0_hw_platform\Debug\libTouchScreenController_MSS_CM3_0_hw_platform.a(system_a2fxxxm3.o)
                              D:/GitHub/EECS373_Project/TouchScreenController/SoftConsole/TouchScreenController_MSS_CM3_0/TouchScreenController_MSS_CM3_0_hw_platform/Debug/CMSIS/startup_gcc/startup_a2fxxxm3.o (SystemInit)
D:\GitHub\EECS373_Project\TouchScreenController\SoftConsole\TouchScreenController_MSS_CM3_0\TouchScreenController_MSS_CM3_0_hw_platform\Debug\libTouchScreenController_MSS_CM3_0_hw_platform.a(ace_config.o)
                              D:\GitHub\EECS373_Project\TouchScreenController\SoftConsole\TouchScreenController_MSS_CM3_0\TouchScreenController_MSS_CM3_0_hw_platform\Debug\libTouchScreenController_MSS_CM3_0_hw_platform.a(mss_ace.o) (g_ace_channel_desc_table)
D:\GitHub\EECS373_Project\TouchScreenController\SoftConsole\TouchScreenController_MSS_CM3_0\TouchScreenController_MSS_CM3_0_hw_platform\Debug\libTouchScreenController_MSS_CM3_0_hw_platform.a(ace_convert.o)
                              D:\GitHub\EECS373_Project\TouchScreenController\SoftConsole\TouchScreenController_MSS_CM3_0\TouchScreenController_MSS_CM3_0_hw_platform\Debug\libTouchScreenController_MSS_CM3_0_hw_platform.a(mss_ace.o) (ace_init_convert)
D:\GitHub\EECS373_Project\TouchScreenController\SoftConsole\TouchScreenController_MSS_CM3_0\TouchScreenController_MSS_CM3_0_hw_platform\Debug\libTouchScreenController_MSS_CM3_0_hw_platform.a(ace_flags.o)
                              D:\GitHub\EECS373_Project\TouchScreenController\SoftConsole\TouchScreenController_MSS_CM3_0\TouchScreenController_MSS_CM3_0_hw_platform\Debug\libTouchScreenController_MSS_CM3_0_hw_platform.a(mss_ace.o) (ace_init_flags)
c:/microsemi/softconsole v3.3/sourcery-g++/bin/../lib/gcc/arm-none-eabi/4.4.1/thumb2\libgcc.a(_arm_addsubsf3.o)
                              ./touchscreen.o (__aeabi_fsub)
c:/microsemi/softconsole v3.3/sourcery-g++/bin/../lib/gcc/arm-none-eabi/4.4.1/thumb2\libgcc.a(_arm_muldivsf3.o)
                              ./touchscreen.o (__aeabi_fmul)
c:/microsemi/softconsole v3.3/sourcery-g++/bin/../lib/gcc/arm-none-eabi/4.4.1/thumb2\libgcc.a(_arm_fixsfsi.o)
                              ./touchscreen.o (__aeabi_f2iz)
c:/microsemi/softconsole v3.3/sourcery-g++/bin/../lib/gcc/arm-none-eabi/4.4.1/../../../../arm-none-eabi/lib/thumb2\libc.a(lib_a-errno.o)
                              D:/GitHub/EECS373_Project/TouchScreenController/SoftConsole/TouchScreenController_MSS_CM3_0/TouchScreenController_MSS_CM3_0_hw_platform/Debug/CMSIS/startup_gcc/newlib_stubs.o (__errno)
c:/microsemi/softconsole v3.3/sourcery-g++/bin/../lib/gcc/arm-none-eabi/4.4.1/../../../../arm-none-eabi/lib/thumb2\libc.a(lib_a-impure.o)
                              c:/microsemi/softconsole v3.3/sourcery-g++/bin/../lib/gcc/arm-none-eabi/4.4.1/../../../../arm-none-eabi/lib/thumb2\libc.a(lib_a-errno.o) (_impure_ptr)
c:/microsemi/softconsole v3.3/sourcery-g++/bin/../lib/gcc/arm-none-eabi/4.4.1/../../../../arm-none-eabi/lib/thumb2\libc.a(lib_a-init.o)
                              D:/GitHub/EECS373_Project/TouchScreenController/SoftConsole/TouchScreenController_MSS_CM3_0/TouchScreenController_MSS_CM3_0_hw_platform/Debug/CMSIS/startup_gcc/startup_a2fxxxm3.o (__libc_init_array)
c:/microsemi/softconsole v3.3/sourcery-g++/bin/../lib/gcc/arm-none-eabi/4.4.1/../../../../arm-none-eabi/lib/thumb2\libc.a(lib_a-memset.o)
                              D:\GitHub\EECS373_Project\TouchScreenController\SoftConsole\TouchScreenController_MSS_CM3_0\TouchScreenController_MSS_CM3_0_hw_platform\Debug\libTouchScreenController_MSS_CM3_0_hw_platform.a(mss_spi.o) (memset)
c:/microsemi/softconsole v3.3/sourcery-g++/bin/../lib/gcc/arm-none-eabi/4.4.1/../../../../arm-none-eabi/lib/thumb2\libc.a(lib_a-strncmp.o)
                              D:\GitHub\EECS373_Project\TouchScreenController\SoftConsole\TouchScreenController_MSS_CM3_0\TouchScreenController_MSS_CM3_0_hw_platform\Debug\libTouchScreenController_MSS_CM3_0_hw_platform.a(mss_ace.o) (strncmp)

Allocating common symbols
[...]
Memory Configuration

Name             Origin             Length             Attributes
ram              0x20000000         0x00010000         xrw
*default*        0x00000000         0xffffffff

Linker script and memory map

LOAD c:/microsemi/softconsole v3.3/sourcery-g++/bin/../lib/gcc/arm-none-eabi/4.4.1/thumb2/crti.o
LOAD c:/microsemi/softconsole v3.3/sourcery-g++/bin/../lib/gcc/arm-none-eabi/4.4.1/thumb2/crtbegin.o
LOAD ./main.o
LOAD ./touchscreen.o
LOAD D:/GitHub/EECS373_Project/TouchScreenController/SoftConsole/TouchScreenController_MSS_CM3_0/TouchScreenController_MSS_CM3_0_hw_platform/Debug/CMSIS/startup_gcc/startup_a2fxxxm3.o
LOAD D:/GitHub/EECS373_Project/TouchScreenController/SoftConsole/TouchScreenController_MSS_CM3_0/TouchScreenController_MSS_CM3_0_hw_platform/Debug/CMSIS/startup_gcc/newlib_stubs.o
LOAD D:\GitHub\EECS373_Project\TouchScreenController\SoftConsole\TouchScreenController_MSS_CM3_0\TouchScreenController_MSS_CM3_0_hw_platform\Debug\libTouchScreenController_MSS_CM3_0_hw_platform.a
START GROUP
LOAD c:/microsemi/softconsole v3.3/sourcery-g++/bin/../lib/gcc/arm-none-eabi/4.4.1/thumb2\libgcc.a
LOAD c:/microsemi/softconsole v3.3/sourcery-g++/bin/../lib/gcc/arm-none-eabi/4.4.1/../../../../arm-none-eabi/lib/thumb2\libc.a
END GROUP
LOAD c:/microsemi/softconsole v3.3/sourcery-g++/bin/../lib/gcc/arm-none-eabi/4.4.1/thumb2/crtend.o
LOAD c:/microsemi/softconsole v3.3/sourcery-g++/bin/../lib/gcc/arm-none-eabi/4.4.1/thumb2/crtn.o
START GROUP
LOAD c:/microsemi/softconsole v3.3/sourcery-g++/bin/../lib/gcc/arm-none-eabi/4.4.1/../../../../arm-none-eabi/lib/thumb2\libc.a
LOAD c:/microsemi/softconsole v3.3/sourcery-g++/bin/../lib/gcc/arm-none-eabi/4.4.1/thumb2\libgcc.a
LOAD c:/microsemi/softconsole v3.3/sourcery-g++/bin/../lib/gcc/arm-none-eabi/4.4.1/../../../../arm-none-eabi/lib/thumb2\libm.a
END GROUP
                0x00000000                __DYNAMIC = 0x0
                0x20000000                RAM_START_ADDRESS = 0x20000000
                0x00010000                RAM_SIZE = 0x10000
                0x00002000                MAIN_STACK_SIZE = 0x2000
                0x00001000                PROCESS_STACK_SIZE = 0x1000
                0x20010000                PROVIDE (__main_stack_start, (RAM_START_ADDRESS + RAM_SIZE))
                0x2000e000                PROVIDE (__process_stack_start, (__main_stack_start - MAIN_STACK_SIZE))
                0x20010000                PROVIDE (_estack, __main_stack_start)
                0x00000000                PROVIDE (__mirrored_nvm, 0x0)

.text           0x20000000     0x2b54
 CREATE_OBJECT_SYMBOLS
                0x20000000                __text_load = LOADADDR (.text)
                0x20000000                __text_start = .
                0x20000000                __vector_table_vma_base_address = .
 *(.isr_vector)
 .isr_vector    0x20000000      0x470 D:/GitHub/EECS373_Project/TouchScreenController/SoftConsole/TouchScreenController_MSS_CM3_0/TouchScreenController_MSS_CM3_0_hw_platform/Debug/CMSIS/startup_gcc/startup_a2fxxxm3.o
                0x20000000                g_pfnVectors
                0x20000298                Reset_Handler
                0x20000308                NMI_Handler
                0x2000030a                HardFault_Handler
                0x2000030c                MemManage_Handler
                0x2000030e                BusFault_Handler
                0x20000310                UsageFault_Handler
                0x20000312                SVC_Handler
                0x20000314                DebugMon_Handler
                0x20000316                PendSV_Handler
                0x20000318                SysTick_Handler
                0x2000031a                WdogWakeup_IRQHandler
                0x2000031c                BrownOut_1_5V_IRQHandler
                0x2000031e                BrownOut_3_3V_IRQHandler
                0x20000320                RTC_Match_IRQHandler
                0x20000322                RTCIF_Pub_IRQHandler
                0x20000324                EthernetMAC_IRQHandler
                0x20000326                IAP_IRQHandler
                0x20000328                ENVM0_IRQHandler
                0x2000032a                ENVM1_IRQHandler
                0x2000032c                DMA_IRQHandler
                0x2000032e                UART0_IRQHandler
                0x20000330                UART1_IRQHandler
                0x20000336                I2C0_IRQHandler
                0x20000338                I2C0_SMBAlert_IRQHandler
                0x2000033a                I2C0_SMBus_IRQHandler
                0x2000033c                I2C1_IRQHandler
                0x2000033e                I2C1_SMBAlert_IRQHandler
                0x20000340                I2C1_SMBus_IRQHandler
                0x20000342                Timer1_IRQHandler
                0x20000344                Timer2_IRQHandler
                0x20000346                PLL_Lock_IRQHandler
                0x20000348                PLL_LockLost_IRQHandler
                0x2000034a                CommError_IRQHandler
                0x2000034c                Fabric_IRQHandler
                0x2000034e                GPIO0_IRQHandler
                0x20000350                GPIO1_IRQHandler
                0x20000352                GPIO2_IRQHandler
                0x20000354                GPIO3_IRQHandler
                0x20000356                GPIO4_IRQHandler
                0x20000358                GPIO5_IRQHandler
                0x2000035a                GPIO6_IRQHandler
                0x2000035c                GPIO7_IRQHandler
                0x2000035e                GPIO8_IRQHandler
                0x20000360                GPIO9_IRQHandler
                0x20000362                GPIO10_IRQHandler
                0x20000364                GPIO11_IRQHandler
                0x20000366                GPIO12_IRQHandler
                0x20000368                GPIO13_IRQHandler
                0x2000036a                GPIO14_IRQHandler
                0x2000036c                GPIO15_IRQHandler
                0x2000036e                GPIO16_IRQHandler
                0x20000370                GPIO17_IRQHandler
                0x20000372                GPIO18_IRQHandler
                0x20000374                GPIO19_IRQHandler
                0x20000376                GPIO20_IRQHandler
                0x20000378                GPIO21_IRQHandler
                0x2000037a                GPIO22_IRQHandler
                0x2000037c                GPIO23_IRQHandler
                0x2000037e                GPIO24_IRQHandler
                0x20000380                GPIO25_IRQHandler
                0x20000382                GPIO26_IRQHandler
                0x20000384                GPIO27_IRQHandler
                0x20000386                GPIO28_IRQHandler
                0x20000388                GPIO29_IRQHandler
                0x2000038a                GPIO30_IRQHandler
                0x2000038c                GPIO31_IRQHandler
                0x2000038e                ACE_PC0_Flag0_IRQHandler
                0x20000390                ACE_PC0_Flag1_IRQHandler
                0x20000392                ACE_PC0_Flag2_IRQHandler
                0x20000394                ACE_PC0_Flag3_IRQHandler
                0x20000396                ACE_PC1_Flag0_IRQHandler
                0x20000398                ACE_PC1_Flag1_IRQHandler
                0x2000039a                ACE_PC1_Flag2_IRQHandler
                0x2000039c                ACE_PC1_Flag3_IRQHandler
                0x2000039e                ACE_PC2_Flag0_IRQHandler
                0x200003a0                ACE_PC2_Flag1_IRQHandler
                0x200003a2                ACE_PC2_Flag2_IRQHandler
                0x200003a4                ACE_PC2_Flag3_IRQHandler
                0x200003a6                ACE_ADC0_DataValid_IRQHandler
                0x200003a8                ACE_ADC1_DataValid_IRQHandler
                0x200003aa                ACE_ADC2_DataValid_IRQHandler
                0x200003ac                ACE_ADC0_CalDone_IRQHandler
                0x200003ae                ACE_ADC1_CalDone_IRQHandler
                0x200003b0                ACE_ADC2_CalDone_IRQHandler
                0x200003b2                ACE_ADC0_CalStart_IRQHandler
                0x200003b4                ACE_ADC1_CalStart_IRQHandler
                0x200003b6                ACE_ADC2_CalStart_IRQHandler
                0x200003b8                ACE_Comp0_Fall_IRQHandler
                0x200003ba                ACE_Comp1_Fall_IRQHandler
                0x200003bc                ACE_Comp2_Fall_IRQHandler
                0x200003be                ACE_Comp3_Fall_IRQHandler
                0x200003c0                ACE_Comp4_Fall_IRQHandler
                0x200003c2                ACE_Comp5_Fall_IRQHandler
                0x200003c4                ACE_Comp6_Fall_IRQHandler
                0x200003c6                ACE_Comp7_Fall_IRQHandler
                0x200003c8                ACE_Comp8_Fall_IRQHandler
                0x200003ca                ACE_Comp9_Fall_IRQHandler
                0x200003cc                ACE_Comp10_Fall_IRQHandler
                0x200003ce                ACE_Comp11_Fall_IRQHandler
                0x200003d0                ACE_Comp0_Rise_IRQHandler
                0x200003d2                ACE_Comp1_Rise_IRQHandler
                0x200003d4                ACE_Comp2_Rise_IRQHandler
                0x200003d6                ACE_Comp3_Rise_IRQHandler
                0x200003d8                ACE_Comp4_Rise_IRQHandler
                0x200003da                ACE_Comp5_Rise_IRQHandler
                0x200003dc                ACE_Comp6_Rise_IRQHandler
                0x200003de                ACE_Comp7_Rise_IRQHandler
                0x200003e0                ACE_Comp8_Rise_IRQHandler
                0x200003e2                ACE_Comp9_Rise_IRQHandler
                0x200003e4                ACE_Comp10_Rise_IRQHandler
                0x200003e6                ACE_Comp11_Rise_IRQHandler
                0x200003e8                ACE_ADC0_FifoFull_IRQHandler
                0x200003ea                ACE_ADC0_FifoAFull_IRQHandler
                0x200003ec                ACE_ADC0_FifoEmpty_IRQHandler
                0x200003ee                ACE_ADC1_FifoFull_IRQHandler
                0x200003f0                ACE_ADC1_FifoAFull_IRQHandler
                0x200003f2                ACE_ADC1_FifoEmpty_IRQHandler
                0x200003f4                ACE_ADC2_FifoFull_IRQHandler
                0x200003f6                ACE_ADC2_FifoAFull_IRQHandler
                0x200003f8                ACE_ADC2_FifoEmpty_IRQHandler
 *(.text .text.* .gnu.linkonce.t.*)
 .text          0x20000470       0x30 c:/microsemi/softconsole v3.3/sourcery-g++/bin/../lib/gcc/arm-none-eabi/4.4.1/thumb2/crtbegin.o
 .text.main     0x200004a0       0x64 ./main.o
                0x200004a0                main
 .text.NVIC_DisableIRQ
                0x20000504       0x3c ./touchscreen.o
 .text.NVIC_ClearPendingIRQ
                0x20000540       0x3c ./touchscreen.o
 .text.MSS_TIM1_init
                0x2000057c       0x84 ./touchscreen.o
 .text.MSS_TIM1_start
                0x20000600       0x1c ./touchscreen.o
 .text.MSS_TIM1_stop
                0x2000061c       0x1c ./touchscreen.o
 .text.MSS_TIM1_get_current_value
                0x20000638       0x18 ./touchscreen.o
 .text.MSS_TIM1_load_immediate
                0x20000650       0x20 ./touchscreen.o
 .text.touchscreen_begin
                0x20000670       0xe8 ./touchscreen.o
                0x20000670                touchscreen_begin
 .text.getX     0x20000758       0x84 ./touchscreen.o
                0x20000758                getX
 .text.getY     0x200007dc       0x84 ./touchscreen.o
                0x200007dc                getY
 .text.getZ     0x20000860      0x130 ./touchscreen.o
                0x20000860                getZ
 .text.drawPixel
                0x20000990       0x48 ./touchscreen.o
                0x20000990                drawPixel
 .text.drawRectanglePixel
                0x200009d8       0x5c ./touchscreen.o
                0x200009d8                drawRectanglePixel
 .text.drawFillScreen
                0x20000a34       0x2c ./touchscreen.o
                0x20000a34                drawFillScreen
 .text.setAddr  0x20000a60       0x50 ./touchscreen.o
                0x20000a60                setAddr
 .text.sendCommand
                0x20000ab0       0x60 ./touchscreen.o
                0x20000ab0                sendCommand
 .text.delay    0x20000b10       0x40 ./touchscreen.o
                0x20000b10                delay
 .text.delayMicro
                0x20000b50       0x3c ./touchscreen.o
                0x20000b50                delayMicro
 .text.sendCommandOnly
                0x20000b8c       0x2c ./touchscreen.o
                0x20000b8c                sendCommandOnly
 .text.writeLine
                0x20000bb8      0x13c ./touchscreen.o
                0x20000bb8                writeLine
 .text.configureSPI
                0x20000cf4       0x30 ./touchscreen.o
                0x20000cf4                configureSPI
 .text.sendSPI  0x20000d24       0x24 ./touchscreen.o
                0x20000d24                sendSPI
 .text.sendSPI16
                0x20000d48       0x38 ./touchscreen.o
                0x20000d48                sendSPI16
 .text.set_SPI_CS
                0x20000d80       0x18 ./touchscreen.o
                0x20000d80                set_SPI_CS
 .text.clear_SPI_CS
                0x20000d98       0x18 ./touchscreen.o
                0x20000d98                clear_SPI_CS
 .text.set_DC_HIGH
                0x20000db0       0x14 ./touchscreen.o
                0x20000db0                set_DC_HIGH
 .text.set_DC_LOW
                0x20000dc4       0x14 ./touchscreen.o
                0x20000dc4                set_DC_LOW
 .text.NVIC_EnableIRQ
                0x20000dd8       0x38 D:\GitHub\EECS373_Project\TouchScreenController\SoftConsole\TouchScreenController_MSS_CM3_0\TouchScreenController_MSS_CM3_0_hw_platform\Debug\libTouchScreenController_MSS_CM3_0_hw_platform.a(mss_spi.o)
 .text.NVIC_DisableIRQ
                0x20000e10       0x3c D:\GitHub\EECS373_Project\TouchScreenController\SoftConsole\TouchScreenController_MSS_CM3_0\TouchScreenController_MSS_CM3_0_hw_platform\Debug\libTouchScreenController_MSS_CM3_0_hw_platform.a(mss_spi.o)
 .text.NVIC_ClearPendingIRQ
                0x20000e4c       0x3c D:\GitHub\EECS373_Project\TouchScreenController\SoftConsole\TouchScreenController_MSS_CM3_0\TouchScreenController_MSS_CM3_0_hw_platform\Debug\libTouchScreenController_MSS_CM3_0_hw_platform.a(mss_spi.o)
 .text.MSS_SPI_init
                0x20000e88      0x134 D:\GitHub\EECS373_Project\TouchScreenController\SoftConsole\TouchScreenController_MSS_CM3_0\TouchScreenController_MSS_CM3_0_hw_platform\Debug\libTouchScreenController_MSS_CM3_0_hw_platform.a(mss_spi.o)
                0x20000e88                MSS_SPI_init
 .text.recover_from_rx_overflow
                0x20000fbc      0x160 D:\GitHub\EECS373_Project\TouchScreenController\SoftConsole\TouchScreenController_MSS_CM3_0\TouchScreenController_MSS_CM3_0_hw_platform\Debug\libTouchScreenController_MSS_CM3_0_hw_platform.a(mss_spi.o)
 .text.MSS_SPI_configure_master_mode
                0x2000111c      0x120 D:\GitHub\EECS373_Project\TouchScreenController\SoftConsole\TouchScreenController_MSS_CM3_0\TouchScreenController_MSS_CM3_0_hw_platform\Debug\libTouchScreenController_MSS_CM3_0_hw_platform.a(mss_spi.o)
                0x2000111c                MSS_SPI_configure_master_mode
 .text.MSS_SPI_set_slave_select
                0x2000123c      0x108 D:\GitHub\EECS373_Project\TouchScreenController\SoftConsole\TouchScreenController_MSS_CM3_0\TouchScreenController_MSS_CM3_0_hw_platform\Debug\libTouchScreenController_MSS_CM3_0_hw_platform.a(mss_spi.o)
                0x2000123c                MSS_SPI_set_slave_select
 .text.MSS_SPI_clear_slave_select
                0x20001344       0x90 D:\GitHub\EECS373_Project\TouchScreenController\SoftConsole\TouchScreenController_MSS_CM3_0\TouchScreenController_MSS_CM3_0_hw_platform\Debug\libTouchScreenController_MSS_CM3_0_hw_platform.a(mss_spi.o)
                0x20001344                MSS_SPI_clear_slave_select
 .text.MSS_SPI_transfer_frame
                0x200013d4       0xec D:\GitHub\EECS373_Project\TouchScreenController\SoftConsole\TouchScreenController_MSS_CM3_0\TouchScreenController_MSS_CM3_0_hw_platform\Debug\libTouchScreenController_MSS_CM3_0_hw_platform.a(mss_spi.o)
                0x200013d4                MSS_SPI_transfer_frame
 .text.fill_slave_tx_fifo
                0x200014c0       0xe0 D:\GitHub\EECS373_Project\TouchScreenController\SoftConsole\TouchScreenController_MSS_CM3_0\TouchScreenController_MSS_CM3_0_hw_platform\Debug\libTouchScreenController_MSS_CM3_0_hw_platform.a(mss_spi.o)
 .text.read_slave_rx_fifo
                0x200015a0       0xac D:\GitHub\EECS373_Project\TouchScreenController\SoftConsole\TouchScreenController_MSS_CM3_0\TouchScreenController_MSS_CM3_0_hw_platform\Debug\libTouchScreenController_MSS_CM3_0_hw_platform.a(mss_spi.o)
 .text.mss_spi_isr
                0x2000164c      0x2b0 D:\GitHub\EECS373_Project\TouchScreenController\SoftConsole\TouchScreenController_MSS_CM3_0\TouchScreenController_MSS_CM3_0_hw_platform\Debug\libTouchScreenController_MSS_CM3_0_hw_platform.a(mss_spi.o)
 .text.SPI0_IRQHandler
                0x200018fc       0x2c D:\GitHub\EECS373_Project\TouchScreenController\SoftConsole\TouchScreenController_MSS_CM3_0\TouchScreenController_MSS_CM3_0_hw_platform\Debug\libTouchScreenController_MSS_CM3_0_hw_platform.a(mss_spi.o)
                0x200018fc                SPI0_IRQHandler
 .text.SPI1_IRQHandler
                0x20001928       0x2c D:\GitHub\EECS373_Project\TouchScreenController\SoftConsole\TouchScreenController_MSS_CM3_0\TouchScreenController_MSS_CM3_0_hw_platform\Debug\libTouchScreenController_MSS_CM3_0_hw_platform.a(mss_spi.o)
                0x20001928                SPI1_IRQHandler
 .text.NVIC_ClearPendingIRQ
                0x20001954       0x3c D:\GitHub\EECS373_Project\TouchScreenController\SoftConsole\TouchScreenController_MSS_CM3_0\TouchScreenController_MSS_CM3_0_hw_platform\Debug\libTouchScreenController_MSS_CM3_0_hw_platform.a(mss_gpio.o)
 .text.MSS_GPIO_init
                0x20001990       0x6c D:\GitHub\EECS373_Project\TouchScreenController\SoftConsole\TouchScreenController_MSS_CM3_0\TouchScreenController_MSS_CM3_0_hw_platform\Debug\libTouchScreenController_MSS_CM3_0_hw_platform.a(mss_gpio.o)
                0x20001990                MSS_GPIO_init
 .text.MSS_GPIO_config
                0x200019fc       0x3c D:\GitHub\EECS373_Project\TouchScreenController\SoftConsole\TouchScreenController_MSS_CM3_0\TouchScreenController_MSS_CM3_0_hw_platform\Debug\libTouchScreenController_MSS_CM3_0_hw_platform.a(mss_gpio.o)
                0x200019fc                MSS_GPIO_config
 .text.MSS_GPIO_set_output
                0x20001a38       0x40 D:\GitHub\EECS373_Project\TouchScreenController\SoftConsole\TouchScreenController_MSS_CM3_0\TouchScreenController_MSS_CM3_0_hw_platform\Debug\libTouchScreenController_MSS_CM3_0_hw_platform.a(mss_gpio.o)
                0x20001a38                MSS_GPIO_set_output
 .text.ACE_init
                0x20001a78       0x10 D:\GitHub\EECS373_Project\TouchScreenController\SoftConsole\TouchScreenController_MSS_CM3_0\TouchScreenController_MSS_CM3_0_hw_platform\Debug\libTouchScreenController_MSS_CM3_0_hw_platform.a(mss_ace.o)
                0x20001a78                ACE_init
 .text.ACE_get_channel_handle
                0x20001a88       0x74 D:\GitHub\EECS373_Project\TouchScreenController\SoftConsole\TouchScreenController_MSS_CM3_0\TouchScreenController_MSS_CM3_0_hw_platform\Debug\libTouchScreenController_MSS_CM3_0_hw_platform.a(mss_ace.o)
                0x20001a88                ACE_get_channel_handle
 .text.ACE_get_ppe_sample
                0x20001afc       0x54 D:\GitHub\EECS373_Project\TouchScreenController\SoftConsole\TouchScreenController_MSS_CM3_0\TouchScreenController_MSS_CM3_0_hw_platform\Debug\libTouchScreenController_MSS_CM3_0_hw_platform.a(mss_ace.o)
                0x20001afc                ACE_get_ppe_sample
 .text.SystemInit
                0x20001b50        0xc D:\GitHub\EECS373_Project\TouchScreenController\SoftConsole\TouchScreenController_MSS_CM3_0\TouchScreenController_MSS_CM3_0_hw_platform\Debug\libTouchScreenController_MSS_CM3_0_hw_platform.a(system_a2fxxxm3.o)
                0x20001b50                SystemInit
 .text.ace_init_convert
                0x20001b5c      0x1b4 D:\GitHub\EECS373_Project\TouchScreenController\SoftConsole\TouchScreenController_MSS_CM3_0\TouchScreenController_MSS_CM3_0_hw_platform\Debug\libTouchScreenController_MSS_CM3_0_hw_platform.a(ace_convert.o)
                0x20001b5c                ace_init_convert
 .text.NVIC_ClearPendingIRQ
                0x20001d10       0x3c D:\GitHub\EECS373_Project\TouchScreenController\SoftConsole\TouchScreenController_MSS_CM3_0\TouchScreenController_MSS_CM3_0_hw_platform\Debug\libTouchScreenController_MSS_CM3_0_hw_platform.a(ace_flags.o)
 .text.ace_init_flags
                0x20001d4c        0xc D:\GitHub\EECS373_Project\TouchScreenController\SoftConsole\TouchScreenController_MSS_CM3_0\TouchScreenController_MSS_CM3_0_hw_platform\Debug\libTouchScreenController_MSS_CM3_0_hw_platform.a(ace_flags.o)
                0x20001d4c                ace_init_flags
 .text.process_flag_irq
                0x20001d58       0x14 D:\GitHub\EECS373_Project\TouchScreenController\SoftConsole\TouchScreenController_MSS_CM3_0\TouchScreenController_MSS_CM3_0_hw_platform\Debug\libTouchScreenController_MSS_CM3_0_hw_platform.a(ace_flags.o)
 .text.ACE_PPE_Flag0_IRQHandler
                0x20001d6c       0x28 D:\GitHub\EECS373_Project\TouchScreenController\SoftConsole\TouchScreenController_MSS_CM3_0\TouchScreenController_MSS_CM3_0_hw_platform\Debug\libTouchScreenController_MSS_CM3_0_hw_platform.a(ace_flags.o)
                0x20001d6c                ACE_PPE_Flag0_IRQHandler
 .text.ACE_PPE_Flag1_IRQHandler
                0x20001d94       0x28 D:\GitHub\EECS373_Project\TouchScreenController\SoftConsole\TouchScreenController_MSS_CM3_0\TouchScreenController_MSS_CM3_0_hw_platform\Debug\libTouchScreenController_MSS_CM3_0_hw_platform.a(ace_flags.o)
                0x20001d94                ACE_PPE_Flag1_IRQHandler
 .text.ACE_PPE_Flag2_IRQHandler
                0x20001dbc       0x28 D:\GitHub\EECS373_Project\TouchScreenController\SoftConsole\TouchScreenController_MSS_CM3_0\TouchScreenController_MSS_CM3_0_hw_platform\Debug\libTouchScreenController_MSS_CM3_0_hw_platform.a(ace_flags.o)
                0x20001dbc                ACE_PPE_Flag2_IRQHandler
 .text.ACE_PPE_Flag3_IRQHandler
                0x20001de4       0x28 D:\GitHub\EECS373_Project\TouchScreenController\SoftConsole\TouchScreenController_MSS_CM3_0\TouchScreenController_MSS_CM3_0_hw_platform\Debug\libTouchScreenController_MSS_CM3_0_hw_platform.a(ace_flags.o)
                0x20001de4                ACE_PPE_Flag3_IRQHandler
 .text.ACE_PPE_Flag4_IRQHandler
                0x20001e0c       0x28 D:\GitHub\EECS373_Project\TouchScreenController\SoftConsole\TouchScreenController_MSS_CM3_0\TouchScreenController_MSS_CM3_0_hw_platform\Debug\libTouchScreenController_MSS_CM3_0_hw_platform.a(ace_flags.o)
                0x20001e0c                ACE_PPE_Flag4_IRQHandler
 .text.ACE_PPE_Flag5_IRQHandler
                0x20001e34       0x28 D:\GitHub\EECS373_Project\TouchScreenController\SoftConsole\TouchScreenController_MSS_CM3_0\TouchScreenController_MSS_CM3_0_hw_platform\Debug\libTouchScreenController_MSS_CM3_0_hw_platform.a(ace_flags.o)
                0x20001e34                ACE_PPE_Flag5_IRQHandler
 .text.ACE_PPE_Flag6_IRQHandler
                0x20001e5c       0x28 D:\GitHub\EECS373_Project\TouchScreenController\SoftConsole\TouchScreenController_MSS_CM3_0\TouchScreenController_MSS_CM3_0_hw_platform\Debug\libTouchScreenController_MSS_CM3_0_hw_platform.a(ace_flags.o)
                0x20001e5c                ACE_PPE_Flag6_IRQHandler
 .text.ACE_PPE_Flag7_IRQHandler
                0x20001e84       0x28 D:\GitHub\EECS373_Project\TouchScreenController\SoftConsole\TouchScreenController_MSS_CM3_0\TouchScreenController_MSS_CM3_0_hw_platform\Debug\libTouchScreenController_MSS_CM3_0_hw_platform.a(ace_flags.o)
                0x20001e84                ACE_PPE_Flag7_IRQHandler
 .text.ACE_PPE_Flag8_IRQHandler
                0x20001eac       0x28 D:\GitHub\EECS373_Project\TouchScreenController\SoftConsole\TouchScreenController_MSS_CM3_0\TouchScreenController_MSS_CM3_0_hw_platform\Debug\libTouchScreenController_MSS_CM3_0_hw_platform.a(ace_flags.o)
                0x20001eac                ACE_PPE_Flag8_IRQHandler
 .text.ACE_PPE_Flag9_IRQHandler
                0x20001ed4       0x28 D:\GitHub\EECS373_Project\TouchScreenController\SoftConsole\TouchScreenController_MSS_CM3_0\TouchScreenController_MSS_CM3_0_hw_platform\Debug\libTouchScreenController_MSS_CM3_0_hw_platform.a(ace_flags.o)
                0x20001ed4                ACE_PPE_Flag9_IRQHandler
 .text.ACE_PPE_Flag10_IRQHandler
                0x20001efc       0x28 D:\GitHub\EECS373_Project\TouchScreenController\SoftConsole\TouchScreenController_MSS_CM3_0\TouchScreenController_MSS_CM3_0_hw_platform\Debug\libTouchScreenController_MSS_CM3_0_hw_platform.a(ace_flags.o)
                0x20001efc                ACE_PPE_Flag10_IRQHandler
 .text.ACE_PPE_Flag11_IRQHandler
                0x20001f24       0x28 D:\GitHub\EECS373_Project\TouchScreenController\SoftConsole\TouchScreenController_MSS_CM3_0\TouchScreenController_MSS_CM3_0_hw_platform\Debug\libTouchScreenController_MSS_CM3_0_hw_platform.a(ace_flags.o)
                0x20001f24                ACE_PPE_Flag11_IRQHandler
 .text.ACE_PPE_Flag12_IRQHandler
                0x20001f4c       0x28 D:\GitHub\EECS373_Project\TouchScreenController\SoftConsole\TouchScreenController_MSS_CM3_0\TouchScreenController_MSS_CM3_0_hw_platform\Debug\libTouchScreenController_MSS_CM3_0_hw_platform.a(ace_flags.o)
                0x20001f4c                ACE_PPE_Flag12_IRQHandler
 .text.ACE_PPE_Flag13_IRQHandler
                0x20001f74       0x28 D:\GitHub\EECS373_Project\TouchScreenController\SoftConsole\TouchScreenController_MSS_CM3_0\TouchScreenController_MSS_CM3_0_hw_platform\Debug\libTouchScreenController_MSS_CM3_0_hw_platform.a(ace_flags.o)
                0x20001f74                ACE_PPE_Flag13_IRQHandler
 .text.ACE_PPE_Flag14_IRQHandler
                0x20001f9c       0x28 D:\GitHub\EECS373_Project\TouchScreenController\SoftConsole\TouchScreenController_MSS_CM3_0\TouchScreenController_MSS_CM3_0_hw_platform\Debug\libTouchScreenController_MSS_CM3_0_hw_platform.a(ace_flags.o)
                0x20001f9c                ACE_PPE_Flag14_IRQHandler
 .text.ACE_PPE_Flag15_IRQHandler
                0x20001fc4       0x28 D:\GitHub\EECS373_Project\TouchScreenController\SoftConsole\TouchScreenController_MSS_CM3_0\TouchScreenController_MSS_CM3_0_hw_platform\Debug\libTouchScreenController_MSS_CM3_0_hw_platform.a(ace_flags.o)
                0x20001fc4                ACE_PPE_Flag15_IRQHandler
 .text.ACE_PPE_Flag16_IRQHandler
                0x20001fec       0x28 D:\GitHub\EECS373_Project\TouchScreenController\SoftConsole\TouchScreenController_MSS_CM3_0\TouchScreenController_MSS_CM3_0_hw_platform\Debug\libTouchScreenController_MSS_CM3_0_hw_platform.a(ace_flags.o)
                0x20001fec                ACE_PPE_Flag16_IRQHandler
 .text.ACE_PPE_Flag17_IRQHandler
                0x20002014       0x28 D:\GitHub\EECS373_Project\TouchScreenController\SoftConsole\TouchScreenController_MSS_CM3_0\TouchScreenController_MSS_CM3_0_hw_platform\Debug\libTouchScreenController_MSS_CM3_0_hw_platform.a(ace_flags.o)
                0x20002014                ACE_PPE_Flag17_IRQHandler
 .text.ACE_PPE_Flag18_IRQHandler
                0x2000203c       0x28 D:\GitHub\EECS373_Project\TouchScreenController\SoftConsole\TouchScreenController_MSS_CM3_0\TouchScreenController_MSS_CM3_0_hw_platform\Debug\libTouchScreenController_MSS_CM3_0_hw_platform.a(ace_flags.o)
                0x2000203c                ACE_PPE_Flag18_IRQHandler
 .text.ACE_PPE_Flag19_IRQHandler
                0x20002064       0x28 D:\GitHub\EECS373_Project\TouchScreenController\SoftConsole\TouchScreenController_MSS_CM3_0\TouchScreenController_MSS_CM3_0_hw_platform\Debug\libTouchScreenController_MSS_CM3_0_hw_platform.a(ace_flags.o)
                0x20002064                ACE_PPE_Flag19_IRQHandler
 .text.ACE_PPE_Flag20_IRQHandler
                0x2000208c       0x28 D:\GitHub\EECS373_Project\TouchScreenController\SoftConsole\TouchScreenController_MSS_CM3_0\TouchScreenController_MSS_CM3_0_hw_platform\Debug\libTouchScreenController_MSS_CM3_0_hw_platform.a(ace_flags.o)
                0x2000208c                ACE_PPE_Flag20_IRQHandler
 .text.ACE_PPE_Flag21_IRQHandler
                0x200020b4       0x28 D:\GitHub\EECS373_Project\TouchScreenController\SoftConsole\TouchScreenController_MSS_CM3_0\TouchScreenController_MSS_CM3_0_hw_platform\Debug\libTouchScreenController_MSS_CM3_0_hw_platform.a(ace_flags.o)
                0x200020b4                ACE_PPE_Flag21_IRQHandler
 .text.ACE_PPE_Flag22_IRQHandler
                0x200020dc       0x28 D:\GitHub\EECS373_Project\TouchScreenController\SoftConsole\TouchScreenController_MSS_CM3_0\TouchScreenController_MSS_CM3_0_hw_platform\Debug\libTouchScreenController_MSS_CM3_0_hw_platform.a(ace_flags.o)
                0x200020dc                ACE_PPE_Flag22_IRQHandler
 .text.ACE_PPE_Flag23_IRQHandler
                0x20002104       0x28 D:\GitHub\EECS373_Project\TouchScreenController\SoftConsole\TouchScreenController_MSS_CM3_0\TouchScreenController_MSS_CM3_0_hw_platform\Debug\libTouchScreenController_MSS_CM3_0_hw_platform.a(ace_flags.o)
                0x20002104                ACE_PPE_Flag23_IRQHandler
 .text.ACE_PPE_Flag24_IRQHandler
                0x2000212c       0x28 D:\GitHub\EECS373_Project\TouchScreenController\SoftConsole\TouchScreenController_MSS_CM3_0\TouchScreenController_MSS_CM3_0_hw_platform\Debug\libTouchScreenController_MSS_CM3_0_hw_platform.a(ace_flags.o)
                0x2000212c                ACE_PPE_Flag24_IRQHandler
 .text.ACE_PPE_Flag25_IRQHandler
                0x20002154       0x28 D:\GitHub\EECS373_Project\TouchScreenController\SoftConsole\TouchScreenController_MSS_CM3_0\TouchScreenController_MSS_CM3_0_hw_platform\Debug\libTouchScreenController_MSS_CM3_0_hw_platform.a(ace_flags.o)
                0x20002154                ACE_PPE_Flag25_IRQHandler
 .text.ACE_PPE_Flag26_IRQHandler
                0x2000217c       0x28 D:\GitHub\EECS373_Project\TouchScreenController\SoftConsole\TouchScreenController_MSS_CM3_0\TouchScreenController_MSS_CM3_0_hw_platform\Debug\libTouchScreenController_MSS_CM3_0_hw_platform.a(ace_flags.o)
                0x2000217c                ACE_PPE_Flag26_IRQHandler
 .text.ACE_PPE_Flag27_IRQHandler
                0x200021a4       0x28 D:\GitHub\EECS373_Project\TouchScreenController\SoftConsole\TouchScreenController_MSS_CM3_0\TouchScreenController_MSS_CM3_0_hw_platform\Debug\libTouchScreenController_MSS_CM3_0_hw_platform.a(ace_flags.o)
                0x200021a4                ACE_PPE_Flag27_IRQHandler
 .text.ACE_PPE_Flag28_IRQHandler
                0x200021cc       0x28 D:\GitHub\EECS373_Project\TouchScreenController\SoftConsole\TouchScreenController_MSS_CM3_0\TouchScreenController_MSS_CM3_0_hw_platform\Debug\libTouchScreenController_MSS_CM3_0_hw_platform.a(ace_flags.o)
                0x200021cc                ACE_PPE_Flag28_IRQHandler
 .text.ACE_PPE_Flag29_IRQHandler
                0x200021f4       0x28 D:\GitHub\EECS373_Project\TouchScreenController\SoftConsole\TouchScreenController_MSS_CM3_0\TouchScreenController_MSS_CM3_0_hw_platform\Debug\libTouchScreenController_MSS_CM3_0_hw_platform.a(ace_flags.o)
                0x200021f4                ACE_PPE_Flag29_IRQHandler
 .text.ACE_PPE_Flag30_IRQHandler
                0x2000221c       0x28 D:\GitHub\EECS373_Project\TouchScreenController\SoftConsole\TouchScreenController_MSS_CM3_0\TouchScreenController_MSS_CM3_0_hw_platform\Debug\libTouchScreenController_MSS_CM3_0_hw_platform.a(ace_flags.o)
                0x2000221c                ACE_PPE_Flag30_IRQHandler
 .text.ACE_PPE_Flag31_IRQHandler
                0x20002244       0x28 D:\GitHub\EECS373_Project\TouchScreenController\SoftConsole\TouchScreenController_MSS_CM3_0\TouchScreenController_MSS_CM3_0_hw_platform\Debug\libTouchScreenController_MSS_CM3_0_hw_platform.a(ace_flags.o)
                0x20002244                ACE_PPE_Flag31_IRQHandler
 .text          0x2000226c      0x21c c:/microsemi/softconsole v3.3/sourcery-g++/bin/../lib/gcc/arm-none-eabi/4.4.1/thumb2\libgcc.a(_arm_addsubsf3.o)
                0x2000226c                __aeabi_frsub
                0x20002274                __subsf3
                0x20002274                __aeabi_fsub
                0x20002278                __aeabi_fadd
                0x20002278                __addsf3
                0x200023d8                __aeabi_ui2f
                0x200023d8                __floatunsisf
                0x200023e0                __aeabi_i2f
                0x200023e0                __floatsisf
                0x200023fc                __aeabi_ul2f
                0x200023fc                __floatundisf
                0x2000240c                __aeabi_l2f
                0x2000240c                __floatdisf
 .text          0x20002488      0x2a0 c:/microsemi/softconsole v3.3/sourcery-g++/bin/../lib/gcc/arm-none-eabi/4.4.1/thumb2\libgcc.a(_arm_muldivsf3.o)
                0x20002488                __mulsf3
                0x20002488                __aeabi_fmul
                0x200025f0                __aeabi_fdiv
                0x200025f0                __divsf3
 .text          0x20002728       0x4c c:/microsemi/softconsole v3.3/sourcery-g++/bin/../lib/gcc/arm-none-eabi/4.4.1/thumb2\libgcc.a(_arm_fixsfsi.o)
                0x20002728                __aeabi_f2iz
                0x20002728                __fixsfsi
 .text          0x20002774       0x50 c:/microsemi/softconsole v3.3/sourcery-g++/bin/../lib/gcc/arm-none-eabi/4.4.1/../../../../arm-none-eabi/lib/thumb2\libc.a(lib_a-init.o)
                0x20002774                __libc_init_array
 .text          0x200027c4       0xd4 c:/microsemi/softconsole v3.3/sourcery-g++/bin/../lib/gcc/arm-none-eabi/4.4.1/../../../../arm-none-eabi/lib/thumb2\libc.a(lib_a-memset.o)
                0x200027c4                memset
 .text          0x20002898       0xa8 c:/microsemi/softconsole v3.3/sourcery-g++/bin/../lib/gcc/arm-none-eabi/4.4.1/../../../../arm-none-eabi/lib/thumb2\libc.a(lib_a-strncmp.o)
                0x20002898                strncmp
 *(.plt)
 *(.gnu.warning)
 *(.glue_7t)
 .glue_7t       0x00000000        0x0 linker stubs
 *(.glue_7)
 .glue_7        0x00000000        0x0 linker stubs
 *(.vfp11_veneer)
 .vfp11_veneer  0x00000000        0x0 linker stubs
                0x20002940                . = ALIGN (0x4)
 *crtbegin.o(.ctors)
 *(EXCLUDE_FILE(*crtend.o) .ctors)
 *(SORT(.ctors.*))
 *crtend.o(.ctors)
 *crtbegin.o(.dtors)
 *(EXCLUDE_FILE(*crtend.o) .dtors)
 *(SORT(.dtors.*))
 *crtend.o(.dtors)
 *(.rodata .rodata.* .gnu.linkonce.r.*)
 .rodata.initcmd
                0x20002940       0x70 ./touchscreen.o
 .rodata        0x200029b0       0x28 ./touchscreen.o
 .rodata.g_config_reg_lut
                0x200029d8       0x80 D:\GitHub\EECS373_Project\TouchScreenController\SoftConsole\TouchScreenController_MSS_CM3_0\TouchScreenController_MSS_CM3_0_hw_platform\Debug\libTouchScreenController_MSS_CM3_0_hw_platform.a(mss_gpio.o)
 .rodata.g_gpio_irqn_lut
                0x20002a58       0x40 D:\GitHub\EECS373_Project\TouchScreenController\SoftConsole\TouchScreenController_MSS_CM3_0\TouchScreenController_MSS_CM3_0_hw_platform\Debug\libTouchScreenController_MSS_CM3_0_hw_platform.a(mss_gpio.o)
 .rodata.g_ace_channel_0_name
                0x20002a98       0x14 D:\GitHub\EECS373_Project\TouchScreenController\SoftConsole\TouchScreenController_MSS_CM3_0\TouchScreenController_MSS_CM3_0_hw_platform\Debug\libTouchScreenController_MSS_CM3_0_hw_platform.a(ace_config.o)
                0x20002a98                g_ace_channel_0_name
 .rodata.g_ace_channel_1_name
                0x20002aac       0x14 D:\GitHub\EECS373_Project\TouchScreenController\SoftConsole\TouchScreenController_MSS_CM3_0\TouchScreenController_MSS_CM3_0_hw_platform\Debug\libTouchScreenController_MSS_CM3_0_hw_platform.a(ace_config.o)
                0x20002aac                g_ace_channel_1_name
 .rodata.g_ace_channel_2_name
                0x20002ac0       0x14 D:\GitHub\EECS373_Project\TouchScreenController\SoftConsole\TouchScreenController_MSS_CM3_0\TouchScreenController_MSS_CM3_0_hw_platform\Debug\libTouchScreenController_MSS_CM3_0_hw_platform.a(ace_config.o)
                0x20002ac0                g_ace_channel_2_name
 .rodata.channel_type_lut
                0x20002ad4       0x30 D:\GitHub\EECS373_Project\TouchScreenController\SoftConsole\TouchScreenController_MSS_CM3_0\TouchScreenController_MSS_CM3_0_hw_platform\Debug\libTouchScreenController_MSS_CM3_0_hw_platform.a(ace_convert.o)
 .rodata.channel_quad_lut
                0x20002b04       0x30 D:\GitHub\EECS373_Project\TouchScreenController\SoftConsole\TouchScreenController_MSS_CM3_0\TouchScreenController_MSS_CM3_0_hw_platform\Debug\libTouchScreenController_MSS_CM3_0_hw_platform.a(ace_convert.o)
 *(.ARM.extab* .gnu.linkonce.armextab.*)
 *(.gcc_except_table)
 *(.eh_frame_hdr)
 *(.eh_frame)
 *(.init)
 .init          0x20002b34        0x4 c:/microsemi/softconsole v3.3/sourcery-g++/bin/../lib/gcc/arm-none-eabi/4.4.1/thumb2/crti.o
                0x20002b34                _init
 .init          0x20002b38        0x8 c:/microsemi/softconsole v3.3/sourcery-g++/bin/../lib/gcc/arm-none-eabi/4.4.1/thumb2/crtn.o
 *(.fini)
 .fini          0x20002b40        0x4 c:/microsemi/softconsole v3.3/sourcery-g++/bin/../lib/gcc/arm-none-eabi/4.4.1/thumb2/crti.o
                0x20002b40                _fini
 .fini          0x20002b44        0x8 c:/microsemi/softconsole v3.3/sourcery-g++/bin/../lib/gcc/arm-none-eabi/4.4.1/thumb2/crtn.o
                0x20002b4c                PROVIDE (__preinit_array_start, .)
 *(.preinit_array)
                0x20002b4c                PROVIDE (__preinit_array_end, .)
                0x20002b4c                PROVIDE (__init_array_start, .)
 *(SORT(.init_array.*))
 *(.init_array)
 .init_array    0x20002b4c        0x4 c:/microsemi/softconsole v3.3/sourcery-g++/bin/../lib/gcc/arm-none-eabi/4.4.1/thumb2/crtbegin.o
                0x20002b50                PROVIDE (__init_array_end, .)
                0x20002b50                PROVIDE (__fini_array_start, .)
 *(.fini_array)
 .fini_array    0x20002b50        0x4 c:/microsemi/softconsole v3.3/sourcery-g++/bin/../lib/gcc/arm-none-eabi/4.4.1/thumb2/crtbegin.o
 *(SORT(.fini_array.*))
                0x20002b54                PROVIDE (__fini_array_end, .)
                0x20002b54                __exidx_start = .

.v4_bx          0x20002b54        0x0
 .v4_bx         0x00000000        0x0 linker stubs

.ARM.exidx
 *(.ARM.exidx* .gnu.linkonce.armexidx.*)
                0x20002b54                __exidx_end = .
                0x20002b54                _etext = .
                0x20002b54                PROVIDE (__text_end, .)

.data           0x20002b54       0x34
                0x20002b54                __data_load = LOADADDR (.data)
                0x20002b54                _sidata = LOADADDR (.data)
                0x20002b54                __data_start = .
                0x20002b54                _sdata = .
 *(.jcr)
 .jcr           0x20002b54        0x0 c:/microsemi/softconsole v3.3/sourcery-g++/bin/../lib/gcc/arm-none-eabi/4.4.1/thumb2/crtbegin.o
 .jcr           0x20002b54        0x4 c:/microsemi/softconsole v3.3/sourcery-g++/bin/../lib/gcc/arm-none-eabi/4.4.1/thumb2/crtend.o
 *(.got.plt)
 *(.got)
 *(.shdata)
 *(.data .data.* .gnu.linkonce.d.*)
 .data.g_ace_channel_desc_table
                0x20002b58       0x30 D:\GitHub\EECS373_Project\TouchScreenController\SoftConsole\TouchScreenController_MSS_CM3_0\TouchScreenController_MSS_CM3_0_hw_platform\Debug\libTouchScreenController_MSS_CM3_0_hw_platform.a(ace_config.o)
                0x20002b58                g_ace_channel_desc_table
                0x20002b88                . = ALIGN (0x4)
                0x20002b88                _edata = .

.bss            0x20002b88      0x128
                0x20002b88                __bss_start__ = .
                0x20002b88                _sbss = .
 *(.shbss)
 *(.bss .bss.* .gnu.linkonce.b.*)
 .bss           0x20002b88        0x1 c:/microsemi/softconsole v3.3/sourcery-g++/bin/../lib/gcc/arm-none-eabi/4.4.1/thumb2/crtbegin.o
 *fill*         0x20002b89        0x3 00
 .bss.g_gdec_lut
                0x20002b8c        0xc D:\GitHub\EECS373_Project\TouchScreenController\SoftConsole\TouchScreenController_MSS_CM3_0\TouchScreenController_MSS_CM3_0_hw_platform\Debug\libTouchScreenController_MSS_CM3_0_hw_platform.a(ace_convert.o)
 .bss.channel_type_lut_h
                0x20002b98        0x4 D:\GitHub\EECS373_Project\TouchScreenController\SoftConsole\TouchScreenController_MSS_CM3_0\TouchScreenController_MSS_CM3_0_hw_platform\Debug\libTouchScreenController_MSS_CM3_0_hw_platform.a(ace_convert.o)
 *(COMMON)
 COMMON         0x20002b9c        0x6 ./main.o
                0x20002b9c                rxplate
                0x20002ba0                ace_x
                0x20002ba1                ace_y
 *fill*         0x20002ba2        0x2 00
 COMMON         0x20002ba4      0x108 D:\GitHub\EECS373_Project\TouchScreenController\SoftConsole\TouchScreenController_MSS_CM3_0\TouchScreenController_MSS_CM3_0_hw_platform\Debug\libTouchScreenController_MSS_CM3_0_hw_platform.a(mss_spi.o)
                0x20002ba4                g_mss_spi1
                0x20002c28                g_mss_spi0
                0x20002cb0                . = ALIGN (0x8)
 *fill*         0x20002cac        0x4 00
                0x20002cb0                __bss_end__ = .
                0x20002cb0                _end = .
                0x20002cb0                __end = _end
                0x20002cb0                _ebss = .
                0x20002cb0                PROVIDE (end, .)

.stack          0x20002cb0     0x3000
                0x20002cb0                . = ALIGN (0x4)
                0x20003cb0                . = (. + PROCESS_STACK_SIZE)
 *fill*         0x20002cb0     0x1000 00
                0x20003cb0                . = ALIGN (0x4)
                0x20005cb0                . = (. + MAIN_STACK_SIZE)
 *fill*         0x20003cb0     0x2000 00
                0x20005cb0                . = ALIGN (0x4)

.stab
 *(.stab)

.stabstr
 *(.stabstr)

.debug
 *(.debug)

.line
 *(.line)

.debug_srcinfo
 *(.debug_srcinfo)

.debug_sfnames
 *(.debug_sfnames)

.comment        0x00000000      0x1ae
 .comment       0x00000000       0x2b ./main.o
 .comment       0x0000002b       0x2b ./touchscreen.o
 .comment       0x00000056       0x2b D:/GitHub/EECS373_Project/TouchScreenController/SoftConsole/TouchScreenController_MSS_CM3_0/TouchScreenController_MSS_CM3_0_hw_platform/Debug/CMSIS/startup_gcc/newlib_stubs.o
 .comment       0x00000081       0x2b D:\GitHub\EECS373_Project\TouchScreenController\SoftConsole\TouchScreenController_MSS_CM3_0\TouchScreenController_MSS_CM3_0_hw_platform\Debug\libTouchScreenController_MSS_CM3_0_hw_platform.a(mss_spi.o)
 .comment       0x000000ac       0x2b D:\GitHub\EECS373_Project\TouchScreenController\SoftConsole\TouchScreenController_MSS_CM3_0\TouchScreenController_MSS_CM3_0_hw_platform\Debug\libTouchScreenController_MSS_CM3_0_hw_platform.a(mss_gpio.o)
 .comment       0x000000d7       0x2b D:\GitHub\EECS373_Project\TouchScreenController\SoftConsole\TouchScreenController_MSS_CM3_0\TouchScreenController_MSS_CM3_0_hw_platform\Debug\libTouchScreenController_MSS_CM3_0_hw_platform.a(mss_ace.o)
 .comment       0x00000102       0x2b D:\GitHub\EECS373_Project\TouchScreenController\SoftConsole\TouchScreenController_MSS_CM3_0\TouchScreenController_MSS_CM3_0_hw_platform\Debug\libTouchScreenController_MSS_CM3_0_hw_platform.a(system_a2fxxxm3.o)
 .comment       0x0000012d       0x2b D:\GitHub\EECS373_Project\TouchScreenController\SoftConsole\TouchScreenController_MSS_CM3_0\TouchScreenController_MSS_CM3_0_hw_platform\Debug\libTouchScreenController_MSS_CM3_0_hw_platform.a(ace_config.o)
 .comment       0x00000158       0x2b D:\GitHub\EECS373_Project\TouchScreenController\SoftConsole\TouchScreenController_MSS_CM3_0\TouchScreenController_MSS_CM3_0_hw_platform\Debug\libTouchScreenController_MSS_CM3_0_hw_platform.a(ace_convert.o)
 .comment       0x00000183       0x2b D:\GitHub\EECS373_Project\TouchScreenController\SoftConsole\TouchScreenController_MSS_CM3_0\TouchScreenController_MSS_CM3_0_hw_platform\Debug\libTouchScreenController_MSS_CM3_0_hw_platform.a(ace_flags.o)

.debug_aranges  0x00000000      0x6b8
 *(.debug_aranges)
 .debug_aranges
                0x00000000       0x20 ./main.o
 .debug_aranges
                0x00000020      0x108 ./touchscreen.o
 .debug_aranges
                0x00000128       0xa8 D:/GitHub/EECS373_Project/TouchScreenController/SoftConsole/TouchScreenController_MSS_CM3_0/TouchScreenController_MSS_CM3_0_hw_platform/Debug/CMSIS/startup_gcc/newlib_stubs.o
 .debug_aranges
                0x000001d0       0xe0 D:\GitHub\EECS373_Project\TouchScreenController\SoftConsole\TouchScreenController_MSS_CM3_0\TouchScreenController_MSS_CM3_0_hw_platform\Debug\libTouchScreenController_MSS_CM3_0_hw_platform.a(mss_spi.o)
 .debug_aranges
                0x000002b0       0x60 D:\GitHub\EECS373_Project\TouchScreenController\SoftConsole\TouchScreenController_MSS_CM3_0\TouchScreenController_MSS_CM3_0_hw_platform\Debug\libTouchScreenController_MSS_CM3_0_hw_platform.a(mss_gpio.o)
 .debug_aranges
                0x00000310       0xe0 D:\GitHub\EECS373_Project\TouchScreenController\SoftConsole\TouchScreenController_MSS_CM3_0\TouchScreenController_MSS_CM3_0_hw_platform\Debug\libTouchScreenController_MSS_CM3_0_hw_platform.a(mss_ace.o)
 .debug_aranges
                0x000003f0       0x30 D:\GitHub\EECS373_Project\TouchScreenController\SoftConsole\TouchScreenController_MSS_CM3_0\TouchScreenController_MSS_CM3_0_hw_platform\Debug\libTouchScreenController_MSS_CM3_0_hw_platform.a(system_a2fxxxm3.o)
 .debug_aranges
                0x00000420       0xb0 D:\GitHub\EECS373_Project\TouchScreenController\SoftConsole\TouchScreenController_MSS_CM3_0\TouchScreenController_MSS_CM3_0_hw_platform\Debug\libTouchScreenController_MSS_CM3_0_hw_platform.a(ace_convert.o)
 .debug_aranges
                0x000004d0      0x1e8 D:\GitHub\EECS373_Project\TouchScreenController\SoftConsole\TouchScreenController_MSS_CM3_0\TouchScreenController_MSS_CM3_0_hw_platform\Debug\libTouchScreenController_MSS_CM3_0_hw_platform.a(ace_flags.o)

.debug_pubnames
                0x00000000     0x128b
 *(.debug_pubnames)
 .debug_pubnames
                0x00000000       0x3b ./main.o
 .debug_pubnames
                0x0000003b      0x18d ./touchscreen.o
 .debug_pubnames
                0x000001c8       0xeb D:/GitHub/EECS373_Project/TouchScreenController/SoftConsole/TouchScreenController_MSS_CM3_0/TouchScreenController_MSS_CM3_0_hw_platform/Debug/CMSIS/startup_gcc/newlib_stubs.o
 .debug_pubnames
                0x000002b3      0x21a D:\GitHub\EECS373_Project\TouchScreenController\SoftConsole\TouchScreenController_MSS_CM3_0\TouchScreenController_MSS_CM3_0_hw_platform\Debug\libTouchScreenController_MSS_CM3_0_hw_platform.a(mss_spi.o)
 .debug_pubnames
                0x000004cd       0xb1 D:\GitHub\EECS373_Project\TouchScreenController\SoftConsole\TouchScreenController_MSS_CM3_0\TouchScreenController_MSS_CM3_0_hw_platform\Debug\libTouchScreenController_MSS_CM3_0_hw_platform.a(mss_gpio.o)
 .debug_pubnames
                0x0000057e      0x292 D:\GitHub\EECS373_Project\TouchScreenController\SoftConsole\TouchScreenController_MSS_CM3_0\TouchScreenController_MSS_CM3_0_hw_platform\Debug\libTouchScreenController_MSS_CM3_0_hw_platform.a(mss_ace.o)
 .debug_pubnames
                0x00000810       0xb4 D:\GitHub\EECS373_Project\TouchScreenController\SoftConsole\TouchScreenController_MSS_CM3_0\TouchScreenController_MSS_CM3_0_hw_platform\Debug\libTouchScreenController_MSS_CM3_0_hw_platform.a(system_a2fxxxm3.o)
 .debug_pubnames
                0x000008c4      0x17c D:\GitHub\EECS373_Project\TouchScreenController\SoftConsole\TouchScreenController_MSS_CM3_0\TouchScreenController_MSS_CM3_0_hw_platform\Debug\libTouchScreenController_MSS_CM3_0_hw_platform.a(ace_config.o)
 .debug_pubnames
                0x00000a40      0x1ec D:\GitHub\EECS373_Project\TouchScreenController\SoftConsole\TouchScreenController_MSS_CM3_0\TouchScreenController_MSS_CM3_0_hw_platform\Debug\libTouchScreenController_MSS_CM3_0_hw_platform.a(ace_convert.o)
 .debug_pubnames
                0x00000c2c      0x65f D:\GitHub\EECS373_Project\TouchScreenController\SoftConsole\TouchScreenController_MSS_CM3_0\TouchScreenController_MSS_CM3_0_hw_platform\Debug\libTouchScreenController_MSS_CM3_0_hw_platform.a(ace_flags.o)

.debug_info     0x00000000     0x949e
 *(.debug_info .gnu.linkonce.wi.*)
 .debug_info    0x00000000      0x137 ./main.o
 .debug_info    0x00000137     0x18b0 ./touchscreen.o
 .debug_info    0x000019e7      0x6bf D:/GitHub/EECS373_Project/TouchScreenController/SoftConsole/TouchScreenController_MSS_CM3_0/TouchScreenController_MSS_CM3_0_hw_platform/Debug/CMSIS/startup_gcc/newlib_stubs.o
 .debug_info    0x000020a6     0x1472 D:\GitHub\EECS373_Project\TouchScreenController\SoftConsole\TouchScreenController_MSS_CM3_0\TouchScreenController_MSS_CM3_0_hw_platform\Debug\libTouchScreenController_MSS_CM3_0_hw_platform.a(mss_spi.o)
 .debug_info    0x00003518     0x1114 D:\GitHub\EECS373_Project\TouchScreenController\SoftConsole\TouchScreenController_MSS_CM3_0\TouchScreenController_MSS_CM3_0_hw_platform\Debug\libTouchScreenController_MSS_CM3_0_hw_platform.a(mss_gpio.o)
 .debug_info    0x0000462c     0x1b07 D:\GitHub\EECS373_Project\TouchScreenController\SoftConsole\TouchScreenController_MSS_CM3_0\TouchScreenController_MSS_CM3_0_hw_platform\Debug\libTouchScreenController_MSS_CM3_0_hw_platform.a(mss_ace.o)
 .debug_info    0x00006133      0x53c D:\GitHub\EECS373_Project\TouchScreenController\SoftConsole\TouchScreenController_MSS_CM3_0\TouchScreenController_MSS_CM3_0_hw_platform\Debug\libTouchScreenController_MSS_CM3_0_hw_platform.a(system_a2fxxxm3.o)
 .debug_info    0x0000666f      0x4be D:\GitHub\EECS373_Project\TouchScreenController\SoftConsole\TouchScreenController_MSS_CM3_0\TouchScreenController_MSS_CM3_0_hw_platform\Debug\libTouchScreenController_MSS_CM3_0_hw_platform.a(ace_config.o)
 .debug_info    0x00006b2d     0x1aae D:\GitHub\EECS373_Project\TouchScreenController\SoftConsole\TouchScreenController_MSS_CM3_0\TouchScreenController_MSS_CM3_0_hw_platform\Debug\libTouchScreenController_MSS_CM3_0_hw_platform.a(ace_convert.o)
 .debug_info    0x000085db      0xec3 D:\GitHub\EECS373_Project\TouchScreenController\SoftConsole\TouchScreenController_MSS_CM3_0\TouchScreenController_MSS_CM3_0_hw_platform\Debug\libTouchScreenController_MSS_CM3_0_hw_platform.a(ace_flags.o)

.debug_abbrev   0x00000000      0xf1c
 *(.debug_abbrev)
 .debug_abbrev  0x00000000       0xb2 ./main.o
 .debug_abbrev  0x000000b2      0x2b0 ./touchscreen.o
 .debug_abbrev  0x00000362      0x130 D:/GitHub/EECS373_Project/TouchScreenController/SoftConsole/TouchScreenController_MSS_CM3_0/TouchScreenController_MSS_CM3_0_hw_platform/Debug/CMSIS/startup_gcc/newlib_stubs.o
 .debug_abbrev  0x00000492      0x219 D:\GitHub\EECS373_Project\TouchScreenController\SoftConsole\TouchScreenController_MSS_CM3_0\TouchScreenController_MSS_CM3_0_hw_platform\Debug\libTouchScreenController_MSS_CM3_0_hw_platform.a(mss_spi.o)
 .debug_abbrev  0x000006ab      0x181 D:\GitHub\EECS373_Project\TouchScreenController\SoftConsole\TouchScreenController_MSS_CM3_0\TouchScreenController_MSS_CM3_0_hw_platform\Debug\libTouchScreenController_MSS_CM3_0_hw_platform.a(mss_gpio.o)
 .debug_abbrev  0x0000082c      0x225 D:\GitHub\EECS373_Project\TouchScreenController\SoftConsole\TouchScreenController_MSS_CM3_0\TouchScreenController_MSS_CM3_0_hw_platform\Debug\libTouchScreenController_MSS_CM3_0_hw_platform.a(mss_ace.o)
 .debug_abbrev  0x00000a51      0x111 D:\GitHub\EECS373_Project\TouchScreenController\SoftConsole\TouchScreenController_MSS_CM3_0\TouchScreenController_MSS_CM3_0_hw_platform\Debug\libTouchScreenController_MSS_CM3_0_hw_platform.a(system_a2fxxxm3.o)
 .debug_abbrev  0x00000b62       0xbd D:\GitHub\EECS373_Project\TouchScreenController\SoftConsole\TouchScreenController_MSS_CM3_0\TouchScreenController_MSS_CM3_0_hw_platform\Debug\libTouchScreenController_MSS_CM3_0_hw_platform.a(ace_config.o)
 .debug_abbrev  0x00000c1f      0x191 D:\GitHub\EECS373_Project\TouchScreenController\SoftConsole\TouchScreenController_MSS_CM3_0\TouchScreenController_MSS_CM3_0_hw_platform\Debug\libTouchScreenController_MSS_CM3_0_hw_platform.a(ace_convert.o)
 .debug_abbrev  0x00000db0      0x16c D:\GitHub\EECS373_Project\TouchScreenController\SoftConsole\TouchScreenController_MSS_CM3_0\TouchScreenController_MSS_CM3_0_hw_platform\Debug\libTouchScreenController_MSS_CM3_0_hw_platform.a(ace_flags.o)

.debug_line     0x00000000     0x351b
 *(.debug_line)
 .debug_line    0x00000000      0x693 ./main.o
 .debug_line    0x00000693      0x933 ./touchscreen.o
 .debug_line    0x00000fc6      0x458 D:/GitHub/EECS373_Project/TouchScreenController/SoftConsole/TouchScreenController_MSS_CM3_0/TouchScreenController_MSS_CM3_0_hw_platform/Debug/CMSIS/startup_gcc/newlib_stubs.o
 .debug_line    0x0000141e      0x712 D:\GitHub\EECS373_Project\TouchScreenController\SoftConsole\TouchScreenController_MSS_CM3_0\TouchScreenController_MSS_CM3_0_hw_platform\Debug\libTouchScreenController_MSS_CM3_0_hw_platform.a(mss_spi.o)
 .debug_line    0x00001b30      0x326 D:\GitHub\EECS373_Project\TouchScreenController\SoftConsole\TouchScreenController_MSS_CM3_0\TouchScreenController_MSS_CM3_0_hw_platform\Debug\libTouchScreenController_MSS_CM3_0_hw_platform.a(mss_gpio.o)
 .debug_line    0x00001e56      0x5f9 D:\GitHub\EECS373_Project\TouchScreenController\SoftConsole\TouchScreenController_MSS_CM3_0\TouchScreenController_MSS_CM3_0_hw_platform\Debug\libTouchScreenController_MSS_CM3_0_hw_platform.a(mss_ace.o)
 .debug_line    0x0000244f      0x27b D:\GitHub\EECS373_Project\TouchScreenController\SoftConsole\TouchScreenController_MSS_CM3_0\TouchScreenController_MSS_CM3_0_hw_platform\Debug\libTouchScreenController_MSS_CM3_0_hw_platform.a(system_a2fxxxm3.o)
 .debug_line    0x000026ca      0x1a9 D:\GitHub\EECS373_Project\TouchScreenController\SoftConsole\TouchScreenController_MSS_CM3_0\TouchScreenController_MSS_CM3_0_hw_platform\Debug\libTouchScreenController_MSS_CM3_0_hw_platform.a(ace_config.o)
 .debug_line    0x00002873      0x4d5 D:\GitHub\EECS373_Project\TouchScreenController\SoftConsole\TouchScreenController_MSS_CM3_0\TouchScreenController_MSS_CM3_0_hw_platform\Debug\libTouchScreenController_MSS_CM3_0_hw_platform.a(ace_convert.o)
 .debug_line    0x00002d48      0x7d3 D:\GitHub\EECS373_Project\TouchScreenController\SoftConsole\TouchScreenController_MSS_CM3_0\TouchScreenController_MSS_CM3_0_hw_platform\Debug\libTouchScreenController_MSS_CM3_0_hw_platform.a(ace_flags.o)

.debug_frame    0x00000000     0x179c
 *(.debug_frame)
 .debug_frame   0x00000000       0x30 ./main.o
 .debug_frame   0x00000030      0x39c ./touchscreen.o
 .debug_frame   0x000003cc      0x21c D:/GitHub/EECS373_Project/TouchScreenController/SoftConsole/TouchScreenController_MSS_CM3_0/TouchScreenController_MSS_CM3_0_hw_platform/Debug/CMSIS/startup_gcc/newlib_stubs.o
 .debug_frame   0x000005e8      0x320 D:\GitHub\EECS373_Project\TouchScreenController\SoftConsole\TouchScreenController_MSS_CM3_0\TouchScreenController_MSS_CM3_0_hw_platform\Debug\libTouchScreenController_MSS_CM3_0_hw_platform.a(mss_spi.o)
 .debug_frame   0x00000908      0x118 D:\GitHub\EECS373_Project\TouchScreenController\SoftConsole\TouchScreenController_MSS_CM3_0\TouchScreenController_MSS_CM3_0_hw_platform\Debug\libTouchScreenController_MSS_CM3_0_hw_platform.a(mss_gpio.o)
 .debug_frame   0x00000a20      0x2cc D:\GitHub\EECS373_Project\TouchScreenController\SoftConsole\TouchScreenController_MSS_CM3_0\TouchScreenController_MSS_CM3_0_hw_platform\Debug\libTouchScreenController_MSS_CM3_0_hw_platform.a(mss_ace.o)
 .debug_frame   0x00000cec       0x64 D:\GitHub\EECS373_Project\TouchScreenController\SoftConsole\TouchScreenController_MSS_CM3_0\TouchScreenController_MSS_CM3_0_hw_platform\Debug\libTouchScreenController_MSS_CM3_0_hw_platform.a(system_a2fxxxm3.o)
 .debug_frame   0x00000d50      0x24c D:\GitHub\EECS373_Project\TouchScreenController\SoftConsole\TouchScreenController_MSS_CM3_0\TouchScreenController_MSS_CM3_0_hw_platform\Debug\libTouchScreenController_MSS_CM3_0_hw_platform.a(ace_convert.o)
 .debug_frame   0x00000f9c      0x764 D:\GitHub\EECS373_Project\TouchScreenController\SoftConsole\TouchScreenController_MSS_CM3_0\TouchScreenController_MSS_CM3_0_hw_platform\Debug\libTouchScreenController_MSS_CM3_0_hw_platform.a(ace_flags.o)
 .debug_frame   0x00001700       0x20 c:/microsemi/softconsole v3.3/sourcery-g++/bin/../lib/gcc/arm-none-eabi/4.4.1/../../../../arm-none-eabi/lib/thumb2\libc.a(lib_a-errno.o)
 .debug_frame   0x00001720       0x2c c:/microsemi/softconsole v3.3/sourcery-g++/bin/../lib/gcc/arm-none-eabi/4.4.1/../../../../arm-none-eabi/lib/thumb2\libc.a(lib_a-init.o)
 .debug_frame   0x0000174c       0x28 c:/microsemi/softconsole v3.3/sourcery-g++/bin/../lib/gcc/arm-none-eabi/4.4.1/../../../../arm-none-eabi/lib/thumb2\libc.a(lib_a-memset.o)
 .debug_frame   0x00001774       0x28 c:/microsemi/softconsole v3.3/sourcery-g++/bin/../lib/gcc/arm-none-eabi/4.4.1/../../../../arm-none-eabi/lib/thumb2\libc.a(lib_a-strncmp.o)

.debug_str      0x00000000     0x3e66
 *(.debug_str)
 .debug_str     0x00000000      0x174 ./main.o
                                0x1a8 (size before relaxing)
 .debug_str     0x00000174     0x16a8 ./touchscreen.o
                               0x18f4 (size before relaxing)
 .debug_str     0x0000181c      0x265 D:/GitHub/EECS373_Project/TouchScreenController/SoftConsole/TouchScreenController_MSS_CM3_0/TouchScreenController_MSS_CM3_0_hw_platform/Debug/CMSIS/startup_gcc/newlib_stubs.o
                                0x34e (size before relaxing)
 .debug_str     0x00001a81      0x384 D:\GitHub\EECS373_Project\TouchScreenController\SoftConsole\TouchScreenController_MSS_CM3_0\TouchScreenController_MSS_CM3_0_hw_platform\Debug\libTouchScreenController_MSS_CM3_0_hw_platform.a(mss_spi.o)
                               0x16f0 (size before relaxing)
 .debug_str     0x00001e05      0x2df D:\GitHub\EECS373_Project\TouchScreenController\SoftConsole\TouchScreenController_MSS_CM3_0\TouchScreenController_MSS_CM3_0_hw_platform\Debug\libTouchScreenController_MSS_CM3_0_hw_platform.a(mss_gpio.o)
                               0x12b7 (size before relaxing)
 .debug_str     0x000020e4     0x109d D:\GitHub\EECS373_Project\TouchScreenController\SoftConsole\TouchScreenController_MSS_CM3_0\TouchScreenController_MSS_CM3_0_hw_platform\Debug\libTouchScreenController_MSS_CM3_0_hw_platform.a(mss_ace.o)
                               0x132a (size before relaxing)
 .debug_str     0x00003181      0x119 D:\GitHub\EECS373_Project\TouchScreenController\SoftConsole\TouchScreenController_MSS_CM3_0\TouchScreenController_MSS_CM3_0_hw_platform\Debug\libTouchScreenController_MSS_CM3_0_hw_platform.a(system_a2fxxxm3.o)
                                0x482 (size before relaxing)
 .debug_str     0x0000329a      0x216 D:\GitHub\EECS373_Project\TouchScreenController\SoftConsole\TouchScreenController_MSS_CM3_0\TouchScreenController_MSS_CM3_0_hw_platform\Debug\libTouchScreenController_MSS_CM3_0_hw_platform.a(ace_config.o)
                                0x492 (size before relaxing)
 .debug_str     0x000034b0      0x32c D:\GitHub\EECS373_Project\TouchScreenController\SoftConsole\TouchScreenController_MSS_CM3_0\TouchScreenController_MSS_CM3_0_hw_platform\Debug\libTouchScreenController_MSS_CM3_0_hw_platform.a(ace_convert.o)
                                0xffc (size before relaxing)
 .debug_str     0x000037dc      0x68a D:\GitHub\EECS373_Project\TouchScreenController\SoftConsole\TouchScreenController_MSS_CM3_0\TouchScreenController_MSS_CM3_0_hw_platform\Debug\libTouchScreenController_MSS_CM3_0_hw_platform.a(ace_flags.o)
                               0x134a (size before relaxing)

.debug_loc      0x00000000     0x2626
 *(.debug_loc)
 .debug_loc     0x00000000       0x37 ./main.o
 .debug_loc     0x00000037      0x61e ./touchscreen.o
 .debug_loc     0x00000655      0x3c6 D:/GitHub/EECS373_Project/TouchScreenController/SoftConsole/TouchScreenController_MSS_CM3_0/TouchScreenController_MSS_CM3_0_hw_platform/Debug/CMSIS/startup_gcc/newlib_stubs.o
 .debug_loc     0x00000a1b      0x549 D:\GitHub\EECS373_Project\TouchScreenController\SoftConsole\TouchScreenController_MSS_CM3_0\TouchScreenController_MSS_CM3_0_hw_platform\Debug\libTouchScreenController_MSS_CM3_0_hw_platform.a(mss_spi.o)
 .debug_loc     0x00000f64      0x1ef D:\GitHub\EECS373_Project\TouchScreenController\SoftConsole\TouchScreenController_MSS_CM3_0\TouchScreenController_MSS_CM3_0_hw_platform\Debug\libTouchScreenController_MSS_CM3_0_hw_platform.a(mss_gpio.o)
 .debug_loc     0x00001153      0x53b D:\GitHub\EECS373_Project\TouchScreenController\SoftConsole\TouchScreenController_MSS_CM3_0\TouchScreenController_MSS_CM3_0_hw_platform\Debug\libTouchScreenController_MSS_CM3_0_hw_platform.a(mss_ace.o)
 .debug_loc     0x0000168e       0x99 D:\GitHub\EECS373_Project\TouchScreenController\SoftConsole\TouchScreenController_MSS_CM3_0\TouchScreenController_MSS_CM3_0_hw_platform\Debug\libTouchScreenController_MSS_CM3_0_hw_platform.a(system_a2fxxxm3.o)
 .debug_loc     0x00001727      0x415 D:\GitHub\EECS373_Project\TouchScreenController\SoftConsole\TouchScreenController_MSS_CM3_0\TouchScreenController_MSS_CM3_0_hw_platform\Debug\libTouchScreenController_MSS_CM3_0_hw_platform.a(ace_convert.o)
 .debug_loc     0x00001b3c      0xaea D:\GitHub\EECS373_Project\TouchScreenController\SoftConsole\TouchScreenController_MSS_CM3_0\TouchScreenController_MSS_CM3_0_hw_platform\Debug\libTouchScreenController_MSS_CM3_0_hw_platform.a(ace_flags.o)

.debug_macinfo  0x00000000    0x3a161
 *(.debug_macinfo)
 .debug_macinfo
                0x00000000     0x621f ./main.o
 .debug_macinfo
                0x0000621f     0x621f ./touchscreen.o
 .debug_macinfo
                0x0000c43e     0x4bf0 D:/GitHub/EECS373_Project/TouchScreenController/SoftConsole/TouchScreenController_MSS_CM3_0/TouchScreenController_MSS_CM3_0_hw_platform/Debug/CMSIS/startup_gcc/newlib_stubs.o
 .debug_macinfo
                0x0001102e     0x7540 D:\GitHub\EECS373_Project\TouchScreenController\SoftConsole\TouchScreenController_MSS_CM3_0\TouchScreenController_MSS_CM3_0_hw_platform\Debug\libTouchScreenController_MSS_CM3_0_hw_platform.a(mss_spi.o)
 .debug_macinfo
                0x0001856e     0x5ce1 D:\GitHub\EECS373_Project\TouchScreenController\SoftConsole\TouchScreenController_MSS_CM3_0\TouchScreenController_MSS_CM3_0_hw_platform\Debug\libTouchScreenController_MSS_CM3_0_hw_platform.a(mss_gpio.o)
 .debug_macinfo
                0x0001e24f     0x77de D:\GitHub\EECS373_Project\TouchScreenController\SoftConsole\TouchScreenController_MSS_CM3_0\TouchScreenController_MSS_CM3_0_hw_platform\Debug\libTouchScreenController_MSS_CM3_0_hw_platform.a(mss_ace.o)
 .debug_macinfo
                0x00025a2d     0x5a7f D:\GitHub\EECS373_Project\TouchScreenController\SoftConsole\TouchScreenController_MSS_CM3_0\TouchScreenController_MSS_CM3_0_hw_platform\Debug\libTouchScreenController_MSS_CM3_0_hw_platform.a(system_a2fxxxm3.o)
 .debug_macinfo
                0x0002b4ac     0x18e4 D:\GitHub\EECS373_Project\TouchScreenController\SoftConsole\TouchScreenController_MSS_CM3_0\TouchScreenController_MSS_CM3_0_hw_platform\Debug\libTouchScreenController_MSS_CM3_0_hw_platform.a(ace_config.o)
 .debug_macinfo
                0x0002cd90     0x5b7c D:\GitHub\EECS373_Project\TouchScreenController\SoftConsole\TouchScreenController_MSS_CM3_0\TouchScreenController_MSS_CM3_0_hw_platform\Debug\libTouchScreenController_MSS_CM3_0_hw_platform.a(ace_convert.o)
 .debug_macinfo
                0x0003290c     0x7855 D:\GitHub\EECS373_Project\TouchScreenController\SoftConsole\TouchScreenController_MSS_CM3_0\TouchScreenController_MSS_CM3_0_hw_platform\Debug\libTouchScreenController_MSS_CM3_0_hw_platform.a(ace_flags.o)

.debug_weaknames
 *(.debug_weaknames)

.debug_funcnames
 *(.debug_funcnames)

.debug_typenames
 *(.debug_typenames)

.debug_varnames
 *(.debug_varnames)

.note.gnu.arm.ident
 *(.note.gnu.arm.ident)

.ARM.attributes
                0x00000000       0x25
 *(.ARM.attributes)
 .ARM.attributes
                0x00000000       0x19 c:/microsemi/softconsole v3.3/sourcery-g++/bin/../lib/gcc/arm-none-eabi/4.4.1/thumb2/crti.o
 .ARM.attributes
                0x00000019       0x29 c:/microsemi/softconsole v3.3/sourcery-g++/bin/../lib/gcc/arm-none-eabi/4.4.1/thumb2/crtbegin.o
 .ARM.attributes
                0x00000042       0x31 ./main.o
 .ARM.attributes
                0x00000073       0x31 ./touchscreen.o
 .ARM.attributes
                0x000000a4       0x21 D:/GitHub/EECS373_Project/TouchScreenController/SoftConsole/TouchScreenController_MSS_CM3_0/TouchScreenController_MSS_CM3_0_hw_platform/Debug/CMSIS/startup_gcc/startup_a2fxxxm3.o
 .ARM.attributes
                0x000000c5       0x31 D:/GitHub/EECS373_Project/TouchScreenController/SoftConsole/TouchScreenController_MSS_CM3_0/TouchScreenController_MSS_CM3_0_hw_platform/Debug/CMSIS/startup_gcc/newlib_stubs.o
 .ARM.attributes
                0x000000f6       0x31 D:\GitHub\EECS373_Project\TouchScreenController\SoftConsole\TouchScreenController_MSS_CM3_0\TouchScreenController_MSS_CM3_0_hw_platform\Debug\libTouchScreenController_MSS_CM3_0_hw_platform.a(mss_spi.o)
 .ARM.attributes
                0x00000127       0x31 D:\GitHub\EECS373_Project\TouchScreenController\SoftConsole\TouchScreenController_MSS_CM3_0\TouchScreenController_MSS_CM3_0_hw_platform\Debug\libTouchScreenController_MSS_CM3_0_hw_platform.a(mss_gpio.o)
 .ARM.attributes
                0x00000158       0x31 D:\GitHub\EECS373_Project\TouchScreenController\SoftConsole\TouchScreenController_MSS_CM3_0\TouchScreenController_MSS_CM3_0_hw_platform\Debug\libTouchScreenController_MSS_CM3_0_hw_platform.a(mss_ace.o)
 .ARM.attributes
                0x00000189       0x31 D:\GitHub\EECS373_Project\TouchScreenController\SoftConsole\TouchScreenController_MSS_CM3_0\TouchScreenController_MSS_CM3_0_hw_platform\Debug\libTouchScreenController_MSS_CM3_0_hw_platform.a(system_a2fxxxm3.o)
 .ARM.attributes
                0x000001ba       0x31 D:\GitHub\EECS373_Project\TouchScreenController\SoftConsole\TouchScreenController_MSS_CM3_0\TouchScreenController_MSS_CM3_0_hw_platform\Debug\libTouchScreenController_MSS_CM3_0_hw_platform.a(ace_config.o)
 .ARM.attributes
                0x000001eb       0x31 D:\GitHub\EECS373_Project\TouchScreenController\SoftConsole\TouchScreenController_MSS_CM3_0\TouchScreenController_MSS_CM3_0_hw_platform\Debug\libTouchScreenController_MSS_CM3_0_hw_platform.a(ace_convert.o)
 .ARM.attributes
                0x0000021c       0x31 D:\GitHub\EECS373_Project\TouchScreenController\SoftConsole\TouchScreenController_MSS_CM3_0\TouchScreenController_MSS_CM3_0_hw_platform\Debug\libTouchScreenController_MSS_CM3_0_hw_platform.a(ace_flags.o)
 .ARM.attributes
                0x0000024d       0x1b c:/microsemi/softconsole v3.3/sourcery-g++/bin/../lib/gcc/arm-none-eabi/4.4.1/thumb2\libgcc.a(_arm_addsubsf3.o)
 .ARM.attributes
                0x00000268       0x1b c:/microsemi/softconsole v3.3/sourcery-g++/bin/../lib/gcc/arm-none-eabi/4.4.1/thumb2\libgcc.a(_arm_muldivsf3.o)
 .ARM.attributes
                0x00000283       0x1b c:/microsemi/softconsole v3.3/sourcery-g++/bin/../lib/gcc/arm-none-eabi/4.4.1/thumb2\libgcc.a(_arm_fixsfsi.o)
 .ARM.attributes
                0x0000029e       0x29 c:/microsemi/softconsole v3.3/sourcery-g++/bin/../lib/gcc/arm-none-eabi/4.4.1/../../../../arm-none-eabi/lib/thumb2\libc.a(lib_a-errno.o)
 .ARM.attributes
                0x000002c7       0x29 c:/microsemi/softconsole v3.3/sourcery-g++/bin/../lib/gcc/arm-none-eabi/4.4.1/../../../../arm-none-eabi/lib/thumb2\libc.a(lib_a-impure.o)
 .ARM.attributes
                0x000002f0       0x29 c:/microsemi/softconsole v3.3/sourcery-g++/bin/../lib/gcc/arm-none-eabi/4.4.1/../../../../arm-none-eabi/lib/thumb2\libc.a(lib_a-init.o)
 .ARM.attributes
                0x00000319       0x29 c:/microsemi/softconsole v3.3/sourcery-g++/bin/../lib/gcc/arm-none-eabi/4.4.1/../../../../arm-none-eabi/lib/thumb2\libc.a(lib_a-memset.o)
 .ARM.attributes
                0x00000342       0x29 c:/microsemi/softconsole v3.3/sourcery-g++/bin/../lib/gcc/arm-none-eabi/4.4.1/../../../../arm-none-eabi/lib/thumb2\libc.a(lib_a-strncmp.o)
 .ARM.attributes
                0x0000036b       0x29 c:/microsemi/softconsole v3.3/sourcery-g++/bin/../lib/gcc/arm-none-eabi/4.4.1/thumb2/crtend.o
 .ARM.attributes
                0x00000394       0x19 c:/microsemi/softconsole v3.3/sourcery-g++/bin/../lib/gcc/arm-none-eabi/4.4.1/thumb2/crtn.o

/DISCARD/
 *(.note.GNU-stack)
 *(.isr_vector)
OUTPUT(TouchScreenController_MSS_CM3_0_app elf32-littlearm)

.debug_ranges   0x00000000      0x670
 .debug_ranges  0x00000000       0x18 ./main.o
 .debug_ranges  0x00000018      0x100 ./touchscreen.o
 .debug_ranges  0x00000118       0xa0 D:/GitHub/EECS373_Project/TouchScreenController/SoftConsole/TouchScreenController_MSS_CM3_0/TouchScreenController_MSS_CM3_0_hw_platform/Debug/CMSIS/startup_gcc/newlib_stubs.o
 .debug_ranges  0x000001b8       0xd8 D:\GitHub\EECS373_Project\TouchScreenController\SoftConsole\TouchScreenController_MSS_CM3_0\TouchScreenController_MSS_CM3_0_hw_platform\Debug\libTouchScreenController_MSS_CM3_0_hw_platform.a(mss_spi.o)
 .debug_ranges  0x00000290       0x58 D:\GitHub\EECS373_Project\TouchScreenController\SoftConsole\TouchScreenController_MSS_CM3_0\TouchScreenController_MSS_CM3_0_hw_platform\Debug\libTouchScreenController_MSS_CM3_0_hw_platform.a(mss_gpio.o)
 .debug_ranges  0x000002e8       0xd8 D:\GitHub\EECS373_Project\TouchScreenController\SoftConsole\TouchScreenController_MSS_CM3_0\TouchScreenController_MSS_CM3_0_hw_platform\Debug\libTouchScreenController_MSS_CM3_0_hw_platform.a(mss_ace.o)
 .debug_ranges  0x000003c0       0x28 D:\GitHub\EECS373_Project\TouchScreenController\SoftConsole\TouchScreenController_MSS_CM3_0\TouchScreenController_MSS_CM3_0_hw_platform\Debug\libTouchScreenController_MSS_CM3_0_hw_platform.a(system_a2fxxxm3.o)
 .debug_ranges  0x000003e8       0xa8 D:\GitHub\EECS373_Project\TouchScreenController\SoftConsole\TouchScreenController_MSS_CM3_0\TouchScreenController_MSS_CM3_0_hw_platform\Debug\libTouchScreenController_MSS_CM3_0_hw_platform.a(ace_convert.o)
 .debug_ranges  0x00000490      0x1e0 D:\GitHub\EECS373_Project\TouchScreenController\SoftConsole\TouchScreenController_MSS_CM3_0\TouchScreenController_MSS_CM3_0_hw_platform\Debug\libTouchScreenController_MSS_CM3_0_hw_platform.a(ace_flags.o)
