Archive member included because of file (symbol)

N:\EECS373_Project\WhiteBoard_Plotter\SoftConsole\WhiteBoard_Plotter_MSS_CM3_0\WhiteBoard_Plotter_MSS_CM3_0_hw_platform\Debug\libWhiteBoard_Plotter_MSS_CM3_0_hw_platform.a(mss_uart.o)
                              N:/EECS373_Project/WhiteBoard_Plotter/SoftConsole/WhiteBoard_Plotter_MSS_CM3_0/WhiteBoard_Plotter_MSS_CM3_0_hw_platform/Debug/CMSIS/startup_gcc/newlib_stubs.o (g_mss_uart0)
N:\EECS373_Project\WhiteBoard_Plotter\SoftConsole\WhiteBoard_Plotter_MSS_CM3_0\WhiteBoard_Plotter_MSS_CM3_0_hw_platform\Debug\libWhiteBoard_Plotter_MSS_CM3_0_hw_platform.a(system_a2fxxxm3.o)
                              N:\EECS373_Project\WhiteBoard_Plotter\SoftConsole\WhiteBoard_Plotter_MSS_CM3_0\WhiteBoard_Plotter_MSS_CM3_0_hw_platform\Debug\libWhiteBoard_Plotter_MSS_CM3_0_hw_platform.a(mss_uart.o) (g_FrequencyPCLK0)
c:/microsemi/softconsole v3.3/sourcery-g++/bin/../lib/gcc/arm-none-eabi/4.4.1/thumb2\libgcc.a(_arm_addsubdf3.o)
                              ./main.o (__aeabi_dsub)
c:/microsemi/softconsole v3.3/sourcery-g++/bin/../lib/gcc/arm-none-eabi/4.4.1/thumb2\libgcc.a(_arm_muldivdf3.o)
                              ./main.o (__aeabi_dmul)
c:/microsemi/softconsole v3.3/sourcery-g++/bin/../lib/gcc/arm-none-eabi/4.4.1/thumb2\libgcc.a(_arm_cmpdf2.o)
                              ./main.o (__aeabi_dcmplt)
c:/microsemi/softconsole v3.3/sourcery-g++/bin/../lib/gcc/arm-none-eabi/4.4.1/thumb2\libgcc.a(_arm_fixunsdfsi.o)
                              ./main.o (__aeabi_d2uiz)
c:/microsemi/softconsole v3.3/sourcery-g++/bin/../lib/gcc/arm-none-eabi/4.4.1/../../../../arm-none-eabi/lib/thumb2\libc.a(lib_a-errno.o)
                              N:/EECS373_Project/WhiteBoard_Plotter/SoftConsole/WhiteBoard_Plotter_MSS_CM3_0/WhiteBoard_Plotter_MSS_CM3_0_hw_platform/Debug/CMSIS/startup_gcc/newlib_stubs.o (__errno)
c:/microsemi/softconsole v3.3/sourcery-g++/bin/../lib/gcc/arm-none-eabi/4.4.1/../../../../arm-none-eabi/lib/thumb2\libc.a(lib_a-impure.o)
                              c:/microsemi/softconsole v3.3/sourcery-g++/bin/../lib/gcc/arm-none-eabi/4.4.1/../../../../arm-none-eabi/lib/thumb2\libc.a(lib_a-errno.o) (_impure_ptr)
c:/microsemi/softconsole v3.3/sourcery-g++/bin/../lib/gcc/arm-none-eabi/4.4.1/../../../../arm-none-eabi/lib/thumb2\libc.a(lib_a-init.o)
                              N:/EECS373_Project/WhiteBoard_Plotter/SoftConsole/WhiteBoard_Plotter_MSS_CM3_0/WhiteBoard_Plotter_MSS_CM3_0_hw_platform/Debug/CMSIS/startup_gcc/startup_a2fxxxm3.o (__libc_init_array)
c:/microsemi/softconsole v3.3/sourcery-g++/bin/../lib/gcc/arm-none-eabi/4.4.1/../../../../arm-none-eabi/lib/thumb2\libm.a(lib_a-w_sqrt.o)
                              ./main.o (sqrt)
c:/microsemi/softconsole v3.3/sourcery-g++/bin/../lib/gcc/arm-none-eabi/4.4.1/../../../../arm-none-eabi/lib/thumb2\libm.a(lib_a-e_sqrt.o)
                              c:/microsemi/softconsole v3.3/sourcery-g++/bin/../lib/gcc/arm-none-eabi/4.4.1/../../../../arm-none-eabi/lib/thumb2\libm.a(lib_a-w_sqrt.o) (__ieee754_sqrt)
c:/microsemi/softconsole v3.3/sourcery-g++/bin/../lib/gcc/arm-none-eabi/4.4.1/../../../../arm-none-eabi/lib/thumb2\libm.a(lib_a-s_isnand.o)
                              c:/microsemi/softconsole v3.3/sourcery-g++/bin/../lib/gcc/arm-none-eabi/4.4.1/../../../../arm-none-eabi/lib/thumb2\libm.a(lib_a-w_sqrt.o) (__isnand)
c:/microsemi/softconsole v3.3/sourcery-g++/bin/../lib/gcc/arm-none-eabi/4.4.1/../../../../arm-none-eabi/lib/thumb2\libm.a(lib_a-s_lib_ver.o)
                              c:/microsemi/softconsole v3.3/sourcery-g++/bin/../lib/gcc/arm-none-eabi/4.4.1/../../../../arm-none-eabi/lib/thumb2\libm.a(lib_a-w_sqrt.o) (__fdlib_version)
c:/microsemi/softconsole v3.3/sourcery-g++/bin/../lib/gcc/arm-none-eabi/4.4.1/../../../../arm-none-eabi/lib/thumb2\libm.a(lib_a-s_matherr.o)
                              c:/microsemi/softconsole v3.3/sourcery-g++/bin/../lib/gcc/arm-none-eabi/4.4.1/../../../../arm-none-eabi/lib/thumb2\libm.a(lib_a-w_sqrt.o) (matherr)

Allocating common symbols
Common symbol       size              file

g_rx_buff           0x40              ./main.o
boardWidth          0x8               ./main.o
RadiusRight         0x8               ./main.o
yPos                0x8               ./main.o
drawnPoints         0x1e0             ./main.o
receivedPoints      0x708             ./main.o
g_mss_uart1         0x28              N:\EECS373_Project\WhiteBoard_Plotter\SoftConsole\WhiteBoard_Plotter_MSS_CM3_0\WhiteBoard_Plotter_MSS_CM3_0_hw_platform\Debug\libWhiteBoard_Plotter_MSS_CM3_0_hw_platform.a(mss_uart.o)
boardHeight         0x8               ./main.o
counter             0x4               ./main.o
ratio               0x8               ./main.o
g_mss_uart0         0x28              N:\EECS373_Project\WhiteBoard_Plotter\SoftConsole\WhiteBoard_Plotter_MSS_CM3_0\WhiteBoard_Plotter_MSS_CM3_0_hw_platform\Debug\libWhiteBoard_Plotter_MSS_CM3_0_hw_platform.a(mss_uart.o)
xPos                0x8               ./main.o
RadiusLeft          0x8               ./main.o

Discarded input sections

 .text          0x00000000        0x0 c:/microsemi/softconsole v3.3/sourcery-g++/bin/../lib/gcc/arm-none-eabi/4.4.1/thumb2/crti.o
 .data          0x00000000        0x0 c:/microsemi/softconsole v3.3/sourcery-g++/bin/../lib/gcc/arm-none-eabi/4.4.1/thumb2/crti.o
 .bss           0x00000000        0x0 c:/microsemi/softconsole v3.3/sourcery-g++/bin/../lib/gcc/arm-none-eabi/4.4.1/thumb2/crti.o
 .data          0x00000000        0x4 c:/microsemi/softconsole v3.3/sourcery-g++/bin/../lib/gcc/arm-none-eabi/4.4.1/thumb2/crtbegin.o
 .text          0x00000000        0x0 ./main.o
 .data          0x00000000        0x0 ./main.o
 .bss           0x00000000        0x0 ./main.o
 .text.NVIC_DisableIRQ
                0x00000000       0x3c ./main.o
 .text.NVIC_ClearPendingIRQ
                0x00000000       0x3c ./main.o
 .text.MSS_TIM1_init
                0x00000000       0x84 ./main.o
 .text.MSS_TIM2_init
                0x00000000       0x84 ./main.o
 .text.calculateSquaredDistance
                0x00000000       0x64 ./main.o
 .text.calculateMotorDir
                0x00000000      0x118 ./main.o
 .text.drawReceivedLine
                0x00000000      0x360 ./main.o
 .data.thres    0x00000000        0x8 ./main.o
 .text.start_hardware_timer1
                0x00000000       0x24 ./main.o
 .text.start_hardware_timer2
                0x00000000       0x50 ./main.o
 .text.makeLine
                0x00000000      0x594 ./main.o
 .text.letterA  0x00000000      0x130 ./main.o
 .text.letterI  0x00000000       0xc4 ./main.o
 .text.letterE  0x00000000      0x140 ./main.o
 .text          0x00000000        0x0 ./stepper.o
 .data          0x00000000        0x0 ./stepper.o
 .bss           0x00000000        0x0 ./stepper.o
 .text          0x00000000        0x0 N:/EECS373_Project/WhiteBoard_Plotter/SoftConsole/WhiteBoard_Plotter_MSS_CM3_0/WhiteBoard_Plotter_MSS_CM3_0_hw_platform/Debug/CMSIS/startup_gcc/startup_a2fxxxm3.o
 .data          0x00000000        0x0 N:/EECS373_Project/WhiteBoard_Plotter/SoftConsole/WhiteBoard_Plotter_MSS_CM3_0/WhiteBoard_Plotter_MSS_CM3_0_hw_platform/Debug/CMSIS/startup_gcc/startup_a2fxxxm3.o
 .bss           0x00000000        0x0 N:/EECS373_Project/WhiteBoard_Plotter/SoftConsole/WhiteBoard_Plotter_MSS_CM3_0/WhiteBoard_Plotter_MSS_CM3_0_hw_platform/Debug/CMSIS/startup_gcc/startup_a2fxxxm3.o
 .text          0x00000000        0x0 N:/EECS373_Project/WhiteBoard_Plotter/SoftConsole/WhiteBoard_Plotter_MSS_CM3_0/WhiteBoard_Plotter_MSS_CM3_0_hw_platform/Debug/CMSIS/startup_gcc/newlib_stubs.o
 .data          0x00000000        0x0 N:/EECS373_Project/WhiteBoard_Plotter/SoftConsole/WhiteBoard_Plotter_MSS_CM3_0/WhiteBoard_Plotter_MSS_CM3_0_hw_platform/Debug/CMSIS/startup_gcc/newlib_stubs.o
 .bss           0x00000000        0x0 N:/EECS373_Project/WhiteBoard_Plotter/SoftConsole/WhiteBoard_Plotter_MSS_CM3_0/WhiteBoard_Plotter_MSS_CM3_0_hw_platform/Debug/CMSIS/startup_gcc/newlib_stubs.o
 .bss.g_stdio_uart_init_done
                0x00000000        0x4 N:/EECS373_Project/WhiteBoard_Plotter/SoftConsole/WhiteBoard_Plotter_MSS_CM3_0/WhiteBoard_Plotter_MSS_CM3_0_hw_platform/Debug/CMSIS/startup_gcc/newlib_stubs.o
 .bss.__env     0x00000000        0x4 N:/EECS373_Project/WhiteBoard_Plotter/SoftConsole/WhiteBoard_Plotter_MSS_CM3_0/WhiteBoard_Plotter_MSS_CM3_0_hw_platform/Debug/CMSIS/startup_gcc/newlib_stubs.o
 .data.environ  0x00000000        0x4 N:/EECS373_Project/WhiteBoard_Plotter/SoftConsole/WhiteBoard_Plotter_MSS_CM3_0/WhiteBoard_Plotter_MSS_CM3_0_hw_platform/Debug/CMSIS/startup_gcc/newlib_stubs.o
 .text._close   0x00000000       0x18 N:/EECS373_Project/WhiteBoard_Plotter/SoftConsole/WhiteBoard_Plotter_MSS_CM3_0/WhiteBoard_Plotter_MSS_CM3_0_hw_platform/Debug/CMSIS/startup_gcc/newlib_stubs.o
 .text._execve  0x00000000       0x28 N:/EECS373_Project/WhiteBoard_Plotter/SoftConsole/WhiteBoard_Plotter_MSS_CM3_0/WhiteBoard_Plotter_MSS_CM3_0_hw_platform/Debug/CMSIS/startup_gcc/newlib_stubs.o
 .text._exit    0x00000000        0xc N:/EECS373_Project/WhiteBoard_Plotter/SoftConsole/WhiteBoard_Plotter_MSS_CM3_0/WhiteBoard_Plotter_MSS_CM3_0_hw_platform/Debug/CMSIS/startup_gcc/newlib_stubs.o
 .text._fork    0x00000000       0x18 N:/EECS373_Project/WhiteBoard_Plotter/SoftConsole/WhiteBoard_Plotter_MSS_CM3_0/WhiteBoard_Plotter_MSS_CM3_0_hw_platform/Debug/CMSIS/startup_gcc/newlib_stubs.o
 .text._fstat   0x00000000       0x24 N:/EECS373_Project/WhiteBoard_Plotter/SoftConsole/WhiteBoard_Plotter_MSS_CM3_0/WhiteBoard_Plotter_MSS_CM3_0_hw_platform/Debug/CMSIS/startup_gcc/newlib_stubs.o
 .text._getpid  0x00000000       0x10 N:/EECS373_Project/WhiteBoard_Plotter/SoftConsole/WhiteBoard_Plotter_MSS_CM3_0/WhiteBoard_Plotter_MSS_CM3_0_hw_platform/Debug/CMSIS/startup_gcc/newlib_stubs.o
 .text._isatty  0x00000000       0x18 N:/EECS373_Project/WhiteBoard_Plotter/SoftConsole/WhiteBoard_Plotter_MSS_CM3_0/WhiteBoard_Plotter_MSS_CM3_0_hw_platform/Debug/CMSIS/startup_gcc/newlib_stubs.o
 .text._kill    0x00000000       0x24 N:/EECS373_Project/WhiteBoard_Plotter/SoftConsole/WhiteBoard_Plotter_MSS_CM3_0/WhiteBoard_Plotter_MSS_CM3_0_hw_platform/Debug/CMSIS/startup_gcc/newlib_stubs.o
 .text._link    0x00000000       0x24 N:/EECS373_Project/WhiteBoard_Plotter/SoftConsole/WhiteBoard_Plotter_MSS_CM3_0/WhiteBoard_Plotter_MSS_CM3_0_hw_platform/Debug/CMSIS/startup_gcc/newlib_stubs.o
 .text._lseek   0x00000000       0x1c N:/EECS373_Project/WhiteBoard_Plotter/SoftConsole/WhiteBoard_Plotter_MSS_CM3_0/WhiteBoard_Plotter_MSS_CM3_0_hw_platform/Debug/CMSIS/startup_gcc/newlib_stubs.o
 .text._open    0x00000000       0x1c N:/EECS373_Project/WhiteBoard_Plotter/SoftConsole/WhiteBoard_Plotter_MSS_CM3_0/WhiteBoard_Plotter_MSS_CM3_0_hw_platform/Debug/CMSIS/startup_gcc/newlib_stubs.o
 .text._read    0x00000000       0x1c N:/EECS373_Project/WhiteBoard_Plotter/SoftConsole/WhiteBoard_Plotter_MSS_CM3_0/WhiteBoard_Plotter_MSS_CM3_0_hw_platform/Debug/CMSIS/startup_gcc/newlib_stubs.o
 .text._write_r
                0x00000000       0x5c N:/EECS373_Project/WhiteBoard_Plotter/SoftConsole/WhiteBoard_Plotter_MSS_CM3_0/WhiteBoard_Plotter_MSS_CM3_0_hw_platform/Debug/CMSIS/startup_gcc/newlib_stubs.o
 .rodata        0x00000000       0x1c N:/EECS373_Project/WhiteBoard_Plotter/SoftConsole/WhiteBoard_Plotter_MSS_CM3_0/WhiteBoard_Plotter_MSS_CM3_0_hw_platform/Debug/CMSIS/startup_gcc/newlib_stubs.o
 .text._sbrk    0x00000000       0x94 N:/EECS373_Project/WhiteBoard_Plotter/SoftConsole/WhiteBoard_Plotter_MSS_CM3_0/WhiteBoard_Plotter_MSS_CM3_0_hw_platform/Debug/CMSIS/startup_gcc/newlib_stubs.o
 .text._stat    0x00000000       0x24 N:/EECS373_Project/WhiteBoard_Plotter/SoftConsole/WhiteBoard_Plotter_MSS_CM3_0/WhiteBoard_Plotter_MSS_CM3_0_hw_platform/Debug/CMSIS/startup_gcc/newlib_stubs.o
 .text._times   0x00000000       0x18 N:/EECS373_Project/WhiteBoard_Plotter/SoftConsole/WhiteBoard_Plotter_MSS_CM3_0/WhiteBoard_Plotter_MSS_CM3_0_hw_platform/Debug/CMSIS/startup_gcc/newlib_stubs.o
 .text._unlink  0x00000000       0x24 N:/EECS373_Project/WhiteBoard_Plotter/SoftConsole/WhiteBoard_Plotter_MSS_CM3_0/WhiteBoard_Plotter_MSS_CM3_0_hw_platform/Debug/CMSIS/startup_gcc/newlib_stubs.o
 .text._wait    0x00000000       0x24 N:/EECS373_Project/WhiteBoard_Plotter/SoftConsole/WhiteBoard_Plotter_MSS_CM3_0/WhiteBoard_Plotter_MSS_CM3_0_hw_platform/Debug/CMSIS/startup_gcc/newlib_stubs.o
 .bss.heap_end.3594
                0x00000000        0x4 N:/EECS373_Project/WhiteBoard_Plotter/SoftConsole/WhiteBoard_Plotter_MSS_CM3_0/WhiteBoard_Plotter_MSS_CM3_0_hw_platform/Debug/CMSIS/startup_gcc/newlib_stubs.o
 .text          0x00000000        0x0 N:\EECS373_Project\WhiteBoard_Plotter\SoftConsole\WhiteBoard_Plotter_MSS_CM3_0\WhiteBoard_Plotter_MSS_CM3_0_hw_platform\Debug\libWhiteBoard_Plotter_MSS_CM3_0_hw_platform.a(mss_uart.o)
 .data          0x00000000        0x0 N:\EECS373_Project\WhiteBoard_Plotter\SoftConsole\WhiteBoard_Plotter_MSS_CM3_0\WhiteBoard_Plotter_MSS_CM3_0_hw_platform\Debug\libWhiteBoard_Plotter_MSS_CM3_0_hw_platform.a(mss_uart.o)
 .bss           0x00000000        0x0 N:\EECS373_Project\WhiteBoard_Plotter\SoftConsole\WhiteBoard_Plotter_MSS_CM3_0\WhiteBoard_Plotter_MSS_CM3_0_hw_platform\Debug\libWhiteBoard_Plotter_MSS_CM3_0_hw_platform.a(mss_uart.o)
 .text.NVIC_DisableIRQ
                0x00000000       0x3c N:\EECS373_Project\WhiteBoard_Plotter\SoftConsole\WhiteBoard_Plotter_MSS_CM3_0\WhiteBoard_Plotter_MSS_CM3_0_hw_platform\Debug\libWhiteBoard_Plotter_MSS_CM3_0_hw_platform.a(mss_uart.o)
 .text.MSS_UART_polled_tx_string
                0x00000000       0xd0 N:\EECS373_Project\WhiteBoard_Plotter\SoftConsole\WhiteBoard_Plotter_MSS_CM3_0\WhiteBoard_Plotter_MSS_CM3_0_hw_platform\Debug\libWhiteBoard_Plotter_MSS_CM3_0_hw_platform.a(mss_uart.o)
 .text.MSS_UART_irq_tx
                0x00000000       0xb0 N:\EECS373_Project\WhiteBoard_Plotter\SoftConsole\WhiteBoard_Plotter_MSS_CM3_0\WhiteBoard_Plotter_MSS_CM3_0_hw_platform\Debug\libWhiteBoard_Plotter_MSS_CM3_0_hw_platform.a(mss_uart.o)
 .text.MSS_UART_tx_complete
                0x00000000       0x90 N:\EECS373_Project\WhiteBoard_Plotter\SoftConsole\WhiteBoard_Plotter_MSS_CM3_0\WhiteBoard_Plotter_MSS_CM3_0_hw_platform\Debug\libWhiteBoard_Plotter_MSS_CM3_0_hw_platform.a(mss_uart.o)
 .text.MSS_UART_enable_irq
                0x00000000       0x7c N:\EECS373_Project\WhiteBoard_Plotter\SoftConsole\WhiteBoard_Plotter_MSS_CM3_0\WhiteBoard_Plotter_MSS_CM3_0_hw_platform\Debug\libWhiteBoard_Plotter_MSS_CM3_0_hw_platform.a(mss_uart.o)
 .text.MSS_UART_disable_irq
                0x00000000       0x88 N:\EECS373_Project\WhiteBoard_Plotter\SoftConsole\WhiteBoard_Plotter_MSS_CM3_0\WhiteBoard_Plotter_MSS_CM3_0_hw_platform\Debug\libWhiteBoard_Plotter_MSS_CM3_0_hw_platform.a(mss_uart.o)
 .text.MSS_UART_set_loopback
                0x00000000       0x70 N:\EECS373_Project\WhiteBoard_Plotter\SoftConsole\WhiteBoard_Plotter_MSS_CM3_0\WhiteBoard_Plotter_MSS_CM3_0_hw_platform\Debug\libWhiteBoard_Plotter_MSS_CM3_0_hw_platform.a(mss_uart.o)
 .text.MSS_UART_set_rxstatus_handler
                0x00000000       0x84 N:\EECS373_Project\WhiteBoard_Plotter\SoftConsole\WhiteBoard_Plotter_MSS_CM3_0\WhiteBoard_Plotter_MSS_CM3_0_hw_platform\Debug\libWhiteBoard_Plotter_MSS_CM3_0_hw_platform.a(mss_uart.o)
 .text.MSS_UART_set_tx_handler
                0x00000000       0x94 N:\EECS373_Project\WhiteBoard_Plotter\SoftConsole\WhiteBoard_Plotter_MSS_CM3_0\WhiteBoard_Plotter_MSS_CM3_0_hw_platform\Debug\libWhiteBoard_Plotter_MSS_CM3_0_hw_platform.a(mss_uart.o)
 .text.MSS_UART_set_modemstatus_handler
                0x00000000       0x84 N:\EECS373_Project\WhiteBoard_Plotter\SoftConsole\WhiteBoard_Plotter_MSS_CM3_0\WhiteBoard_Plotter_MSS_CM3_0_hw_platform\Debug\libWhiteBoard_Plotter_MSS_CM3_0_hw_platform.a(mss_uart.o)
 .text.MSS_UART_fill_tx_fifo
                0x00000000       0xd4 N:\EECS373_Project\WhiteBoard_Plotter\SoftConsole\WhiteBoard_Plotter_MSS_CM3_0\WhiteBoard_Plotter_MSS_CM3_0_hw_platform\Debug\libWhiteBoard_Plotter_MSS_CM3_0_hw_platform.a(mss_uart.o)
 .text.MSS_UART_get_rx_status
                0x00000000       0x80 N:\EECS373_Project\WhiteBoard_Plotter\SoftConsole\WhiteBoard_Plotter_MSS_CM3_0\WhiteBoard_Plotter_MSS_CM3_0_hw_platform\Debug\libWhiteBoard_Plotter_MSS_CM3_0_hw_platform.a(mss_uart.o)
 .text.MSS_UART_get_modem_status
                0x00000000       0x60 N:\EECS373_Project\WhiteBoard_Plotter\SoftConsole\WhiteBoard_Plotter_MSS_CM3_0\WhiteBoard_Plotter_MSS_CM3_0_hw_platform\Debug\libWhiteBoard_Plotter_MSS_CM3_0_hw_platform.a(mss_uart.o)
 .text.MSS_UART_get_tx_status
                0x00000000       0x78 N:\EECS373_Project\WhiteBoard_Plotter\SoftConsole\WhiteBoard_Plotter_MSS_CM3_0\WhiteBoard_Plotter_MSS_CM3_0_hw_platform\Debug\libWhiteBoard_Plotter_MSS_CM3_0_hw_platform.a(mss_uart.o)
 .text          0x00000000        0x0 N:\EECS373_Project\WhiteBoard_Plotter\SoftConsole\WhiteBoard_Plotter_MSS_CM3_0\WhiteBoard_Plotter_MSS_CM3_0_hw_platform\Debug\libWhiteBoard_Plotter_MSS_CM3_0_hw_platform.a(system_a2fxxxm3.o)
 .data          0x00000000        0x0 N:\EECS373_Project\WhiteBoard_Plotter\SoftConsole\WhiteBoard_Plotter_MSS_CM3_0\WhiteBoard_Plotter_MSS_CM3_0_hw_platform\Debug\libWhiteBoard_Plotter_MSS_CM3_0_hw_platform.a(system_a2fxxxm3.o)
 .bss           0x00000000        0x0 N:\EECS373_Project\WhiteBoard_Plotter\SoftConsole\WhiteBoard_Plotter_MSS_CM3_0\WhiteBoard_Plotter_MSS_CM3_0_hw_platform\Debug\libWhiteBoard_Plotter_MSS_CM3_0_hw_platform.a(system_a2fxxxm3.o)
 .data          0x00000000        0x0 c:/microsemi/softconsole v3.3/sourcery-g++/bin/../lib/gcc/arm-none-eabi/4.4.1/thumb2\libgcc.a(_arm_addsubdf3.o)
 .bss           0x00000000        0x0 c:/microsemi/softconsole v3.3/sourcery-g++/bin/../lib/gcc/arm-none-eabi/4.4.1/thumb2\libgcc.a(_arm_addsubdf3.o)
 .data          0x00000000        0x0 c:/microsemi/softconsole v3.3/sourcery-g++/bin/../lib/gcc/arm-none-eabi/4.4.1/thumb2\libgcc.a(_arm_muldivdf3.o)
 .bss           0x00000000        0x0 c:/microsemi/softconsole v3.3/sourcery-g++/bin/../lib/gcc/arm-none-eabi/4.4.1/thumb2\libgcc.a(_arm_muldivdf3.o)
 .data          0x00000000        0x0 c:/microsemi/softconsole v3.3/sourcery-g++/bin/../lib/gcc/arm-none-eabi/4.4.1/thumb2\libgcc.a(_arm_cmpdf2.o)
 .bss           0x00000000        0x0 c:/microsemi/softconsole v3.3/sourcery-g++/bin/../lib/gcc/arm-none-eabi/4.4.1/thumb2\libgcc.a(_arm_cmpdf2.o)
 .data          0x00000000        0x0 c:/microsemi/softconsole v3.3/sourcery-g++/bin/../lib/gcc/arm-none-eabi/4.4.1/thumb2\libgcc.a(_arm_fixunsdfsi.o)
 .bss           0x00000000        0x0 c:/microsemi/softconsole v3.3/sourcery-g++/bin/../lib/gcc/arm-none-eabi/4.4.1/thumb2\libgcc.a(_arm_fixunsdfsi.o)
 .data          0x00000000        0x0 c:/microsemi/softconsole v3.3/sourcery-g++/bin/../lib/gcc/arm-none-eabi/4.4.1/../../../../arm-none-eabi/lib/thumb2\libc.a(lib_a-errno.o)
 .bss           0x00000000        0x0 c:/microsemi/softconsole v3.3/sourcery-g++/bin/../lib/gcc/arm-none-eabi/4.4.1/../../../../arm-none-eabi/lib/thumb2\libc.a(lib_a-errno.o)
 .text          0x00000000        0x0 c:/microsemi/softconsole v3.3/sourcery-g++/bin/../lib/gcc/arm-none-eabi/4.4.1/../../../../arm-none-eabi/lib/thumb2\libc.a(lib_a-impure.o)
 .bss           0x00000000        0x0 c:/microsemi/softconsole v3.3/sourcery-g++/bin/../lib/gcc/arm-none-eabi/4.4.1/../../../../arm-none-eabi/lib/thumb2\libc.a(lib_a-impure.o)
 .rodata        0x00000000        0x4 c:/microsemi/softconsole v3.3/sourcery-g++/bin/../lib/gcc/arm-none-eabi/4.4.1/../../../../arm-none-eabi/lib/thumb2\libc.a(lib_a-impure.o)
 .data          0x00000000        0x0 c:/microsemi/softconsole v3.3/sourcery-g++/bin/../lib/gcc/arm-none-eabi/4.4.1/../../../../arm-none-eabi/lib/thumb2\libc.a(lib_a-init.o)
 .bss           0x00000000        0x0 c:/microsemi/softconsole v3.3/sourcery-g++/bin/../lib/gcc/arm-none-eabi/4.4.1/../../../../arm-none-eabi/lib/thumb2\libc.a(lib_a-init.o)
 .text          0x00000000        0x0 c:/microsemi/softconsole v3.3/sourcery-g++/bin/../lib/gcc/arm-none-eabi/4.4.1/thumb2/crtend.o
 .data          0x00000000        0x0 c:/microsemi/softconsole v3.3/sourcery-g++/bin/../lib/gcc/arm-none-eabi/4.4.1/thumb2/crtend.o
 .bss           0x00000000        0x0 c:/microsemi/softconsole v3.3/sourcery-g++/bin/../lib/gcc/arm-none-eabi/4.4.1/thumb2/crtend.o
 .text          0x00000000        0x0 c:/microsemi/softconsole v3.3/sourcery-g++/bin/../lib/gcc/arm-none-eabi/4.4.1/thumb2/crtn.o
 .data          0x00000000        0x0 c:/microsemi/softconsole v3.3/sourcery-g++/bin/../lib/gcc/arm-none-eabi/4.4.1/thumb2/crtn.o
 .bss           0x00000000        0x0 c:/microsemi/softconsole v3.3/sourcery-g++/bin/../lib/gcc/arm-none-eabi/4.4.1/thumb2/crtn.o
 .data          0x00000000        0x0 c:/microsemi/softconsole v3.3/sourcery-g++/bin/../lib/gcc/arm-none-eabi/4.4.1/../../../../arm-none-eabi/lib/thumb2\libm.a(lib_a-w_sqrt.o)
 .bss           0x00000000        0x0 c:/microsemi/softconsole v3.3/sourcery-g++/bin/../lib/gcc/arm-none-eabi/4.4.1/../../../../arm-none-eabi/lib/thumb2\libm.a(lib_a-w_sqrt.o)
 .data          0x00000000        0x0 c:/microsemi/softconsole v3.3/sourcery-g++/bin/../lib/gcc/arm-none-eabi/4.4.1/../../../../arm-none-eabi/lib/thumb2\libm.a(lib_a-e_sqrt.o)
 .bss           0x00000000        0x0 c:/microsemi/softconsole v3.3/sourcery-g++/bin/../lib/gcc/arm-none-eabi/4.4.1/../../../../arm-none-eabi/lib/thumb2\libm.a(lib_a-e_sqrt.o)
 .data          0x00000000        0x0 c:/microsemi/softconsole v3.3/sourcery-g++/bin/../lib/gcc/arm-none-eabi/4.4.1/../../../../arm-none-eabi/lib/thumb2\libm.a(lib_a-s_isnand.o)
 .bss           0x00000000        0x0 c:/microsemi/softconsole v3.3/sourcery-g++/bin/../lib/gcc/arm-none-eabi/4.4.1/../../../../arm-none-eabi/lib/thumb2\libm.a(lib_a-s_isnand.o)
 .text          0x00000000        0x0 c:/microsemi/softconsole v3.3/sourcery-g++/bin/../lib/gcc/arm-none-eabi/4.4.1/../../../../arm-none-eabi/lib/thumb2\libm.a(lib_a-s_lib_ver.o)
 .bss           0x00000000        0x0 c:/microsemi/softconsole v3.3/sourcery-g++/bin/../lib/gcc/arm-none-eabi/4.4.1/../../../../arm-none-eabi/lib/thumb2\libm.a(lib_a-s_lib_ver.o)
 .data          0x00000000        0x0 c:/microsemi/softconsole v3.3/sourcery-g++/bin/../lib/gcc/arm-none-eabi/4.4.1/../../../../arm-none-eabi/lib/thumb2\libm.a(lib_a-s_matherr.o)
 .bss           0x00000000        0x0 c:/microsemi/softconsole v3.3/sourcery-g++/bin/../lib/gcc/arm-none-eabi/4.4.1/../../../../arm-none-eabi/lib/thumb2\libm.a(lib_a-s_matherr.o)

Memory Configuration

Name             Origin             Length             Attributes
ram              0x20000000         0x00010000         xrw
*default*        0x00000000         0xffffffff

Linker script and memory map

LOAD c:/microsemi/softconsole v3.3/sourcery-g++/bin/../lib/gcc/arm-none-eabi/4.4.1/thumb2/crti.o
LOAD c:/microsemi/softconsole v3.3/sourcery-g++/bin/../lib/gcc/arm-none-eabi/4.4.1/thumb2/crtbegin.o
LOAD ./main.o
LOAD ./stepper.o
LOAD N:/EECS373_Project/WhiteBoard_Plotter/SoftConsole/WhiteBoard_Plotter_MSS_CM3_0/WhiteBoard_Plotter_MSS_CM3_0_hw_platform/Debug/CMSIS/startup_gcc/startup_a2fxxxm3.o
LOAD N:/EECS373_Project/WhiteBoard_Plotter/SoftConsole/WhiteBoard_Plotter_MSS_CM3_0/WhiteBoard_Plotter_MSS_CM3_0_hw_platform/Debug/CMSIS/startup_gcc/newlib_stubs.o
LOAD N:\EECS373_Project\WhiteBoard_Plotter\SoftConsole\WhiteBoard_Plotter_MSS_CM3_0\WhiteBoard_Plotter_MSS_CM3_0_hw_platform\Debug\libWhiteBoard_Plotter_MSS_CM3_0_hw_platform.a
START GROUP
LOAD c:/microsemi/softconsole v3.3/sourcery-g++/bin/../lib/gcc/arm-none-eabi/4.4.1/thumb2\libgcc.a
LOAD c:/microsemi/softconsole v3.3/sourcery-g++/bin/../lib/gcc/arm-none-eabi/4.4.1/../../../../arm-none-eabi/lib/thumb2\libc.a
END GROUP
LOAD c:/microsemi/softconsole v3.3/sourcery-g++/bin/../lib/gcc/arm-none-eabi/4.4.1/thumb2/crtend.o
LOAD c:/microsemi/softconsole v3.3/sourcery-g++/bin/../lib/gcc/arm-none-eabi/4.4.1/thumb2/crtn.o
START GROUP
LOAD c:/microsemi/softconsole v3.3/sourcery-g++/bin/../lib/gcc/arm-none-eabi/4.4.1/../../../../arm-none-eabi/lib/thumb2\libc.a
LOAD c:/microsemi/softconsole v3.3/sourcery-g++/bin/../lib/gcc/arm-none-eabi/4.4.1/thumb2\libgcc.a
LOAD c:/microsemi/softconsole v3.3/sourcery-g++/bin/../lib/gcc/arm-none-eabi/4.4.1/../../../../arm-none-eabi/lib/thumb2\libm.a
END GROUP
                0x00000000                __DYNAMIC = 0x0
                0x20000000                RAM_START_ADDRESS = 0x20000000
                0x00010000                RAM_SIZE = 0x10000
                0x00002000                MAIN_STACK_SIZE = 0x2000
                0x00001000                PROCESS_STACK_SIZE = 0x1000
                0x20010000                PROVIDE (__main_stack_start, (RAM_START_ADDRESS + RAM_SIZE))
                0x2000e000                PROVIDE (__process_stack_start, (__main_stack_start - MAIN_STACK_SIZE))
                0x20010000                PROVIDE (_estack, __main_stack_start)
                0x00000000                PROVIDE (__mirrored_nvm, 0x0)

.text           0x20000000     0x2134
 CREATE_OBJECT_SYMBOLS
                0x20000000                __text_load = LOADADDR (.text)
                0x20000000                __text_start = .
                0x20000000                __vector_table_vma_base_address = .
 *(.isr_vector)
 .isr_vector    0x20000000      0x470 N:/EECS373_Project/WhiteBoard_Plotter/SoftConsole/WhiteBoard_Plotter_MSS_CM3_0/WhiteBoard_Plotter_MSS_CM3_0_hw_platform/Debug/CMSIS/startup_gcc/startup_a2fxxxm3.o
                0x20000000                g_pfnVectors
                0x20000298                Reset_Handler
                0x20000308                NMI_Handler
                0x2000030a                HardFault_Handler
                0x2000030c                MemManage_Handler
                0x2000030e                BusFault_Handler
                0x20000310                UsageFault_Handler
                0x20000312                SVC_Handler
                0x20000314                DebugMon_Handler
                0x20000316                PendSV_Handler
                0x20000318                SysTick_Handler
                0x2000031a                WdogWakeup_IRQHandler
                0x2000031c                BrownOut_1_5V_IRQHandler
                0x2000031e                BrownOut_3_3V_IRQHandler
                0x20000320                RTC_Match_IRQHandler
                0x20000322                RTCIF_Pub_IRQHandler
                0x20000324                EthernetMAC_IRQHandler
                0x20000326                IAP_IRQHandler
                0x20000328                ENVM0_IRQHandler
                0x2000032a                ENVM1_IRQHandler
                0x2000032c                DMA_IRQHandler
                0x20000332                SPI0_IRQHandler
                0x20000334                SPI1_IRQHandler
                0x20000336                I2C0_IRQHandler
                0x20000338                I2C0_SMBAlert_IRQHandler
                0x2000033a                I2C0_SMBus_IRQHandler
                0x2000033c                I2C1_IRQHandler
                0x2000033e                I2C1_SMBAlert_IRQHandler
                0x20000340                I2C1_SMBus_IRQHandler
                0x20000346                PLL_Lock_IRQHandler
                0x20000348                PLL_LockLost_IRQHandler
                0x2000034a                CommError_IRQHandler
                0x2000034c                Fabric_IRQHandler
                0x2000034e                GPIO0_IRQHandler
                0x20000350                GPIO1_IRQHandler
                0x20000352                GPIO2_IRQHandler
                0x20000354                GPIO3_IRQHandler
                0x20000356                GPIO4_IRQHandler
                0x20000358                GPIO5_IRQHandler
                0x2000035a                GPIO6_IRQHandler
                0x2000035c                GPIO7_IRQHandler
                0x2000035e                GPIO8_IRQHandler
                0x20000360                GPIO9_IRQHandler
                0x20000362                GPIO10_IRQHandler
                0x20000364                GPIO11_IRQHandler
                0x20000366                GPIO12_IRQHandler
                0x20000368                GPIO13_IRQHandler
                0x2000036a                GPIO14_IRQHandler
                0x2000036c                GPIO15_IRQHandler
                0x2000036e                GPIO16_IRQHandler
                0x20000370                GPIO17_IRQHandler
                0x20000372                GPIO18_IRQHandler
                0x20000374                GPIO19_IRQHandler
                0x20000376                GPIO20_IRQHandler
                0x20000378                GPIO21_IRQHandler
                0x2000037a                GPIO22_IRQHandler
                0x2000037c                GPIO23_IRQHandler
                0x2000037e                GPIO24_IRQHandler
                0x20000380                GPIO25_IRQHandler
                0x20000382                GPIO26_IRQHandler
                0x20000384                GPIO27_IRQHandler
                0x20000386                GPIO28_IRQHandler
                0x20000388                GPIO29_IRQHandler
                0x2000038a                GPIO30_IRQHandler
                0x2000038c                GPIO31_IRQHandler
                0x2000038e                ACE_PC0_Flag0_IRQHandler
                0x20000390                ACE_PC0_Flag1_IRQHandler
                0x20000392                ACE_PC0_Flag2_IRQHandler
                0x20000394                ACE_PC0_Flag3_IRQHandler
                0x20000396                ACE_PC1_Flag0_IRQHandler
                0x20000398                ACE_PC1_Flag1_IRQHandler
                0x2000039a                ACE_PC1_Flag2_IRQHandler
                0x2000039c                ACE_PC1_Flag3_IRQHandler
                0x2000039e                ACE_PC2_Flag0_IRQHandler
                0x200003a0                ACE_PC2_Flag1_IRQHandler
                0x200003a2                ACE_PC2_Flag2_IRQHandler
                0x200003a4                ACE_PC2_Flag3_IRQHandler
                0x200003a6                ACE_ADC0_DataValid_IRQHandler
                0x200003a8                ACE_ADC1_DataValid_IRQHandler
                0x200003aa                ACE_ADC2_DataValid_IRQHandler
                0x200003ac                ACE_ADC0_CalDone_IRQHandler
                0x200003ae                ACE_ADC1_CalDone_IRQHandler
                0x200003b0                ACE_ADC2_CalDone_IRQHandler
                0x200003b2                ACE_ADC0_CalStart_IRQHandler
                0x200003b4                ACE_ADC1_CalStart_IRQHandler
                0x200003b6                ACE_ADC2_CalStart_IRQHandler
                0x200003b8                ACE_Comp0_Fall_IRQHandler
                0x200003ba                ACE_Comp1_Fall_IRQHandler
                0x200003bc                ACE_Comp2_Fall_IRQHandler
                0x200003be                ACE_Comp3_Fall_IRQHandler
                0x200003c0                ACE_Comp4_Fall_IRQHandler
                0x200003c2                ACE_Comp5_Fall_IRQHandler
                0x200003c4                ACE_Comp6_Fall_IRQHandler
                0x200003c6                ACE_Comp7_Fall_IRQHandler
                0x200003c8                ACE_Comp8_Fall_IRQHandler
                0x200003ca                ACE_Comp9_Fall_IRQHandler
                0x200003cc                ACE_Comp10_Fall_IRQHandler
                0x200003ce                ACE_Comp11_Fall_IRQHandler
                0x200003d0                ACE_Comp0_Rise_IRQHandler
                0x200003d2                ACE_Comp1_Rise_IRQHandler
                0x200003d4                ACE_Comp2_Rise_IRQHandler
                0x200003d6                ACE_Comp3_Rise_IRQHandler
                0x200003d8                ACE_Comp4_Rise_IRQHandler
                0x200003da                ACE_Comp5_Rise_IRQHandler
                0x200003dc                ACE_Comp6_Rise_IRQHandler
                0x200003de                ACE_Comp7_Rise_IRQHandler
                0x200003e0                ACE_Comp8_Rise_IRQHandler
                0x200003e2                ACE_Comp9_Rise_IRQHandler
                0x200003e4                ACE_Comp10_Rise_IRQHandler
                0x200003e6                ACE_Comp11_Rise_IRQHandler
                0x200003e8                ACE_ADC0_FifoFull_IRQHandler
                0x200003ea                ACE_ADC0_FifoAFull_IRQHandler
                0x200003ec                ACE_ADC0_FifoEmpty_IRQHandler
                0x200003ee                ACE_ADC1_FifoFull_IRQHandler
                0x200003f0                ACE_ADC1_FifoAFull_IRQHandler
                0x200003f2                ACE_ADC1_FifoEmpty_IRQHandler
                0x200003f4                ACE_ADC2_FifoFull_IRQHandler
                0x200003f6                ACE_ADC2_FifoAFull_IRQHandler
                0x200003f8                ACE_ADC2_FifoEmpty_IRQHandler
                0x200003fa                ACE_PPE_Flag0_IRQHandler
                0x200003fc                ACE_PPE_Flag1_IRQHandler
                0x200003fe                ACE_PPE_Flag2_IRQHandler
                0x20000400                ACE_PPE_Flag3_IRQHandler
                0x20000402                ACE_PPE_Flag4_IRQHandler
                0x20000404                ACE_PPE_Flag5_IRQHandler
                0x20000406                ACE_PPE_Flag6_IRQHandler
                0x20000408                ACE_PPE_Flag7_IRQHandler
                0x2000040a                ACE_PPE_Flag8_IRQHandler
                0x2000040c                ACE_PPE_Flag9_IRQHandler
                0x2000040e                ACE_PPE_Flag10_IRQHandler
                0x20000410                ACE_PPE_Flag11_IRQHandler
                0x20000412                ACE_PPE_Flag12_IRQHandler
                0x20000414                ACE_PPE_Flag13_IRQHandler
                0x20000416                ACE_PPE_Flag14_IRQHandler
                0x20000418                ACE_PPE_Flag15_IRQHandler
                0x2000041a                ACE_PPE_Flag16_IRQHandler
                0x2000041c                ACE_PPE_Flag17_IRQHandler
                0x2000041e                ACE_PPE_Flag18_IRQHandler
                0x20000420                ACE_PPE_Flag19_IRQHandler
                0x20000422                ACE_PPE_Flag20_IRQHandler
                0x20000424                ACE_PPE_Flag21_IRQHandler
                0x20000426                ACE_PPE_Flag22_IRQHandler
                0x20000428                ACE_PPE_Flag23_IRQHandler
                0x2000042a                ACE_PPE_Flag24_IRQHandler
                0x2000042c                ACE_PPE_Flag25_IRQHandler
                0x2000042e                ACE_PPE_Flag26_IRQHandler
                0x20000430                ACE_PPE_Flag27_IRQHandler
                0x20000432                ACE_PPE_Flag28_IRQHandler
                0x20000434                ACE_PPE_Flag29_IRQHandler
                0x20000436                ACE_PPE_Flag30_IRQHandler
                0x20000438                ACE_PPE_Flag31_IRQHandler
 *(.text .text.* .gnu.linkonce.t.*)
 .text          0x20000470       0x30 c:/microsemi/softconsole v3.3/sourcery-g++/bin/../lib/gcc/arm-none-eabi/4.4.1/thumb2/crtbegin.o
 .text.NVIC_EnableIRQ
                0x200004a0       0x38 ./main.o
 .text.MSS_TIM1_start
                0x200004d8       0x1c ./main.o
 .text.MSS_TIM1_load_immediate
                0x200004f4       0x20 ./main.o
 .text.MSS_TIM1_enable_irq
                0x20000514       0x20 ./main.o
 .text.MSS_TIM1_clear_irq
                0x20000534       0x1c ./main.o
 .text.MSS_TIM2_start
                0x20000550       0x1c ./main.o
 .text.MSS_TIM2_load_immediate
                0x2000056c       0x20 ./main.o
 .text.MSS_TIM2_enable_irq
                0x2000058c       0x20 ./main.o
 .text.MSS_TIM2_clear_irq
                0x200005ac       0x1c ./main.o
 .text.motorLeft
                0x200005c8       0xa8 ./main.o
                0x200005c8                motorLeft
 .text.motorRight
                0x20000670       0xa8 ./main.o
                0x20000670                motorRight
 .text.Timer1_IRQHandler
                0x20000718       0x30 ./main.o
                0x20000718                Timer1_IRQHandler
 .text.Timer2_IRQHandler
                0x20000748       0x58 ./main.o
                0x20000748                Timer2_IRQHandler
 .text.interfaceConfig
                0x200007a0      0x160 ./main.o
                0x200007a0                interfaceConfig
 .text.sendMessage
                0x20000900       0xf4 ./main.o
                0x20000900                sendMessage
 .text.uart1_rx_handler
                0x200009f4       0x24 ./main.o
                0x200009f4                uart1_rx_handler
 .text.main     0x20000a18       0xb0 ./main.o
                0x20000a18                main
 .text.MSS_GPIO_set_outputs
                0x20000ac8       0x20 ./stepper.o
 .text.stepper_config
                0x20000ae8       0x24 ./stepper.o
                0x20000ae8                stepper_config
 .text.step     0x20000b0c       0x5c ./stepper.o
                0x20000b0c                step
 .text.NVIC_EnableIRQ
                0x20000b68       0x38 N:\EECS373_Project\WhiteBoard_Plotter\SoftConsole\WhiteBoard_Plotter_MSS_CM3_0\WhiteBoard_Plotter_MSS_CM3_0_hw_platform\Debug\libWhiteBoard_Plotter_MSS_CM3_0_hw_platform.a(mss_uart.o)
 .text.NVIC_ClearPendingIRQ
                0x20000ba0       0x3c N:\EECS373_Project\WhiteBoard_Plotter\SoftConsole\WhiteBoard_Plotter_MSS_CM3_0\WhiteBoard_Plotter_MSS_CM3_0_hw_platform\Debug\libWhiteBoard_Plotter_MSS_CM3_0_hw_platform.a(mss_uart.o)
 .text.MSS_UART_init
                0x20000bdc      0x204 N:\EECS373_Project\WhiteBoard_Plotter\SoftConsole\WhiteBoard_Plotter_MSS_CM3_0\WhiteBoard_Plotter_MSS_CM3_0_hw_platform\Debug\libWhiteBoard_Plotter_MSS_CM3_0_hw_platform.a(mss_uart.o)
                0x20000bdc                MSS_UART_init
 .text.MSS_UART_polled_tx
                0x20000de0       0xe4 N:\EECS373_Project\WhiteBoard_Plotter\SoftConsole\WhiteBoard_Plotter_MSS_CM3_0\WhiteBoard_Plotter_MSS_CM3_0_hw_platform\Debug\libWhiteBoard_Plotter_MSS_CM3_0_hw_platform.a(mss_uart.o)
                0x20000de0                MSS_UART_polled_tx
 .text.MSS_UART_get_rx
                0x20000ec4       0xdc N:\EECS373_Project\WhiteBoard_Plotter\SoftConsole\WhiteBoard_Plotter_MSS_CM3_0\WhiteBoard_Plotter_MSS_CM3_0_hw_platform\Debug\libWhiteBoard_Plotter_MSS_CM3_0_hw_platform.a(mss_uart.o)
                0x20000ec4                MSS_UART_get_rx
 .text.MSS_UART_isr
                0x20000fa0      0x11c N:\EECS373_Project\WhiteBoard_Plotter\SoftConsole\WhiteBoard_Plotter_MSS_CM3_0\WhiteBoard_Plotter_MSS_CM3_0_hw_platform\Debug\libWhiteBoard_Plotter_MSS_CM3_0_hw_platform.a(mss_uart.o)
 .text.default_tx_handler
                0x200010bc      0x108 N:\EECS373_Project\WhiteBoard_Plotter\SoftConsole\WhiteBoard_Plotter_MSS_CM3_0\WhiteBoard_Plotter_MSS_CM3_0_hw_platform\Debug\libWhiteBoard_Plotter_MSS_CM3_0_hw_platform.a(mss_uart.o)
 .text.MSS_UART_set_rx_handler
                0x200011c4       0xa8 N:\EECS373_Project\WhiteBoard_Plotter\SoftConsole\WhiteBoard_Plotter_MSS_CM3_0\WhiteBoard_Plotter_MSS_CM3_0_hw_platform\Debug\libWhiteBoard_Plotter_MSS_CM3_0_hw_platform.a(mss_uart.o)
                0x200011c4                MSS_UART_set_rx_handler
 .text.UART0_IRQHandler
                0x2000126c       0x2c N:\EECS373_Project\WhiteBoard_Plotter\SoftConsole\WhiteBoard_Plotter_MSS_CM3_0\WhiteBoard_Plotter_MSS_CM3_0_hw_platform\Debug\libWhiteBoard_Plotter_MSS_CM3_0_hw_platform.a(mss_uart.o)
                0x2000126c                UART0_IRQHandler
 .text.UART1_IRQHandler
                0x20001298       0x2c N:\EECS373_Project\WhiteBoard_Plotter\SoftConsole\WhiteBoard_Plotter_MSS_CM3_0\WhiteBoard_Plotter_MSS_CM3_0_hw_platform\Debug\libWhiteBoard_Plotter_MSS_CM3_0_hw_platform.a(mss_uart.o)
                0x20001298                UART1_IRQHandler
 .text.SystemInit
                0x200012c4        0xc N:\EECS373_Project\WhiteBoard_Plotter\SoftConsole\WhiteBoard_Plotter_MSS_CM3_0\WhiteBoard_Plotter_MSS_CM3_0_hw_platform\Debug\libWhiteBoard_Plotter_MSS_CM3_0_hw_platform.a(system_a2fxxxm3.o)
                0x200012c4                SystemInit
 .text.SystemCoreClockUpdate
                0x200012d0      0x150 N:\EECS373_Project\WhiteBoard_Plotter\SoftConsole\WhiteBoard_Plotter_MSS_CM3_0\WhiteBoard_Plotter_MSS_CM3_0_hw_platform\Debug\libWhiteBoard_Plotter_MSS_CM3_0_hw_platform.a(system_a2fxxxm3.o)
                0x200012d0                SystemCoreClockUpdate
 .text.GetSystemClock
                0x20001420       0xe8 N:\EECS373_Project\WhiteBoard_Plotter\SoftConsole\WhiteBoard_Plotter_MSS_CM3_0\WhiteBoard_Plotter_MSS_CM3_0_hw_platform\Debug\libWhiteBoard_Plotter_MSS_CM3_0_hw_platform.a(system_a2fxxxm3.o)
 .text          0x20001508      0x370 c:/microsemi/softconsole v3.3/sourcery-g++/bin/../lib/gcc/arm-none-eabi/4.4.1/thumb2\libgcc.a(_arm_addsubdf3.o)
                0x20001508                __aeabi_drsub
                0x20001510                __aeabi_dsub
                0x20001510                __subdf3
                0x20001514                __aeabi_dadd
                0x20001514                __adddf3
                0x2000178c                __floatunsidf
                0x2000178c                __aeabi_ui2d
                0x200017ac                __floatsidf
                0x200017ac                __aeabi_i2d
                0x200017d0                __aeabi_f2d
                0x200017d0                __extendsfdf2
                0x2000180c                __floatundidf
                0x2000180c                __aeabi_ul2d
                0x2000181c                __floatdidf
                0x2000181c                __aeabi_l2d
 .text          0x20001878      0x424 c:/microsemi/softconsole v3.3/sourcery-g++/bin/../lib/gcc/arm-none-eabi/4.4.1/thumb2\libgcc.a(_arm_muldivdf3.o)
                0x20001878                __aeabi_dmul
                0x20001878                __muldf3
                0x20001acc                __divdf3
                0x20001acc                __aeabi_ddiv
 .text          0x20001c9c      0x110 c:/microsemi/softconsole v3.3/sourcery-g++/bin/../lib/gcc/arm-none-eabi/4.4.1/thumb2\libgcc.a(_arm_cmpdf2.o)
                0x20001c9c                __gtdf2
                0x20001c9c                __gedf2
                0x20001ca4                __ltdf2
                0x20001ca4                __ledf2
                0x20001cac                __nedf2
                0x20001cac                __eqdf2
                0x20001cac                __cmpdf2
                0x20001d28                __aeabi_cdrcmple
                0x20001d38                __aeabi_cdcmpeq
                0x20001d38                __aeabi_cdcmple
                0x20001d48                __aeabi_dcmpeq
                0x20001d5c                __aeabi_dcmplt
                0x20001d70                __aeabi_dcmple
                0x20001d84                __aeabi_dcmpge
                0x20001d98                __aeabi_dcmpgt
 .text          0x20001dac       0x40 c:/microsemi/softconsole v3.3/sourcery-g++/bin/../lib/gcc/arm-none-eabi/4.4.1/thumb2\libgcc.a(_arm_fixunsdfsi.o)
                0x20001dac                __aeabi_d2uiz
                0x20001dac                __fixunsdfsi
 .text          0x20001dec        0xc c:/microsemi/softconsole v3.3/sourcery-g++/bin/../lib/gcc/arm-none-eabi/4.4.1/../../../../arm-none-eabi/lib/thumb2\libc.a(lib_a-errno.o)
                0x20001dec                __errno
 .text          0x20001df8       0x50 c:/microsemi/softconsole v3.3/sourcery-g++/bin/../lib/gcc/arm-none-eabi/4.4.1/../../../../arm-none-eabi/lib/thumb2\libc.a(lib_a-init.o)
                0x20001df8                __libc_init_array
 .text          0x20001e48       0xac c:/microsemi/softconsole v3.3/sourcery-g++/bin/../lib/gcc/arm-none-eabi/4.4.1/../../../../arm-none-eabi/lib/thumb2\libm.a(lib_a-w_sqrt.o)
                0x20001e48                sqrt
 .text          0x20001ef4      0x1dc c:/microsemi/softconsole v3.3/sourcery-g++/bin/../lib/gcc/arm-none-eabi/4.4.1/../../../../arm-none-eabi/lib/thumb2\libm.a(lib_a-e_sqrt.o)
                0x20001ef4                __ieee754_sqrt
 .text          0x200020d0       0x1c c:/microsemi/softconsole v3.3/sourcery-g++/bin/../lib/gcc/arm-none-eabi/4.4.1/../../../../arm-none-eabi/lib/thumb2\libm.a(lib_a-s_isnand.o)
                0x200020d0                __isnand
 .text          0x200020ec        0x4 c:/microsemi/softconsole v3.3/sourcery-g++/bin/../lib/gcc/arm-none-eabi/4.4.1/../../../../arm-none-eabi/lib/thumb2\libm.a(lib_a-s_matherr.o)
                0x200020ec                matherr
 *(.plt)
 *(.gnu.warning)
 *(.glue_7t)
 .glue_7t       0x00000000        0x0 linker stubs
 *(.glue_7)
 .glue_7        0x00000000        0x0 linker stubs
 *(.vfp11_veneer)
 .vfp11_veneer  0x00000000        0x0 linker stubs
                0x200020f0                . = ALIGN (0x4)
 *crtbegin.o(.ctors)
 *(EXCLUDE_FILE(*crtend.o) .ctors)
 *(SORT(.ctors.*))
 *crtend.o(.ctors)
 *crtbegin.o(.dtors)
 *(EXCLUDE_FILE(*crtend.o) .dtors)
 *(SORT(.dtors.*))
 *crtend.o(.dtors)
 *(.rodata .rodata.* .gnu.linkonce.r.*)
 .rodata        0x200020f0        0x8 ./main.o
 .rodata.C.18.2576
                0x200020f8       0x10 N:\EECS373_Project\WhiteBoard_Plotter\SoftConsole\WhiteBoard_Plotter_MSS_CM3_0\WhiteBoard_Plotter_MSS_CM3_0_hw_platform\Debug\libWhiteBoard_Plotter_MSS_CM3_0_hw_platform.a(system_a2fxxxm3.o)
 .rodata.str1.4
                0x20002108        0x2 c:/microsemi/softconsole v3.3/sourcery-g++/bin/../lib/gcc/arm-none-eabi/4.4.1/../../../../arm-none-eabi/lib/thumb2\libc.a(lib_a-impure.o)
                                  0x4 (size before relaxing)
 *fill*         0x2000210a        0x2 00
 .rodata.str1.4
                0x2000210c        0x8 c:/microsemi/softconsole v3.3/sourcery-g++/bin/../lib/gcc/arm-none-eabi/4.4.1/../../../../arm-none-eabi/lib/thumb2\libm.a(lib_a-w_sqrt.o)
 *(.ARM.extab* .gnu.linkonce.armextab.*)
 *(.gcc_except_table)
 *(.eh_frame_hdr)
 *(.eh_frame)
 *(.init)
 .init          0x20002114        0x4 c:/microsemi/softconsole v3.3/sourcery-g++/bin/../lib/gcc/arm-none-eabi/4.4.1/thumb2/crti.o
                0x20002114                _init
 .init          0x20002118        0x8 c:/microsemi/softconsole v3.3/sourcery-g++/bin/../lib/gcc/arm-none-eabi/4.4.1/thumb2/crtn.o
 *(.fini)
 .fini          0x20002120        0x4 c:/microsemi/softconsole v3.3/sourcery-g++/bin/../lib/gcc/arm-none-eabi/4.4.1/thumb2/crti.o
                0x20002120                _fini
 .fini          0x20002124        0x8 c:/microsemi/softconsole v3.3/sourcery-g++/bin/../lib/gcc/arm-none-eabi/4.4.1/thumb2/crtn.o
                0x2000212c                PROVIDE (__preinit_array_start, .)
 *(.preinit_array)
                0x2000212c                PROVIDE (__preinit_array_end, .)
                0x2000212c                PROVIDE (__init_array_start, .)
 *(SORT(.init_array.*))
 *(.init_array)
 .init_array    0x2000212c        0x4 c:/microsemi/softconsole v3.3/sourcery-g++/bin/../lib/gcc/arm-none-eabi/4.4.1/thumb2/crtbegin.o
                0x20002130                PROVIDE (__init_array_end, .)
                0x20002130                PROVIDE (__fini_array_start, .)
 *(.fini_array)
 .fini_array    0x20002130        0x4 c:/microsemi/softconsole v3.3/sourcery-g++/bin/../lib/gcc/arm-none-eabi/4.4.1/thumb2/crtbegin.o
 *(SORT(.fini_array.*))
                0x20002134                PROVIDE (__fini_array_end, .)
                0x20002134                __exidx_start = .

.v4_bx          0x20002134        0x0
 .v4_bx         0x00000000        0x0 linker stubs

.ARM.exidx
 *(.ARM.exidx* .gnu.linkonce.armexidx.*)
                0x20002134                __exidx_end = .
                0x20002134                _etext = .
                0x20002134                PROVIDE (__text_end, .)

.data           0x20002134      0x11c
                0x20002134                __data_load = LOADADDR (.data)
                0x20002134                _sidata = LOADADDR (.data)
                0x20002134                __data_start = .
                0x20002134                _sdata = .
 *(.jcr)
 .jcr           0x20002134        0x0 c:/microsemi/softconsole v3.3/sourcery-g++/bin/../lib/gcc/arm-none-eabi/4.4.1/thumb2/crtbegin.o
 .jcr           0x20002134        0x4 c:/microsemi/softconsole v3.3/sourcery-g++/bin/../lib/gcc/arm-none-eabi/4.4.1/thumb2/crtend.o
 *(.got.plt)
 *(.got)
 *(.shdata)
 *(.data .data.* .gnu.linkonce.d.*)
 .data.dirLeft  0x20002138        0x4 ./main.o
                0x20002138                dirLeft
 .data.dirRight
                0x2000213c        0x4 ./main.o
                0x2000213c                dirRight
 .data.SystemFrequency
                0x20002140        0x4 N:\EECS373_Project\WhiteBoard_Plotter\SoftConsole\WhiteBoard_Plotter_MSS_CM3_0\WhiteBoard_Plotter_MSS_CM3_0_hw_platform\Debug\libWhiteBoard_Plotter_MSS_CM3_0_hw_platform.a(system_a2fxxxm3.o)
                0x20002140                SystemFrequency
 .data.SystemCoreClock
                0x20002144        0x4 N:\EECS373_Project\WhiteBoard_Plotter\SoftConsole\WhiteBoard_Plotter_MSS_CM3_0\WhiteBoard_Plotter_MSS_CM3_0_hw_platform\Debug\libWhiteBoard_Plotter_MSS_CM3_0_hw_platform.a(system_a2fxxxm3.o)
                0x20002144                SystemCoreClock
 .data.g_FrequencyPCLK0
                0x20002148        0x4 N:\EECS373_Project\WhiteBoard_Plotter\SoftConsole\WhiteBoard_Plotter_MSS_CM3_0\WhiteBoard_Plotter_MSS_CM3_0_hw_platform\Debug\libWhiteBoard_Plotter_MSS_CM3_0_hw_platform.a(system_a2fxxxm3.o)
                0x20002148                g_FrequencyPCLK0
 .data.g_FrequencyPCLK1
                0x2000214c        0x4 N:\EECS373_Project\WhiteBoard_Plotter\SoftConsole\WhiteBoard_Plotter_MSS_CM3_0\WhiteBoard_Plotter_MSS_CM3_0_hw_platform\Debug\libWhiteBoard_Plotter_MSS_CM3_0_hw_platform.a(system_a2fxxxm3.o)
                0x2000214c                g_FrequencyPCLK1
 .data.g_FrequencyACE
                0x20002150        0x4 N:\EECS373_Project\WhiteBoard_Plotter\SoftConsole\WhiteBoard_Plotter_MSS_CM3_0\WhiteBoard_Plotter_MSS_CM3_0_hw_platform\Debug\libWhiteBoard_Plotter_MSS_CM3_0_hw_platform.a(system_a2fxxxm3.o)
                0x20002150                g_FrequencyACE
 .data.g_FrequencyFPGA
                0x20002154        0x4 N:\EECS373_Project\WhiteBoard_Plotter\SoftConsole\WhiteBoard_Plotter_MSS_CM3_0\WhiteBoard_Plotter_MSS_CM3_0_hw_platform\Debug\libWhiteBoard_Plotter_MSS_CM3_0_hw_platform.a(system_a2fxxxm3.o)
                0x20002154                g_FrequencyFPGA
 .data          0x20002158       0xf4 c:/microsemi/softconsole v3.3/sourcery-g++/bin/../lib/gcc/arm-none-eabi/4.4.1/../../../../arm-none-eabi/lib/thumb2\libc.a(lib_a-impure.o)
                0x20002158                _impure_ptr
 .data          0x2000224c        0x1 c:/microsemi/softconsole v3.3/sourcery-g++/bin/../lib/gcc/arm-none-eabi/4.4.1/../../../../arm-none-eabi/lib/thumb2\libm.a(lib_a-s_lib_ver.o)
                0x2000224c                __fdlib_version
                0x20002250                . = ALIGN (0x4)
 *fill*         0x2000224d        0x3 00
                0x20002250                _edata = .

.bss            0x20002250      0x9c0
                0x20002250                __bss_start__ = .
                0x20002250                _sbss = .
 *(.shbss)
 *(.bss .bss.* .gnu.linkonce.b.*)
 .bss           0x20002250        0x1 c:/microsemi/softconsole v3.3/sourcery-g++/bin/../lib/gcc/arm-none-eabi/4.4.1/thumb2/crtbegin.o
 *(COMMON)
 *fill*         0x20002251        0x7 00
 COMMON         0x20002258      0x968 ./main.o
                0x20002258                g_rx_buff
                0x20002298                boardWidth
                0x200022a0                RadiusRight
                0x200022a8                yPos
                0x200022b0                drawnPoints
                0x20002490                receivedPoints
                0x20002b98                boardHeight
                0x20002ba0                counter
                0x20002ba8                ratio
                0x20002bb0                xPos
                0x20002bb8                RadiusLeft
 COMMON         0x20002bc0       0x50 N:\EECS373_Project\WhiteBoard_Plotter\SoftConsole\WhiteBoard_Plotter_MSS_CM3_0\WhiteBoard_Plotter_MSS_CM3_0_hw_platform\Debug\libWhiteBoard_Plotter_MSS_CM3_0_hw_platform.a(mss_uart.o)
                0x20002bc0                g_mss_uart1
                0x20002be8                g_mss_uart0
                0x20002c10                . = ALIGN (0x8)
                0x20002c10                __bss_end__ = .
                0x20002c10                _end = .
                0x20002c10                __end = _end
                0x20002c10                _ebss = .
                0x20002c10                PROVIDE (end, .)

.stack          0x20002c10     0x3000
                0x20002c10                . = ALIGN (0x4)
                0x20003c10                . = (. + PROCESS_STACK_SIZE)
 *fill*         0x20002c10     0x1000 00
                0x20003c10                . = ALIGN (0x4)
                0x20005c10                . = (. + MAIN_STACK_SIZE)
 *fill*         0x20003c10     0x2000 00
                0x20005c10                . = ALIGN (0x4)

.stab
 *(.stab)

.stabstr
 *(.stabstr)

.debug
 *(.debug)

.line
 *(.line)

.debug_srcinfo
 *(.debug_srcinfo)

.debug_sfnames
 *(.debug_sfnames)

.comment        0x00000000       0xd7
 .comment       0x00000000       0x2b ./main.o
 .comment       0x0000002b       0x2b ./stepper.o
 .comment       0x00000056       0x2b N:/EECS373_Project/WhiteBoard_Plotter/SoftConsole/WhiteBoard_Plotter_MSS_CM3_0/WhiteBoard_Plotter_MSS_CM3_0_hw_platform/Debug/CMSIS/startup_gcc/newlib_stubs.o
 .comment       0x00000081       0x2b N:\EECS373_Project\WhiteBoard_Plotter\SoftConsole\WhiteBoard_Plotter_MSS_CM3_0\WhiteBoard_Plotter_MSS_CM3_0_hw_platform\Debug\libWhiteBoard_Plotter_MSS_CM3_0_hw_platform.a(mss_uart.o)
 .comment       0x000000ac       0x2b N:\EECS373_Project\WhiteBoard_Plotter\SoftConsole\WhiteBoard_Plotter_MSS_CM3_0\WhiteBoard_Plotter_MSS_CM3_0_hw_platform\Debug\libWhiteBoard_Plotter_MSS_CM3_0_hw_platform.a(system_a2fxxxm3.o)

.debug_aranges  0x00000000      0x2e8
 *(.debug_aranges)
 .debug_aranges
                0x00000000      0x108 ./main.o
 .debug_aranges
                0x00000108       0x30 ./stepper.o
 .debug_aranges
                0x00000138       0xa8 N:/EECS373_Project/WhiteBoard_Plotter/SoftConsole/WhiteBoard_Plotter_MSS_CM3_0/WhiteBoard_Plotter_MSS_CM3_0_hw_platform/Debug/CMSIS/startup_gcc/newlib_stubs.o
 .debug_aranges
                0x000001e0       0xd8 N:\EECS373_Project\WhiteBoard_Plotter\SoftConsole\WhiteBoard_Plotter_MSS_CM3_0\WhiteBoard_Plotter_MSS_CM3_0_hw_platform\Debug\libWhiteBoard_Plotter_MSS_CM3_0_hw_platform.a(mss_uart.o)
 .debug_aranges
                0x000002b8       0x30 N:\EECS373_Project\WhiteBoard_Plotter\SoftConsole\WhiteBoard_Plotter_MSS_CM3_0\WhiteBoard_Plotter_MSS_CM3_0_hw_platform\Debug\libWhiteBoard_Plotter_MSS_CM3_0_hw_platform.a(system_a2fxxxm3.o)

.debug_pubnames
                0x00000000      0x5ed
 *(.debug_pubnames)
 .debug_pubnames
                0x00000000      0x204 ./main.o
 .debug_pubnames
                0x00000204       0x2e ./stepper.o
 .debug_pubnames
                0x00000232       0xeb N:/EECS373_Project/WhiteBoard_Plotter/SoftConsole/WhiteBoard_Plotter_MSS_CM3_0/WhiteBoard_Plotter_MSS_CM3_0_hw_platform/Debug/CMSIS/startup_gcc/newlib_stubs.o
 .debug_pubnames
                0x0000031d      0x21c N:\EECS373_Project\WhiteBoard_Plotter\SoftConsole\WhiteBoard_Plotter_MSS_CM3_0\WhiteBoard_Plotter_MSS_CM3_0_hw_platform\Debug\libWhiteBoard_Plotter_MSS_CM3_0_hw_platform.a(mss_uart.o)
 .debug_pubnames
                0x00000539       0xb4 N:\EECS373_Project\WhiteBoard_Plotter\SoftConsole\WhiteBoard_Plotter_MSS_CM3_0\WhiteBoard_Plotter_MSS_CM3_0_hw_platform\Debug\libWhiteBoard_Plotter_MSS_CM3_0_hw_platform.a(system_a2fxxxm3.o)

.debug_info     0x00000000     0x4973
 *(.debug_info .gnu.linkonce.wi.*)
 .debug_info    0x00000000     0x1a47 ./main.o
 .debug_info    0x00001a47      0x35c ./stepper.o
 .debug_info    0x00001da3     0x10f0 N:/EECS373_Project/WhiteBoard_Plotter/SoftConsole/WhiteBoard_Plotter_MSS_CM3_0/WhiteBoard_Plotter_MSS_CM3_0_hw_platform/Debug/CMSIS/startup_gcc/newlib_stubs.o
 .debug_info    0x00002e93     0x15a4 N:\EECS373_Project\WhiteBoard_Plotter\SoftConsole\WhiteBoard_Plotter_MSS_CM3_0\WhiteBoard_Plotter_MSS_CM3_0_hw_platform\Debug\libWhiteBoard_Plotter_MSS_CM3_0_hw_platform.a(mss_uart.o)
 .debug_info    0x00004437      0x53c N:\EECS373_Project\WhiteBoard_Plotter\SoftConsole\WhiteBoard_Plotter_MSS_CM3_0\WhiteBoard_Plotter_MSS_CM3_0_hw_platform\Debug\libWhiteBoard_Plotter_MSS_CM3_0_hw_platform.a(system_a2fxxxm3.o)

.debug_abbrev   0x00000000      0x8eb
 *(.debug_abbrev)
 .debug_abbrev  0x00000000      0x2c9 ./main.o
 .debug_abbrev  0x000002c9       0xd8 ./stepper.o
 .debug_abbrev  0x000003a1      0x1f4 N:/EECS373_Project/WhiteBoard_Plotter/SoftConsole/WhiteBoard_Plotter_MSS_CM3_0/WhiteBoard_Plotter_MSS_CM3_0_hw_platform/Debug/CMSIS/startup_gcc/newlib_stubs.o
 .debug_abbrev  0x00000595      0x245 N:\EECS373_Project\WhiteBoard_Plotter\SoftConsole\WhiteBoard_Plotter_MSS_CM3_0\WhiteBoard_Plotter_MSS_CM3_0_hw_platform\Debug\libWhiteBoard_Plotter_MSS_CM3_0_hw_platform.a(mss_uart.o)
 .debug_abbrev  0x000007da      0x111 N:\EECS373_Project\WhiteBoard_Plotter\SoftConsole\WhiteBoard_Plotter_MSS_CM3_0\WhiteBoard_Plotter_MSS_CM3_0_hw_platform\Debug\libWhiteBoard_Plotter_MSS_CM3_0_hw_platform.a(system_a2fxxxm3.o)

.debug_line     0x00000000     0x188f
 *(.debug_line)
 .debug_line    0x00000000      0x945 ./main.o
 .debug_line    0x00000945      0x251 ./stepper.o
 .debug_line    0x00000b96      0x509 N:/EECS373_Project/WhiteBoard_Plotter/SoftConsole/WhiteBoard_Plotter_MSS_CM3_0/WhiteBoard_Plotter_MSS_CM3_0_hw_platform/Debug/CMSIS/startup_gcc/newlib_stubs.o
 .debug_line    0x0000109f      0x575 N:\EECS373_Project\WhiteBoard_Plotter\SoftConsole\WhiteBoard_Plotter_MSS_CM3_0\WhiteBoard_Plotter_MSS_CM3_0_hw_platform\Debug\libWhiteBoard_Plotter_MSS_CM3_0_hw_platform.a(mss_uart.o)
 .debug_line    0x00001614      0x27b N:\EECS373_Project\WhiteBoard_Plotter\SoftConsole\WhiteBoard_Plotter_MSS_CM3_0\WhiteBoard_Plotter_MSS_CM3_0_hw_platform\Debug\libWhiteBoard_Plotter_MSS_CM3_0_hw_platform.a(system_a2fxxxm3.o)

.debug_frame    0x00000000      0xa80
 *(.debug_frame)
 .debug_frame   0x00000000      0x3b4 ./main.o
 .debug_frame   0x000003b4       0x68 ./stepper.o
 .debug_frame   0x0000041c      0x220 N:/EECS373_Project/WhiteBoard_Plotter/SoftConsole/WhiteBoard_Plotter_MSS_CM3_0/WhiteBoard_Plotter_MSS_CM3_0_hw_platform/Debug/CMSIS/startup_gcc/newlib_stubs.o
 .debug_frame   0x0000063c      0x2e4 N:\EECS373_Project\WhiteBoard_Plotter\SoftConsole\WhiteBoard_Plotter_MSS_CM3_0\WhiteBoard_Plotter_MSS_CM3_0_hw_platform\Debug\libWhiteBoard_Plotter_MSS_CM3_0_hw_platform.a(mss_uart.o)
 .debug_frame   0x00000920       0x64 N:\EECS373_Project\WhiteBoard_Plotter\SoftConsole\WhiteBoard_Plotter_MSS_CM3_0\WhiteBoard_Plotter_MSS_CM3_0_hw_platform\Debug\libWhiteBoard_Plotter_MSS_CM3_0_hw_platform.a(system_a2fxxxm3.o)
 .debug_frame   0x00000984       0x20 c:/microsemi/softconsole v3.3/sourcery-g++/bin/../lib/gcc/arm-none-eabi/4.4.1/../../../../arm-none-eabi/lib/thumb2\libc.a(lib_a-errno.o)
 .debug_frame   0x000009a4       0x2c c:/microsemi/softconsole v3.3/sourcery-g++/bin/../lib/gcc/arm-none-eabi/4.4.1/../../../../arm-none-eabi/lib/thumb2\libc.a(lib_a-init.o)
 .debug_frame   0x000009d0       0x3c c:/microsemi/softconsole v3.3/sourcery-g++/bin/../lib/gcc/arm-none-eabi/4.4.1/../../../../arm-none-eabi/lib/thumb2\libm.a(lib_a-w_sqrt.o)
 .debug_frame   0x00000a0c       0x34 c:/microsemi/softconsole v3.3/sourcery-g++/bin/../lib/gcc/arm-none-eabi/4.4.1/../../../../arm-none-eabi/lib/thumb2\libm.a(lib_a-e_sqrt.o)
 .debug_frame   0x00000a40       0x20 c:/microsemi/softconsole v3.3/sourcery-g++/bin/../lib/gcc/arm-none-eabi/4.4.1/../../../../arm-none-eabi/lib/thumb2\libm.a(lib_a-s_isnand.o)
 .debug_frame   0x00000a60       0x20 c:/microsemi/softconsole v3.3/sourcery-g++/bin/../lib/gcc/arm-none-eabi/4.4.1/../../../../arm-none-eabi/lib/thumb2\libm.a(lib_a-s_matherr.o)

.debug_str      0x00000000     0x1f2e
 *(.debug_str)
 .debug_str     0x00000000     0x16ca ./main.o
                               0x176b (size before relaxing)
 .debug_str     0x000016ca      0x1e1 ./stepper.o
                                0x303 (size before relaxing)
 .debug_str     0x000018ab      0x289 N:/EECS373_Project/WhiteBoard_Plotter/SoftConsole/WhiteBoard_Plotter_MSS_CM3_0/WhiteBoard_Plotter_MSS_CM3_0_hw_platform/Debug/CMSIS/startup_gcc/newlib_stubs.o
                               0x10be (size before relaxing)
 .debug_str     0x00001b34      0x303 N:\EECS373_Project\WhiteBoard_Plotter\SoftConsole\WhiteBoard_Plotter_MSS_CM3_0\WhiteBoard_Plotter_MSS_CM3_0_hw_platform\Debug\libWhiteBoard_Plotter_MSS_CM3_0_hw_platform.a(mss_uart.o)
                               0x14cf (size before relaxing)
 .debug_str     0x00001e37       0xf7 N:\EECS373_Project\WhiteBoard_Plotter\SoftConsole\WhiteBoard_Plotter_MSS_CM3_0\WhiteBoard_Plotter_MSS_CM3_0_hw_platform\Debug\libWhiteBoard_Plotter_MSS_CM3_0_hw_platform.a(system_a2fxxxm3.o)
                                0x472 (size before relaxing)

.debug_loc      0x00000000     0x1011
 *(.debug_loc)
 .debug_loc     0x00000000      0x5fd ./main.o
 .debug_loc     0x000005fd       0xa5 ./stepper.o
 .debug_loc     0x000006a2      0x3c6 N:/EECS373_Project/WhiteBoard_Plotter/SoftConsole/WhiteBoard_Plotter_MSS_CM3_0/WhiteBoard_Plotter_MSS_CM3_0_hw_platform/Debug/CMSIS/startup_gcc/newlib_stubs.o
 .debug_loc     0x00000a68      0x510 N:\EECS373_Project\WhiteBoard_Plotter\SoftConsole\WhiteBoard_Plotter_MSS_CM3_0\WhiteBoard_Plotter_MSS_CM3_0_hw_platform\Debug\libWhiteBoard_Plotter_MSS_CM3_0_hw_platform.a(mss_uart.o)
 .debug_loc     0x00000f78       0x99 N:\EECS373_Project\WhiteBoard_Plotter\SoftConsole\WhiteBoard_Plotter_MSS_CM3_0\WhiteBoard_Plotter_MSS_CM3_0_hw_platform\Debug\libWhiteBoard_Plotter_MSS_CM3_0_hw_platform.a(system_a2fxxxm3.o)

.debug_macinfo  0x00000000    0x25320
 *(.debug_macinfo)
 .debug_macinfo
                0x00000000     0xa2da ./main.o
 .debug_macinfo
                0x0000a2da     0x5864 ./stepper.o
 .debug_macinfo
                0x0000fb3e     0x9965 N:/EECS373_Project/WhiteBoard_Plotter/SoftConsole/WhiteBoard_Plotter_MSS_CM3_0/WhiteBoard_Plotter_MSS_CM3_0_hw_platform/Debug/CMSIS/startup_gcc/newlib_stubs.o
 .debug_macinfo
                0x000194a3     0x63e4 N:\EECS373_Project\WhiteBoard_Plotter\SoftConsole\WhiteBoard_Plotter_MSS_CM3_0\WhiteBoard_Plotter_MSS_CM3_0_hw_platform\Debug\libWhiteBoard_Plotter_MSS_CM3_0_hw_platform.a(mss_uart.o)
 .debug_macinfo
                0x0001f887     0x5a99 N:\EECS373_Project\WhiteBoard_Plotter\SoftConsole\WhiteBoard_Plotter_MSS_CM3_0\WhiteBoard_Plotter_MSS_CM3_0_hw_platform\Debug\libWhiteBoard_Plotter_MSS_CM3_0_hw_platform.a(system_a2fxxxm3.o)

.debug_weaknames
 *(.debug_weaknames)

.debug_funcnames
 *(.debug_funcnames)

.debug_typenames
 *(.debug_typenames)

.debug_varnames
 *(.debug_varnames)

.note.gnu.arm.ident
 *(.note.gnu.arm.ident)

.ARM.attributes
                0x00000000       0x25
 *(.ARM.attributes)
 .ARM.attributes
                0x00000000       0x19 c:/microsemi/softconsole v3.3/sourcery-g++/bin/../lib/gcc/arm-none-eabi/4.4.1/thumb2/crti.o
 .ARM.attributes
                0x00000019       0x29 c:/microsemi/softconsole v3.3/sourcery-g++/bin/../lib/gcc/arm-none-eabi/4.4.1/thumb2/crtbegin.o
 .ARM.attributes
                0x00000042       0x31 ./main.o
 .ARM.attributes
                0x00000073       0x31 ./stepper.o
 .ARM.attributes
                0x000000a4       0x21 N:/EECS373_Project/WhiteBoard_Plotter/SoftConsole/WhiteBoard_Plotter_MSS_CM3_0/WhiteBoard_Plotter_MSS_CM3_0_hw_platform/Debug/CMSIS/startup_gcc/startup_a2fxxxm3.o
 .ARM.attributes
                0x000000c5       0x31 N:/EECS373_Project/WhiteBoard_Plotter/SoftConsole/WhiteBoard_Plotter_MSS_CM3_0/WhiteBoard_Plotter_MSS_CM3_0_hw_platform/Debug/CMSIS/startup_gcc/newlib_stubs.o
 .ARM.attributes
                0x000000f6       0x31 N:\EECS373_Project\WhiteBoard_Plotter\SoftConsole\WhiteBoard_Plotter_MSS_CM3_0\WhiteBoard_Plotter_MSS_CM3_0_hw_platform\Debug\libWhiteBoard_Plotter_MSS_CM3_0_hw_platform.a(mss_uart.o)
 .ARM.attributes
                0x00000127       0x31 N:\EECS373_Project\WhiteBoard_Plotter\SoftConsole\WhiteBoard_Plotter_MSS_CM3_0\WhiteBoard_Plotter_MSS_CM3_0_hw_platform\Debug\libWhiteBoard_Plotter_MSS_CM3_0_hw_platform.a(system_a2fxxxm3.o)
 .ARM.attributes
                0x00000158       0x1b c:/microsemi/softconsole v3.3/sourcery-g++/bin/../lib/gcc/arm-none-eabi/4.4.1/thumb2\libgcc.a(_arm_addsubdf3.o)
 .ARM.attributes
                0x00000173       0x1b c:/microsemi/softconsole v3.3/sourcery-g++/bin/../lib/gcc/arm-none-eabi/4.4.1/thumb2\libgcc.a(_arm_muldivdf3.o)
 .ARM.attributes
                0x0000018e       0x1b c:/microsemi/softconsole v3.3/sourcery-g++/bin/../lib/gcc/arm-none-eabi/4.4.1/thumb2\libgcc.a(_arm_cmpdf2.o)
 .ARM.attributes
                0x000001a9       0x1b c:/microsemi/softconsole v3.3/sourcery-g++/bin/../lib/gcc/arm-none-eabi/4.4.1/thumb2\libgcc.a(_arm_fixunsdfsi.o)
 .ARM.attributes
                0x000001c4       0x29 c:/microsemi/softconsole v3.3/sourcery-g++/bin/../lib/gcc/arm-none-eabi/4.4.1/../../../../arm-none-eabi/lib/thumb2\libc.a(lib_a-errno.o)
 .ARM.attributes
                0x000001ed       0x29 c:/microsemi/softconsole v3.3/sourcery-g++/bin/../lib/gcc/arm-none-eabi/4.4.1/../../../../arm-none-eabi/lib/thumb2\libc.a(lib_a-impure.o)
 .ARM.attributes
                0x00000216       0x29 c:/microsemi/softconsole v3.3/sourcery-g++/bin/../lib/gcc/arm-none-eabi/4.4.1/../../../../arm-none-eabi/lib/thumb2\libc.a(lib_a-init.o)
 .ARM.attributes
                0x0000023f       0x29 c:/microsemi/softconsole v3.3/sourcery-g++/bin/../lib/gcc/arm-none-eabi/4.4.1/thumb2/crtend.o
 .ARM.attributes
                0x00000268       0x19 c:/microsemi/softconsole v3.3/sourcery-g++/bin/../lib/gcc/arm-none-eabi/4.4.1/thumb2/crtn.o
 .ARM.attributes
                0x00000281       0x29 c:/microsemi/softconsole v3.3/sourcery-g++/bin/../lib/gcc/arm-none-eabi/4.4.1/../../../../arm-none-eabi/lib/thumb2\libm.a(lib_a-w_sqrt.o)
 .ARM.attributes
                0x000002aa       0x29 c:/microsemi/softconsole v3.3/sourcery-g++/bin/../lib/gcc/arm-none-eabi/4.4.1/../../../../arm-none-eabi/lib/thumb2\libm.a(lib_a-e_sqrt.o)
 .ARM.attributes
                0x000002d3       0x29 c:/microsemi/softconsole v3.3/sourcery-g++/bin/../lib/gcc/arm-none-eabi/4.4.1/../../../../arm-none-eabi/lib/thumb2\libm.a(lib_a-s_isnand.o)
 .ARM.attributes
                0x000002fc       0x29 c:/microsemi/softconsole v3.3/sourcery-g++/bin/../lib/gcc/arm-none-eabi/4.4.1/../../../../arm-none-eabi/lib/thumb2\libm.a(lib_a-s_lib_ver.o)
 .ARM.attributes
                0x00000325       0x29 c:/microsemi/softconsole v3.3/sourcery-g++/bin/../lib/gcc/arm-none-eabi/4.4.1/../../../../arm-none-eabi/lib/thumb2\libm.a(lib_a-s_matherr.o)

/DISCARD/
 *(.note.GNU-stack)
 *(.isr_vector)
OUTPUT(WhiteBoard_Plotter_MSS_CM3_0_app elf32-littlearm)

.debug_ranges   0x00000000      0x2d8
 .debug_ranges  0x00000000      0x118 ./main.o
 .debug_ranges  0x00000118       0x28 ./stepper.o
 .debug_ranges  0x00000140       0xa0 N:/EECS373_Project/WhiteBoard_Plotter/SoftConsole/WhiteBoard_Plotter_MSS_CM3_0/WhiteBoard_Plotter_MSS_CM3_0_hw_platform/Debug/CMSIS/startup_gcc/newlib_stubs.o
 .debug_ranges  0x000001e0       0xd0 N:\EECS373_Project\WhiteBoard_Plotter\SoftConsole\WhiteBoard_Plotter_MSS_CM3_0\WhiteBoard_Plotter_MSS_CM3_0_hw_platform\Debug\libWhiteBoard_Plotter_MSS_CM3_0_hw_platform.a(mss_uart.o)
 .debug_ranges  0x000002b0       0x28 N:\EECS373_Project\WhiteBoard_Plotter\SoftConsole\WhiteBoard_Plotter_MSS_CM3_0\WhiteBoard_Plotter_MSS_CM3_0_hw_platform\Debug\libWhiteBoard_Plotter_MSS_CM3_0_hw_platform.a(system_a2fxxxm3.o)
