Archive member included because of file (symbol)

C:\Users\sarth\Documents\EECS373_Project\WhiteBoard_Plotter\SoftConsole\WhiteBoard_Plotter_MSS_CM3_0\WhiteBoard_Plotter_MSS_CM3_0_hw_platform\Debug\libWhiteBoard_Plotter_MSS_CM3_0_hw_platform.a(system_a2fxxxm3.o)
                              C:/Users/sarth/Documents/EECS373_Project/WhiteBoard_Plotter/SoftConsole/WhiteBoard_Plotter_MSS_CM3_0/WhiteBoard_Plotter_MSS_CM3_0_hw_platform/Debug/CMSIS/startup_gcc/startup_a2fxxxm3.o (SystemInit)
c:/program files (x86)/microsemi/softconsole v3.3/sourcery-g++/bin/../lib/gcc/arm-none-eabi/4.4.1/thumb2\libgcc.a(_arm_addsubdf3.o)
                              ./main.o (__aeabi_dsub)
c:/program files (x86)/microsemi/softconsole v3.3/sourcery-g++/bin/../lib/gcc/arm-none-eabi/4.4.1/thumb2\libgcc.a(_arm_muldivdf3.o)
                              ./main.o (__aeabi_dmul)
c:/program files (x86)/microsemi/softconsole v3.3/sourcery-g++/bin/../lib/gcc/arm-none-eabi/4.4.1/thumb2\libgcc.a(_arm_cmpdf2.o)
                              ./main.o (__aeabi_dcmplt)
c:/program files (x86)/microsemi/softconsole v3.3/sourcery-g++/bin/../lib/gcc/arm-none-eabi/4.4.1/thumb2\libgcc.a(_arm_fixunsdfsi.o)
                              ./main.o (__aeabi_d2uiz)
c:/program files (x86)/microsemi/softconsole v3.3/sourcery-g++/bin/../lib/gcc/arm-none-eabi/4.4.1/../../../../arm-none-eabi/lib/thumb2\libc.a(lib_a-errno.o)
                              C:/Users/sarth/Documents/EECS373_Project/WhiteBoard_Plotter/SoftConsole/WhiteBoard_Plotter_MSS_CM3_0/WhiteBoard_Plotter_MSS_CM3_0_hw_platform/Debug/CMSIS/startup_gcc/newlib_stubs.o (__errno)
c:/program files (x86)/microsemi/softconsole v3.3/sourcery-g++/bin/../lib/gcc/arm-none-eabi/4.4.1/../../../../arm-none-eabi/lib/thumb2\libc.a(lib_a-impure.o)
                              c:/program files (x86)/microsemi/softconsole v3.3/sourcery-g++/bin/../lib/gcc/arm-none-eabi/4.4.1/../../../../arm-none-eabi/lib/thumb2\libc.a(lib_a-errno.o) (_impure_ptr)
c:/program files (x86)/microsemi/softconsole v3.3/sourcery-g++/bin/../lib/gcc/arm-none-eabi/4.4.1/../../../../arm-none-eabi/lib/thumb2\libc.a(lib_a-init.o)
                              C:/Users/sarth/Documents/EECS373_Project/WhiteBoard_Plotter/SoftConsole/WhiteBoard_Plotter_MSS_CM3_0/WhiteBoard_Plotter_MSS_CM3_0_hw_platform/Debug/CMSIS/startup_gcc/startup_a2fxxxm3.o (__libc_init_array)
c:/program files (x86)/microsemi/softconsole v3.3/sourcery-g++/bin/../lib/gcc/arm-none-eabi/4.4.1/../../../../arm-none-eabi/lib/thumb2\libc.a(lib_a-malloc.o)
                              ./main.o (free)
c:/program files (x86)/microsemi/softconsole v3.3/sourcery-g++/bin/../lib/gcc/arm-none-eabi/4.4.1/../../../../arm-none-eabi/lib/thumb2\libc.a(lib_a-mallocr.o)
                              c:/program files (x86)/microsemi/softconsole v3.3/sourcery-g++/bin/../lib/gcc/arm-none-eabi/4.4.1/../../../../arm-none-eabi/lib/thumb2\libc.a(lib_a-malloc.o) (_malloc_r)
c:/program files (x86)/microsemi/softconsole v3.3/sourcery-g++/bin/../lib/gcc/arm-none-eabi/4.4.1/../../../../arm-none-eabi/lib/thumb2\libc.a(lib_a-mlock.o)
                              c:/program files (x86)/microsemi/softconsole v3.3/sourcery-g++/bin/../lib/gcc/arm-none-eabi/4.4.1/../../../../arm-none-eabi/lib/thumb2\libc.a(lib_a-mallocr.o) (__malloc_lock)
c:/program files (x86)/microsemi/softconsole v3.3/sourcery-g++/bin/../lib/gcc/arm-none-eabi/4.4.1/../../../../arm-none-eabi/lib/thumb2\libc.a(lib_a-sbrkr.o)
                              c:/program files (x86)/microsemi/softconsole v3.3/sourcery-g++/bin/../lib/gcc/arm-none-eabi/4.4.1/../../../../arm-none-eabi/lib/thumb2\libc.a(lib_a-mallocr.o) (_sbrk_r)
c:/program files (x86)/microsemi/softconsole v3.3/sourcery-g++/bin/../lib/gcc/arm-none-eabi/4.4.1/../../../../arm-none-eabi/lib/thumb2\libc.a(lib_a-freer.o)
                              c:/program files (x86)/microsemi/softconsole v3.3/sourcery-g++/bin/../lib/gcc/arm-none-eabi/4.4.1/../../../../arm-none-eabi/lib/thumb2\libc.a(lib_a-malloc.o) (_free_r)
c:/program files (x86)/microsemi/softconsole v3.3/sourcery-g++/bin/../lib/gcc/arm-none-eabi/4.4.1/../../../../arm-none-eabi/lib/thumb2\libc.a(lib_a-reent.o)
                              c:/program files (x86)/microsemi/softconsole v3.3/sourcery-g++/bin/../lib/gcc/arm-none-eabi/4.4.1/../../../../arm-none-eabi/lib/thumb2\libc.a(lib_a-sbrkr.o) (errno)
c:/program files (x86)/microsemi/softconsole v3.3/sourcery-g++/bin/../lib/gcc/arm-none-eabi/4.4.1/../../../../arm-none-eabi/lib/thumb2\libm.a(lib_a-w_sqrt.o)
                              ./main.o (sqrt)
c:/program files (x86)/microsemi/softconsole v3.3/sourcery-g++/bin/../lib/gcc/arm-none-eabi/4.4.1/../../../../arm-none-eabi/lib/thumb2\libm.a(lib_a-e_sqrt.o)
                              c:/program files (x86)/microsemi/softconsole v3.3/sourcery-g++/bin/../lib/gcc/arm-none-eabi/4.4.1/../../../../arm-none-eabi/lib/thumb2\libm.a(lib_a-w_sqrt.o) (__ieee754_sqrt)
c:/program files (x86)/microsemi/softconsole v3.3/sourcery-g++/bin/../lib/gcc/arm-none-eabi/4.4.1/../../../../arm-none-eabi/lib/thumb2\libm.a(lib_a-s_isnand.o)
                              c:/program files (x86)/microsemi/softconsole v3.3/sourcery-g++/bin/../lib/gcc/arm-none-eabi/4.4.1/../../../../arm-none-eabi/lib/thumb2\libm.a(lib_a-w_sqrt.o) (__isnand)
c:/program files (x86)/microsemi/softconsole v3.3/sourcery-g++/bin/../lib/gcc/arm-none-eabi/4.4.1/../../../../arm-none-eabi/lib/thumb2\libm.a(lib_a-s_lib_ver.o)
                              c:/program files (x86)/microsemi/softconsole v3.3/sourcery-g++/bin/../lib/gcc/arm-none-eabi/4.4.1/../../../../arm-none-eabi/lib/thumb2\libm.a(lib_a-w_sqrt.o) (__fdlib_version)
c:/program files (x86)/microsemi/softconsole v3.3/sourcery-g++/bin/../lib/gcc/arm-none-eabi/4.4.1/../../../../arm-none-eabi/lib/thumb2\libm.a(lib_a-s_matherr.o)
                              c:/program files (x86)/microsemi/softconsole v3.3/sourcery-g++/bin/../lib/gcc/arm-none-eabi/4.4.1/../../../../arm-none-eabi/lib/thumb2\libm.a(lib_a-w_sqrt.o) (matherr)

Allocating common symbols
Common symbol       size              file

errno               0x4               c:/program files (x86)/microsemi/softconsole v3.3/sourcery-g++/bin/../lib/gcc/arm-none-eabi/4.4.1/../../../../arm-none-eabi/lib/thumb2\libc.a(lib_a-reent.o)
boardWidth          0x8               ./main.o
RadiusRight         0x8               ./main.o
yPos                0x8               ./main.o
drawnPoints         0x1e0             ./main.o
receivedPoints      0x708             ./main.o
boardHeight         0x8               ./main.o
counter             0x4               ./main.o
xPos                0x8               ./main.o
RadiusLeft          0x8               ./main.o

Discarded input sections

 .text          0x00000000        0x0 c:/program files (x86)/microsemi/softconsole v3.3/sourcery-g++/bin/../lib/gcc/arm-none-eabi/4.4.1/thumb2/crti.o
 .data          0x00000000        0x0 c:/program files (x86)/microsemi/softconsole v3.3/sourcery-g++/bin/../lib/gcc/arm-none-eabi/4.4.1/thumb2/crti.o
 .bss           0x00000000        0x0 c:/program files (x86)/microsemi/softconsole v3.3/sourcery-g++/bin/../lib/gcc/arm-none-eabi/4.4.1/thumb2/crti.o
 .data          0x00000000        0x4 c:/program files (x86)/microsemi/softconsole v3.3/sourcery-g++/bin/../lib/gcc/arm-none-eabi/4.4.1/thumb2/crtbegin.o
 .text          0x00000000        0x0 ./main.o
 .data          0x00000000        0x0 ./main.o
 .bss           0x00000000        0x0 ./main.o
 .text.drawReceivedLine
                0x00000000      0x360 ./main.o
 .text.letterA  0x00000000      0x130 ./main.o
 .text.letterI  0x00000000       0xc4 ./main.o
 .text.letterE  0x00000000      0x140 ./main.o
 .text          0x00000000        0x0 ./stepper.o
 .data          0x00000000        0x0 ./stepper.o
 .bss           0x00000000        0x0 ./stepper.o
 .text          0x00000000        0x0 C:/Users/sarth/Documents/EECS373_Project/WhiteBoard_Plotter/SoftConsole/WhiteBoard_Plotter_MSS_CM3_0/WhiteBoard_Plotter_MSS_CM3_0_hw_platform/Debug/CMSIS/startup_gcc/startup_a2fxxxm3.o
 .data          0x00000000        0x0 C:/Users/sarth/Documents/EECS373_Project/WhiteBoard_Plotter/SoftConsole/WhiteBoard_Plotter_MSS_CM3_0/WhiteBoard_Plotter_MSS_CM3_0_hw_platform/Debug/CMSIS/startup_gcc/startup_a2fxxxm3.o
 .bss           0x00000000        0x0 C:/Users/sarth/Documents/EECS373_Project/WhiteBoard_Plotter/SoftConsole/WhiteBoard_Plotter_MSS_CM3_0/WhiteBoard_Plotter_MSS_CM3_0_hw_platform/Debug/CMSIS/startup_gcc/startup_a2fxxxm3.o
 .text          0x00000000        0x0 C:/Users/sarth/Documents/EECS373_Project/WhiteBoard_Plotter/SoftConsole/WhiteBoard_Plotter_MSS_CM3_0/WhiteBoard_Plotter_MSS_CM3_0_hw_platform/Debug/CMSIS/startup_gcc/newlib_stubs.o
 .data          0x00000000        0x0 C:/Users/sarth/Documents/EECS373_Project/WhiteBoard_Plotter/SoftConsole/WhiteBoard_Plotter_MSS_CM3_0/WhiteBoard_Plotter_MSS_CM3_0_hw_platform/Debug/CMSIS/startup_gcc/newlib_stubs.o
 .bss           0x00000000        0x0 C:/Users/sarth/Documents/EECS373_Project/WhiteBoard_Plotter/SoftConsole/WhiteBoard_Plotter_MSS_CM3_0/WhiteBoard_Plotter_MSS_CM3_0_hw_platform/Debug/CMSIS/startup_gcc/newlib_stubs.o
 .bss.__env     0x00000000        0x4 C:/Users/sarth/Documents/EECS373_Project/WhiteBoard_Plotter/SoftConsole/WhiteBoard_Plotter_MSS_CM3_0/WhiteBoard_Plotter_MSS_CM3_0_hw_platform/Debug/CMSIS/startup_gcc/newlib_stubs.o
 .data.environ  0x00000000        0x4 C:/Users/sarth/Documents/EECS373_Project/WhiteBoard_Plotter/SoftConsole/WhiteBoard_Plotter_MSS_CM3_0/WhiteBoard_Plotter_MSS_CM3_0_hw_platform/Debug/CMSIS/startup_gcc/newlib_stubs.o
 .text._close   0x00000000       0x18 C:/Users/sarth/Documents/EECS373_Project/WhiteBoard_Plotter/SoftConsole/WhiteBoard_Plotter_MSS_CM3_0/WhiteBoard_Plotter_MSS_CM3_0_hw_platform/Debug/CMSIS/startup_gcc/newlib_stubs.o
 .text._execve  0x00000000       0x28 C:/Users/sarth/Documents/EECS373_Project/WhiteBoard_Plotter/SoftConsole/WhiteBoard_Plotter_MSS_CM3_0/WhiteBoard_Plotter_MSS_CM3_0_hw_platform/Debug/CMSIS/startup_gcc/newlib_stubs.o
 .text._fork    0x00000000       0x18 C:/Users/sarth/Documents/EECS373_Project/WhiteBoard_Plotter/SoftConsole/WhiteBoard_Plotter_MSS_CM3_0/WhiteBoard_Plotter_MSS_CM3_0_hw_platform/Debug/CMSIS/startup_gcc/newlib_stubs.o
 .text._fstat   0x00000000       0x24 C:/Users/sarth/Documents/EECS373_Project/WhiteBoard_Plotter/SoftConsole/WhiteBoard_Plotter_MSS_CM3_0/WhiteBoard_Plotter_MSS_CM3_0_hw_platform/Debug/CMSIS/startup_gcc/newlib_stubs.o
 .text._getpid  0x00000000       0x10 C:/Users/sarth/Documents/EECS373_Project/WhiteBoard_Plotter/SoftConsole/WhiteBoard_Plotter_MSS_CM3_0/WhiteBoard_Plotter_MSS_CM3_0_hw_platform/Debug/CMSIS/startup_gcc/newlib_stubs.o
 .text._isatty  0x00000000       0x18 C:/Users/sarth/Documents/EECS373_Project/WhiteBoard_Plotter/SoftConsole/WhiteBoard_Plotter_MSS_CM3_0/WhiteBoard_Plotter_MSS_CM3_0_hw_platform/Debug/CMSIS/startup_gcc/newlib_stubs.o
 .text._kill    0x00000000       0x24 C:/Users/sarth/Documents/EECS373_Project/WhiteBoard_Plotter/SoftConsole/WhiteBoard_Plotter_MSS_CM3_0/WhiteBoard_Plotter_MSS_CM3_0_hw_platform/Debug/CMSIS/startup_gcc/newlib_stubs.o
 .text._link    0x00000000       0x24 C:/Users/sarth/Documents/EECS373_Project/WhiteBoard_Plotter/SoftConsole/WhiteBoard_Plotter_MSS_CM3_0/WhiteBoard_Plotter_MSS_CM3_0_hw_platform/Debug/CMSIS/startup_gcc/newlib_stubs.o
 .text._lseek   0x00000000       0x1c C:/Users/sarth/Documents/EECS373_Project/WhiteBoard_Plotter/SoftConsole/WhiteBoard_Plotter_MSS_CM3_0/WhiteBoard_Plotter_MSS_CM3_0_hw_platform/Debug/CMSIS/startup_gcc/newlib_stubs.o
 .text._open    0x00000000       0x1c C:/Users/sarth/Documents/EECS373_Project/WhiteBoard_Plotter/SoftConsole/WhiteBoard_Plotter_MSS_CM3_0/WhiteBoard_Plotter_MSS_CM3_0_hw_platform/Debug/CMSIS/startup_gcc/newlib_stubs.o
 .text._read    0x00000000       0x1c C:/Users/sarth/Documents/EECS373_Project/WhiteBoard_Plotter/SoftConsole/WhiteBoard_Plotter_MSS_CM3_0/WhiteBoard_Plotter_MSS_CM3_0_hw_platform/Debug/CMSIS/startup_gcc/newlib_stubs.o
 .text._stat    0x00000000       0x24 C:/Users/sarth/Documents/EECS373_Project/WhiteBoard_Plotter/SoftConsole/WhiteBoard_Plotter_MSS_CM3_0/WhiteBoard_Plotter_MSS_CM3_0_hw_platform/Debug/CMSIS/startup_gcc/newlib_stubs.o
 .text._times   0x00000000       0x18 C:/Users/sarth/Documents/EECS373_Project/WhiteBoard_Plotter/SoftConsole/WhiteBoard_Plotter_MSS_CM3_0/WhiteBoard_Plotter_MSS_CM3_0_hw_platform/Debug/CMSIS/startup_gcc/newlib_stubs.o
 .text._unlink  0x00000000       0x24 C:/Users/sarth/Documents/EECS373_Project/WhiteBoard_Plotter/SoftConsole/WhiteBoard_Plotter_MSS_CM3_0/WhiteBoard_Plotter_MSS_CM3_0_hw_platform/Debug/CMSIS/startup_gcc/newlib_stubs.o
 .text._wait    0x00000000       0x24 C:/Users/sarth/Documents/EECS373_Project/WhiteBoard_Plotter/SoftConsole/WhiteBoard_Plotter_MSS_CM3_0/WhiteBoard_Plotter_MSS_CM3_0_hw_platform/Debug/CMSIS/startup_gcc/newlib_stubs.o
 .text          0x00000000        0x0 C:\Users\sarth\Documents\EECS373_Project\WhiteBoard_Plotter\SoftConsole\WhiteBoard_Plotter_MSS_CM3_0\WhiteBoard_Plotter_MSS_CM3_0_hw_platform\Debug\libWhiteBoard_Plotter_MSS_CM3_0_hw_platform.a(system_a2fxxxm3.o)
 .data          0x00000000        0x0 C:\Users\sarth\Documents\EECS373_Project\WhiteBoard_Plotter\SoftConsole\WhiteBoard_Plotter_MSS_CM3_0\WhiteBoard_Plotter_MSS_CM3_0_hw_platform\Debug\libWhiteBoard_Plotter_MSS_CM3_0_hw_platform.a(system_a2fxxxm3.o)
 .bss           0x00000000        0x0 C:\Users\sarth\Documents\EECS373_Project\WhiteBoard_Plotter\SoftConsole\WhiteBoard_Plotter_MSS_CM3_0\WhiteBoard_Plotter_MSS_CM3_0_hw_platform\Debug\libWhiteBoard_Plotter_MSS_CM3_0_hw_platform.a(system_a2fxxxm3.o)
 .data.SystemFrequency
                0x00000000        0x4 C:\Users\sarth\Documents\EECS373_Project\WhiteBoard_Plotter\SoftConsole\WhiteBoard_Plotter_MSS_CM3_0\WhiteBoard_Plotter_MSS_CM3_0_hw_platform\Debug\libWhiteBoard_Plotter_MSS_CM3_0_hw_platform.a(system_a2fxxxm3.o)
 .data.SystemCoreClock
                0x00000000        0x4 C:\Users\sarth\Documents\EECS373_Project\WhiteBoard_Plotter\SoftConsole\WhiteBoard_Plotter_MSS_CM3_0\WhiteBoard_Plotter_MSS_CM3_0_hw_platform\Debug\libWhiteBoard_Plotter_MSS_CM3_0_hw_platform.a(system_a2fxxxm3.o)
 .data.g_FrequencyPCLK0
                0x00000000        0x4 C:\Users\sarth\Documents\EECS373_Project\WhiteBoard_Plotter\SoftConsole\WhiteBoard_Plotter_MSS_CM3_0\WhiteBoard_Plotter_MSS_CM3_0_hw_platform\Debug\libWhiteBoard_Plotter_MSS_CM3_0_hw_platform.a(system_a2fxxxm3.o)
 .data.g_FrequencyPCLK1
                0x00000000        0x4 C:\Users\sarth\Documents\EECS373_Project\WhiteBoard_Plotter\SoftConsole\WhiteBoard_Plotter_MSS_CM3_0\WhiteBoard_Plotter_MSS_CM3_0_hw_platform\Debug\libWhiteBoard_Plotter_MSS_CM3_0_hw_platform.a(system_a2fxxxm3.o)
 .data.g_FrequencyACE
                0x00000000        0x4 C:\Users\sarth\Documents\EECS373_Project\WhiteBoard_Plotter\SoftConsole\WhiteBoard_Plotter_MSS_CM3_0\WhiteBoard_Plotter_MSS_CM3_0_hw_platform\Debug\libWhiteBoard_Plotter_MSS_CM3_0_hw_platform.a(system_a2fxxxm3.o)
 .data.g_FrequencyFPGA
                0x00000000        0x4 C:\Users\sarth\Documents\EECS373_Project\WhiteBoard_Plotter\SoftConsole\WhiteBoard_Plotter_MSS_CM3_0\WhiteBoard_Plotter_MSS_CM3_0_hw_platform\Debug\libWhiteBoard_Plotter_MSS_CM3_0_hw_platform.a(system_a2fxxxm3.o)
 .text.SystemCoreClockUpdate
                0x00000000      0x150 C:\Users\sarth\Documents\EECS373_Project\WhiteBoard_Plotter\SoftConsole\WhiteBoard_Plotter_MSS_CM3_0\WhiteBoard_Plotter_MSS_CM3_0_hw_platform\Debug\libWhiteBoard_Plotter_MSS_CM3_0_hw_platform.a(system_a2fxxxm3.o)
 .text.GetSystemClock
                0x00000000       0xe8 C:\Users\sarth\Documents\EECS373_Project\WhiteBoard_Plotter\SoftConsole\WhiteBoard_Plotter_MSS_CM3_0\WhiteBoard_Plotter_MSS_CM3_0_hw_platform\Debug\libWhiteBoard_Plotter_MSS_CM3_0_hw_platform.a(system_a2fxxxm3.o)
 .rodata.C.18.2576
                0x00000000       0x10 C:\Users\sarth\Documents\EECS373_Project\WhiteBoard_Plotter\SoftConsole\WhiteBoard_Plotter_MSS_CM3_0\WhiteBoard_Plotter_MSS_CM3_0_hw_platform\Debug\libWhiteBoard_Plotter_MSS_CM3_0_hw_platform.a(system_a2fxxxm3.o)
 .data          0x00000000        0x0 c:/program files (x86)/microsemi/softconsole v3.3/sourcery-g++/bin/../lib/gcc/arm-none-eabi/4.4.1/thumb2\libgcc.a(_arm_addsubdf3.o)
 .bss           0x00000000        0x0 c:/program files (x86)/microsemi/softconsole v3.3/sourcery-g++/bin/../lib/gcc/arm-none-eabi/4.4.1/thumb2\libgcc.a(_arm_addsubdf3.o)
 .data          0x00000000        0x0 c:/program files (x86)/microsemi/softconsole v3.3/sourcery-g++/bin/../lib/gcc/arm-none-eabi/4.4.1/thumb2\libgcc.a(_arm_muldivdf3.o)
 .bss           0x00000000        0x0 c:/program files (x86)/microsemi/softconsole v3.3/sourcery-g++/bin/../lib/gcc/arm-none-eabi/4.4.1/thumb2\libgcc.a(_arm_muldivdf3.o)
 .data          0x00000000        0x0 c:/program files (x86)/microsemi/softconsole v3.3/sourcery-g++/bin/../lib/gcc/arm-none-eabi/4.4.1/thumb2\libgcc.a(_arm_cmpdf2.o)
 .bss           0x00000000        0x0 c:/program files (x86)/microsemi/softconsole v3.3/sourcery-g++/bin/../lib/gcc/arm-none-eabi/4.4.1/thumb2\libgcc.a(_arm_cmpdf2.o)
 .data          0x00000000        0x0 c:/program files (x86)/microsemi/softconsole v3.3/sourcery-g++/bin/../lib/gcc/arm-none-eabi/4.4.1/thumb2\libgcc.a(_arm_fixunsdfsi.o)
 .bss           0x00000000        0x0 c:/program files (x86)/microsemi/softconsole v3.3/sourcery-g++/bin/../lib/gcc/arm-none-eabi/4.4.1/thumb2\libgcc.a(_arm_fixunsdfsi.o)
 .data          0x00000000        0x0 c:/program files (x86)/microsemi/softconsole v3.3/sourcery-g++/bin/../lib/gcc/arm-none-eabi/4.4.1/../../../../arm-none-eabi/lib/thumb2\libc.a(lib_a-errno.o)
 .bss           0x00000000        0x0 c:/program files (x86)/microsemi/softconsole v3.3/sourcery-g++/bin/../lib/gcc/arm-none-eabi/4.4.1/../../../../arm-none-eabi/lib/thumb2\libc.a(lib_a-errno.o)
 .text          0x00000000        0x0 c:/program files (x86)/microsemi/softconsole v3.3/sourcery-g++/bin/../lib/gcc/arm-none-eabi/4.4.1/../../../../arm-none-eabi/lib/thumb2\libc.a(lib_a-impure.o)
 .bss           0x00000000        0x0 c:/program files (x86)/microsemi/softconsole v3.3/sourcery-g++/bin/../lib/gcc/arm-none-eabi/4.4.1/../../../../arm-none-eabi/lib/thumb2\libc.a(lib_a-impure.o)
 .rodata        0x00000000        0x4 c:/program files (x86)/microsemi/softconsole v3.3/sourcery-g++/bin/../lib/gcc/arm-none-eabi/4.4.1/../../../../arm-none-eabi/lib/thumb2\libc.a(lib_a-impure.o)
 .data          0x00000000        0x0 c:/program files (x86)/microsemi/softconsole v3.3/sourcery-g++/bin/../lib/gcc/arm-none-eabi/4.4.1/../../../../arm-none-eabi/lib/thumb2\libc.a(lib_a-init.o)
 .bss           0x00000000        0x0 c:/program files (x86)/microsemi/softconsole v3.3/sourcery-g++/bin/../lib/gcc/arm-none-eabi/4.4.1/../../../../arm-none-eabi/lib/thumb2\libc.a(lib_a-init.o)
 .data          0x00000000        0x0 c:/program files (x86)/microsemi/softconsole v3.3/sourcery-g++/bin/../lib/gcc/arm-none-eabi/4.4.1/../../../../arm-none-eabi/lib/thumb2\libc.a(lib_a-malloc.o)
 .bss           0x00000000        0x0 c:/program files (x86)/microsemi/softconsole v3.3/sourcery-g++/bin/../lib/gcc/arm-none-eabi/4.4.1/../../../../arm-none-eabi/lib/thumb2\libc.a(lib_a-malloc.o)
 .data          0x00000000        0x0 c:/program files (x86)/microsemi/softconsole v3.3/sourcery-g++/bin/../lib/gcc/arm-none-eabi/4.4.1/../../../../arm-none-eabi/lib/thumb2\libc.a(lib_a-mlock.o)
 .bss           0x00000000        0x0 c:/program files (x86)/microsemi/softconsole v3.3/sourcery-g++/bin/../lib/gcc/arm-none-eabi/4.4.1/../../../../arm-none-eabi/lib/thumb2\libc.a(lib_a-mlock.o)
 .data          0x00000000        0x0 c:/program files (x86)/microsemi/softconsole v3.3/sourcery-g++/bin/../lib/gcc/arm-none-eabi/4.4.1/../../../../arm-none-eabi/lib/thumb2\libc.a(lib_a-sbrkr.o)
 .bss           0x00000000        0x0 c:/program files (x86)/microsemi/softconsole v3.3/sourcery-g++/bin/../lib/gcc/arm-none-eabi/4.4.1/../../../../arm-none-eabi/lib/thumb2\libc.a(lib_a-sbrkr.o)
 .data          0x00000000        0x0 c:/program files (x86)/microsemi/softconsole v3.3/sourcery-g++/bin/../lib/gcc/arm-none-eabi/4.4.1/../../../../arm-none-eabi/lib/thumb2\libc.a(lib_a-freer.o)
 .bss           0x00000000        0x0 c:/program files (x86)/microsemi/softconsole v3.3/sourcery-g++/bin/../lib/gcc/arm-none-eabi/4.4.1/../../../../arm-none-eabi/lib/thumb2\libc.a(lib_a-freer.o)
 .text          0x00000000      0x10c c:/program files (x86)/microsemi/softconsole v3.3/sourcery-g++/bin/../lib/gcc/arm-none-eabi/4.4.1/../../../../arm-none-eabi/lib/thumb2\libc.a(lib_a-reent.o)
 .data          0x00000000        0x0 c:/program files (x86)/microsemi/softconsole v3.3/sourcery-g++/bin/../lib/gcc/arm-none-eabi/4.4.1/../../../../arm-none-eabi/lib/thumb2\libc.a(lib_a-reent.o)
 .bss           0x00000000        0x0 c:/program files (x86)/microsemi/softconsole v3.3/sourcery-g++/bin/../lib/gcc/arm-none-eabi/4.4.1/../../../../arm-none-eabi/lib/thumb2\libc.a(lib_a-reent.o)
 .text          0x00000000        0x0 c:/program files (x86)/microsemi/softconsole v3.3/sourcery-g++/bin/../lib/gcc/arm-none-eabi/4.4.1/thumb2/crtend.o
 .data          0x00000000        0x0 c:/program files (x86)/microsemi/softconsole v3.3/sourcery-g++/bin/../lib/gcc/arm-none-eabi/4.4.1/thumb2/crtend.o
 .bss           0x00000000        0x0 c:/program files (x86)/microsemi/softconsole v3.3/sourcery-g++/bin/../lib/gcc/arm-none-eabi/4.4.1/thumb2/crtend.o
 .text          0x00000000        0x0 c:/program files (x86)/microsemi/softconsole v3.3/sourcery-g++/bin/../lib/gcc/arm-none-eabi/4.4.1/thumb2/crtn.o
 .data          0x00000000        0x0 c:/program files (x86)/microsemi/softconsole v3.3/sourcery-g++/bin/../lib/gcc/arm-none-eabi/4.4.1/thumb2/crtn.o
 .bss           0x00000000        0x0 c:/program files (x86)/microsemi/softconsole v3.3/sourcery-g++/bin/../lib/gcc/arm-none-eabi/4.4.1/thumb2/crtn.o
 .data          0x00000000        0x0 c:/program files (x86)/microsemi/softconsole v3.3/sourcery-g++/bin/../lib/gcc/arm-none-eabi/4.4.1/../../../../arm-none-eabi/lib/thumb2\libm.a(lib_a-w_sqrt.o)
 .bss           0x00000000        0x0 c:/program files (x86)/microsemi/softconsole v3.3/sourcery-g++/bin/../lib/gcc/arm-none-eabi/4.4.1/../../../../arm-none-eabi/lib/thumb2\libm.a(lib_a-w_sqrt.o)
 .data          0x00000000        0x0 c:/program files (x86)/microsemi/softconsole v3.3/sourcery-g++/bin/../lib/gcc/arm-none-eabi/4.4.1/../../../../arm-none-eabi/lib/thumb2\libm.a(lib_a-e_sqrt.o)
 .bss           0x00000000        0x0 c:/program files (x86)/microsemi/softconsole v3.3/sourcery-g++/bin/../lib/gcc/arm-none-eabi/4.4.1/../../../../arm-none-eabi/lib/thumb2\libm.a(lib_a-e_sqrt.o)
 .data          0x00000000        0x0 c:/program files (x86)/microsemi/softconsole v3.3/sourcery-g++/bin/../lib/gcc/arm-none-eabi/4.4.1/../../../../arm-none-eabi/lib/thumb2\libm.a(lib_a-s_isnand.o)
 .bss           0x00000000        0x0 c:/program files (x86)/microsemi/softconsole v3.3/sourcery-g++/bin/../lib/gcc/arm-none-eabi/4.4.1/../../../../arm-none-eabi/lib/thumb2\libm.a(lib_a-s_isnand.o)
 .text          0x00000000        0x0 c:/program files (x86)/microsemi/softconsole v3.3/sourcery-g++/bin/../lib/gcc/arm-none-eabi/4.4.1/../../../../arm-none-eabi/lib/thumb2\libm.a(lib_a-s_lib_ver.o)
 .bss           0x00000000        0x0 c:/program files (x86)/microsemi/softconsole v3.3/sourcery-g++/bin/../lib/gcc/arm-none-eabi/4.4.1/../../../../arm-none-eabi/lib/thumb2\libm.a(lib_a-s_lib_ver.o)
 .data          0x00000000        0x0 c:/program files (x86)/microsemi/softconsole v3.3/sourcery-g++/bin/../lib/gcc/arm-none-eabi/4.4.1/../../../../arm-none-eabi/lib/thumb2\libm.a(lib_a-s_matherr.o)
 .bss           0x00000000        0x0 c:/program files (x86)/microsemi/softconsole v3.3/sourcery-g++/bin/../lib/gcc/arm-none-eabi/4.4.1/../../../../arm-none-eabi/lib/thumb2\libm.a(lib_a-s_matherr.o)

Memory Configuration

Name             Origin             Length             Attributes
ram              0x20000000         0x00010000         xrw
*default*        0x00000000         0xffffffff

Linker script and memory map

LOAD c:/program files (x86)/microsemi/softconsole v3.3/sourcery-g++/bin/../lib/gcc/arm-none-eabi/4.4.1/thumb2/crti.o
LOAD c:/program files (x86)/microsemi/softconsole v3.3/sourcery-g++/bin/../lib/gcc/arm-none-eabi/4.4.1/thumb2/crtbegin.o
LOAD ./main.o
LOAD ./stepper.o
LOAD C:/Users/sarth/Documents/EECS373_Project/WhiteBoard_Plotter/SoftConsole/WhiteBoard_Plotter_MSS_CM3_0/WhiteBoard_Plotter_MSS_CM3_0_hw_platform/Debug/CMSIS/startup_gcc/startup_a2fxxxm3.o
LOAD C:/Users/sarth/Documents/EECS373_Project/WhiteBoard_Plotter/SoftConsole/WhiteBoard_Plotter_MSS_CM3_0/WhiteBoard_Plotter_MSS_CM3_0_hw_platform/Debug/CMSIS/startup_gcc/newlib_stubs.o
LOAD C:\Users\sarth\Documents\EECS373_Project\WhiteBoard_Plotter\SoftConsole\WhiteBoard_Plotter_MSS_CM3_0\WhiteBoard_Plotter_MSS_CM3_0_hw_platform\Debug\libWhiteBoard_Plotter_MSS_CM3_0_hw_platform.a
START GROUP
LOAD c:/program files (x86)/microsemi/softconsole v3.3/sourcery-g++/bin/../lib/gcc/arm-none-eabi/4.4.1/thumb2\libgcc.a
LOAD c:/program files (x86)/microsemi/softconsole v3.3/sourcery-g++/bin/../lib/gcc/arm-none-eabi/4.4.1/../../../../arm-none-eabi/lib/thumb2\libc.a
END GROUP
LOAD c:/program files (x86)/microsemi/softconsole v3.3/sourcery-g++/bin/../lib/gcc/arm-none-eabi/4.4.1/thumb2/crtend.o
LOAD c:/program files (x86)/microsemi/softconsole v3.3/sourcery-g++/bin/../lib/gcc/arm-none-eabi/4.4.1/thumb2/crtn.o
START GROUP
LOAD c:/program files (x86)/microsemi/softconsole v3.3/sourcery-g++/bin/../lib/gcc/arm-none-eabi/4.4.1/../../../../arm-none-eabi/lib/thumb2\libc.a
LOAD c:/program files (x86)/microsemi/softconsole v3.3/sourcery-g++/bin/../lib/gcc/arm-none-eabi/4.4.1/thumb2\libgcc.a
LOAD c:/program files (x86)/microsemi/softconsole v3.3/sourcery-g++/bin/../lib/gcc/arm-none-eabi/4.4.1/../../../../arm-none-eabi/lib/thumb2\libm.a
END GROUP
                0x00000000                __DYNAMIC = 0x0
                0x20000000                RAM_START_ADDRESS = 0x20000000
                0x00010000                RAM_SIZE = 0x10000
                0x00002000                MAIN_STACK_SIZE = 0x2000
                0x00001000                PROCESS_STACK_SIZE = 0x1000
                0x20010000                PROVIDE (__main_stack_start, (RAM_START_ADDRESS + RAM_SIZE))
                0x2000e000                PROVIDE (__process_stack_start, (__main_stack_start - MAIN_STACK_SIZE))
                0x20010000                PROVIDE (_estack, __main_stack_start)
                0x00000000                PROVIDE (__mirrored_nvm, 0x0)

.text           0x20000000     0x2a08
 CREATE_OBJECT_SYMBOLS
                0x20000000                __text_load = LOADADDR (.text)
                0x20000000                __text_start = .
                0x20000000                __vector_table_vma_base_address = .
 *(.isr_vector)
 .isr_vector    0x20000000      0x470 C:/Users/sarth/Documents/EECS373_Project/WhiteBoard_Plotter/SoftConsole/WhiteBoard_Plotter_MSS_CM3_0/WhiteBoard_Plotter_MSS_CM3_0_hw_platform/Debug/CMSIS/startup_gcc/startup_a2fxxxm3.o
                0x20000000                g_pfnVectors
                0x20000298                Reset_Handler
                0x20000308                NMI_Handler
                0x2000030a                HardFault_Handler
                0x2000030c                MemManage_Handler
                0x2000030e                BusFault_Handler
                0x20000310                UsageFault_Handler
                0x20000312                SVC_Handler
                0x20000314                DebugMon_Handler
                0x20000316                PendSV_Handler
                0x20000318                SysTick_Handler
                0x2000031a                WdogWakeup_IRQHandler
                0x2000031c                BrownOut_1_5V_IRQHandler
                0x2000031e                BrownOut_3_3V_IRQHandler
                0x20000320                RTC_Match_IRQHandler
                0x20000322                RTCIF_Pub_IRQHandler
                0x20000324                EthernetMAC_IRQHandler
                0x20000326                IAP_IRQHandler
                0x20000328                ENVM0_IRQHandler
                0x2000032a                ENVM1_IRQHandler
                0x2000032c                DMA_IRQHandler
                0x2000032e                UART0_IRQHandler
                0x20000330                UART1_IRQHandler
                0x20000332                SPI0_IRQHandler
                0x20000334                SPI1_IRQHandler
                0x20000336                I2C0_IRQHandler
                0x20000338                I2C0_SMBAlert_IRQHandler
                0x2000033a                I2C0_SMBus_IRQHandler
                0x2000033c                I2C1_IRQHandler
                0x2000033e                I2C1_SMBAlert_IRQHandler
                0x20000340                I2C1_SMBus_IRQHandler
                0x20000344                Timer2_IRQHandler
                0x20000346                PLL_Lock_IRQHandler
                0x20000348                PLL_LockLost_IRQHandler
                0x2000034a                CommError_IRQHandler
                0x2000034c                Fabric_IRQHandler
                0x2000034e                GPIO0_IRQHandler
                0x20000350                GPIO1_IRQHandler
                0x20000352                GPIO2_IRQHandler
                0x20000354                GPIO3_IRQHandler
                0x20000356                GPIO4_IRQHandler
                0x20000358                GPIO5_IRQHandler
                0x2000035a                GPIO6_IRQHandler
                0x2000035c                GPIO7_IRQHandler
                0x2000035e                GPIO8_IRQHandler
                0x20000360                GPIO9_IRQHandler
                0x20000362                GPIO10_IRQHandler
                0x20000364                GPIO11_IRQHandler
                0x20000366                GPIO12_IRQHandler
                0x20000368                GPIO13_IRQHandler
                0x2000036a                GPIO14_IRQHandler
                0x2000036c                GPIO15_IRQHandler
                0x2000036e                GPIO16_IRQHandler
                0x20000370                GPIO17_IRQHandler
                0x20000372                GPIO18_IRQHandler
                0x20000374                GPIO19_IRQHandler
                0x20000376                GPIO20_IRQHandler
                0x20000378                GPIO21_IRQHandler
                0x2000037a                GPIO22_IRQHandler
                0x2000037c                GPIO23_IRQHandler
                0x2000037e                GPIO24_IRQHandler
                0x20000380                GPIO25_IRQHandler
                0x20000382                GPIO26_IRQHandler
                0x20000384                GPIO27_IRQHandler
                0x20000386                GPIO28_IRQHandler
                0x20000388                GPIO29_IRQHandler
                0x2000038a                GPIO30_IRQHandler
                0x2000038c                GPIO31_IRQHandler
                0x2000038e                ACE_PC0_Flag0_IRQHandler
                0x20000390                ACE_PC0_Flag1_IRQHandler
                0x20000392                ACE_PC0_Flag2_IRQHandler
                0x20000394                ACE_PC0_Flag3_IRQHandler
                0x20000396                ACE_PC1_Flag0_IRQHandler
                0x20000398                ACE_PC1_Flag1_IRQHandler
                0x2000039a                ACE_PC1_Flag2_IRQHandler
                0x2000039c                ACE_PC1_Flag3_IRQHandler
                0x2000039e                ACE_PC2_Flag0_IRQHandler
                0x200003a0                ACE_PC2_Flag1_IRQHandler
                0x200003a2                ACE_PC2_Flag2_IRQHandler
                0x200003a4                ACE_PC2_Flag3_IRQHandler
                0x200003a6                ACE_ADC0_DataValid_IRQHandler
                0x200003a8                ACE_ADC1_DataValid_IRQHandler
                0x200003aa                ACE_ADC2_DataValid_IRQHandler
                0x200003ac                ACE_ADC0_CalDone_IRQHandler
                0x200003ae                ACE_ADC1_CalDone_IRQHandler
                0x200003b0                ACE_ADC2_CalDone_IRQHandler
                0x200003b2                ACE_ADC0_CalStart_IRQHandler
                0x200003b4                ACE_ADC1_CalStart_IRQHandler
                0x200003b6                ACE_ADC2_CalStart_IRQHandler
                0x200003b8                ACE_Comp0_Fall_IRQHandler
                0x200003ba                ACE_Comp1_Fall_IRQHandler
                0x200003bc                ACE_Comp2_Fall_IRQHandler
                0x200003be                ACE_Comp3_Fall_IRQHandler
                0x200003c0                ACE_Comp4_Fall_IRQHandler
                0x200003c2                ACE_Comp5_Fall_IRQHandler
                0x200003c4                ACE_Comp6_Fall_IRQHandler
                0x200003c6                ACE_Comp7_Fall_IRQHandler
                0x200003c8                ACE_Comp8_Fall_IRQHandler
                0x200003ca                ACE_Comp9_Fall_IRQHandler
                0x200003cc                ACE_Comp10_Fall_IRQHandler
                0x200003ce                ACE_Comp11_Fall_IRQHandler
                0x200003d0                ACE_Comp0_Rise_IRQHandler
                0x200003d2                ACE_Comp1_Rise_IRQHandler
                0x200003d4                ACE_Comp2_Rise_IRQHandler
                0x200003d6                ACE_Comp3_Rise_IRQHandler
                0x200003d8                ACE_Comp4_Rise_IRQHandler
                0x200003da                ACE_Comp5_Rise_IRQHandler
                0x200003dc                ACE_Comp6_Rise_IRQHandler
                0x200003de                ACE_Comp7_Rise_IRQHandler
                0x200003e0                ACE_Comp8_Rise_IRQHandler
                0x200003e2                ACE_Comp9_Rise_IRQHandler
                0x200003e4                ACE_Comp10_Rise_IRQHandler
                0x200003e6                ACE_Comp11_Rise_IRQHandler
                0x200003e8                ACE_ADC0_FifoFull_IRQHandler
                0x200003ea                ACE_ADC0_FifoAFull_IRQHandler
                0x200003ec                ACE_ADC0_FifoEmpty_IRQHandler
                0x200003ee                ACE_ADC1_FifoFull_IRQHandler
                0x200003f0                ACE_ADC1_FifoAFull_IRQHandler
                0x200003f2                ACE_ADC1_FifoEmpty_IRQHandler
                0x200003f4                ACE_ADC2_FifoFull_IRQHandler
                0x200003f6                ACE_ADC2_FifoAFull_IRQHandler
                0x200003f8                ACE_ADC2_FifoEmpty_IRQHandler
                0x200003fa                ACE_PPE_Flag0_IRQHandler
                0x200003fc                ACE_PPE_Flag1_IRQHandler
                0x200003fe                ACE_PPE_Flag2_IRQHandler
                0x20000400                ACE_PPE_Flag3_IRQHandler
                0x20000402                ACE_PPE_Flag4_IRQHandler
                0x20000404                ACE_PPE_Flag5_IRQHandler
                0x20000406                ACE_PPE_Flag6_IRQHandler
                0x20000408                ACE_PPE_Flag7_IRQHandler
                0x2000040a                ACE_PPE_Flag8_IRQHandler
                0x2000040c                ACE_PPE_Flag9_IRQHandler
                0x2000040e                ACE_PPE_Flag10_IRQHandler
                0x20000410                ACE_PPE_Flag11_IRQHandler
                0x20000412                ACE_PPE_Flag12_IRQHandler
                0x20000414                ACE_PPE_Flag13_IRQHandler
                0x20000416                ACE_PPE_Flag14_IRQHandler
                0x20000418                ACE_PPE_Flag15_IRQHandler
                0x2000041a                ACE_PPE_Flag16_IRQHandler
                0x2000041c                ACE_PPE_Flag17_IRQHandler
                0x2000041e                ACE_PPE_Flag18_IRQHandler
                0x20000420                ACE_PPE_Flag19_IRQHandler
                0x20000422                ACE_PPE_Flag20_IRQHandler
                0x20000424                ACE_PPE_Flag21_IRQHandler
                0x20000426                ACE_PPE_Flag22_IRQHandler
                0x20000428                ACE_PPE_Flag23_IRQHandler
                0x2000042a                ACE_PPE_Flag24_IRQHandler
                0x2000042c                ACE_PPE_Flag25_IRQHandler
                0x2000042e                ACE_PPE_Flag26_IRQHandler
                0x20000430                ACE_PPE_Flag27_IRQHandler
                0x20000432                ACE_PPE_Flag28_IRQHandler
                0x20000434                ACE_PPE_Flag29_IRQHandler
                0x20000436                ACE_PPE_Flag30_IRQHandler
                0x20000438                ACE_PPE_Flag31_IRQHandler
 *(.text .text.* .gnu.linkonce.t.*)
 .text          0x20000470       0x30 c:/program files (x86)/microsemi/softconsole v3.3/sourcery-g++/bin/../lib/gcc/arm-none-eabi/4.4.1/thumb2/crtbegin.o
 .text.NVIC_EnableIRQ
                0x200004a0       0x38 ./main.o
 .text.NVIC_DisableIRQ
                0x200004d8       0x3c ./main.o
 .text.NVIC_ClearPendingIRQ
                0x20000514       0x3c ./main.o
 .text.MSS_TIM1_init
                0x20000550       0x84 ./main.o
 .text.MSS_TIM1_start
                0x200005d4       0x1c ./main.o
 .text.MSS_TIM1_load_immediate
                0x200005f0       0x20 ./main.o
 .text.MSS_TIM1_enable_irq
                0x20000610       0x20 ./main.o
 .text.MSS_TIM1_clear_irq
                0x20000630       0x1c ./main.o
 .text.calculateSquaredDistance
                0x2000064c       0x64 ./main.o
                0x2000064c                calculateSquaredDistance
 .text.calculateMotorDir
                0x200006b0      0x118 ./main.o
                0x200006b0                calculateMotorDir
 .text.start_hardware_timer
                0x200007c8       0x28 ./main.o
                0x200007c8                start_hardware_timer
 .text.insert_timer
                0x200007f0       0xa4 ./main.o
                0x200007f0                insert_timer
 *fill*         0x20000894        0x4 00
 .text.motorLeft
                0x20000898       0xa8 ./main.o
                0x20000898                motorLeft
 .text.motorRight
                0x20000940       0xa8 ./main.o
                0x20000940                motorRight
 .text.startTimerContinuous
                0x200009e8       0x54 ./main.o
                0x200009e8                startTimerContinuous
 .text.update_timers
                0x20000a3c       0xec ./main.o
                0x20000a3c                update_timers
 .text.Timer1_IRQHandler
                0x20000b28       0xd8 ./main.o
                0x20000b28                Timer1_IRQHandler
 .text.clearTimers
                0x20000c00       0x7c ./main.o
                0x20000c00                clearTimers
 .text.interfaceConfig
                0x20000c7c      0x160 ./main.o
                0x20000c7c                interfaceConfig
 *fill*         0x20000ddc        0x4 00
 .text.makeLine
                0x20000de0      0x580 ./main.o
                0x20000de0                makeLine
 .text.main     0x20001360       0xb0 ./main.o
                0x20001360                main
 .text.MSS_GPIO_set_outputs
                0x20001410       0x20 ./stepper.o
 .text.stepper_config
                0x20001430       0x24 ./stepper.o
                0x20001430                stepper_config
 .text.step     0x20001454       0x5c ./stepper.o
                0x20001454                step
 .text._exit    0x200014b0        0xc C:/Users/sarth/Documents/EECS373_Project/WhiteBoard_Plotter/SoftConsole/WhiteBoard_Plotter_MSS_CM3_0/WhiteBoard_Plotter_MSS_CM3_0_hw_platform/Debug/CMSIS/startup_gcc/newlib_stubs.o
                0x200014b0                _exit
 .text._write_r
                0x200014bc       0x20 C:/Users/sarth/Documents/EECS373_Project/WhiteBoard_Plotter/SoftConsole/WhiteBoard_Plotter_MSS_CM3_0/WhiteBoard_Plotter_MSS_CM3_0_hw_platform/Debug/CMSIS/startup_gcc/newlib_stubs.o
                0x200014bc                _write_r
 .text._sbrk    0x200014dc       0x94 C:/Users/sarth/Documents/EECS373_Project/WhiteBoard_Plotter/SoftConsole/WhiteBoard_Plotter_MSS_CM3_0/WhiteBoard_Plotter_MSS_CM3_0_hw_platform/Debug/CMSIS/startup_gcc/newlib_stubs.o
                0x200014dc                _sbrk
 .text.SystemInit
                0x20001570        0xc C:\Users\sarth\Documents\EECS373_Project\WhiteBoard_Plotter\SoftConsole\WhiteBoard_Plotter_MSS_CM3_0\WhiteBoard_Plotter_MSS_CM3_0_hw_platform\Debug\libWhiteBoard_Plotter_MSS_CM3_0_hw_platform.a(system_a2fxxxm3.o)
                0x20001570                SystemInit
 .text          0x2000157c      0x370 c:/program files (x86)/microsemi/softconsole v3.3/sourcery-g++/bin/../lib/gcc/arm-none-eabi/4.4.1/thumb2\libgcc.a(_arm_addsubdf3.o)
                0x2000157c                __aeabi_drsub
                0x20001584                __aeabi_dsub
                0x20001584                __subdf3
                0x20001588                __aeabi_dadd
                0x20001588                __adddf3
                0x20001800                __floatunsidf
                0x20001800                __aeabi_ui2d
                0x20001820                __floatsidf
                0x20001820                __aeabi_i2d
                0x20001844                __aeabi_f2d
                0x20001844                __extendsfdf2
                0x20001880                __floatundidf
                0x20001880                __aeabi_ul2d
                0x20001890                __floatdidf
                0x20001890                __aeabi_l2d
 .text          0x200018ec      0x424 c:/program files (x86)/microsemi/softconsole v3.3/sourcery-g++/bin/../lib/gcc/arm-none-eabi/4.4.1/thumb2\libgcc.a(_arm_muldivdf3.o)
                0x200018ec                __aeabi_dmul
                0x200018ec                __muldf3
                0x20001b40                __divdf3
                0x20001b40                __aeabi_ddiv
 .text          0x20001d10      0x110 c:/program files (x86)/microsemi/softconsole v3.3/sourcery-g++/bin/../lib/gcc/arm-none-eabi/4.4.1/thumb2\libgcc.a(_arm_cmpdf2.o)
                0x20001d10                __gtdf2
                0x20001d10                __gedf2
                0x20001d18                __ltdf2
                0x20001d18                __ledf2
                0x20001d20                __nedf2
                0x20001d20                __eqdf2
                0x20001d20                __cmpdf2
                0x20001d9c                __aeabi_cdrcmple
                0x20001dac                __aeabi_cdcmpeq
                0x20001dac                __aeabi_cdcmple
                0x20001dbc                __aeabi_dcmpeq
                0x20001dd0                __aeabi_dcmplt
                0x20001de4                __aeabi_dcmple
                0x20001df8                __aeabi_dcmpge
                0x20001e0c                __aeabi_dcmpgt
 .text          0x20001e20       0x40 c:/program files (x86)/microsemi/softconsole v3.3/sourcery-g++/bin/../lib/gcc/arm-none-eabi/4.4.1/thumb2\libgcc.a(_arm_fixunsdfsi.o)
                0x20001e20                __aeabi_d2uiz
                0x20001e20                __fixunsdfsi
 .text          0x20001e60        0xc c:/program files (x86)/microsemi/softconsole v3.3/sourcery-g++/bin/../lib/gcc/arm-none-eabi/4.4.1/../../../../arm-none-eabi/lib/thumb2\libc.a(lib_a-errno.o)
                0x20001e60                __errno
 .text          0x20001e6c       0x50 c:/program files (x86)/microsemi/softconsole v3.3/sourcery-g++/bin/../lib/gcc/arm-none-eabi/4.4.1/../../../../arm-none-eabi/lib/thumb2\libc.a(lib_a-init.o)
                0x20001e6c                __libc_init_array
 .text          0x20001ebc       0x20 c:/program files (x86)/microsemi/softconsole v3.3/sourcery-g++/bin/../lib/gcc/arm-none-eabi/4.4.1/../../../../arm-none-eabi/lib/thumb2\libc.a(lib_a-malloc.o)
                0x20001ebc                free
                0x20001ecc                malloc
 .text          0x20001edc      0x5a4 c:/program files (x86)/microsemi/softconsole v3.3/sourcery-g++/bin/../lib/gcc/arm-none-eabi/4.4.1/../../../../arm-none-eabi/lib/thumb2\libc.a(lib_a-mallocr.o)
                0x20001edc                _malloc_r
 .text          0x20002480        0x8 c:/program files (x86)/microsemi/softconsole v3.3/sourcery-g++/bin/../lib/gcc/arm-none-eabi/4.4.1/../../../../arm-none-eabi/lib/thumb2\libc.a(lib_a-mlock.o)
                0x20002480                __malloc_lock
                0x20002484                __malloc_unlock
 .text          0x20002488       0x28 c:/program files (x86)/microsemi/softconsole v3.3/sourcery-g++/bin/../lib/gcc/arm-none-eabi/4.4.1/../../../../arm-none-eabi/lib/thumb2\libc.a(lib_a-sbrkr.o)
                0x20002488                _sbrk_r
 .text          0x200024b0      0x268 c:/program files (x86)/microsemi/softconsole v3.3/sourcery-g++/bin/../lib/gcc/arm-none-eabi/4.4.1/../../../../arm-none-eabi/lib/thumb2\libc.a(lib_a-freer.o)
                0x200024b0                _malloc_trim_r
                0x20002558                _free_r
 .text          0x20002718       0xac c:/program files (x86)/microsemi/softconsole v3.3/sourcery-g++/bin/../lib/gcc/arm-none-eabi/4.4.1/../../../../arm-none-eabi/lib/thumb2\libm.a(lib_a-w_sqrt.o)
                0x20002718                sqrt
 .text          0x200027c4      0x1dc c:/program files (x86)/microsemi/softconsole v3.3/sourcery-g++/bin/../lib/gcc/arm-none-eabi/4.4.1/../../../../arm-none-eabi/lib/thumb2\libm.a(lib_a-e_sqrt.o)
                0x200027c4                __ieee754_sqrt
 .text          0x200029a0       0x1c c:/program files (x86)/microsemi/softconsole v3.3/sourcery-g++/bin/../lib/gcc/arm-none-eabi/4.4.1/../../../../arm-none-eabi/lib/thumb2\libm.a(lib_a-s_isnand.o)
                0x200029a0                __isnand
 .text          0x200029bc        0x4 c:/program files (x86)/microsemi/softconsole v3.3/sourcery-g++/bin/../lib/gcc/arm-none-eabi/4.4.1/../../../../arm-none-eabi/lib/thumb2\libm.a(lib_a-s_matherr.o)
                0x200029bc                matherr
 *(.plt)
 *(.gnu.warning)
 *(.glue_7t)
 .glue_7t       0x00000000        0x0 linker stubs
 *(.glue_7)
 .glue_7        0x00000000        0x0 linker stubs
 *(.vfp11_veneer)
 .vfp11_veneer  0x00000000        0x0 linker stubs
                0x200029c0                . = ALIGN (0x4)
 *crtbegin.o(.ctors)
 *(EXCLUDE_FILE(*crtend.o) .ctors)
 *(SORT(.ctors.*))
 *crtend.o(.ctors)
 *crtbegin.o(.dtors)
 *(EXCLUDE_FILE(*crtend.o) .dtors)
 *(SORT(.dtors.*))
 *crtend.o(.dtors)
 *(.rodata .rodata.* .gnu.linkonce.r.*)
 .rodata        0x200029c0       0x1c C:/Users/sarth/Documents/EECS373_Project/WhiteBoard_Plotter/SoftConsole/WhiteBoard_Plotter_MSS_CM3_0/WhiteBoard_Plotter_MSS_CM3_0_hw_platform/Debug/CMSIS/startup_gcc/newlib_stubs.o
 .rodata.str1.4
                0x200029dc        0x2 c:/program files (x86)/microsemi/softconsole v3.3/sourcery-g++/bin/../lib/gcc/arm-none-eabi/4.4.1/../../../../arm-none-eabi/lib/thumb2\libc.a(lib_a-impure.o)
                                  0x4 (size before relaxing)
 *fill*         0x200029de        0x2 00
 .rodata.str1.4
                0x200029e0        0x8 c:/program files (x86)/microsemi/softconsole v3.3/sourcery-g++/bin/../lib/gcc/arm-none-eabi/4.4.1/../../../../arm-none-eabi/lib/thumb2\libm.a(lib_a-w_sqrt.o)
 *(.ARM.extab* .gnu.linkonce.armextab.*)
 *(.gcc_except_table)
 *(.eh_frame_hdr)
 *(.eh_frame)
 *(.init)
 .init          0x200029e8        0x4 c:/program files (x86)/microsemi/softconsole v3.3/sourcery-g++/bin/../lib/gcc/arm-none-eabi/4.4.1/thumb2/crti.o
                0x200029e8                _init
 .init          0x200029ec        0x8 c:/program files (x86)/microsemi/softconsole v3.3/sourcery-g++/bin/../lib/gcc/arm-none-eabi/4.4.1/thumb2/crtn.o
 *(.fini)
 .fini          0x200029f4        0x4 c:/program files (x86)/microsemi/softconsole v3.3/sourcery-g++/bin/../lib/gcc/arm-none-eabi/4.4.1/thumb2/crti.o
                0x200029f4                _fini
 .fini          0x200029f8        0x8 c:/program files (x86)/microsemi/softconsole v3.3/sourcery-g++/bin/../lib/gcc/arm-none-eabi/4.4.1/thumb2/crtn.o
                0x20002a00                PROVIDE (__preinit_array_start, .)
 *(.preinit_array)
                0x20002a00                PROVIDE (__preinit_array_end, .)
                0x20002a00                PROVIDE (__init_array_start, .)
 *(SORT(.init_array.*))
 *(.init_array)
 .init_array    0x20002a00        0x4 c:/program files (x86)/microsemi/softconsole v3.3/sourcery-g++/bin/../lib/gcc/arm-none-eabi/4.4.1/thumb2/crtbegin.o
                0x20002a04                PROVIDE (__init_array_end, .)
                0x20002a04                PROVIDE (__fini_array_start, .)
 *(.fini_array)
 .fini_array    0x20002a04        0x4 c:/program files (x86)/microsemi/softconsole v3.3/sourcery-g++/bin/../lib/gcc/arm-none-eabi/4.4.1/thumb2/crtbegin.o
 *(SORT(.fini_array.*))
                0x20002a08                PROVIDE (__fini_array_end, .)
                0x20002a08                __exidx_start = .

.v4_bx          0x20002a08        0x0
 .v4_bx         0x00000000        0x0 linker stubs

.ARM.exidx
 *(.ARM.exidx* .gnu.linkonce.armexidx.*)
                0x20002a08                __exidx_end = .
                0x20002a08                _etext = .
                0x20002a08                PROVIDE (__text_end, .)

.data           0x20002a08      0x520
                0x20002a08                __data_load = LOADADDR (.data)
                0x20002a08                _sidata = LOADADDR (.data)
                0x20002a08                __data_start = .
                0x20002a08                _sdata = .
 *(.jcr)
 .jcr           0x20002a08        0x0 c:/program files (x86)/microsemi/softconsole v3.3/sourcery-g++/bin/../lib/gcc/arm-none-eabi/4.4.1/thumb2/crtbegin.o
 .jcr           0x20002a08        0x4 c:/program files (x86)/microsemi/softconsole v3.3/sourcery-g++/bin/../lib/gcc/arm-none-eabi/4.4.1/thumb2/crtend.o
 *(.got.plt)
 *(.got)
 *(.shdata)
 *(.data .data.* .gnu.linkonce.d.*)
 *fill*         0x20002a0c        0x4 00
 .data.thres    0x20002a10        0x8 ./main.o
                0x20002a10                thres
 .data.dirLeft  0x20002a18        0x4 ./main.o
                0x20002a18                dirLeft
 .data.dirRight
                0x20002a1c        0x4 ./main.o
                0x20002a1c                dirRight
 .data          0x20002a20       0xf4 c:/program files (x86)/microsemi/softconsole v3.3/sourcery-g++/bin/../lib/gcc/arm-none-eabi/4.4.1/../../../../arm-none-eabi/lib/thumb2\libc.a(lib_a-impure.o)
                0x20002a20                _impure_ptr
 .data          0x20002b14      0x410 c:/program files (x86)/microsemi/softconsole v3.3/sourcery-g++/bin/../lib/gcc/arm-none-eabi/4.4.1/../../../../arm-none-eabi/lib/thumb2\libc.a(lib_a-mallocr.o)
                0x20002b14                __malloc_av_
                0x20002f1c                __malloc_sbrk_base
                0x20002f20                __malloc_trim_threshold
 .data          0x20002f24        0x1 c:/program files (x86)/microsemi/softconsole v3.3/sourcery-g++/bin/../lib/gcc/arm-none-eabi/4.4.1/../../../../arm-none-eabi/lib/thumb2\libm.a(lib_a-s_lib_ver.o)
                0x20002f24                __fdlib_version
                0x20002f28                . = ALIGN (0x4)
 *fill*         0x20002f25        0x3 00
                0x20002f28                _edata = .

.bss            0x20002f28      0x968
                0x20002f28                __bss_start__ = .
                0x20002f28                _sbss = .
 *(.shbss)
 *(.bss .bss.* .gnu.linkonce.b.*)
 .bss           0x20002f28        0x1 c:/program files (x86)/microsemi/softconsole v3.3/sourcery-g++/bin/../lib/gcc/arm-none-eabi/4.4.1/thumb2/crtbegin.o
 *fill*         0x20002f29        0x3 00
 .bss.root      0x20002f2c        0x4 ./main.o
                0x20002f2c                root
 .bss.heap_end.2220
                0x20002f30        0x4 C:/Users/sarth/Documents/EECS373_Project/WhiteBoard_Plotter/SoftConsole/WhiteBoard_Plotter_MSS_CM3_0/WhiteBoard_Plotter_MSS_CM3_0_hw_platform/Debug/CMSIS/startup_gcc/newlib_stubs.o
 .bss           0x20002f34       0x34 c:/program files (x86)/microsemi/softconsole v3.3/sourcery-g++/bin/../lib/gcc/arm-none-eabi/4.4.1/../../../../arm-none-eabi/lib/thumb2\libc.a(lib_a-mallocr.o)
                0x20002f34                __malloc_top_pad
                0x20002f38                __malloc_current_mallinfo
                0x20002f60                __malloc_max_sbrked_mem
                0x20002f64                __malloc_max_total_mem
 *(COMMON)
 COMMON         0x20002f68      0x920 ./main.o
                0x20002f68                boardWidth
                0x20002f70                RadiusRight
                0x20002f78                yPos
                0x20002f80                drawnPoints
                0x20003160                receivedPoints
                0x20003868                boardHeight
                0x20003870                counter
                0x20003878                xPos
                0x20003880                RadiusLeft
 COMMON         0x20003888        0x4 c:/program files (x86)/microsemi/softconsole v3.3/sourcery-g++/bin/../lib/gcc/arm-none-eabi/4.4.1/../../../../arm-none-eabi/lib/thumb2\libc.a(lib_a-reent.o)
                0x20003888                errno
                0x20003890                . = ALIGN (0x8)
 *fill*         0x2000388c        0x4 00
                0x20003890                __bss_end__ = .
                0x20003890                _end = .
                0x20003890                __end = _end
                0x20003890                _ebss = .
                0x20003890                PROVIDE (end, .)

.stack          0x20003890     0x3000
                0x20003890                . = ALIGN (0x4)
                0x20004890                . = (. + PROCESS_STACK_SIZE)
 *fill*         0x20003890     0x1000 00
                0x20004890                . = ALIGN (0x4)
                0x20006890                . = (. + MAIN_STACK_SIZE)
 *fill*         0x20004890     0x2000 00
                0x20006890                . = ALIGN (0x4)

.stab
 *(.stab)

.stabstr
 *(.stabstr)

.debug
 *(.debug)

.line
 *(.line)

.debug_srcinfo
 *(.debug_srcinfo)

.debug_sfnames
 *(.debug_sfnames)

.comment        0x00000000       0xac
 .comment       0x00000000       0x2b ./main.o
 .comment       0x0000002b       0x2b ./stepper.o
 .comment       0x00000056       0x2b C:/Users/sarth/Documents/EECS373_Project/WhiteBoard_Plotter/SoftConsole/WhiteBoard_Plotter_MSS_CM3_0/WhiteBoard_Plotter_MSS_CM3_0_hw_platform/Debug/CMSIS/startup_gcc/newlib_stubs.o
 .comment       0x00000081       0x2b C:\Users\sarth\Documents\EECS373_Project\WhiteBoard_Plotter\SoftConsole\WhiteBoard_Plotter_MSS_CM3_0\WhiteBoard_Plotter_MSS_CM3_0_hw_platform\Debug\libWhiteBoard_Plotter_MSS_CM3_0_hw_platform.a(system_a2fxxxm3.o)

.debug_aranges  0x00000000      0x1e8
 *(.debug_aranges)
 .debug_aranges
                0x00000000       0xe0 ./main.o
 .debug_aranges
                0x000000e0       0x30 ./stepper.o
 .debug_aranges
                0x00000110       0xa8 C:/Users/sarth/Documents/EECS373_Project/WhiteBoard_Plotter/SoftConsole/WhiteBoard_Plotter_MSS_CM3_0/WhiteBoard_Plotter_MSS_CM3_0_hw_platform/Debug/CMSIS/startup_gcc/newlib_stubs.o
 .debug_aranges
                0x000001b8       0x30 C:\Users\sarth\Documents\EECS373_Project\WhiteBoard_Plotter\SoftConsole\WhiteBoard_Plotter_MSS_CM3_0\WhiteBoard_Plotter_MSS_CM3_0_hw_platform\Debug\libWhiteBoard_Plotter_MSS_CM3_0_hw_platform.a(system_a2fxxxm3.o)

.debug_pubnames
                0x00000000      0x3b8
 *(.debug_pubnames)
 .debug_pubnames
                0x00000000      0x1eb ./main.o
 .debug_pubnames
                0x000001eb       0x2e ./stepper.o
 .debug_pubnames
                0x00000219       0xeb C:/Users/sarth/Documents/EECS373_Project/WhiteBoard_Plotter/SoftConsole/WhiteBoard_Plotter_MSS_CM3_0/WhiteBoard_Plotter_MSS_CM3_0_hw_platform/Debug/CMSIS/startup_gcc/newlib_stubs.o
 .debug_pubnames
                0x00000304       0xb4 C:\Users\sarth\Documents\EECS373_Project\WhiteBoard_Plotter\SoftConsole\WhiteBoard_Plotter_MSS_CM3_0\WhiteBoard_Plotter_MSS_CM3_0_hw_platform\Debug\libWhiteBoard_Plotter_MSS_CM3_0_hw_platform.a(system_a2fxxxm3.o)

.debug_info     0x00000000     0x2385
 *(.debug_info .gnu.linkonce.wi.*)
 .debug_info    0x00000000     0x142e ./main.o
 .debug_info    0x0000142e      0x35c ./stepper.o
 .debug_info    0x0000178a      0x6bf C:/Users/sarth/Documents/EECS373_Project/WhiteBoard_Plotter/SoftConsole/WhiteBoard_Plotter_MSS_CM3_0/WhiteBoard_Plotter_MSS_CM3_0_hw_platform/Debug/CMSIS/startup_gcc/newlib_stubs.o
 .debug_info    0x00001e49      0x53c C:\Users\sarth\Documents\EECS373_Project\WhiteBoard_Plotter\SoftConsole\WhiteBoard_Plotter_MSS_CM3_0\WhiteBoard_Plotter_MSS_CM3_0_hw_platform\Debug\libWhiteBoard_Plotter_MSS_CM3_0_hw_platform.a(system_a2fxxxm3.o)

.debug_abbrev   0x00000000      0x573
 *(.debug_abbrev)
 .debug_abbrev  0x00000000      0x25a ./main.o
 .debug_abbrev  0x0000025a       0xd8 ./stepper.o
 .debug_abbrev  0x00000332      0x130 C:/Users/sarth/Documents/EECS373_Project/WhiteBoard_Plotter/SoftConsole/WhiteBoard_Plotter_MSS_CM3_0/WhiteBoard_Plotter_MSS_CM3_0_hw_platform/Debug/CMSIS/startup_gcc/newlib_stubs.o
 .debug_abbrev  0x00000462      0x111 C:\Users\sarth\Documents\EECS373_Project\WhiteBoard_Plotter\SoftConsole\WhiteBoard_Plotter_MSS_CM3_0\WhiteBoard_Plotter_MSS_CM3_0_hw_platform\Debug\libWhiteBoard_Plotter_MSS_CM3_0_hw_platform.a(system_a2fxxxm3.o)

.debug_line     0x00000000     0x123a
 *(.debug_line)
 .debug_line    0x00000000      0x84a ./main.o
 .debug_line    0x0000084a      0x291 ./stepper.o
 .debug_line    0x00000adb      0x4a8 C:/Users/sarth/Documents/EECS373_Project/WhiteBoard_Plotter/SoftConsole/WhiteBoard_Plotter_MSS_CM3_0/WhiteBoard_Plotter_MSS_CM3_0_hw_platform/Debug/CMSIS/startup_gcc/newlib_stubs.o
 .debug_line    0x00000f83      0x2b7 C:\Users\sarth\Documents\EECS373_Project\WhiteBoard_Plotter\SoftConsole\WhiteBoard_Plotter_MSS_CM3_0\WhiteBoard_Plotter_MSS_CM3_0_hw_platform\Debug\libWhiteBoard_Plotter_MSS_CM3_0_hw_platform.a(system_a2fxxxm3.o)

.debug_frame    0x00000000      0x890
 *(.debug_frame)
 .debug_frame   0x00000000      0x330 ./main.o
 .debug_frame   0x00000330       0x68 ./stepper.o
 .debug_frame   0x00000398      0x21c C:/Users/sarth/Documents/EECS373_Project/WhiteBoard_Plotter/SoftConsole/WhiteBoard_Plotter_MSS_CM3_0/WhiteBoard_Plotter_MSS_CM3_0_hw_platform/Debug/CMSIS/startup_gcc/newlib_stubs.o
 .debug_frame   0x000005b4       0x64 C:\Users\sarth\Documents\EECS373_Project\WhiteBoard_Plotter\SoftConsole\WhiteBoard_Plotter_MSS_CM3_0\WhiteBoard_Plotter_MSS_CM3_0_hw_platform\Debug\libWhiteBoard_Plotter_MSS_CM3_0_hw_platform.a(system_a2fxxxm3.o)
 .debug_frame   0x00000618       0x20 c:/program files (x86)/microsemi/softconsole v3.3/sourcery-g++/bin/../lib/gcc/arm-none-eabi/4.4.1/../../../../arm-none-eabi/lib/thumb2\libc.a(lib_a-errno.o)
 .debug_frame   0x00000638       0x2c c:/program files (x86)/microsemi/softconsole v3.3/sourcery-g++/bin/../lib/gcc/arm-none-eabi/4.4.1/../../../../arm-none-eabi/lib/thumb2\libc.a(lib_a-init.o)
 .debug_frame   0x00000664       0x30 c:/program files (x86)/microsemi/softconsole v3.3/sourcery-g++/bin/../lib/gcc/arm-none-eabi/4.4.1/../../../../arm-none-eabi/lib/thumb2\libc.a(lib_a-malloc.o)
 .debug_frame   0x00000694       0x3c c:/program files (x86)/microsemi/softconsole v3.3/sourcery-g++/bin/../lib/gcc/arm-none-eabi/4.4.1/../../../../arm-none-eabi/lib/thumb2\libc.a(lib_a-mallocr.o)
 .debug_frame   0x000006d0       0x30 c:/program files (x86)/microsemi/softconsole v3.3/sourcery-g++/bin/../lib/gcc/arm-none-eabi/4.4.1/../../../../arm-none-eabi/lib/thumb2\libc.a(lib_a-mlock.o)
 .debug_frame   0x00000700       0x2c c:/program files (x86)/microsemi/softconsole v3.3/sourcery-g++/bin/../lib/gcc/arm-none-eabi/4.4.1/../../../../arm-none-eabi/lib/thumb2\libc.a(lib_a-sbrkr.o)
 .debug_frame   0x0000072c       0x50 c:/program files (x86)/microsemi/softconsole v3.3/sourcery-g++/bin/../lib/gcc/arm-none-eabi/4.4.1/../../../../arm-none-eabi/lib/thumb2\libc.a(lib_a-freer.o)
 .debug_frame   0x0000077c       0x64 c:/program files (x86)/microsemi/softconsole v3.3/sourcery-g++/bin/../lib/gcc/arm-none-eabi/4.4.1/../../../../arm-none-eabi/lib/thumb2\libc.a(lib_a-reent.o)
 .debug_frame   0x000007e0       0x3c c:/program files (x86)/microsemi/softconsole v3.3/sourcery-g++/bin/../lib/gcc/arm-none-eabi/4.4.1/../../../../arm-none-eabi/lib/thumb2\libm.a(lib_a-w_sqrt.o)
 .debug_frame   0x0000081c       0x34 c:/program files (x86)/microsemi/softconsole v3.3/sourcery-g++/bin/../lib/gcc/arm-none-eabi/4.4.1/../../../../arm-none-eabi/lib/thumb2\libm.a(lib_a-e_sqrt.o)
 .debug_frame   0x00000850       0x20 c:/program files (x86)/microsemi/softconsole v3.3/sourcery-g++/bin/../lib/gcc/arm-none-eabi/4.4.1/../../../../arm-none-eabi/lib/thumb2\libm.a(lib_a-s_isnand.o)
 .debug_frame   0x00000870       0x20 c:/program files (x86)/microsemi/softconsole v3.3/sourcery-g++/bin/../lib/gcc/arm-none-eabi/4.4.1/../../../../arm-none-eabi/lib/thumb2\libm.a(lib_a-s_matherr.o)

.debug_str      0x00000000     0x18c9
 *(.debug_str)
 .debug_str     0x00000000     0x134c ./main.o
                               0x13c2 (size before relaxing)
 .debug_str     0x0000134c      0x1e1 ./stepper.o
                                0x319 (size before relaxing)
 .debug_str     0x0000152d      0x283 C:/Users/sarth/Documents/EECS373_Project/WhiteBoard_Plotter/SoftConsole/WhiteBoard_Plotter_MSS_CM3_0/WhiteBoard_Plotter_MSS_CM3_0_hw_platform/Debug/CMSIS/startup_gcc/newlib_stubs.o
                                0x354 (size before relaxing)
 .debug_str     0x000017b0      0x119 C:\Users\sarth\Documents\EECS373_Project\WhiteBoard_Plotter\SoftConsole\WhiteBoard_Plotter_MSS_CM3_0\WhiteBoard_Plotter_MSS_CM3_0_hw_platform\Debug\libWhiteBoard_Plotter_MSS_CM3_0_hw_platform.a(system_a2fxxxm3.o)
                                0x488 (size before relaxing)

.debug_loc      0x00000000      0xa2a
 *(.debug_loc)
 .debug_loc     0x00000000      0x526 ./main.o
 .debug_loc     0x00000526       0xa5 ./stepper.o
 .debug_loc     0x000005cb      0x3c6 C:/Users/sarth/Documents/EECS373_Project/WhiteBoard_Plotter/SoftConsole/WhiteBoard_Plotter_MSS_CM3_0/WhiteBoard_Plotter_MSS_CM3_0_hw_platform/Debug/CMSIS/startup_gcc/newlib_stubs.o
 .debug_loc     0x00000991       0x99 C:\Users\sarth\Documents\EECS373_Project\WhiteBoard_Plotter\SoftConsole\WhiteBoard_Plotter_MSS_CM3_0\WhiteBoard_Plotter_MSS_CM3_0_hw_platform\Debug\libWhiteBoard_Plotter_MSS_CM3_0_hw_platform.a(system_a2fxxxm3.o)

.debug_macinfo  0x00000000    0x18a5a
 *(.debug_macinfo)
 .debug_macinfo
                0x00000000     0x8b87 ./main.o
 .debug_macinfo
                0x00008b87     0x5864 ./stepper.o
 .debug_macinfo
                0x0000e3eb     0x4bf0 C:/Users/sarth/Documents/EECS373_Project/WhiteBoard_Plotter/SoftConsole/WhiteBoard_Plotter_MSS_CM3_0/WhiteBoard_Plotter_MSS_CM3_0_hw_platform/Debug/CMSIS/startup_gcc/newlib_stubs.o
 .debug_macinfo
                0x00012fdb     0x5a7f C:\Users\sarth\Documents\EECS373_Project\WhiteBoard_Plotter\SoftConsole\WhiteBoard_Plotter_MSS_CM3_0\WhiteBoard_Plotter_MSS_CM3_0_hw_platform\Debug\libWhiteBoard_Plotter_MSS_CM3_0_hw_platform.a(system_a2fxxxm3.o)

.debug_weaknames
 *(.debug_weaknames)

.debug_funcnames
 *(.debug_funcnames)

.debug_typenames
 *(.debug_typenames)

.debug_varnames
 *(.debug_varnames)

.note.gnu.arm.ident
 *(.note.gnu.arm.ident)

.ARM.attributes
                0x00000000       0x25
 *(.ARM.attributes)
 .ARM.attributes
                0x00000000       0x19 c:/program files (x86)/microsemi/softconsole v3.3/sourcery-g++/bin/../lib/gcc/arm-none-eabi/4.4.1/thumb2/crti.o
 .ARM.attributes
                0x00000019       0x29 c:/program files (x86)/microsemi/softconsole v3.3/sourcery-g++/bin/../lib/gcc/arm-none-eabi/4.4.1/thumb2/crtbegin.o
 .ARM.attributes
                0x00000042       0x31 ./main.o
 .ARM.attributes
                0x00000073       0x31 ./stepper.o
 .ARM.attributes
                0x000000a4       0x21 C:/Users/sarth/Documents/EECS373_Project/WhiteBoard_Plotter/SoftConsole/WhiteBoard_Plotter_MSS_CM3_0/WhiteBoard_Plotter_MSS_CM3_0_hw_platform/Debug/CMSIS/startup_gcc/startup_a2fxxxm3.o
 .ARM.attributes
                0x000000c5       0x31 C:/Users/sarth/Documents/EECS373_Project/WhiteBoard_Plotter/SoftConsole/WhiteBoard_Plotter_MSS_CM3_0/WhiteBoard_Plotter_MSS_CM3_0_hw_platform/Debug/CMSIS/startup_gcc/newlib_stubs.o
 .ARM.attributes
                0x000000f6       0x31 C:\Users\sarth\Documents\EECS373_Project\WhiteBoard_Plotter\SoftConsole\WhiteBoard_Plotter_MSS_CM3_0\WhiteBoard_Plotter_MSS_CM3_0_hw_platform\Debug\libWhiteBoard_Plotter_MSS_CM3_0_hw_platform.a(system_a2fxxxm3.o)
 .ARM.attributes
                0x00000127       0x1b c:/program files (x86)/microsemi/softconsole v3.3/sourcery-g++/bin/../lib/gcc/arm-none-eabi/4.4.1/thumb2\libgcc.a(_arm_addsubdf3.o)
 .ARM.attributes
                0x00000142       0x1b c:/program files (x86)/microsemi/softconsole v3.3/sourcery-g++/bin/../lib/gcc/arm-none-eabi/4.4.1/thumb2\libgcc.a(_arm_muldivdf3.o)
 .ARM.attributes
                0x0000015d       0x1b c:/program files (x86)/microsemi/softconsole v3.3/sourcery-g++/bin/../lib/gcc/arm-none-eabi/4.4.1/thumb2\libgcc.a(_arm_cmpdf2.o)
 .ARM.attributes
                0x00000178       0x1b c:/program files (x86)/microsemi/softconsole v3.3/sourcery-g++/bin/../lib/gcc/arm-none-eabi/4.4.1/thumb2\libgcc.a(_arm_fixunsdfsi.o)
 .ARM.attributes
                0x00000193       0x29 c:/program files (x86)/microsemi/softconsole v3.3/sourcery-g++/bin/../lib/gcc/arm-none-eabi/4.4.1/../../../../arm-none-eabi/lib/thumb2\libc.a(lib_a-errno.o)
 .ARM.attributes
                0x000001bc       0x29 c:/program files (x86)/microsemi/softconsole v3.3/sourcery-g++/bin/../lib/gcc/arm-none-eabi/4.4.1/../../../../arm-none-eabi/lib/thumb2\libc.a(lib_a-impure.o)
 .ARM.attributes
                0x000001e5       0x29 c:/program files (x86)/microsemi/softconsole v3.3/sourcery-g++/bin/../lib/gcc/arm-none-eabi/4.4.1/../../../../arm-none-eabi/lib/thumb2\libc.a(lib_a-init.o)
 .ARM.attributes
                0x0000020e       0x29 c:/program files (x86)/microsemi/softconsole v3.3/sourcery-g++/bin/../lib/gcc/arm-none-eabi/4.4.1/../../../../arm-none-eabi/lib/thumb2\libc.a(lib_a-malloc.o)
 .ARM.attributes
                0x00000237       0x29 c:/program files (x86)/microsemi/softconsole v3.3/sourcery-g++/bin/../lib/gcc/arm-none-eabi/4.4.1/../../../../arm-none-eabi/lib/thumb2\libc.a(lib_a-mallocr.o)
 .ARM.attributes
                0x00000260       0x29 c:/program files (x86)/microsemi/softconsole v3.3/sourcery-g++/bin/../lib/gcc/arm-none-eabi/4.4.1/../../../../arm-none-eabi/lib/thumb2\libc.a(lib_a-mlock.o)
 .ARM.attributes
                0x00000289       0x29 c:/program files (x86)/microsemi/softconsole v3.3/sourcery-g++/bin/../lib/gcc/arm-none-eabi/4.4.1/../../../../arm-none-eabi/lib/thumb2\libc.a(lib_a-sbrkr.o)
 .ARM.attributes
                0x000002b2       0x29 c:/program files (x86)/microsemi/softconsole v3.3/sourcery-g++/bin/../lib/gcc/arm-none-eabi/4.4.1/../../../../arm-none-eabi/lib/thumb2\libc.a(lib_a-freer.o)
 .ARM.attributes
                0x000002db       0x29 c:/program files (x86)/microsemi/softconsole v3.3/sourcery-g++/bin/../lib/gcc/arm-none-eabi/4.4.1/../../../../arm-none-eabi/lib/thumb2\libc.a(lib_a-reent.o)
 .ARM.attributes
                0x00000304       0x29 c:/program files (x86)/microsemi/softconsole v3.3/sourcery-g++/bin/../lib/gcc/arm-none-eabi/4.4.1/thumb2/crtend.o
 .ARM.attributes
                0x0000032d       0x19 c:/program files (x86)/microsemi/softconsole v3.3/sourcery-g++/bin/../lib/gcc/arm-none-eabi/4.4.1/thumb2/crtn.o
 .ARM.attributes
                0x00000346       0x29 c:/program files (x86)/microsemi/softconsole v3.3/sourcery-g++/bin/../lib/gcc/arm-none-eabi/4.4.1/../../../../arm-none-eabi/lib/thumb2\libm.a(lib_a-w_sqrt.o)
 .ARM.attributes
                0x0000036f       0x29 c:/program files (x86)/microsemi/softconsole v3.3/sourcery-g++/bin/../lib/gcc/arm-none-eabi/4.4.1/../../../../arm-none-eabi/lib/thumb2\libm.a(lib_a-e_sqrt.o)
 .ARM.attributes
                0x00000398       0x29 c:/program files (x86)/microsemi/softconsole v3.3/sourcery-g++/bin/../lib/gcc/arm-none-eabi/4.4.1/../../../../arm-none-eabi/lib/thumb2\libm.a(lib_a-s_isnand.o)
 .ARM.attributes
                0x000003c1       0x29 c:/program files (x86)/microsemi/softconsole v3.3/sourcery-g++/bin/../lib/gcc/arm-none-eabi/4.4.1/../../../../arm-none-eabi/lib/thumb2\libm.a(lib_a-s_lib_ver.o)
 .ARM.attributes
                0x000003ea       0x29 c:/program files (x86)/microsemi/softconsole v3.3/sourcery-g++/bin/../lib/gcc/arm-none-eabi/4.4.1/../../../../arm-none-eabi/lib/thumb2\libm.a(lib_a-s_matherr.o)

/DISCARD/
 *(.note.GNU-stack)
 *(.isr_vector)
OUTPUT(WhiteBoard_Plotter_MSS_CM3_0_app elf32-littlearm)

.debug_ranges   0x00000000      0x1e0
 .debug_ranges  0x00000000       0xf0 ./main.o
 .debug_ranges  0x000000f0       0x28 ./stepper.o
 .debug_ranges  0x00000118       0xa0 C:/Users/sarth/Documents/EECS373_Project/WhiteBoard_Plotter/SoftConsole/WhiteBoard_Plotter_MSS_CM3_0/WhiteBoard_Plotter_MSS_CM3_0_hw_platform/Debug/CMSIS/startup_gcc/newlib_stubs.o
 .debug_ranges  0x000001b8       0x28 C:\Users\sarth\Documents\EECS373_Project\WhiteBoard_Plotter\SoftConsole\WhiteBoard_Plotter_MSS_CM3_0\WhiteBoard_Plotter_MSS_CM3_0_hw_platform\Debug\libWhiteBoard_Plotter_MSS_CM3_0_hw_platform.a(system_a2fxxxm3.o)
