Archive member included because of file (symbol)

N:\EECS373_Project\WhiteBoard_Plotter\SoftConsole\WhiteBoard_Plotter_MSS_CM3_0\WhiteBoard_Plotter_MSS_CM3_0_hw_platform\Debug\libWhiteBoard_Plotter_MSS_CM3_0_hw_platform.a(mss_uart.o)
                              ./main.o (g_mss_uart0)
N:\EECS373_Project\WhiteBoard_Plotter\SoftConsole\WhiteBoard_Plotter_MSS_CM3_0\WhiteBoard_Plotter_MSS_CM3_0_hw_platform\Debug\libWhiteBoard_Plotter_MSS_CM3_0_hw_platform.a(system_a2fxxxm3.o)
                              N:\EECS373_Project\WhiteBoard_Plotter\SoftConsole\WhiteBoard_Plotter_MSS_CM3_0\WhiteBoard_Plotter_MSS_CM3_0_hw_platform\Debug\libWhiteBoard_Plotter_MSS_CM3_0_hw_platform.a(mss_uart.o) (g_FrequencyPCLK0)
c:/microsemi/softconsole v3.3/sourcery-g++/bin/../lib/gcc/arm-none-eabi/4.4.1/thumb2\libgcc.a(_arm_addsubdf3.o)
                              ./main.o (__aeabi_dsub)
c:/microsemi/softconsole v3.3/sourcery-g++/bin/../lib/gcc/arm-none-eabi/4.4.1/thumb2\libgcc.a(_arm_muldivdf3.o)
                              ./main.o (__aeabi_dmul)
c:/microsemi/softconsole v3.3/sourcery-g++/bin/../lib/gcc/arm-none-eabi/4.4.1/thumb2\libgcc.a(_arm_cmpdf2.o)
                              ./main.o (__aeabi_dcmplt)
c:/microsemi/softconsole v3.3/sourcery-g++/bin/../lib/gcc/arm-none-eabi/4.4.1/thumb2\libgcc.a(_arm_fixdfsi.o)
                              ./main.o (__aeabi_d2iz)
c:/microsemi/softconsole v3.3/sourcery-g++/bin/../lib/gcc/arm-none-eabi/4.4.1/../../../../arm-none-eabi/lib/thumb2\libc.a(lib_a-errno.o)
                              N:/EECS373_Project/WhiteBoard_Plotter/SoftConsole/WhiteBoard_Plotter_MSS_CM3_0/WhiteBoard_Plotter_MSS_CM3_0_hw_platform/Debug/CMSIS/startup_gcc/newlib_stubs.o (__errno)
c:/microsemi/softconsole v3.3/sourcery-g++/bin/../lib/gcc/arm-none-eabi/4.4.1/../../../../arm-none-eabi/lib/thumb2\libc.a(lib_a-impure.o)
                              c:/microsemi/softconsole v3.3/sourcery-g++/bin/../lib/gcc/arm-none-eabi/4.4.1/../../../../arm-none-eabi/lib/thumb2\libc.a(lib_a-errno.o) (_impure_ptr)
c:/microsemi/softconsole v3.3/sourcery-g++/bin/../lib/gcc/arm-none-eabi/4.4.1/../../../../arm-none-eabi/lib/thumb2\libc.a(lib_a-init.o)
                              N:/EECS373_Project/WhiteBoard_Plotter/SoftConsole/WhiteBoard_Plotter_MSS_CM3_0/WhiteBoard_Plotter_MSS_CM3_0_hw_platform/Debug/CMSIS/startup_gcc/startup_a2fxxxm3.o (__libc_init_array)
c:/microsemi/softconsole v3.3/sourcery-g++/bin/../lib/gcc/arm-none-eabi/4.4.1/../../../../arm-none-eabi/lib/thumb2\libm.a(lib_a-w_sqrt.o)
                              ./main.o (sqrt)
c:/microsemi/softconsole v3.3/sourcery-g++/bin/../lib/gcc/arm-none-eabi/4.4.1/../../../../arm-none-eabi/lib/thumb2\libm.a(lib_a-e_sqrt.o)
                              c:/microsemi/softconsole v3.3/sourcery-g++/bin/../lib/gcc/arm-none-eabi/4.4.1/../../../../arm-none-eabi/lib/thumb2\libm.a(lib_a-w_sqrt.o) (__ieee754_sqrt)
c:/microsemi/softconsole v3.3/sourcery-g++/bin/../lib/gcc/arm-none-eabi/4.4.1/../../../../arm-none-eabi/lib/thumb2\libm.a(lib_a-s_isnand.o)
                              c:/microsemi/softconsole v3.3/sourcery-g++/bin/../lib/gcc/arm-none-eabi/4.4.1/../../../../arm-none-eabi/lib/thumb2\libm.a(lib_a-w_sqrt.o) (__isnand)
c:/microsemi/softconsole v3.3/sourcery-g++/bin/../lib/gcc/arm-none-eabi/4.4.1/../../../../arm-none-eabi/lib/thumb2\libm.a(lib_a-s_lib_ver.o)
                              c:/microsemi/softconsole v3.3/sourcery-g++/bin/../lib/gcc/arm-none-eabi/4.4.1/../../../../arm-none-eabi/lib/thumb2\libm.a(lib_a-w_sqrt.o) (__fdlib_version)
c:/microsemi/softconsole v3.3/sourcery-g++/bin/../lib/gcc/arm-none-eabi/4.4.1/../../../../arm-none-eabi/lib/thumb2\libm.a(lib_a-s_matherr.o)
                              c:/microsemi/softconsole v3.3/sourcery-g++/bin/../lib/gcc/arm-none-eabi/4.4.1/../../../../arm-none-eabi/lib/thumb2\libm.a(lib_a-w_sqrt.o) (matherr)

Allocating common symbols
Common symbol       size              file

boardWidth          0x8               ./main.o
receivedRaw         0x1d4c            ./main.o
RadiusRight         0x8               ./main.o
yPos                0x8               ./main.o
textInput           0x1d4c            ./main.o
g_mss_uart1         0x28              N:\EECS373_Project\WhiteBoard_Plotter\SoftConsole\WhiteBoard_Plotter_MSS_CM3_0\WhiteBoard_Plotter_MSS_CM3_0_hw_platform\Debug\libWhiteBoard_Plotter_MSS_CM3_0_hw_platform.a(mss_uart.o)
boardHeight         0x8               ./main.o
xData               0x1               ./main.o
counter             0x4               ./main.o
ratio               0x8               ./main.o
g_mss_uart0         0x28              N:\EECS373_Project\WhiteBoard_Plotter\SoftConsole\WhiteBoard_Plotter_MSS_CM3_0\WhiteBoard_Plotter_MSS_CM3_0_hw_platform\Debug\libWhiteBoard_Plotter_MSS_CM3_0_hw_platform.a(mss_uart.o)
receivedParsed      0x258             ./main.o
xPos                0x8               ./main.o
RadiusLeft          0x8               ./main.o
yData               0x1               ./main.o

Discarded input sections

 .text          0x00000000        0x0 c:/microsemi/softconsole v3.3/sourcery-g++/bin/../lib/gcc/arm-none-eabi/4.4.1/thumb2/crti.o
 .data          0x00000000        0x0 c:/microsemi/softconsole v3.3/sourcery-g++/bin/../lib/gcc/arm-none-eabi/4.4.1/thumb2/crti.o
 .bss           0x00000000        0x0 c:/microsemi/softconsole v3.3/sourcery-g++/bin/../lib/gcc/arm-none-eabi/4.4.1/thumb2/crti.o
 .data          0x00000000        0x4 c:/microsemi/softconsole v3.3/sourcery-g++/bin/../lib/gcc/arm-none-eabi/4.4.1/thumb2/crtbegin.o
 .text          0x00000000        0x0 ./main.o
 .data          0x00000000        0x0 ./main.o
 .bss           0x00000000        0x0 ./main.o
 .text.returnToCenter
                0x00000000       0x68 ./main.o
 .text.returnToPoint
                0x00000000       0x5c ./main.o
 .text          0x00000000        0x0 ./stepper.o
 .data          0x00000000        0x0 ./stepper.o
 .bss           0x00000000        0x0 ./stepper.o
 .text          0x00000000        0x0 N:/EECS373_Project/WhiteBoard_Plotter/SoftConsole/WhiteBoard_Plotter_MSS_CM3_0/WhiteBoard_Plotter_MSS_CM3_0_hw_platform/Debug/CMSIS/startup_gcc/startup_a2fxxxm3.o
 .data          0x00000000        0x0 N:/EECS373_Project/WhiteBoard_Plotter/SoftConsole/WhiteBoard_Plotter_MSS_CM3_0/WhiteBoard_Plotter_MSS_CM3_0_hw_platform/Debug/CMSIS/startup_gcc/startup_a2fxxxm3.o
 .bss           0x00000000        0x0 N:/EECS373_Project/WhiteBoard_Plotter/SoftConsole/WhiteBoard_Plotter_MSS_CM3_0/WhiteBoard_Plotter_MSS_CM3_0_hw_platform/Debug/CMSIS/startup_gcc/startup_a2fxxxm3.o
 .text          0x00000000        0x0 N:/EECS373_Project/WhiteBoard_Plotter/SoftConsole/WhiteBoard_Plotter_MSS_CM3_0/WhiteBoard_Plotter_MSS_CM3_0_hw_platform/Debug/CMSIS/startup_gcc/newlib_stubs.o
 .data          0x00000000        0x0 N:/EECS373_Project/WhiteBoard_Plotter/SoftConsole/WhiteBoard_Plotter_MSS_CM3_0/WhiteBoard_Plotter_MSS_CM3_0_hw_platform/Debug/CMSIS/startup_gcc/newlib_stubs.o
 .bss           0x00000000        0x0 N:/EECS373_Project/WhiteBoard_Plotter/SoftConsole/WhiteBoard_Plotter_MSS_CM3_0/WhiteBoard_Plotter_MSS_CM3_0_hw_platform/Debug/CMSIS/startup_gcc/newlib_stubs.o
 .bss.g_stdio_uart_init_done
                0x00000000        0x4 N:/EECS373_Project/WhiteBoard_Plotter/SoftConsole/WhiteBoard_Plotter_MSS_CM3_0/WhiteBoard_Plotter_MSS_CM3_0_hw_platform/Debug/CMSIS/startup_gcc/newlib_stubs.o
 .bss.__env     0x00000000        0x4 N:/EECS373_Project/WhiteBoard_Plotter/SoftConsole/WhiteBoard_Plotter_MSS_CM3_0/WhiteBoard_Plotter_MSS_CM3_0_hw_platform/Debug/CMSIS/startup_gcc/newlib_stubs.o
 .data.environ  0x00000000        0x4 N:/EECS373_Project/WhiteBoard_Plotter/SoftConsole/WhiteBoard_Plotter_MSS_CM3_0/WhiteBoard_Plotter_MSS_CM3_0_hw_platform/Debug/CMSIS/startup_gcc/newlib_stubs.o
 .text._close   0x00000000       0x18 N:/EECS373_Project/WhiteBoard_Plotter/SoftConsole/WhiteBoard_Plotter_MSS_CM3_0/WhiteBoard_Plotter_MSS_CM3_0_hw_platform/Debug/CMSIS/startup_gcc/newlib_stubs.o
 .text._execve  0x00000000       0x28 N:/EECS373_Project/WhiteBoard_Plotter/SoftConsole/WhiteBoard_Plotter_MSS_CM3_0/WhiteBoard_Plotter_MSS_CM3_0_hw_platform/Debug/CMSIS/startup_gcc/newlib_stubs.o
 .text._exit    0x00000000        0xc N:/EECS373_Project/WhiteBoard_Plotter/SoftConsole/WhiteBoard_Plotter_MSS_CM3_0/WhiteBoard_Plotter_MSS_CM3_0_hw_platform/Debug/CMSIS/startup_gcc/newlib_stubs.o
 .text._fork    0x00000000       0x18 N:/EECS373_Project/WhiteBoard_Plotter/SoftConsole/WhiteBoard_Plotter_MSS_CM3_0/WhiteBoard_Plotter_MSS_CM3_0_hw_platform/Debug/CMSIS/startup_gcc/newlib_stubs.o
 .text._fstat   0x00000000       0x24 N:/EECS373_Project/WhiteBoard_Plotter/SoftConsole/WhiteBoard_Plotter_MSS_CM3_0/WhiteBoard_Plotter_MSS_CM3_0_hw_platform/Debug/CMSIS/startup_gcc/newlib_stubs.o
 .text._getpid  0x00000000       0x10 N:/EECS373_Project/WhiteBoard_Plotter/SoftConsole/WhiteBoard_Plotter_MSS_CM3_0/WhiteBoard_Plotter_MSS_CM3_0_hw_platform/Debug/CMSIS/startup_gcc/newlib_stubs.o
 .text._isatty  0x00000000       0x18 N:/EECS373_Project/WhiteBoard_Plotter/SoftConsole/WhiteBoard_Plotter_MSS_CM3_0/WhiteBoard_Plotter_MSS_CM3_0_hw_platform/Debug/CMSIS/startup_gcc/newlib_stubs.o
 .text._kill    0x00000000       0x24 N:/EECS373_Project/WhiteBoard_Plotter/SoftConsole/WhiteBoard_Plotter_MSS_CM3_0/WhiteBoard_Plotter_MSS_CM3_0_hw_platform/Debug/CMSIS/startup_gcc/newlib_stubs.o
 .text._link    0x00000000       0x24 N:/EECS373_Project/WhiteBoard_Plotter/SoftConsole/WhiteBoard_Plotter_MSS_CM3_0/WhiteBoard_Plotter_MSS_CM3_0_hw_platform/Debug/CMSIS/startup_gcc/newlib_stubs.o
 .text._lseek   0x00000000       0x1c N:/EECS373_Project/WhiteBoard_Plotter/SoftConsole/WhiteBoard_Plotter_MSS_CM3_0/WhiteBoard_Plotter_MSS_CM3_0_hw_platform/Debug/CMSIS/startup_gcc/newlib_stubs.o
 .text._open    0x00000000       0x1c N:/EECS373_Project/WhiteBoard_Plotter/SoftConsole/WhiteBoard_Plotter_MSS_CM3_0/WhiteBoard_Plotter_MSS_CM3_0_hw_platform/Debug/CMSIS/startup_gcc/newlib_stubs.o
 .text._read    0x00000000       0x1c N:/EECS373_Project/WhiteBoard_Plotter/SoftConsole/WhiteBoard_Plotter_MSS_CM3_0/WhiteBoard_Plotter_MSS_CM3_0_hw_platform/Debug/CMSIS/startup_gcc/newlib_stubs.o
 .text._write_r
                0x00000000       0x5c N:/EECS373_Project/WhiteBoard_Plotter/SoftConsole/WhiteBoard_Plotter_MSS_CM3_0/WhiteBoard_Plotter_MSS_CM3_0_hw_platform/Debug/CMSIS/startup_gcc/newlib_stubs.o
 .rodata        0x00000000       0x1c N:/EECS373_Project/WhiteBoard_Plotter/SoftConsole/WhiteBoard_Plotter_MSS_CM3_0/WhiteBoard_Plotter_MSS_CM3_0_hw_platform/Debug/CMSIS/startup_gcc/newlib_stubs.o
 .text._sbrk    0x00000000       0x94 N:/EECS373_Project/WhiteBoard_Plotter/SoftConsole/WhiteBoard_Plotter_MSS_CM3_0/WhiteBoard_Plotter_MSS_CM3_0_hw_platform/Debug/CMSIS/startup_gcc/newlib_stubs.o
 .text._stat    0x00000000       0x24 N:/EECS373_Project/WhiteBoard_Plotter/SoftConsole/WhiteBoard_Plotter_MSS_CM3_0/WhiteBoard_Plotter_MSS_CM3_0_hw_platform/Debug/CMSIS/startup_gcc/newlib_stubs.o
 .text._times   0x00000000       0x18 N:/EECS373_Project/WhiteBoard_Plotter/SoftConsole/WhiteBoard_Plotter_MSS_CM3_0/WhiteBoard_Plotter_MSS_CM3_0_hw_platform/Debug/CMSIS/startup_gcc/newlib_stubs.o
 .text._unlink  0x00000000       0x24 N:/EECS373_Project/WhiteBoard_Plotter/SoftConsole/WhiteBoard_Plotter_MSS_CM3_0/WhiteBoard_Plotter_MSS_CM3_0_hw_platform/Debug/CMSIS/startup_gcc/newlib_stubs.o
 .text._wait    0x00000000       0x24 N:/EECS373_Project/WhiteBoard_Plotter/SoftConsole/WhiteBoard_Plotter_MSS_CM3_0/WhiteBoard_Plotter_MSS_CM3_0_hw_platform/Debug/CMSIS/startup_gcc/newlib_stubs.o
 .bss.heap_end.3594
                0x00000000        0x4 N:/EECS373_Project/WhiteBoard_Plotter/SoftConsole/WhiteBoard_Plotter_MSS_CM3_0/WhiteBoard_Plotter_MSS_CM3_0_hw_platform/Debug/CMSIS/startup_gcc/newlib_stubs.o
 .text          0x00000000        0x0 N:\EECS373_Project\WhiteBoard_Plotter\SoftConsole\WhiteBoard_Plotter_MSS_CM3_0\WhiteBoard_Plotter_MSS_CM3_0_hw_platform\Debug\libWhiteBoard_Plotter_MSS_CM3_0_hw_platform.a(mss_uart.o)
 .data          0x00000000        0x0 N:\EECS373_Project\WhiteBoard_Plotter\SoftConsole\WhiteBoard_Plotter_MSS_CM3_0\WhiteBoard_Plotter_MSS_CM3_0_hw_platform\Debug\libWhiteBoard_Plotter_MSS_CM3_0_hw_platform.a(mss_uart.o)
 .bss           0x00000000        0x0 N:\EECS373_Project\WhiteBoard_Plotter\SoftConsole\WhiteBoard_Plotter_MSS_CM3_0\WhiteBoard_Plotter_MSS_CM3_0_hw_platform\Debug\libWhiteBoard_Plotter_MSS_CM3_0_hw_platform.a(mss_uart.o)
 .text.MSS_UART_polled_tx_string
                0x00000000       0xd0 N:\EECS373_Project\WhiteBoard_Plotter\SoftConsole\WhiteBoard_Plotter_MSS_CM3_0\WhiteBoard_Plotter_MSS_CM3_0_hw_platform\Debug\libWhiteBoard_Plotter_MSS_CM3_0_hw_platform.a(mss_uart.o)
 .text.MSS_UART_irq_tx
                0x00000000       0xb0 N:\EECS373_Project\WhiteBoard_Plotter\SoftConsole\WhiteBoard_Plotter_MSS_CM3_0\WhiteBoard_Plotter_MSS_CM3_0_hw_platform\Debug\libWhiteBoard_Plotter_MSS_CM3_0_hw_platform.a(mss_uart.o)
 .text.MSS_UART_tx_complete
                0x00000000       0x90 N:\EECS373_Project\WhiteBoard_Plotter\SoftConsole\WhiteBoard_Plotter_MSS_CM3_0\WhiteBoard_Plotter_MSS_CM3_0_hw_platform\Debug\libWhiteBoard_Plotter_MSS_CM3_0_hw_platform.a(mss_uart.o)
 .text.MSS_UART_set_loopback
                0x00000000       0x70 N:\EECS373_Project\WhiteBoard_Plotter\SoftConsole\WhiteBoard_Plotter_MSS_CM3_0\WhiteBoard_Plotter_MSS_CM3_0_hw_platform\Debug\libWhiteBoard_Plotter_MSS_CM3_0_hw_platform.a(mss_uart.o)
 .text.MSS_UART_set_rxstatus_handler
                0x00000000       0x84 N:\EECS373_Project\WhiteBoard_Plotter\SoftConsole\WhiteBoard_Plotter_MSS_CM3_0\WhiteBoard_Plotter_MSS_CM3_0_hw_platform\Debug\libWhiteBoard_Plotter_MSS_CM3_0_hw_platform.a(mss_uart.o)
 .text.MSS_UART_set_tx_handler
                0x00000000       0x94 N:\EECS373_Project\WhiteBoard_Plotter\SoftConsole\WhiteBoard_Plotter_MSS_CM3_0\WhiteBoard_Plotter_MSS_CM3_0_hw_platform\Debug\libWhiteBoard_Plotter_MSS_CM3_0_hw_platform.a(mss_uart.o)
 .text.MSS_UART_set_modemstatus_handler
                0x00000000       0x84 N:\EECS373_Project\WhiteBoard_Plotter\SoftConsole\WhiteBoard_Plotter_MSS_CM3_0\WhiteBoard_Plotter_MSS_CM3_0_hw_platform\Debug\libWhiteBoard_Plotter_MSS_CM3_0_hw_platform.a(mss_uart.o)
 .text.MSS_UART_fill_tx_fifo
                0x00000000       0xd4 N:\EECS373_Project\WhiteBoard_Plotter\SoftConsole\WhiteBoard_Plotter_MSS_CM3_0\WhiteBoard_Plotter_MSS_CM3_0_hw_platform\Debug\libWhiteBoard_Plotter_MSS_CM3_0_hw_platform.a(mss_uart.o)
 .text.MSS_UART_get_rx_status
                0x00000000       0x80 N:\EECS373_Project\WhiteBoard_Plotter\SoftConsole\WhiteBoard_Plotter_MSS_CM3_0\WhiteBoard_Plotter_MSS_CM3_0_hw_platform\Debug\libWhiteBoard_Plotter_MSS_CM3_0_hw_platform.a(mss_uart.o)
 .text.MSS_UART_get_modem_status
                0x00000000       0x60 N:\EECS373_Project\WhiteBoard_Plotter\SoftConsole\WhiteBoard_Plotter_MSS_CM3_0\WhiteBoard_Plotter_MSS_CM3_0_hw_platform\Debug\libWhiteBoard_Plotter_MSS_CM3_0_hw_platform.a(mss_uart.o)
 .text.MSS_UART_get_tx_status
                0x00000000       0x78 N:\EECS373_Project\WhiteBoard_Plotter\SoftConsole\WhiteBoard_Plotter_MSS_CM3_0\WhiteBoard_Plotter_MSS_CM3_0_hw_platform\Debug\libWhiteBoard_Plotter_MSS_CM3_0_hw_platform.a(mss_uart.o)
 .text          0x00000000        0x0 N:\EECS373_Project\WhiteBoard_Plotter\SoftConsole\WhiteBoard_Plotter_MSS_CM3_0\WhiteBoard_Plotter_MSS_CM3_0_hw_platform\Debug\libWhiteBoard_Plotter_MSS_CM3_0_hw_platform.a(system_a2fxxxm3.o)
 .data          0x00000000        0x0 N:\EECS373_Project\WhiteBoard_Plotter\SoftConsole\WhiteBoard_Plotter_MSS_CM3_0\WhiteBoard_Plotter_MSS_CM3_0_hw_platform\Debug\libWhiteBoard_Plotter_MSS_CM3_0_hw_platform.a(system_a2fxxxm3.o)
 .bss           0x00000000        0x0 N:\EECS373_Project\WhiteBoard_Plotter\SoftConsole\WhiteBoard_Plotter_MSS_CM3_0\WhiteBoard_Plotter_MSS_CM3_0_hw_platform\Debug\libWhiteBoard_Plotter_MSS_CM3_0_hw_platform.a(system_a2fxxxm3.o)
 .data          0x00000000        0x0 c:/microsemi/softconsole v3.3/sourcery-g++/bin/../lib/gcc/arm-none-eabi/4.4.1/thumb2\libgcc.a(_arm_addsubdf3.o)
 .bss           0x00000000        0x0 c:/microsemi/softconsole v3.3/sourcery-g++/bin/../lib/gcc/arm-none-eabi/4.4.1/thumb2\libgcc.a(_arm_addsubdf3.o)
 .data          0x00000000        0x0 c:/microsemi/softconsole v3.3/sourcery-g++/bin/../lib/gcc/arm-none-eabi/4.4.1/thumb2\libgcc.a(_arm_muldivdf3.o)
 .bss           0x00000000        0x0 c:/microsemi/softconsole v3.3/sourcery-g++/bin/../lib/gcc/arm-none-eabi/4.4.1/thumb2\libgcc.a(_arm_muldivdf3.o)
 .data          0x00000000        0x0 c:/microsemi/softconsole v3.3/sourcery-g++/bin/../lib/gcc/arm-none-eabi/4.4.1/thumb2\libgcc.a(_arm_cmpdf2.o)
 .bss           0x00000000        0x0 c:/microsemi/softconsole v3.3/sourcery-g++/bin/../lib/gcc/arm-none-eabi/4.4.1/thumb2\libgcc.a(_arm_cmpdf2.o)
 .data          0x00000000        0x0 c:/microsemi/softconsole v3.3/sourcery-g++/bin/../lib/gcc/arm-none-eabi/4.4.1/thumb2\libgcc.a(_arm_fixdfsi.o)
 .bss           0x00000000        0x0 c:/microsemi/softconsole v3.3/sourcery-g++/bin/../lib/gcc/arm-none-eabi/4.4.1/thumb2\libgcc.a(_arm_fixdfsi.o)
 .data          0x00000000        0x0 c:/microsemi/softconsole v3.3/sourcery-g++/bin/../lib/gcc/arm-none-eabi/4.4.1/../../../../arm-none-eabi/lib/thumb2\libc.a(lib_a-errno.o)
 .bss           0x00000000        0x0 c:/microsemi/softconsole v3.3/sourcery-g++/bin/../lib/gcc/arm-none-eabi/4.4.1/../../../../arm-none-eabi/lib/thumb2\libc.a(lib_a-errno.o)
 .text          0x00000000        0x0 c:/microsemi/softconsole v3.3/sourcery-g++/bin/../lib/gcc/arm-none-eabi/4.4.1/../../../../arm-none-eabi/lib/thumb2\libc.a(lib_a-impure.o)
 .bss           0x00000000        0x0 c:/microsemi/softconsole v3.3/sourcery-g++/bin/../lib/gcc/arm-none-eabi/4.4.1/../../../../arm-none-eabi/lib/thumb2\libc.a(lib_a-impure.o)
 .rodata        0x00000000        0x4 c:/microsemi/softconsole v3.3/sourcery-g++/bin/../lib/gcc/arm-none-eabi/4.4.1/../../../../arm-none-eabi/lib/thumb2\libc.a(lib_a-impure.o)
 .data          0x00000000        0x0 c:/microsemi/softconsole v3.3/sourcery-g++/bin/../lib/gcc/arm-none-eabi/4.4.1/../../../../arm-none-eabi/lib/thumb2\libc.a(lib_a-init.o)
 .bss           0x00000000        0x0 c:/microsemi/softconsole v3.3/sourcery-g++/bin/../lib/gcc/arm-none-eabi/4.4.1/../../../../arm-none-eabi/lib/thumb2\libc.a(lib_a-init.o)
 .text          0x00000000        0x0 c:/microsemi/softconsole v3.3/sourcery-g++/bin/../lib/gcc/arm-none-eabi/4.4.1/thumb2/crtend.o
 .data          0x00000000        0x0 c:/microsemi/softconsole v3.3/sourcery-g++/bin/../lib/gcc/arm-none-eabi/4.4.1/thumb2/crtend.o
 .bss           0x00000000        0x0 c:/microsemi/softconsole v3.3/sourcery-g++/bin/../lib/gcc/arm-none-eabi/4.4.1/thumb2/crtend.o
 .text          0x00000000        0x0 c:/microsemi/softconsole v3.3/sourcery-g++/bin/../lib/gcc/arm-none-eabi/4.4.1/thumb2/crtn.o
 .data          0x00000000        0x0 c:/microsemi/softconsole v3.3/sourcery-g++/bin/../lib/gcc/arm-none-eabi/4.4.1/thumb2/crtn.o
 .bss           0x00000000        0x0 c:/microsemi/softconsole v3.3/sourcery-g++/bin/../lib/gcc/arm-none-eabi/4.4.1/thumb2/crtn.o
 .data          0x00000000        0x0 c:/microsemi/softconsole v3.3/sourcery-g++/bin/../lib/gcc/arm-none-eabi/4.4.1/../../../../arm-none-eabi/lib/thumb2\libm.a(lib_a-w_sqrt.o)
 .bss           0x00000000        0x0 c:/microsemi/softconsole v3.3/sourcery-g++/bin/../lib/gcc/arm-none-eabi/4.4.1/../../../../arm-none-eabi/lib/thumb2\libm.a(lib_a-w_sqrt.o)
 .data          0x00000000        0x0 c:/microsemi/softconsole v3.3/sourcery-g++/bin/../lib/gcc/arm-none-eabi/4.4.1/../../../../arm-none-eabi/lib/thumb2\libm.a(lib_a-e_sqrt.o)
 .bss           0x00000000        0x0 c:/microsemi/softconsole v3.3/sourcery-g++/bin/../lib/gcc/arm-none-eabi/4.4.1/../../../../arm-none-eabi/lib/thumb2\libm.a(lib_a-e_sqrt.o)
 .data          0x00000000        0x0 c:/microsemi/softconsole v3.3/sourcery-g++/bin/../lib/gcc/arm-none-eabi/4.4.1/../../../../arm-none-eabi/lib/thumb2\libm.a(lib_a-s_isnand.o)
 .bss           0x00000000        0x0 c:/microsemi/softconsole v3.3/sourcery-g++/bin/../lib/gcc/arm-none-eabi/4.4.1/../../../../arm-none-eabi/lib/thumb2\libm.a(lib_a-s_isnand.o)
 .text          0x00000000        0x0 c:/microsemi/softconsole v3.3/sourcery-g++/bin/../lib/gcc/arm-none-eabi/4.4.1/../../../../arm-none-eabi/lib/thumb2\libm.a(lib_a-s_lib_ver.o)
 .bss           0x00000000        0x0 c:/microsemi/softconsole v3.3/sourcery-g++/bin/../lib/gcc/arm-none-eabi/4.4.1/../../../../arm-none-eabi/lib/thumb2\libm.a(lib_a-s_lib_ver.o)
 .data          0x00000000        0x0 c:/microsemi/softconsole v3.3/sourcery-g++/bin/../lib/gcc/arm-none-eabi/4.4.1/../../../../arm-none-eabi/lib/thumb2\libm.a(lib_a-s_matherr.o)
 .bss           0x00000000        0x0 c:/microsemi/softconsole v3.3/sourcery-g++/bin/../lib/gcc/arm-none-eabi/4.4.1/../../../../arm-none-eabi/lib/thumb2\libm.a(lib_a-s_matherr.o)

Memory Configuration

Name             Origin             Length             Attributes
rom              0x60000000         0x00040000         xr
romMirror        0x00000000         0x00040000         xr
ram              0x20000000         0x00010000         xrw
*default*        0x00000000         0xffffffff

Linker script and memory map

LOAD c:/microsemi/softconsole v3.3/sourcery-g++/bin/../lib/gcc/arm-none-eabi/4.4.1/thumb2/crti.o
LOAD c:/microsemi/softconsole v3.3/sourcery-g++/bin/../lib/gcc/arm-none-eabi/4.4.1/thumb2/crtbegin.o
LOAD ./main.o
LOAD ./stepper.o
LOAD N:/EECS373_Project/WhiteBoard_Plotter/SoftConsole/WhiteBoard_Plotter_MSS_CM3_0/WhiteBoard_Plotter_MSS_CM3_0_hw_platform/Debug/CMSIS/startup_gcc/startup_a2fxxxm3.o
LOAD N:/EECS373_Project/WhiteBoard_Plotter/SoftConsole/WhiteBoard_Plotter_MSS_CM3_0/WhiteBoard_Plotter_MSS_CM3_0_hw_platform/Debug/CMSIS/startup_gcc/newlib_stubs.o
LOAD N:\EECS373_Project\WhiteBoard_Plotter\SoftConsole\WhiteBoard_Plotter_MSS_CM3_0\WhiteBoard_Plotter_MSS_CM3_0_hw_platform\Debug\libWhiteBoard_Plotter_MSS_CM3_0_hw_platform.a
START GROUP
LOAD c:/microsemi/softconsole v3.3/sourcery-g++/bin/../lib/gcc/arm-none-eabi/4.4.1/thumb2\libgcc.a
LOAD c:/microsemi/softconsole v3.3/sourcery-g++/bin/../lib/gcc/arm-none-eabi/4.4.1/../../../../arm-none-eabi/lib/thumb2\libc.a
END GROUP
LOAD c:/microsemi/softconsole v3.3/sourcery-g++/bin/../lib/gcc/arm-none-eabi/4.4.1/thumb2/crtend.o
LOAD c:/microsemi/softconsole v3.3/sourcery-g++/bin/../lib/gcc/arm-none-eabi/4.4.1/thumb2/crtn.o
START GROUP
LOAD c:/microsemi/softconsole v3.3/sourcery-g++/bin/../lib/gcc/arm-none-eabi/4.4.1/../../../../arm-none-eabi/lib/thumb2\libc.a
LOAD c:/microsemi/softconsole v3.3/sourcery-g++/bin/../lib/gcc/arm-none-eabi/4.4.1/thumb2\libgcc.a
LOAD c:/microsemi/softconsole v3.3/sourcery-g++/bin/../lib/gcc/arm-none-eabi/4.4.1/../../../../arm-none-eabi/lib/thumb2\libm.a
END GROUP
                0x00000000                __DYNAMIC = 0x0
                0x20000000                RAM_START_ADDRESS = 0x20000000
                0x00010000                RAM_SIZE = 0x10000
                0x00002000                MAIN_STACK_SIZE = 0x2000
                0x00001000                PROCESS_STACK_SIZE = 0x1000
                0x20010000                PROVIDE (__main_stack_start, (RAM_START_ADDRESS + RAM_SIZE))
                0x2000e000                PROVIDE (__process_stack_start, (__main_stack_start - MAIN_STACK_SIZE))
                0x20010000                PROVIDE (_estack, __main_stack_start)
                0x00000001                PROVIDE (__mirrored_nvm, 0x1)

.init           0x00000000      0x470 load address 0x60000000
                0x00000000                __vector_table_vma_base_address = .
 *(.isr_vector)
 .isr_vector    0x00000000      0x470 N:/EECS373_Project/WhiteBoard_Plotter/SoftConsole/WhiteBoard_Plotter_MSS_CM3_0/WhiteBoard_Plotter_MSS_CM3_0_hw_platform/Debug/CMSIS/startup_gcc/startup_a2fxxxm3.o
                0x00000000                g_pfnVectors
                0x00000298                Reset_Handler
                0x00000308                NMI_Handler
                0x0000030a                HardFault_Handler
                0x0000030c                MemManage_Handler
                0x0000030e                BusFault_Handler
                0x00000310                UsageFault_Handler
                0x00000312                SVC_Handler
                0x00000314                DebugMon_Handler
                0x00000316                PendSV_Handler
                0x00000318                SysTick_Handler
                0x0000031a                WdogWakeup_IRQHandler
                0x0000031c                BrownOut_1_5V_IRQHandler
                0x0000031e                BrownOut_3_3V_IRQHandler
                0x00000320                RTC_Match_IRQHandler
                0x00000322                RTCIF_Pub_IRQHandler
                0x00000324                EthernetMAC_IRQHandler
                0x00000326                IAP_IRQHandler
                0x00000328                ENVM0_IRQHandler
                0x0000032a                ENVM1_IRQHandler
                0x0000032c                DMA_IRQHandler
                0x00000332                SPI0_IRQHandler
                0x00000334                SPI1_IRQHandler
                0x00000336                I2C0_IRQHandler
                0x00000338                I2C0_SMBAlert_IRQHandler
                0x0000033a                I2C0_SMBus_IRQHandler
                0x0000033c                I2C1_IRQHandler
                0x0000033e                I2C1_SMBAlert_IRQHandler
                0x00000340                I2C1_SMBus_IRQHandler
                0x00000346                PLL_Lock_IRQHandler
                0x00000348                PLL_LockLost_IRQHandler
                0x0000034a                CommError_IRQHandler
                0x0000034c                Fabric_IRQHandler
                0x0000034e                GPIO0_IRQHandler
                0x00000350                GPIO1_IRQHandler
                0x00000352                GPIO2_IRQHandler
                0x00000354                GPIO3_IRQHandler
                0x00000356                GPIO4_IRQHandler
                0x00000358                GPIO5_IRQHandler
                0x0000035a                GPIO6_IRQHandler
                0x0000035c                GPIO7_IRQHandler
                0x0000035e                GPIO8_IRQHandler
                0x00000360                GPIO9_IRQHandler
                0x00000362                GPIO10_IRQHandler
                0x00000364                GPIO11_IRQHandler
                0x00000366                GPIO12_IRQHandler
                0x00000368                GPIO13_IRQHandler
                0x0000036a                GPIO14_IRQHandler
                0x0000036c                GPIO15_IRQHandler
                0x0000036e                GPIO16_IRQHandler
                0x00000370                GPIO17_IRQHandler
                0x00000372                GPIO18_IRQHandler
                0x00000374                GPIO19_IRQHandler
                0x00000376                GPIO20_IRQHandler
                0x00000378                GPIO21_IRQHandler
                0x0000037a                GPIO22_IRQHandler
                0x0000037c                GPIO23_IRQHandler
                0x0000037e                GPIO24_IRQHandler
                0x00000380                GPIO25_IRQHandler
                0x00000382                GPIO26_IRQHandler
                0x00000384                GPIO27_IRQHandler
                0x00000386                GPIO28_IRQHandler
                0x00000388                GPIO29_IRQHandler
                0x0000038a                GPIO30_IRQHandler
                0x0000038c                GPIO31_IRQHandler
                0x0000038e                ACE_PC0_Flag0_IRQHandler
                0x00000390                ACE_PC0_Flag1_IRQHandler
                0x00000392                ACE_PC0_Flag2_IRQHandler
                0x00000394                ACE_PC0_Flag3_IRQHandler
                0x00000396                ACE_PC1_Flag0_IRQHandler
                0x00000398                ACE_PC1_Flag1_IRQHandler
                0x0000039a                ACE_PC1_Flag2_IRQHandler
                0x0000039c                ACE_PC1_Flag3_IRQHandler
                0x0000039e                ACE_PC2_Flag0_IRQHandler
                0x000003a0                ACE_PC2_Flag1_IRQHandler
                0x000003a2                ACE_PC2_Flag2_IRQHandler
                0x000003a4                ACE_PC2_Flag3_IRQHandler
                0x000003a6                ACE_ADC0_DataValid_IRQHandler
                0x000003a8                ACE_ADC1_DataValid_IRQHandler
                0x000003aa                ACE_ADC2_DataValid_IRQHandler
                0x000003ac                ACE_ADC0_CalDone_IRQHandler
                0x000003ae                ACE_ADC1_CalDone_IRQHandler
                0x000003b0                ACE_ADC2_CalDone_IRQHandler
                0x000003b2                ACE_ADC0_CalStart_IRQHandler
                0x000003b4                ACE_ADC1_CalStart_IRQHandler
                0x000003b6                ACE_ADC2_CalStart_IRQHandler
                0x000003b8                ACE_Comp0_Fall_IRQHandler
                0x000003ba                ACE_Comp1_Fall_IRQHandler
                0x000003bc                ACE_Comp2_Fall_IRQHandler
                0x000003be                ACE_Comp3_Fall_IRQHandler
                0x000003c0                ACE_Comp4_Fall_IRQHandler
                0x000003c2                ACE_Comp5_Fall_IRQHandler
                0x000003c4                ACE_Comp6_Fall_IRQHandler
                0x000003c6                ACE_Comp7_Fall_IRQHandler
                0x000003c8                ACE_Comp8_Fall_IRQHandler
                0x000003ca                ACE_Comp9_Fall_IRQHandler
                0x000003cc                ACE_Comp10_Fall_IRQHandler
                0x000003ce                ACE_Comp11_Fall_IRQHandler
                0x000003d0                ACE_Comp0_Rise_IRQHandler
                0x000003d2                ACE_Comp1_Rise_IRQHandler
                0x000003d4                ACE_Comp2_Rise_IRQHandler
                0x000003d6                ACE_Comp3_Rise_IRQHandler
                0x000003d8                ACE_Comp4_Rise_IRQHandler
                0x000003da                ACE_Comp5_Rise_IRQHandler
                0x000003dc                ACE_Comp6_Rise_IRQHandler
                0x000003de                ACE_Comp7_Rise_IRQHandler
                0x000003e0                ACE_Comp8_Rise_IRQHandler
                0x000003e2                ACE_Comp9_Rise_IRQHandler
                0x000003e4                ACE_Comp10_Rise_IRQHandler
                0x000003e6                ACE_Comp11_Rise_IRQHandler
                0x000003e8                ACE_ADC0_FifoFull_IRQHandler
                0x000003ea                ACE_ADC0_FifoAFull_IRQHandler
                0x000003ec                ACE_ADC0_FifoEmpty_IRQHandler
                0x000003ee                ACE_ADC1_FifoFull_IRQHandler
                0x000003f0                ACE_ADC1_FifoAFull_IRQHandler
                0x000003f2                ACE_ADC1_FifoEmpty_IRQHandler
                0x000003f4                ACE_ADC2_FifoFull_IRQHandler
                0x000003f6                ACE_ADC2_FifoAFull_IRQHandler
                0x000003f8                ACE_ADC2_FifoEmpty_IRQHandler
                0x000003fa                ACE_PPE_Flag0_IRQHandler
                0x000003fc                ACE_PPE_Flag1_IRQHandler
                0x000003fe                ACE_PPE_Flag2_IRQHandler
                0x00000400                ACE_PPE_Flag3_IRQHandler
                0x00000402                ACE_PPE_Flag4_IRQHandler
                0x00000404                ACE_PPE_Flag5_IRQHandler
                0x00000406                ACE_PPE_Flag6_IRQHandler
                0x00000408                ACE_PPE_Flag7_IRQHandler
                0x0000040a                ACE_PPE_Flag8_IRQHandler
                0x0000040c                ACE_PPE_Flag9_IRQHandler
                0x0000040e                ACE_PPE_Flag10_IRQHandler
                0x00000410                ACE_PPE_Flag11_IRQHandler
                0x00000412                ACE_PPE_Flag12_IRQHandler
                0x00000414                ACE_PPE_Flag13_IRQHandler
                0x00000416                ACE_PPE_Flag14_IRQHandler
                0x00000418                ACE_PPE_Flag15_IRQHandler
                0x0000041a                ACE_PPE_Flag16_IRQHandler
                0x0000041c                ACE_PPE_Flag17_IRQHandler
                0x0000041e                ACE_PPE_Flag18_IRQHandler
                0x00000420                ACE_PPE_Flag19_IRQHandler
                0x00000422                ACE_PPE_Flag20_IRQHandler
                0x00000424                ACE_PPE_Flag21_IRQHandler
                0x00000426                ACE_PPE_Flag22_IRQHandler
                0x00000428                ACE_PPE_Flag23_IRQHandler
                0x0000042a                ACE_PPE_Flag24_IRQHandler
                0x0000042c                ACE_PPE_Flag25_IRQHandler
                0x0000042e                ACE_PPE_Flag26_IRQHandler
                0x00000430                ACE_PPE_Flag27_IRQHandler
                0x00000432                ACE_PPE_Flag28_IRQHandler
                0x00000434                ACE_PPE_Flag29_IRQHandler
                0x00000436                ACE_PPE_Flag30_IRQHandler
                0x00000438                ACE_PPE_Flag31_IRQHandler
                0x00000470                . = ALIGN (0x4)

.text           0x00000470     0x7124 load address 0x60000470
 CREATE_OBJECT_SYMBOLS
                0x60000470                __text_load = LOADADDR (.text)
                0x00000470                __text_start = .
 *(.text .text.* .gnu.linkonce.t.*)
 .text          0x00000470       0x30 c:/microsemi/softconsole v3.3/sourcery-g++/bin/../lib/gcc/arm-none-eabi/4.4.1/thumb2/crtbegin.o
 .text.NVIC_EnableIRQ
                0x000004a0       0x38 ./main.o
 .text.NVIC_DisableIRQ
                0x000004d8       0x3c ./main.o
 .text.NVIC_ClearPendingIRQ
                0x00000514       0x3c ./main.o
 .text.MSS_TIM1_init
                0x00000550       0x84 ./main.o
 .text.MSS_TIM1_start
                0x000005d4       0x1c ./main.o
 .text.MSS_TIM1_stop
                0x000005f0       0x1c ./main.o
 .text.MSS_TIM1_load_immediate
                0x0000060c       0x20 ./main.o
 .text.MSS_TIM1_enable_irq
                0x0000062c       0x20 ./main.o
 .text.MSS_TIM1_clear_irq
                0x0000064c       0x1c ./main.o
 .text.MSS_TIM2_init
                0x00000668       0x84 ./main.o
 .text.MSS_TIM2_start
                0x000006ec       0x1c ./main.o
 .text.MSS_TIM2_stop
                0x00000708       0x1c ./main.o
 .text.MSS_TIM2_load_immediate
                0x00000724       0x20 ./main.o
 .text.MSS_TIM2_enable_irq
                0x00000744       0x20 ./main.o
 .text.MSS_TIM2_clear_irq
                0x00000764       0x1c ./main.o
 .text.calculateSquaredDistance
                0x00000780       0x64 ./main.o
                0x00000780                calculateSquaredDistance
 *fill*         0x000007e4        0x4 00
 .text.calculateMotorDir
                0x000007e8      0x118 ./main.o
                0x000007e8                calculateMotorDir
 .text.sendMessage
                0x00000900       0xf4 ./main.o
                0x00000900                sendMessage
 .text.uart1_rx_handler
                0x000009f4      0x334 ./main.o
                0x000009f4                uart1_rx_handler
 .text.motorLeft
                0x00000d28       0xa8 ./main.o
                0x00000d28                motorLeft
 .text.motorRight
                0x00000dd0       0xa8 ./main.o
                0x00000dd0                motorRight
 .text.start_hardware_timer1
                0x00000e78       0x28 ./main.o
                0x00000e78                start_hardware_timer1
 .text.start_hardware_timer2
                0x00000ea0       0x28 ./main.o
                0x00000ea0                start_hardware_timer2
 .text.Timer1_IRQHandler
                0x00000ec8       0x34 ./main.o
                0x00000ec8                Timer1_IRQHandler
 .text.Timer2_IRQHandler
                0x00000efc       0x34 ./main.o
                0x00000efc                Timer2_IRQHandler
 .text.interfaceConfig
                0x00000f30      0x160 ./main.o
                0x00000f30                interfaceConfig
 .text.periodFinder
                0x00001090       0xb8 ./main.o
                0x00001090                periodFinder
 .text.makeLine
                0x00001148      0x670 ./main.o
                0x00001148                makeLine
 .text.drawCharacter
                0x000017b8     0x40c8 ./main.o
                0x000017b8                drawCharacter
 .text.uart0_rx_handler
                0x00005880       0x7c ./main.o
                0x00005880                uart0_rx_handler
 .text.drawHardCoded
                0x000058fc       0xc4 ./main.o
                0x000058fc                drawHardCoded
 .text.drawFreeform
                0x000059c0      0x2c0 ./main.o
                0x000059c0                drawFreeform
 .text.main     0x00005c80      0x158 ./main.o
                0x00005c80                main
 .text.MSS_GPIO_set_outputs
                0x00005dd8       0x20 ./stepper.o
 .text.stepper_config
                0x00005df8       0x24 ./stepper.o
                0x00005df8                stepper_config
 .text.step     0x00005e1c       0x5c ./stepper.o
                0x00005e1c                step
 .text.NVIC_EnableIRQ
                0x00005e78       0x38 N:\EECS373_Project\WhiteBoard_Plotter\SoftConsole\WhiteBoard_Plotter_MSS_CM3_0\WhiteBoard_Plotter_MSS_CM3_0_hw_platform\Debug\libWhiteBoard_Plotter_MSS_CM3_0_hw_platform.a(mss_uart.o)
 .text.NVIC_DisableIRQ
                0x00005eb0       0x3c N:\EECS373_Project\WhiteBoard_Plotter\SoftConsole\WhiteBoard_Plotter_MSS_CM3_0\WhiteBoard_Plotter_MSS_CM3_0_hw_platform\Debug\libWhiteBoard_Plotter_MSS_CM3_0_hw_platform.a(mss_uart.o)
 .text.NVIC_ClearPendingIRQ
                0x00005eec       0x3c N:\EECS373_Project\WhiteBoard_Plotter\SoftConsole\WhiteBoard_Plotter_MSS_CM3_0\WhiteBoard_Plotter_MSS_CM3_0_hw_platform\Debug\libWhiteBoard_Plotter_MSS_CM3_0_hw_platform.a(mss_uart.o)
 .text.MSS_UART_init
                0x00005f28      0x204 N:\EECS373_Project\WhiteBoard_Plotter\SoftConsole\WhiteBoard_Plotter_MSS_CM3_0\WhiteBoard_Plotter_MSS_CM3_0_hw_platform\Debug\libWhiteBoard_Plotter_MSS_CM3_0_hw_platform.a(mss_uart.o)
                0x00005f28                MSS_UART_init
 .text.MSS_UART_polled_tx
                0x0000612c       0xe4 N:\EECS373_Project\WhiteBoard_Plotter\SoftConsole\WhiteBoard_Plotter_MSS_CM3_0\WhiteBoard_Plotter_MSS_CM3_0_hw_platform\Debug\libWhiteBoard_Plotter_MSS_CM3_0_hw_platform.a(mss_uart.o)
                0x0000612c                MSS_UART_polled_tx
 .text.MSS_UART_get_rx
                0x00006210       0xdc N:\EECS373_Project\WhiteBoard_Plotter\SoftConsole\WhiteBoard_Plotter_MSS_CM3_0\WhiteBoard_Plotter_MSS_CM3_0_hw_platform\Debug\libWhiteBoard_Plotter_MSS_CM3_0_hw_platform.a(mss_uart.o)
                0x00006210                MSS_UART_get_rx
 .text.MSS_UART_enable_irq
                0x000062ec       0x7c N:\EECS373_Project\WhiteBoard_Plotter\SoftConsole\WhiteBoard_Plotter_MSS_CM3_0\WhiteBoard_Plotter_MSS_CM3_0_hw_platform\Debug\libWhiteBoard_Plotter_MSS_CM3_0_hw_platform.a(mss_uart.o)
                0x000062ec                MSS_UART_enable_irq
 .text.MSS_UART_disable_irq
                0x00006368       0x88 N:\EECS373_Project\WhiteBoard_Plotter\SoftConsole\WhiteBoard_Plotter_MSS_CM3_0\WhiteBoard_Plotter_MSS_CM3_0_hw_platform\Debug\libWhiteBoard_Plotter_MSS_CM3_0_hw_platform.a(mss_uart.o)
                0x00006368                MSS_UART_disable_irq
 .text.MSS_UART_isr
                0x000063f0      0x11c N:\EECS373_Project\WhiteBoard_Plotter\SoftConsole\WhiteBoard_Plotter_MSS_CM3_0\WhiteBoard_Plotter_MSS_CM3_0_hw_platform\Debug\libWhiteBoard_Plotter_MSS_CM3_0_hw_platform.a(mss_uart.o)
 .text.default_tx_handler
                0x0000650c      0x108 N:\EECS373_Project\WhiteBoard_Plotter\SoftConsole\WhiteBoard_Plotter_MSS_CM3_0\WhiteBoard_Plotter_MSS_CM3_0_hw_platform\Debug\libWhiteBoard_Plotter_MSS_CM3_0_hw_platform.a(mss_uart.o)
 .text.MSS_UART_set_rx_handler
                0x00006614       0xa8 N:\EECS373_Project\WhiteBoard_Plotter\SoftConsole\WhiteBoard_Plotter_MSS_CM3_0\WhiteBoard_Plotter_MSS_CM3_0_hw_platform\Debug\libWhiteBoard_Plotter_MSS_CM3_0_hw_platform.a(mss_uart.o)
                0x00006614                MSS_UART_set_rx_handler
 .text.UART0_IRQHandler
                0x000066bc       0x2c N:\EECS373_Project\WhiteBoard_Plotter\SoftConsole\WhiteBoard_Plotter_MSS_CM3_0\WhiteBoard_Plotter_MSS_CM3_0_hw_platform\Debug\libWhiteBoard_Plotter_MSS_CM3_0_hw_platform.a(mss_uart.o)
                0x000066bc                UART0_IRQHandler
 .text.UART1_IRQHandler
                0x000066e8       0x2c N:\EECS373_Project\WhiteBoard_Plotter\SoftConsole\WhiteBoard_Plotter_MSS_CM3_0\WhiteBoard_Plotter_MSS_CM3_0_hw_platform\Debug\libWhiteBoard_Plotter_MSS_CM3_0_hw_platform.a(mss_uart.o)
                0x000066e8                UART1_IRQHandler
 .text.SystemInit
                0x00006714        0xc N:\EECS373_Project\WhiteBoard_Plotter\SoftConsole\WhiteBoard_Plotter_MSS_CM3_0\WhiteBoard_Plotter_MSS_CM3_0_hw_platform\Debug\libWhiteBoard_Plotter_MSS_CM3_0_hw_platform.a(system_a2fxxxm3.o)
                0x00006714                SystemInit
 .text.SystemCoreClockUpdate
                0x00006720      0x150 N:\EECS373_Project\WhiteBoard_Plotter\SoftConsole\WhiteBoard_Plotter_MSS_CM3_0\WhiteBoard_Plotter_MSS_CM3_0_hw_platform\Debug\libWhiteBoard_Plotter_MSS_CM3_0_hw_platform.a(system_a2fxxxm3.o)
                0x00006720                SystemCoreClockUpdate
 .text.GetSystemClock
                0x00006870       0xe8 N:\EECS373_Project\WhiteBoard_Plotter\SoftConsole\WhiteBoard_Plotter_MSS_CM3_0\WhiteBoard_Plotter_MSS_CM3_0_hw_platform\Debug\libWhiteBoard_Plotter_MSS_CM3_0_hw_platform.a(system_a2fxxxm3.o)
 .text          0x00006958      0x370 c:/microsemi/softconsole v3.3/sourcery-g++/bin/../lib/gcc/arm-none-eabi/4.4.1/thumb2\libgcc.a(_arm_addsubdf3.o)
                0x00006958                __aeabi_drsub
                0x00006960                __aeabi_dsub
                0x00006960                __subdf3
                0x00006964                __aeabi_dadd
                0x00006964                __adddf3
                0x00006bdc                __floatunsidf
                0x00006bdc                __aeabi_ui2d
                0x00006bfc                __floatsidf
                0x00006bfc                __aeabi_i2d
                0x00006c20                __aeabi_f2d
                0x00006c20                __extendsfdf2
                0x00006c5c                __floatundidf
                0x00006c5c                __aeabi_ul2d
                0x00006c6c                __floatdidf
                0x00006c6c                __aeabi_l2d
 .text          0x00006cc8      0x424 c:/microsemi/softconsole v3.3/sourcery-g++/bin/../lib/gcc/arm-none-eabi/4.4.1/thumb2\libgcc.a(_arm_muldivdf3.o)
                0x00006cc8                __aeabi_dmul
                0x00006cc8                __muldf3
                0x00006f1c                __divdf3
                0x00006f1c                __aeabi_ddiv
 .text          0x000070ec      0x110 c:/microsemi/softconsole v3.3/sourcery-g++/bin/../lib/gcc/arm-none-eabi/4.4.1/thumb2\libgcc.a(_arm_cmpdf2.o)
                0x000070ec                __gtdf2
                0x000070ec                __gedf2
                0x000070f4                __ltdf2
                0x000070f4                __ledf2
                0x000070fc                __nedf2
                0x000070fc                __eqdf2
                0x000070fc                __cmpdf2
                0x00007178                __aeabi_cdrcmple
                0x00007188                __aeabi_cdcmpeq
                0x00007188                __aeabi_cdcmple
                0x00007198                __aeabi_dcmpeq
                0x000071ac                __aeabi_dcmplt
                0x000071c0                __aeabi_dcmple
                0x000071d4                __aeabi_dcmpge
                0x000071e8                __aeabi_dcmpgt
 .text          0x000071fc       0x50 c:/microsemi/softconsole v3.3/sourcery-g++/bin/../lib/gcc/arm-none-eabi/4.4.1/thumb2\libgcc.a(_arm_fixdfsi.o)
                0x000071fc                __aeabi_d2iz
                0x000071fc                __fixdfsi
 .text          0x0000724c        0xc c:/microsemi/softconsole v3.3/sourcery-g++/bin/../lib/gcc/arm-none-eabi/4.4.1/../../../../arm-none-eabi/lib/thumb2\libc.a(lib_a-errno.o)
                0x0000724c                __errno
 .text          0x00007258       0x50 c:/microsemi/softconsole v3.3/sourcery-g++/bin/../lib/gcc/arm-none-eabi/4.4.1/../../../../arm-none-eabi/lib/thumb2\libc.a(lib_a-init.o)
                0x00007258                __libc_init_array
 .text          0x000072a8       0xac c:/microsemi/softconsole v3.3/sourcery-g++/bin/../lib/gcc/arm-none-eabi/4.4.1/../../../../arm-none-eabi/lib/thumb2\libm.a(lib_a-w_sqrt.o)
                0x000072a8                sqrt
 .text          0x00007354      0x1dc c:/microsemi/softconsole v3.3/sourcery-g++/bin/../lib/gcc/arm-none-eabi/4.4.1/../../../../arm-none-eabi/lib/thumb2\libm.a(lib_a-e_sqrt.o)
                0x00007354                __ieee754_sqrt
 .text          0x00007530       0x1c c:/microsemi/softconsole v3.3/sourcery-g++/bin/../lib/gcc/arm-none-eabi/4.4.1/../../../../arm-none-eabi/lib/thumb2\libm.a(lib_a-s_isnand.o)
                0x00007530                __isnand
 .text          0x0000754c        0x4 c:/microsemi/softconsole v3.3/sourcery-g++/bin/../lib/gcc/arm-none-eabi/4.4.1/../../../../arm-none-eabi/lib/thumb2\libm.a(lib_a-s_matherr.o)
                0x0000754c                matherr
 *(.plt)
 *(.gnu.warning)
 *(.glue_7t)
 .glue_7t       0x00000000        0x0 linker stubs
 *(.glue_7)
 .glue_7        0x00000000        0x0 linker stubs
 *(.vfp11_veneer)
 .vfp11_veneer  0x00000000        0x0 linker stubs
                0x00007550                . = ALIGN (0x4)
 *crtbegin.o(.ctors)
 *(EXCLUDE_FILE(*crtend.o) .ctors)
 *(SORT(.ctors.*))
 *crtend.o(.ctors)
 *crtbegin.o(.dtors)
 *(EXCLUDE_FILE(*crtend.o) .dtors)
 *(SORT(.dtors.*))
 *crtend.o(.dtors)
 *(.rodata .rodata.* .gnu.linkonce.r.*)
 .rodata        0x00007550        0x8 ./main.o
 .rodata.C.18.2576
                0x00007558       0x10 N:\EECS373_Project\WhiteBoard_Plotter\SoftConsole\WhiteBoard_Plotter_MSS_CM3_0\WhiteBoard_Plotter_MSS_CM3_0_hw_platform\Debug\libWhiteBoard_Plotter_MSS_CM3_0_hw_platform.a(system_a2fxxxm3.o)
 .rodata.str1.4
                0x00007568        0x2 c:/microsemi/softconsole v3.3/sourcery-g++/bin/../lib/gcc/arm-none-eabi/4.4.1/../../../../arm-none-eabi/lib/thumb2\libc.a(lib_a-impure.o)
                                  0x4 (size before relaxing)
 *fill*         0x0000756a        0x2 00
 .rodata.str1.4
                0x0000756c        0x8 c:/microsemi/softconsole v3.3/sourcery-g++/bin/../lib/gcc/arm-none-eabi/4.4.1/../../../../arm-none-eabi/lib/thumb2\libm.a(lib_a-w_sqrt.o)
 *(.ARM.extab* .gnu.linkonce.armextab.*)
 *(.gcc_except_table)
 *(.eh_frame_hdr)
 *(.eh_frame)
 *(.init)
 .init          0x00007574        0x4 c:/microsemi/softconsole v3.3/sourcery-g++/bin/../lib/gcc/arm-none-eabi/4.4.1/thumb2/crti.o
                0x00007574                _init
 .init          0x00007578        0x8 c:/microsemi/softconsole v3.3/sourcery-g++/bin/../lib/gcc/arm-none-eabi/4.4.1/thumb2/crtn.o
 *(.fini)
 .fini          0x00007580        0x4 c:/microsemi/softconsole v3.3/sourcery-g++/bin/../lib/gcc/arm-none-eabi/4.4.1/thumb2/crti.o
                0x00007580                _fini
 .fini          0x00007584        0x8 c:/microsemi/softconsole v3.3/sourcery-g++/bin/../lib/gcc/arm-none-eabi/4.4.1/thumb2/crtn.o
                0x0000758c                PROVIDE (__preinit_array_start, .)
 *(.preinit_array)
                0x0000758c                PROVIDE (__preinit_array_end, .)
                0x0000758c                PROVIDE (__init_array_start, .)
 *(SORT(.init_array.*))
 *(.init_array)
 .init_array    0x0000758c        0x4 c:/microsemi/softconsole v3.3/sourcery-g++/bin/../lib/gcc/arm-none-eabi/4.4.1/thumb2/crtbegin.o
                0x00007590                PROVIDE (__init_array_end, .)
                0x00007590                PROVIDE (__fini_array_start, .)
 *(.fini_array)
 .fini_array    0x00007590        0x4 c:/microsemi/softconsole v3.3/sourcery-g++/bin/../lib/gcc/arm-none-eabi/4.4.1/thumb2/crtbegin.o
 *(SORT(.fini_array.*))
                0x00007594                PROVIDE (__fini_array_end, .)
                0x00007594                __exidx_start = .

.v4_bx          0x00007594        0x0 load address 0x60007594
 .v4_bx         0x00000000        0x0 linker stubs

.ARM.exidx
 *(.ARM.exidx* .gnu.linkonce.armexidx.*)
                0x00007594                __exidx_end = .
                0x00007594                _etext = .

.data           0x20000000      0x138 load address 0x60007594
                0x60007594                __data_load = LOADADDR (.data)
                0x60007594                _sidata = LOADADDR (.data)
                0x20000000                __data_start = .
                0x20000000                _sdata = .
 *(.jcr)
 .jcr           0x20000000        0x0 c:/microsemi/softconsole v3.3/sourcery-g++/bin/../lib/gcc/arm-none-eabi/4.4.1/thumb2/crtbegin.o
 .jcr           0x20000000        0x4 c:/microsemi/softconsole v3.3/sourcery-g++/bin/../lib/gcc/arm-none-eabi/4.4.1/thumb2/crtend.o
 *(.got.plt)
 *(.got)
 *(.shdata)
 *(.data .data.* .gnu.linkonce.d.*)
 .data.mode     0x20000004        0x4 ./main.o
                0x20000004                mode
 .data.servoRetract
                0x20000008        0x4 ./main.o
                0x20000008                servoRetract
 .data.servoExtend
                0x2000000c        0x4 ./main.o
                0x2000000c                servoExtend
 .data.dirLeft  0x20000010        0x4 ./main.o
                0x20000010                dirLeft
 .data.dirRight
                0x20000014        0x4 ./main.o
                0x20000014                dirRight
 .data.period1  0x20000018        0x4 ./main.o
                0x20000018                period1
 .data.period2  0x2000001c        0x4 ./main.o
                0x2000001c                period2
 .data.thres    0x20000020        0x8 ./main.o
                0x20000020                thres
 .data.SystemFrequency
                0x20000028        0x4 N:\EECS373_Project\WhiteBoard_Plotter\SoftConsole\WhiteBoard_Plotter_MSS_CM3_0\WhiteBoard_Plotter_MSS_CM3_0_hw_platform\Debug\libWhiteBoard_Plotter_MSS_CM3_0_hw_platform.a(system_a2fxxxm3.o)
                0x20000028                SystemFrequency
 .data.SystemCoreClock
                0x2000002c        0x4 N:\EECS373_Project\WhiteBoard_Plotter\SoftConsole\WhiteBoard_Plotter_MSS_CM3_0\WhiteBoard_Plotter_MSS_CM3_0_hw_platform\Debug\libWhiteBoard_Plotter_MSS_CM3_0_hw_platform.a(system_a2fxxxm3.o)
                0x2000002c                SystemCoreClock
 .data.g_FrequencyPCLK0
                0x20000030        0x4 N:\EECS373_Project\WhiteBoard_Plotter\SoftConsole\WhiteBoard_Plotter_MSS_CM3_0\WhiteBoard_Plotter_MSS_CM3_0_hw_platform\Debug\libWhiteBoard_Plotter_MSS_CM3_0_hw_platform.a(system_a2fxxxm3.o)
                0x20000030                g_FrequencyPCLK0
 .data.g_FrequencyPCLK1
                0x20000034        0x4 N:\EECS373_Project\WhiteBoard_Plotter\SoftConsole\WhiteBoard_Plotter_MSS_CM3_0\WhiteBoard_Plotter_MSS_CM3_0_hw_platform\Debug\libWhiteBoard_Plotter_MSS_CM3_0_hw_platform.a(system_a2fxxxm3.o)
                0x20000034                g_FrequencyPCLK1
 .data.g_FrequencyACE
                0x20000038        0x4 N:\EECS373_Project\WhiteBoard_Plotter\SoftConsole\WhiteBoard_Plotter_MSS_CM3_0\WhiteBoard_Plotter_MSS_CM3_0_hw_platform\Debug\libWhiteBoard_Plotter_MSS_CM3_0_hw_platform.a(system_a2fxxxm3.o)
                0x20000038                g_FrequencyACE
 .data.g_FrequencyFPGA
                0x2000003c        0x4 N:\EECS373_Project\WhiteBoard_Plotter\SoftConsole\WhiteBoard_Plotter_MSS_CM3_0\WhiteBoard_Plotter_MSS_CM3_0_hw_platform\Debug\libWhiteBoard_Plotter_MSS_CM3_0_hw_platform.a(system_a2fxxxm3.o)
                0x2000003c                g_FrequencyFPGA
 .data          0x20000040       0xf4 c:/microsemi/softconsole v3.3/sourcery-g++/bin/../lib/gcc/arm-none-eabi/4.4.1/../../../../arm-none-eabi/lib/thumb2\libc.a(lib_a-impure.o)
                0x20000040                _impure_ptr
 .data          0x20000134        0x1 c:/microsemi/softconsole v3.3/sourcery-g++/bin/../lib/gcc/arm-none-eabi/4.4.1/../../../../arm-none-eabi/lib/thumb2\libm.a(lib_a-s_lib_ver.o)
                0x20000134                __fdlib_version
                0x20000138                . = ALIGN (0x4)
 *fill*         0x20000135        0x3 00
                0x20000138                _edata = .

.bss            0x20000138     0x3da8 load address 0x600076cc
                0x20000138                __bss_start__ = .
                0x20000138                _sbss = .
 *(.shbss)
 *(.bss .bss.* .gnu.linkonce.b.*)
 .bss           0x20000138        0x1 c:/microsemi/softconsole v3.3/sourcery-g++/bin/../lib/gcc/arm-none-eabi/4.4.1/thumb2/crtbegin.o
 *fill*         0x20000139        0x3 00
 .bss.receivedCounter
                0x2000013c        0x4 ./main.o
                0x2000013c                receivedCounter
 .bss.parsedCounter
                0x20000140        0x4 ./main.o
                0x20000140                parsedCounter
 .bss.newInput  0x20000144        0x1 ./main.o
                0x20000144                newInput
 .bss.shapeInput
                0x20000145        0x1 ./main.o
                0x20000145                shapeInput
 *fill*         0x20000146        0x2 00
 .bss.textInputCounter
                0x20000148        0x4 ./main.o
                0x20000148                textInputCounter
 .bss.textInputDrawnCounter
                0x2000014c        0x4 ./main.o
                0x2000014c                textInputDrawnCounter
 *(COMMON)
 COMMON         0x20000150     0x3d39 ./main.o
                0x20000150                boardWidth
                0x20000158                receivedRaw
                0x20001ea8                RadiusRight
                0x20001eb0                yPos
                0x20001eb8                textInput
                0x20003c08                boardHeight
                0x20003c10                xData
                0x20003c14                counter
                0x20003c18                ratio
                0x20003c20                receivedParsed
                0x20003e78                xPos
                0x20003e80                RadiusLeft
                0x20003e88                yData
 *fill*         0x20003e89        0x3 00
 COMMON         0x20003e8c       0x50 N:\EECS373_Project\WhiteBoard_Plotter\SoftConsole\WhiteBoard_Plotter_MSS_CM3_0\WhiteBoard_Plotter_MSS_CM3_0_hw_platform\Debug\libWhiteBoard_Plotter_MSS_CM3_0_hw_platform.a(mss_uart.o)
                0x20003e8c                g_mss_uart1
                0x20003eb4                g_mss_uart0
                0x20003ee0                . = ALIGN (0x8)
 *fill*         0x20003edc        0x4 00
                0x20003ee0                __bss_end__ = .
                0x20003ee0                _end = .
                0x20003ee0                __end = _end
                0x20003ee0                _ebss = .
                0x20003ee0                PROVIDE (end, .)

.stab
 *(.stab)

.stabstr
 *(.stabstr)

.debug
 *(.debug)

.line
 *(.line)

.debug_srcinfo
 *(.debug_srcinfo)

.debug_sfnames
 *(.debug_sfnames)

.comment        0x00000000       0xd7
 .comment       0x00000000       0x2b ./main.o
 .comment       0x0000002b       0x2b ./stepper.o
 .comment       0x00000056       0x2b N:/EECS373_Project/WhiteBoard_Plotter/SoftConsole/WhiteBoard_Plotter_MSS_CM3_0/WhiteBoard_Plotter_MSS_CM3_0_hw_platform/Debug/CMSIS/startup_gcc/newlib_stubs.o
 .comment       0x00000081       0x2b N:\EECS373_Project\WhiteBoard_Plotter\SoftConsole\WhiteBoard_Plotter_MSS_CM3_0\WhiteBoard_Plotter_MSS_CM3_0_hw_platform\Debug\libWhiteBoard_Plotter_MSS_CM3_0_hw_platform.a(mss_uart.o)
 .comment       0x000000ac       0x2b N:\EECS373_Project\WhiteBoard_Plotter\SoftConsole\WhiteBoard_Plotter_MSS_CM3_0\WhiteBoard_Plotter_MSS_CM3_0_hw_platform\Debug\libWhiteBoard_Plotter_MSS_CM3_0_hw_platform.a(system_a2fxxxm3.o)

.debug_aranges  0x00000000      0x310
 *(.debug_aranges)
 .debug_aranges
                0x00000000      0x130 ./main.o
 .debug_aranges
                0x00000130       0x30 ./stepper.o
 .debug_aranges
                0x00000160       0xa8 N:/EECS373_Project/WhiteBoard_Plotter/SoftConsole/WhiteBoard_Plotter_MSS_CM3_0/WhiteBoard_Plotter_MSS_CM3_0_hw_platform/Debug/CMSIS/startup_gcc/newlib_stubs.o
 .debug_aranges
                0x00000208       0xd8 N:\EECS373_Project\WhiteBoard_Plotter\SoftConsole\WhiteBoard_Plotter_MSS_CM3_0\WhiteBoard_Plotter_MSS_CM3_0_hw_platform\Debug\libWhiteBoard_Plotter_MSS_CM3_0_hw_platform.a(mss_uart.o)
 .debug_aranges
                0x000002e0       0x30 N:\EECS373_Project\WhiteBoard_Plotter\SoftConsole\WhiteBoard_Plotter_MSS_CM3_0\WhiteBoard_Plotter_MSS_CM3_0_hw_platform\Debug\libWhiteBoard_Plotter_MSS_CM3_0_hw_platform.a(system_a2fxxxm3.o)

.debug_pubnames
                0x00000000      0x6fb
 *(.debug_pubnames)
 .debug_pubnames
                0x00000000      0x312 ./main.o
 .debug_pubnames
                0x00000312       0x2e ./stepper.o
 .debug_pubnames
                0x00000340       0xeb N:/EECS373_Project/WhiteBoard_Plotter/SoftConsole/WhiteBoard_Plotter_MSS_CM3_0/WhiteBoard_Plotter_MSS_CM3_0_hw_platform/Debug/CMSIS/startup_gcc/newlib_stubs.o
 .debug_pubnames
                0x0000042b      0x21c N:\EECS373_Project\WhiteBoard_Plotter\SoftConsole\WhiteBoard_Plotter_MSS_CM3_0\WhiteBoard_Plotter_MSS_CM3_0_hw_platform\Debug\libWhiteBoard_Plotter_MSS_CM3_0_hw_platform.a(mss_uart.o)
 .debug_pubnames
                0x00000647       0xb4 N:\EECS373_Project\WhiteBoard_Plotter\SoftConsole\WhiteBoard_Plotter_MSS_CM3_0\WhiteBoard_Plotter_MSS_CM3_0_hw_platform\Debug\libWhiteBoard_Plotter_MSS_CM3_0_hw_platform.a(system_a2fxxxm3.o)

.debug_info     0x00000000     0x4af2
 *(.debug_info .gnu.linkonce.wi.*)
 .debug_info    0x00000000     0x1bc6 ./main.o
 .debug_info    0x00001bc6      0x35c ./stepper.o
 .debug_info    0x00001f22     0x10f0 N:/EECS373_Project/WhiteBoard_Plotter/SoftConsole/WhiteBoard_Plotter_MSS_CM3_0/WhiteBoard_Plotter_MSS_CM3_0_hw_platform/Debug/CMSIS/startup_gcc/newlib_stubs.o
 .debug_info    0x00003012     0x15a4 N:\EECS373_Project\WhiteBoard_Plotter\SoftConsole\WhiteBoard_Plotter_MSS_CM3_0\WhiteBoard_Plotter_MSS_CM3_0_hw_platform\Debug\libWhiteBoard_Plotter_MSS_CM3_0_hw_platform.a(mss_uart.o)
 .debug_info    0x000045b6      0x53c N:\EECS373_Project\WhiteBoard_Plotter\SoftConsole\WhiteBoard_Plotter_MSS_CM3_0\WhiteBoard_Plotter_MSS_CM3_0_hw_platform\Debug\libWhiteBoard_Plotter_MSS_CM3_0_hw_platform.a(system_a2fxxxm3.o)

.debug_abbrev   0x00000000      0x8e5
 *(.debug_abbrev)
 .debug_abbrev  0x00000000      0x2c3 ./main.o
 .debug_abbrev  0x000002c3       0xd8 ./stepper.o
 .debug_abbrev  0x0000039b      0x1f4 N:/EECS373_Project/WhiteBoard_Plotter/SoftConsole/WhiteBoard_Plotter_MSS_CM3_0/WhiteBoard_Plotter_MSS_CM3_0_hw_platform/Debug/CMSIS/startup_gcc/newlib_stubs.o
 .debug_abbrev  0x0000058f      0x245 N:\EECS373_Project\WhiteBoard_Plotter\SoftConsole\WhiteBoard_Plotter_MSS_CM3_0\WhiteBoard_Plotter_MSS_CM3_0_hw_platform\Debug\libWhiteBoard_Plotter_MSS_CM3_0_hw_platform.a(mss_uart.o)
 .debug_abbrev  0x000007d4      0x111 N:\EECS373_Project\WhiteBoard_Plotter\SoftConsole\WhiteBoard_Plotter_MSS_CM3_0\WhiteBoard_Plotter_MSS_CM3_0_hw_platform\Debug\libWhiteBoard_Plotter_MSS_CM3_0_hw_platform.a(system_a2fxxxm3.o)

.debug_line     0x00000000     0x1c40
 *(.debug_line)
 .debug_line    0x00000000      0xcf6 ./main.o
 .debug_line    0x00000cf6      0x251 ./stepper.o
 .debug_line    0x00000f47      0x509 N:/EECS373_Project/WhiteBoard_Plotter/SoftConsole/WhiteBoard_Plotter_MSS_CM3_0/WhiteBoard_Plotter_MSS_CM3_0_hw_platform/Debug/CMSIS/startup_gcc/newlib_stubs.o
 .debug_line    0x00001450      0x575 N:\EECS373_Project\WhiteBoard_Plotter\SoftConsole\WhiteBoard_Plotter_MSS_CM3_0\WhiteBoard_Plotter_MSS_CM3_0_hw_platform\Debug\libWhiteBoard_Plotter_MSS_CM3_0_hw_platform.a(mss_uart.o)
 .debug_line    0x000019c5      0x27b N:\EECS373_Project\WhiteBoard_Plotter\SoftConsole\WhiteBoard_Plotter_MSS_CM3_0\WhiteBoard_Plotter_MSS_CM3_0_hw_platform\Debug\libWhiteBoard_Plotter_MSS_CM3_0_hw_platform.a(system_a2fxxxm3.o)

.debug_frame    0x00000000      0xb00
 *(.debug_frame)
 .debug_frame   0x00000000      0x434 ./main.o
 .debug_frame   0x00000434       0x68 ./stepper.o
 .debug_frame   0x0000049c      0x220 N:/EECS373_Project/WhiteBoard_Plotter/SoftConsole/WhiteBoard_Plotter_MSS_CM3_0/WhiteBoard_Plotter_MSS_CM3_0_hw_platform/Debug/CMSIS/startup_gcc/newlib_stubs.o
 .debug_frame   0x000006bc      0x2e4 N:\EECS373_Project\WhiteBoard_Plotter\SoftConsole\WhiteBoard_Plotter_MSS_CM3_0\WhiteBoard_Plotter_MSS_CM3_0_hw_platform\Debug\libWhiteBoard_Plotter_MSS_CM3_0_hw_platform.a(mss_uart.o)
 .debug_frame   0x000009a0       0x64 N:\EECS373_Project\WhiteBoard_Plotter\SoftConsole\WhiteBoard_Plotter_MSS_CM3_0\WhiteBoard_Plotter_MSS_CM3_0_hw_platform\Debug\libWhiteBoard_Plotter_MSS_CM3_0_hw_platform.a(system_a2fxxxm3.o)
 .debug_frame   0x00000a04       0x20 c:/microsemi/softconsole v3.3/sourcery-g++/bin/../lib/gcc/arm-none-eabi/4.4.1/../../../../arm-none-eabi/lib/thumb2\libc.a(lib_a-errno.o)
 .debug_frame   0x00000a24       0x2c c:/microsemi/softconsole v3.3/sourcery-g++/bin/../lib/gcc/arm-none-eabi/4.4.1/../../../../arm-none-eabi/lib/thumb2\libc.a(lib_a-init.o)
 .debug_frame   0x00000a50       0x3c c:/microsemi/softconsole v3.3/sourcery-g++/bin/../lib/gcc/arm-none-eabi/4.4.1/../../../../arm-none-eabi/lib/thumb2\libm.a(lib_a-w_sqrt.o)
 .debug_frame   0x00000a8c       0x34 c:/microsemi/softconsole v3.3/sourcery-g++/bin/../lib/gcc/arm-none-eabi/4.4.1/../../../../arm-none-eabi/lib/thumb2\libm.a(lib_a-e_sqrt.o)
 .debug_frame   0x00000ac0       0x20 c:/microsemi/softconsole v3.3/sourcery-g++/bin/../lib/gcc/arm-none-eabi/4.4.1/../../../../arm-none-eabi/lib/thumb2\libm.a(lib_a-s_isnand.o)
 .debug_frame   0x00000ae0       0x20 c:/microsemi/softconsole v3.3/sourcery-g++/bin/../lib/gcc/arm-none-eabi/4.4.1/../../../../arm-none-eabi/lib/thumb2\libm.a(lib_a-s_matherr.o)

.debug_str      0x00000000     0x1fe6
 *(.debug_str)
 .debug_str     0x00000000     0x178e ./main.o
                               0x182f (size before relaxing)
 .debug_str     0x0000178e      0x1e1 ./stepper.o
                                0x303 (size before relaxing)
 .debug_str     0x0000196f      0x27d N:/EECS373_Project/WhiteBoard_Plotter/SoftConsole/WhiteBoard_Plotter_MSS_CM3_0/WhiteBoard_Plotter_MSS_CM3_0_hw_platform/Debug/CMSIS/startup_gcc/newlib_stubs.o
                               0x10be (size before relaxing)
 .debug_str     0x00001bec      0x303 N:\EECS373_Project\WhiteBoard_Plotter\SoftConsole\WhiteBoard_Plotter_MSS_CM3_0\WhiteBoard_Plotter_MSS_CM3_0_hw_platform\Debug\libWhiteBoard_Plotter_MSS_CM3_0_hw_platform.a(mss_uart.o)
                               0x14cf (size before relaxing)
 .debug_str     0x00001eef       0xf7 N:\EECS373_Project\WhiteBoard_Plotter\SoftConsole\WhiteBoard_Plotter_MSS_CM3_0\WhiteBoard_Plotter_MSS_CM3_0_hw_platform\Debug\libWhiteBoard_Plotter_MSS_CM3_0_hw_platform.a(system_a2fxxxm3.o)
                                0x472 (size before relaxing)

.debug_loc      0x00000000     0x110b
 *(.debug_loc)
 .debug_loc     0x00000000      0x6f7 ./main.o
 .debug_loc     0x000006f7       0xa5 ./stepper.o
 .debug_loc     0x0000079c      0x3c6 N:/EECS373_Project/WhiteBoard_Plotter/SoftConsole/WhiteBoard_Plotter_MSS_CM3_0/WhiteBoard_Plotter_MSS_CM3_0_hw_platform/Debug/CMSIS/startup_gcc/newlib_stubs.o
 .debug_loc     0x00000b62      0x510 N:\EECS373_Project\WhiteBoard_Plotter\SoftConsole\WhiteBoard_Plotter_MSS_CM3_0\WhiteBoard_Plotter_MSS_CM3_0_hw_platform\Debug\libWhiteBoard_Plotter_MSS_CM3_0_hw_platform.a(mss_uart.o)
 .debug_loc     0x00001072       0x99 N:\EECS373_Project\WhiteBoard_Plotter\SoftConsole\WhiteBoard_Plotter_MSS_CM3_0\WhiteBoard_Plotter_MSS_CM3_0_hw_platform\Debug\libWhiteBoard_Plotter_MSS_CM3_0_hw_platform.a(system_a2fxxxm3.o)

.debug_macinfo  0x00000000    0x25495
 *(.debug_macinfo)
 .debug_macinfo
                0x00000000     0xa44f ./main.o
 .debug_macinfo
                0x0000a44f     0x5864 ./stepper.o
 .debug_macinfo
                0x0000fcb3     0x9965 N:/EECS373_Project/WhiteBoard_Plotter/SoftConsole/WhiteBoard_Plotter_MSS_CM3_0/WhiteBoard_Plotter_MSS_CM3_0_hw_platform/Debug/CMSIS/startup_gcc/newlib_stubs.o
 .debug_macinfo
                0x00019618     0x63e4 N:\EECS373_Project\WhiteBoard_Plotter\SoftConsole\WhiteBoard_Plotter_MSS_CM3_0\WhiteBoard_Plotter_MSS_CM3_0_hw_platform\Debug\libWhiteBoard_Plotter_MSS_CM3_0_hw_platform.a(mss_uart.o)
 .debug_macinfo
                0x0001f9fc     0x5a99 N:\EECS373_Project\WhiteBoard_Plotter\SoftConsole\WhiteBoard_Plotter_MSS_CM3_0\WhiteBoard_Plotter_MSS_CM3_0_hw_platform\Debug\libWhiteBoard_Plotter_MSS_CM3_0_hw_platform.a(system_a2fxxxm3.o)

.debug_weaknames
 *(.debug_weaknames)

.debug_funcnames
 *(.debug_funcnames)

.debug_typenames
 *(.debug_typenames)

.debug_varnames
 *(.debug_varnames)

.note.gnu.arm.ident
 *(.note.gnu.arm.ident)

.ARM.attributes
                0x00000000       0x25
 *(.ARM.attributes)
 .ARM.attributes
                0x00000000       0x19 c:/microsemi/softconsole v3.3/sourcery-g++/bin/../lib/gcc/arm-none-eabi/4.4.1/thumb2/crti.o
 .ARM.attributes
                0x00000019       0x29 c:/microsemi/softconsole v3.3/sourcery-g++/bin/../lib/gcc/arm-none-eabi/4.4.1/thumb2/crtbegin.o
 .ARM.attributes
                0x00000042       0x31 ./main.o
 .ARM.attributes
                0x00000073       0x31 ./stepper.o
 .ARM.attributes
                0x000000a4       0x21 N:/EECS373_Project/WhiteBoard_Plotter/SoftConsole/WhiteBoard_Plotter_MSS_CM3_0/WhiteBoard_Plotter_MSS_CM3_0_hw_platform/Debug/CMSIS/startup_gcc/startup_a2fxxxm3.o
 .ARM.attributes
                0x000000c5       0x31 N:/EECS373_Project/WhiteBoard_Plotter/SoftConsole/WhiteBoard_Plotter_MSS_CM3_0/WhiteBoard_Plotter_MSS_CM3_0_hw_platform/Debug/CMSIS/startup_gcc/newlib_stubs.o
 .ARM.attributes
                0x000000f6       0x31 N:\EECS373_Project\WhiteBoard_Plotter\SoftConsole\WhiteBoard_Plotter_MSS_CM3_0\WhiteBoard_Plotter_MSS_CM3_0_hw_platform\Debug\libWhiteBoard_Plotter_MSS_CM3_0_hw_platform.a(mss_uart.o)
 .ARM.attributes
                0x00000127       0x31 N:\EECS373_Project\WhiteBoard_Plotter\SoftConsole\WhiteBoard_Plotter_MSS_CM3_0\WhiteBoard_Plotter_MSS_CM3_0_hw_platform\Debug\libWhiteBoard_Plotter_MSS_CM3_0_hw_platform.a(system_a2fxxxm3.o)
 .ARM.attributes
                0x00000158       0x1b c:/microsemi/softconsole v3.3/sourcery-g++/bin/../lib/gcc/arm-none-eabi/4.4.1/thumb2\libgcc.a(_arm_addsubdf3.o)
 .ARM.attributes
                0x00000173       0x1b c:/microsemi/softconsole v3.3/sourcery-g++/bin/../lib/gcc/arm-none-eabi/4.4.1/thumb2\libgcc.a(_arm_muldivdf3.o)
 .ARM.attributes
                0x0000018e       0x1b c:/microsemi/softconsole v3.3/sourcery-g++/bin/../lib/gcc/arm-none-eabi/4.4.1/thumb2\libgcc.a(_arm_cmpdf2.o)
 .ARM.attributes
                0x000001a9       0x1b c:/microsemi/softconsole v3.3/sourcery-g++/bin/../lib/gcc/arm-none-eabi/4.4.1/thumb2\libgcc.a(_arm_fixdfsi.o)
 .ARM.attributes
                0x000001c4       0x29 c:/microsemi/softconsole v3.3/sourcery-g++/bin/../lib/gcc/arm-none-eabi/4.4.1/../../../../arm-none-eabi/lib/thumb2\libc.a(lib_a-errno.o)
 .ARM.attributes
                0x000001ed       0x29 c:/microsemi/softconsole v3.3/sourcery-g++/bin/../lib/gcc/arm-none-eabi/4.4.1/../../../../arm-none-eabi/lib/thumb2\libc.a(lib_a-impure.o)
 .ARM.attributes
                0x00000216       0x29 c:/microsemi/softconsole v3.3/sourcery-g++/bin/../lib/gcc/arm-none-eabi/4.4.1/../../../../arm-none-eabi/lib/thumb2\libc.a(lib_a-init.o)
 .ARM.attributes
                0x0000023f       0x29 c:/microsemi/softconsole v3.3/sourcery-g++/bin/../lib/gcc/arm-none-eabi/4.4.1/thumb2/crtend.o
 .ARM.attributes
                0x00000268       0x19 c:/microsemi/softconsole v3.3/sourcery-g++/bin/../lib/gcc/arm-none-eabi/4.4.1/thumb2/crtn.o
 .ARM.attributes
                0x00000281       0x29 c:/microsemi/softconsole v3.3/sourcery-g++/bin/../lib/gcc/arm-none-eabi/4.4.1/../../../../arm-none-eabi/lib/thumb2\libm.a(lib_a-w_sqrt.o)
 .ARM.attributes
                0x000002aa       0x29 c:/microsemi/softconsole v3.3/sourcery-g++/bin/../lib/gcc/arm-none-eabi/4.4.1/../../../../arm-none-eabi/lib/thumb2\libm.a(lib_a-e_sqrt.o)
 .ARM.attributes
                0x000002d3       0x29 c:/microsemi/softconsole v3.3/sourcery-g++/bin/../lib/gcc/arm-none-eabi/4.4.1/../../../../arm-none-eabi/lib/thumb2\libm.a(lib_a-s_isnand.o)
 .ARM.attributes
                0x000002fc       0x29 c:/microsemi/softconsole v3.3/sourcery-g++/bin/../lib/gcc/arm-none-eabi/4.4.1/../../../../arm-none-eabi/lib/thumb2\libm.a(lib_a-s_lib_ver.o)
 .ARM.attributes
                0x00000325       0x29 c:/microsemi/softconsole v3.3/sourcery-g++/bin/../lib/gcc/arm-none-eabi/4.4.1/../../../../arm-none-eabi/lib/thumb2\libm.a(lib_a-s_matherr.o)

/DISCARD/
 *(.note.GNU-stack)
OUTPUT(WhiteBoard_Plotter_MSS_CM3_0_app elf32-littlearm)

.debug_ranges   0x00000000      0x300
 .debug_ranges  0x00000000      0x140 ./main.o
 .debug_ranges  0x00000140       0x28 ./stepper.o
 .debug_ranges  0x00000168       0xa0 N:/EECS373_Project/WhiteBoard_Plotter/SoftConsole/WhiteBoard_Plotter_MSS_CM3_0/WhiteBoard_Plotter_MSS_CM3_0_hw_platform/Debug/CMSIS/startup_gcc/newlib_stubs.o
 .debug_ranges  0x00000208       0xd0 N:\EECS373_Project\WhiteBoard_Plotter\SoftConsole\WhiteBoard_Plotter_MSS_CM3_0\WhiteBoard_Plotter_MSS_CM3_0_hw_platform\Debug\libWhiteBoard_Plotter_MSS_CM3_0_hw_platform.a(mss_uart.o)
 .debug_ranges  0x000002d8       0x28 N:\EECS373_Project\WhiteBoard_Plotter\SoftConsole\WhiteBoard_Plotter_MSS_CM3_0\WhiteBoard_Plotter_MSS_CM3_0_hw_platform\Debug\libWhiteBoard_Plotter_MSS_CM3_0_hw_platform.a(system_a2fxxxm3.o)
