Archive member included because of file (symbol)

C:\Users\bansarth\Documents\EECS373_Project\WhiteBoard_Plotter\SoftConsole\WhiteBoard_Plotter_MSS_CM3_0\WhiteBoard_Plotter_MSS_CM3_0_hw_platform\Debug\libWhiteBoard_Plotter_MSS_CM3_0_hw_platform.a(system_a2fxxxm3.o)
                              C:/Users/bansarth/Documents/EECS373_Project/WhiteBoard_Plotter/SoftConsole/WhiteBoard_Plotter_MSS_CM3_0/WhiteBoard_Plotter_MSS_CM3_0_hw_platform/Debug/CMSIS/startup_gcc/startup_a2fxxxm3.o (SystemInit)
c:/microsemi/softconsole v3.3/sourcery-g++/bin/../lib/gcc/arm-none-eabi/4.4.1/thumb2\libgcc.a(_arm_addsubdf3.o)
                              ./main.o (__aeabi_dsub)
c:/microsemi/softconsole v3.3/sourcery-g++/bin/../lib/gcc/arm-none-eabi/4.4.1/thumb2\libgcc.a(_arm_muldivdf3.o)
                              ./main.o (__aeabi_dmul)
c:/microsemi/softconsole v3.3/sourcery-g++/bin/../lib/gcc/arm-none-eabi/4.4.1/thumb2\libgcc.a(_arm_cmpdf2.o)
                              ./main.o (__aeabi_dcmplt)
c:/microsemi/softconsole v3.3/sourcery-g++/bin/../lib/gcc/arm-none-eabi/4.4.1/thumb2\libgcc.a(_arm_fixunsdfsi.o)
                              ./main.o (__aeabi_d2uiz)
c:/microsemi/softconsole v3.3/sourcery-g++/bin/../lib/gcc/arm-none-eabi/4.4.1/../../../../arm-none-eabi/lib/thumb2\libc.a(lib_a-errno.o)
                              C:/Users/bansarth/Documents/EECS373_Project/WhiteBoard_Plotter/SoftConsole/WhiteBoard_Plotter_MSS_CM3_0/WhiteBoard_Plotter_MSS_CM3_0_hw_platform/Debug/CMSIS/startup_gcc/newlib_stubs.o (__errno)
c:/microsemi/softconsole v3.3/sourcery-g++/bin/../lib/gcc/arm-none-eabi/4.4.1/../../../../arm-none-eabi/lib/thumb2\libc.a(lib_a-impure.o)
                              c:/microsemi/softconsole v3.3/sourcery-g++/bin/../lib/gcc/arm-none-eabi/4.4.1/../../../../arm-none-eabi/lib/thumb2\libc.a(lib_a-errno.o) (_impure_ptr)
c:/microsemi/softconsole v3.3/sourcery-g++/bin/../lib/gcc/arm-none-eabi/4.4.1/../../../../arm-none-eabi/lib/thumb2\libc.a(lib_a-init.o)
                              C:/Users/bansarth/Documents/EECS373_Project/WhiteBoard_Plotter/SoftConsole/WhiteBoard_Plotter_MSS_CM3_0/WhiteBoard_Plotter_MSS_CM3_0_hw_platform/Debug/CMSIS/startup_gcc/startup_a2fxxxm3.o (__libc_init_array)
c:/microsemi/softconsole v3.3/sourcery-g++/bin/../lib/gcc/arm-none-eabi/4.4.1/../../../../arm-none-eabi/lib/thumb2\libc.a(lib_a-malloc.o)
                              ./main.o (free)
c:/microsemi/softconsole v3.3/sourcery-g++/bin/../lib/gcc/arm-none-eabi/4.4.1/../../../../arm-none-eabi/lib/thumb2\libc.a(lib_a-mallocr.o)
                              c:/microsemi/softconsole v3.3/sourcery-g++/bin/../lib/gcc/arm-none-eabi/4.4.1/../../../../arm-none-eabi/lib/thumb2\libc.a(lib_a-malloc.o) (_malloc_r)
c:/microsemi/softconsole v3.3/sourcery-g++/bin/../lib/gcc/arm-none-eabi/4.4.1/../../../../arm-none-eabi/lib/thumb2\libc.a(lib_a-mlock.o)
                              c:/microsemi/softconsole v3.3/sourcery-g++/bin/../lib/gcc/arm-none-eabi/4.4.1/../../../../arm-none-eabi/lib/thumb2\libc.a(lib_a-mallocr.o) (__malloc_lock)
c:/microsemi/softconsole v3.3/sourcery-g++/bin/../lib/gcc/arm-none-eabi/4.4.1/../../../../arm-none-eabi/lib/thumb2\libc.a(lib_a-sbrkr.o)
                              c:/microsemi/softconsole v3.3/sourcery-g++/bin/../lib/gcc/arm-none-eabi/4.4.1/../../../../arm-none-eabi/lib/thumb2\libc.a(lib_a-mallocr.o) (_sbrk_r)
c:/microsemi/softconsole v3.3/sourcery-g++/bin/../lib/gcc/arm-none-eabi/4.4.1/../../../../arm-none-eabi/lib/thumb2\libc.a(lib_a-freer.o)
                              c:/microsemi/softconsole v3.3/sourcery-g++/bin/../lib/gcc/arm-none-eabi/4.4.1/../../../../arm-none-eabi/lib/thumb2\libc.a(lib_a-malloc.o) (_free_r)
c:/microsemi/softconsole v3.3/sourcery-g++/bin/../lib/gcc/arm-none-eabi/4.4.1/../../../../arm-none-eabi/lib/thumb2\libc.a(lib_a-reent.o)
                              c:/microsemi/softconsole v3.3/sourcery-g++/bin/../lib/gcc/arm-none-eabi/4.4.1/../../../../arm-none-eabi/lib/thumb2\libc.a(lib_a-sbrkr.o) (errno)
c:/microsemi/softconsole v3.3/sourcery-g++/bin/../lib/gcc/arm-none-eabi/4.4.1/../../../../arm-none-eabi/lib/thumb2\libm.a(lib_a-w_sqrt.o)
                              ./main.o (sqrt)
c:/microsemi/softconsole v3.3/sourcery-g++/bin/../lib/gcc/arm-none-eabi/4.4.1/../../../../arm-none-eabi/lib/thumb2\libm.a(lib_a-e_sqrt.o)
                              c:/microsemi/softconsole v3.3/sourcery-g++/bin/../lib/gcc/arm-none-eabi/4.4.1/../../../../arm-none-eabi/lib/thumb2\libm.a(lib_a-w_sqrt.o) (__ieee754_sqrt)
c:/microsemi/softconsole v3.3/sourcery-g++/bin/../lib/gcc/arm-none-eabi/4.4.1/../../../../arm-none-eabi/lib/thumb2\libm.a(lib_a-s_isnand.o)
                              c:/microsemi/softconsole v3.3/sourcery-g++/bin/../lib/gcc/arm-none-eabi/4.4.1/../../../../arm-none-eabi/lib/thumb2\libm.a(lib_a-w_sqrt.o) (__isnand)
c:/microsemi/softconsole v3.3/sourcery-g++/bin/../lib/gcc/arm-none-eabi/4.4.1/../../../../arm-none-eabi/lib/thumb2\libm.a(lib_a-s_lib_ver.o)
                              c:/microsemi/softconsole v3.3/sourcery-g++/bin/../lib/gcc/arm-none-eabi/4.4.1/../../../../arm-none-eabi/lib/thumb2\libm.a(lib_a-w_sqrt.o) (__fdlib_version)
c:/microsemi/softconsole v3.3/sourcery-g++/bin/../lib/gcc/arm-none-eabi/4.4.1/../../../../arm-none-eabi/lib/thumb2\libm.a(lib_a-s_matherr.o)
                              c:/microsemi/softconsole v3.3/sourcery-g++/bin/../lib/gcc/arm-none-eabi/4.4.1/../../../../arm-none-eabi/lib/thumb2\libm.a(lib_a-w_sqrt.o) (matherr)

Allocating common symbols
Common symbol       size              file

errno               0x4               c:/microsemi/softconsole v3.3/sourcery-g++/bin/../lib/gcc/arm-none-eabi/4.4.1/../../../../arm-none-eabi/lib/thumb2\libc.a(lib_a-reent.o)
boardWidth          0x8               ./main.o
RadiusRight         0x8               ./main.o
yPos                0x8               ./main.o
boardHeight         0x8               ./main.o
xPos                0x8               ./main.o
RadiusLeft          0x8               ./main.o

Discarded input sections

 .text          0x00000000        0x0 c:/microsemi/softconsole v3.3/sourcery-g++/bin/../lib/gcc/arm-none-eabi/4.4.1/thumb2/crti.o
 .data          0x00000000        0x0 c:/microsemi/softconsole v3.3/sourcery-g++/bin/../lib/gcc/arm-none-eabi/4.4.1/thumb2/crti.o
 .bss           0x00000000        0x0 c:/microsemi/softconsole v3.3/sourcery-g++/bin/../lib/gcc/arm-none-eabi/4.4.1/thumb2/crti.o
 .data          0x00000000        0x4 c:/microsemi/softconsole v3.3/sourcery-g++/bin/../lib/gcc/arm-none-eabi/4.4.1/thumb2/crtbegin.o
 .text          0x00000000        0x0 ./main.o
 .data          0x00000000        0x0 ./main.o
 .bss           0x00000000        0x0 ./main.o
 .text          0x00000000        0x0 ./stepper.o
 .data          0x00000000        0x0 ./stepper.o
 .bss           0x00000000        0x0 ./stepper.o
 .text          0x00000000        0x0 C:/Users/bansarth/Documents/EECS373_Project/WhiteBoard_Plotter/SoftConsole/WhiteBoard_Plotter_MSS_CM3_0/WhiteBoard_Plotter_MSS_CM3_0_hw_platform/Debug/CMSIS/startup_gcc/startup_a2fxxxm3.o
 .data          0x00000000        0x0 C:/Users/bansarth/Documents/EECS373_Project/WhiteBoard_Plotter/SoftConsole/WhiteBoard_Plotter_MSS_CM3_0/WhiteBoard_Plotter_MSS_CM3_0_hw_platform/Debug/CMSIS/startup_gcc/startup_a2fxxxm3.o
 .bss           0x00000000        0x0 C:/Users/bansarth/Documents/EECS373_Project/WhiteBoard_Plotter/SoftConsole/WhiteBoard_Plotter_MSS_CM3_0/WhiteBoard_Plotter_MSS_CM3_0_hw_platform/Debug/CMSIS/startup_gcc/startup_a2fxxxm3.o
 .text          0x00000000        0x0 C:/Users/bansarth/Documents/EECS373_Project/WhiteBoard_Plotter/SoftConsole/WhiteBoard_Plotter_MSS_CM3_0/WhiteBoard_Plotter_MSS_CM3_0_hw_platform/Debug/CMSIS/startup_gcc/newlib_stubs.o
 .data          0x00000000        0x0 C:/Users/bansarth/Documents/EECS373_Project/WhiteBoard_Plotter/SoftConsole/WhiteBoard_Plotter_MSS_CM3_0/WhiteBoard_Plotter_MSS_CM3_0_hw_platform/Debug/CMSIS/startup_gcc/newlib_stubs.o
 .bss           0x00000000        0x0 C:/Users/bansarth/Documents/EECS373_Project/WhiteBoard_Plotter/SoftConsole/WhiteBoard_Plotter_MSS_CM3_0/WhiteBoard_Plotter_MSS_CM3_0_hw_platform/Debug/CMSIS/startup_gcc/newlib_stubs.o
 .bss.__env     0x00000000        0x4 C:/Users/bansarth/Documents/EECS373_Project/WhiteBoard_Plotter/SoftConsole/WhiteBoard_Plotter_MSS_CM3_0/WhiteBoard_Plotter_MSS_CM3_0_hw_platform/Debug/CMSIS/startup_gcc/newlib_stubs.o
 .data.environ  0x00000000        0x4 C:/Users/bansarth/Documents/EECS373_Project/WhiteBoard_Plotter/SoftConsole/WhiteBoard_Plotter_MSS_CM3_0/WhiteBoard_Plotter_MSS_CM3_0_hw_platform/Debug/CMSIS/startup_gcc/newlib_stubs.o
 .text._close   0x00000000       0x18 C:/Users/bansarth/Documents/EECS373_Project/WhiteBoard_Plotter/SoftConsole/WhiteBoard_Plotter_MSS_CM3_0/WhiteBoard_Plotter_MSS_CM3_0_hw_platform/Debug/CMSIS/startup_gcc/newlib_stubs.o
 .text._execve  0x00000000       0x28 C:/Users/bansarth/Documents/EECS373_Project/WhiteBoard_Plotter/SoftConsole/WhiteBoard_Plotter_MSS_CM3_0/WhiteBoard_Plotter_MSS_CM3_0_hw_platform/Debug/CMSIS/startup_gcc/newlib_stubs.o
 .text._fork    0x00000000       0x18 C:/Users/bansarth/Documents/EECS373_Project/WhiteBoard_Plotter/SoftConsole/WhiteBoard_Plotter_MSS_CM3_0/WhiteBoard_Plotter_MSS_CM3_0_hw_platform/Debug/CMSIS/startup_gcc/newlib_stubs.o
 .text._fstat   0x00000000       0x24 C:/Users/bansarth/Documents/EECS373_Project/WhiteBoard_Plotter/SoftConsole/WhiteBoard_Plotter_MSS_CM3_0/WhiteBoard_Plotter_MSS_CM3_0_hw_platform/Debug/CMSIS/startup_gcc/newlib_stubs.o
 .text._getpid  0x00000000       0x10 C:/Users/bansarth/Documents/EECS373_Project/WhiteBoard_Plotter/SoftConsole/WhiteBoard_Plotter_MSS_CM3_0/WhiteBoard_Plotter_MSS_CM3_0_hw_platform/Debug/CMSIS/startup_gcc/newlib_stubs.o
 .text._isatty  0x00000000       0x18 C:/Users/bansarth/Documents/EECS373_Project/WhiteBoard_Plotter/SoftConsole/WhiteBoard_Plotter_MSS_CM3_0/WhiteBoard_Plotter_MSS_CM3_0_hw_platform/Debug/CMSIS/startup_gcc/newlib_stubs.o
 .text._kill    0x00000000       0x24 C:/Users/bansarth/Documents/EECS373_Project/WhiteBoard_Plotter/SoftConsole/WhiteBoard_Plotter_MSS_CM3_0/WhiteBoard_Plotter_MSS_CM3_0_hw_platform/Debug/CMSIS/startup_gcc/newlib_stubs.o
 .text._link    0x00000000       0x24 C:/Users/bansarth/Documents/EECS373_Project/WhiteBoard_Plotter/SoftConsole/WhiteBoard_Plotter_MSS_CM3_0/WhiteBoard_Plotter_MSS_CM3_0_hw_platform/Debug/CMSIS/startup_gcc/newlib_stubs.o
 .text._lseek   0x00000000       0x1c C:/Users/bansarth/Documents/EECS373_Project/WhiteBoard_Plotter/SoftConsole/WhiteBoard_Plotter_MSS_CM3_0/WhiteBoard_Plotter_MSS_CM3_0_hw_platform/Debug/CMSIS/startup_gcc/newlib_stubs.o
 .text._open    0x00000000       0x1c C:/Users/bansarth/Documents/EECS373_Project/WhiteBoard_Plotter/SoftConsole/WhiteBoard_Plotter_MSS_CM3_0/WhiteBoard_Plotter_MSS_CM3_0_hw_platform/Debug/CMSIS/startup_gcc/newlib_stubs.o
 .text._read    0x00000000       0x1c C:/Users/bansarth/Documents/EECS373_Project/WhiteBoard_Plotter/SoftConsole/WhiteBoard_Plotter_MSS_CM3_0/WhiteBoard_Plotter_MSS_CM3_0_hw_platform/Debug/CMSIS/startup_gcc/newlib_stubs.o
 .text._stat    0x00000000       0x24 C:/Users/bansarth/Documents/EECS373_Project/WhiteBoard_Plotter/SoftConsole/WhiteBoard_Plotter_MSS_CM3_0/WhiteBoard_Plotter_MSS_CM3_0_hw_platform/Debug/CMSIS/startup_gcc/newlib_stubs.o
 .text._times   0x00000000       0x18 C:/Users/bansarth/Documents/EECS373_Project/WhiteBoard_Plotter/SoftConsole/WhiteBoard_Plotter_MSS_CM3_0/WhiteBoard_Plotter_MSS_CM3_0_hw_platform/Debug/CMSIS/startup_gcc/newlib_stubs.o
 .text._unlink  0x00000000       0x24 C:/Users/bansarth/Documents/EECS373_Project/WhiteBoard_Plotter/SoftConsole/WhiteBoard_Plotter_MSS_CM3_0/WhiteBoard_Plotter_MSS_CM3_0_hw_platform/Debug/CMSIS/startup_gcc/newlib_stubs.o
 .text._wait    0x00000000       0x24 C:/Users/bansarth/Documents/EECS373_Project/WhiteBoard_Plotter/SoftConsole/WhiteBoard_Plotter_MSS_CM3_0/WhiteBoard_Plotter_MSS_CM3_0_hw_platform/Debug/CMSIS/startup_gcc/newlib_stubs.o
 .text          0x00000000        0x0 C:\Users\bansarth\Documents\EECS373_Project\WhiteBoard_Plotter\SoftConsole\WhiteBoard_Plotter_MSS_CM3_0\WhiteBoard_Plotter_MSS_CM3_0_hw_platform\Debug\libWhiteBoard_Plotter_MSS_CM3_0_hw_platform.a(system_a2fxxxm3.o)
 .data          0x00000000        0x0 C:\Users\bansarth\Documents\EECS373_Project\WhiteBoard_Plotter\SoftConsole\WhiteBoard_Plotter_MSS_CM3_0\WhiteBoard_Plotter_MSS_CM3_0_hw_platform\Debug\libWhiteBoard_Plotter_MSS_CM3_0_hw_platform.a(system_a2fxxxm3.o)
 .bss           0x00000000        0x0 C:\Users\bansarth\Documents\EECS373_Project\WhiteBoard_Plotter\SoftConsole\WhiteBoard_Plotter_MSS_CM3_0\WhiteBoard_Plotter_MSS_CM3_0_hw_platform\Debug\libWhiteBoard_Plotter_MSS_CM3_0_hw_platform.a(system_a2fxxxm3.o)
 .data.SystemFrequency
                0x00000000        0x4 C:\Users\bansarth\Documents\EECS373_Project\WhiteBoard_Plotter\SoftConsole\WhiteBoard_Plotter_MSS_CM3_0\WhiteBoard_Plotter_MSS_CM3_0_hw_platform\Debug\libWhiteBoard_Plotter_MSS_CM3_0_hw_platform.a(system_a2fxxxm3.o)
 .data.SystemCoreClock
                0x00000000        0x4 C:\Users\bansarth\Documents\EECS373_Project\WhiteBoard_Plotter\SoftConsole\WhiteBoard_Plotter_MSS_CM3_0\WhiteBoard_Plotter_MSS_CM3_0_hw_platform\Debug\libWhiteBoard_Plotter_MSS_CM3_0_hw_platform.a(system_a2fxxxm3.o)
 .data.g_FrequencyPCLK0
                0x00000000        0x4 C:\Users\bansarth\Documents\EECS373_Project\WhiteBoard_Plotter\SoftConsole\WhiteBoard_Plotter_MSS_CM3_0\WhiteBoard_Plotter_MSS_CM3_0_hw_platform\Debug\libWhiteBoard_Plotter_MSS_CM3_0_hw_platform.a(system_a2fxxxm3.o)
 .data.g_FrequencyPCLK1
                0x00000000        0x4 C:\Users\bansarth\Documents\EECS373_Project\WhiteBoard_Plotter\SoftConsole\WhiteBoard_Plotter_MSS_CM3_0\WhiteBoard_Plotter_MSS_CM3_0_hw_platform\Debug\libWhiteBoard_Plotter_MSS_CM3_0_hw_platform.a(system_a2fxxxm3.o)
 .data.g_FrequencyACE
                0x00000000        0x4 C:\Users\bansarth\Documents\EECS373_Project\WhiteBoard_Plotter\SoftConsole\WhiteBoard_Plotter_MSS_CM3_0\WhiteBoard_Plotter_MSS_CM3_0_hw_platform\Debug\libWhiteBoard_Plotter_MSS_CM3_0_hw_platform.a(system_a2fxxxm3.o)
 .data.g_FrequencyFPGA
                0x00000000        0x4 C:\Users\bansarth\Documents\EECS373_Project\WhiteBoard_Plotter\SoftConsole\WhiteBoard_Plotter_MSS_CM3_0\WhiteBoard_Plotter_MSS_CM3_0_hw_platform\Debug\libWhiteBoard_Plotter_MSS_CM3_0_hw_platform.a(system_a2fxxxm3.o)
 .text.SystemCoreClockUpdate
                0x00000000      0x150 C:\Users\bansarth\Documents\EECS373_Project\WhiteBoard_Plotter\SoftConsole\WhiteBoard_Plotter_MSS_CM3_0\WhiteBoard_Plotter_MSS_CM3_0_hw_platform\Debug\libWhiteBoard_Plotter_MSS_CM3_0_hw_platform.a(system_a2fxxxm3.o)
 .text.GetSystemClock
                0x00000000       0xe8 C:\Users\bansarth\Documents\EECS373_Project\WhiteBoard_Plotter\SoftConsole\WhiteBoard_Plotter_MSS_CM3_0\WhiteBoard_Plotter_MSS_CM3_0_hw_platform\Debug\libWhiteBoard_Plotter_MSS_CM3_0_hw_platform.a(system_a2fxxxm3.o)
 .rodata.C.18.2576
                0x00000000       0x10 C:\Users\bansarth\Documents\EECS373_Project\WhiteBoard_Plotter\SoftConsole\WhiteBoard_Plotter_MSS_CM3_0\WhiteBoard_Plotter_MSS_CM3_0_hw_platform\Debug\libWhiteBoard_Plotter_MSS_CM3_0_hw_platform.a(system_a2fxxxm3.o)
 .data          0x00000000        0x0 c:/microsemi/softconsole v3.3/sourcery-g++/bin/../lib/gcc/arm-none-eabi/4.4.1/thumb2\libgcc.a(_arm_addsubdf3.o)
 .bss           0x00000000        0x0 c:/microsemi/softconsole v3.3/sourcery-g++/bin/../lib/gcc/arm-none-eabi/4.4.1/thumb2\libgcc.a(_arm_addsubdf3.o)
 .data          0x00000000        0x0 c:/microsemi/softconsole v3.3/sourcery-g++/bin/../lib/gcc/arm-none-eabi/4.4.1/thumb2\libgcc.a(_arm_muldivdf3.o)
 .bss           0x00000000        0x0 c:/microsemi/softconsole v3.3/sourcery-g++/bin/../lib/gcc/arm-none-eabi/4.4.1/thumb2\libgcc.a(_arm_muldivdf3.o)
 .data          0x00000000        0x0 c:/microsemi/softconsole v3.3/sourcery-g++/bin/../lib/gcc/arm-none-eabi/4.4.1/thumb2\libgcc.a(_arm_cmpdf2.o)
 .bss           0x00000000        0x0 c:/microsemi/softconsole v3.3/sourcery-g++/bin/../lib/gcc/arm-none-eabi/4.4.1/thumb2\libgcc.a(_arm_cmpdf2.o)
 .data          0x00000000        0x0 c:/microsemi/softconsole v3.3/sourcery-g++/bin/../lib/gcc/arm-none-eabi/4.4.1/thumb2\libgcc.a(_arm_fixunsdfsi.o)
 .bss           0x00000000        0x0 c:/microsemi/softconsole v3.3/sourcery-g++/bin/../lib/gcc/arm-none-eabi/4.4.1/thumb2\libgcc.a(_arm_fixunsdfsi.o)
 .data          0x00000000        0x0 c:/microsemi/softconsole v3.3/sourcery-g++/bin/../lib/gcc/arm-none-eabi/4.4.1/../../../../arm-none-eabi/lib/thumb2\libc.a(lib_a-errno.o)
 .bss           0x00000000        0x0 c:/microsemi/softconsole v3.3/sourcery-g++/bin/../lib/gcc/arm-none-eabi/4.4.1/../../../../arm-none-eabi/lib/thumb2\libc.a(lib_a-errno.o)
 .text          0x00000000        0x0 c:/microsemi/softconsole v3.3/sourcery-g++/bin/../lib/gcc/arm-none-eabi/4.4.1/../../../../arm-none-eabi/lib/thumb2\libc.a(lib_a-impure.o)
 .bss           0x00000000        0x0 c:/microsemi/softconsole v3.3/sourcery-g++/bin/../lib/gcc/arm-none-eabi/4.4.1/../../../../arm-none-eabi/lib/thumb2\libc.a(lib_a-impure.o)
 .rodata        0x00000000        0x4 c:/microsemi/softconsole v3.3/sourcery-g++/bin/../lib/gcc/arm-none-eabi/4.4.1/../../../../arm-none-eabi/lib/thumb2\libc.a(lib_a-impure.o)
 .data          0x00000000        0x0 c:/microsemi/softconsole v3.3/sourcery-g++/bin/../lib/gcc/arm-none-eabi/4.4.1/../../../../arm-none-eabi/lib/thumb2\libc.a(lib_a-init.o)
 .bss           0x00000000        0x0 c:/microsemi/softconsole v3.3/sourcery-g++/bin/../lib/gcc/arm-none-eabi/4.4.1/../../../../arm-none-eabi/lib/thumb2\libc.a(lib_a-init.o)
 .data          0x00000000        0x0 c:/microsemi/softconsole v3.3/sourcery-g++/bin/../lib/gcc/arm-none-eabi/4.4.1/../../../../arm-none-eabi/lib/thumb2\libc.a(lib_a-malloc.o)
 .bss           0x00000000        0x0 c:/microsemi/softconsole v3.3/sourcery-g++/bin/../lib/gcc/arm-none-eabi/4.4.1/../../../../arm-none-eabi/lib/thumb2\libc.a(lib_a-malloc.o)
 .data          0x00000000        0x0 c:/microsemi/softconsole v3.3/sourcery-g++/bin/../lib/gcc/arm-none-eabi/4.4.1/../../../../arm-none-eabi/lib/thumb2\libc.a(lib_a-mlock.o)
 .bss           0x00000000        0x0 c:/microsemi/softconsole v3.3/sourcery-g++/bin/../lib/gcc/arm-none-eabi/4.4.1/../../../../arm-none-eabi/lib/thumb2\libc.a(lib_a-mlock.o)
 .data          0x00000000        0x0 c:/microsemi/softconsole v3.3/sourcery-g++/bin/../lib/gcc/arm-none-eabi/4.4.1/../../../../arm-none-eabi/lib/thumb2\libc.a(lib_a-sbrkr.o)
 .bss           0x00000000        0x0 c:/microsemi/softconsole v3.3/sourcery-g++/bin/../lib/gcc/arm-none-eabi/4.4.1/../../../../arm-none-eabi/lib/thumb2\libc.a(lib_a-sbrkr.o)
 .data          0x00000000        0x0 c:/microsemi/softconsole v3.3/sourcery-g++/bin/../lib/gcc/arm-none-eabi/4.4.1/../../../../arm-none-eabi/lib/thumb2\libc.a(lib_a-freer.o)
 .bss           0x00000000        0x0 c:/microsemi/softconsole v3.3/sourcery-g++/bin/../lib/gcc/arm-none-eabi/4.4.1/../../../../arm-none-eabi/lib/thumb2\libc.a(lib_a-freer.o)
 .text          0x00000000      0x10c c:/microsemi/softconsole v3.3/sourcery-g++/bin/../lib/gcc/arm-none-eabi/4.4.1/../../../../arm-none-eabi/lib/thumb2\libc.a(lib_a-reent.o)
 .data          0x00000000        0x0 c:/microsemi/softconsole v3.3/sourcery-g++/bin/../lib/gcc/arm-none-eabi/4.4.1/../../../../arm-none-eabi/lib/thumb2\libc.a(lib_a-reent.o)
 .bss           0x00000000        0x0 c:/microsemi/softconsole v3.3/sourcery-g++/bin/../lib/gcc/arm-none-eabi/4.4.1/../../../../arm-none-eabi/lib/thumb2\libc.a(lib_a-reent.o)
 .text          0x00000000        0x0 c:/microsemi/softconsole v3.3/sourcery-g++/bin/../lib/gcc/arm-none-eabi/4.4.1/thumb2/crtend.o
 .data          0x00000000        0x0 c:/microsemi/softconsole v3.3/sourcery-g++/bin/../lib/gcc/arm-none-eabi/4.4.1/thumb2/crtend.o
 .bss           0x00000000        0x0 c:/microsemi/softconsole v3.3/sourcery-g++/bin/../lib/gcc/arm-none-eabi/4.4.1/thumb2/crtend.o
 .text          0x00000000        0x0 c:/microsemi/softconsole v3.3/sourcery-g++/bin/../lib/gcc/arm-none-eabi/4.4.1/thumb2/crtn.o
 .data          0x00000000        0x0 c:/microsemi/softconsole v3.3/sourcery-g++/bin/../lib/gcc/arm-none-eabi/4.4.1/thumb2/crtn.o
 .bss           0x00000000        0x0 c:/microsemi/softconsole v3.3/sourcery-g++/bin/../lib/gcc/arm-none-eabi/4.4.1/thumb2/crtn.o
 .data          0x00000000        0x0 c:/microsemi/softconsole v3.3/sourcery-g++/bin/../lib/gcc/arm-none-eabi/4.4.1/../../../../arm-none-eabi/lib/thumb2\libm.a(lib_a-w_sqrt.o)
 .bss           0x00000000        0x0 c:/microsemi/softconsole v3.3/sourcery-g++/bin/../lib/gcc/arm-none-eabi/4.4.1/../../../../arm-none-eabi/lib/thumb2\libm.a(lib_a-w_sqrt.o)
 .data          0x00000000        0x0 c:/microsemi/softconsole v3.3/sourcery-g++/bin/../lib/gcc/arm-none-eabi/4.4.1/../../../../arm-none-eabi/lib/thumb2\libm.a(lib_a-e_sqrt.o)
 .bss           0x00000000        0x0 c:/microsemi/softconsole v3.3/sourcery-g++/bin/../lib/gcc/arm-none-eabi/4.4.1/../../../../arm-none-eabi/lib/thumb2\libm.a(lib_a-e_sqrt.o)
 .data          0x00000000        0x0 c:/microsemi/softconsole v3.3/sourcery-g++/bin/../lib/gcc/arm-none-eabi/4.4.1/../../../../arm-none-eabi/lib/thumb2\libm.a(lib_a-s_isnand.o)
 .bss           0x00000000        0x0 c:/microsemi/softconsole v3.3/sourcery-g++/bin/../lib/gcc/arm-none-eabi/4.4.1/../../../../arm-none-eabi/lib/thumb2\libm.a(lib_a-s_isnand.o)
 .text          0x00000000        0x0 c:/microsemi/softconsole v3.3/sourcery-g++/bin/../lib/gcc/arm-none-eabi/4.4.1/../../../../arm-none-eabi/lib/thumb2\libm.a(lib_a-s_lib_ver.o)
 .bss           0x00000000        0x0 c:/microsemi/softconsole v3.3/sourcery-g++/bin/../lib/gcc/arm-none-eabi/4.4.1/../../../../arm-none-eabi/lib/thumb2\libm.a(lib_a-s_lib_ver.o)
 .data          0x00000000        0x0 c:/microsemi/softconsole v3.3/sourcery-g++/bin/../lib/gcc/arm-none-eabi/4.4.1/../../../../arm-none-eabi/lib/thumb2\libm.a(lib_a-s_matherr.o)
 .bss           0x00000000        0x0 c:/microsemi/softconsole v3.3/sourcery-g++/bin/../lib/gcc/arm-none-eabi/4.4.1/../../../../arm-none-eabi/lib/thumb2\libm.a(lib_a-s_matherr.o)

Memory Configuration

Name             Origin             Length             Attributes
ram              0x20000000         0x00010000         xrw
*default*        0x00000000         0xffffffff

Linker script and memory map

LOAD c:/microsemi/softconsole v3.3/sourcery-g++/bin/../lib/gcc/arm-none-eabi/4.4.1/thumb2/crti.o
LOAD c:/microsemi/softconsole v3.3/sourcery-g++/bin/../lib/gcc/arm-none-eabi/4.4.1/thumb2/crtbegin.o
LOAD ./main.o
LOAD ./stepper.o
LOAD C:/Users/bansarth/Documents/EECS373_Project/WhiteBoard_Plotter/SoftConsole/WhiteBoard_Plotter_MSS_CM3_0/WhiteBoard_Plotter_MSS_CM3_0_hw_platform/Debug/CMSIS/startup_gcc/startup_a2fxxxm3.o
LOAD C:/Users/bansarth/Documents/EECS373_Project/WhiteBoard_Plotter/SoftConsole/WhiteBoard_Plotter_MSS_CM3_0/WhiteBoard_Plotter_MSS_CM3_0_hw_platform/Debug/CMSIS/startup_gcc/newlib_stubs.o
LOAD C:\Users\bansarth\Documents\EECS373_Project\WhiteBoard_Plotter\SoftConsole\WhiteBoard_Plotter_MSS_CM3_0\WhiteBoard_Plotter_MSS_CM3_0_hw_platform\Debug\libWhiteBoard_Plotter_MSS_CM3_0_hw_platform.a
START GROUP
LOAD c:/microsemi/softconsole v3.3/sourcery-g++/bin/../lib/gcc/arm-none-eabi/4.4.1/thumb2\libgcc.a
LOAD c:/microsemi/softconsole v3.3/sourcery-g++/bin/../lib/gcc/arm-none-eabi/4.4.1/../../../../arm-none-eabi/lib/thumb2\libc.a
END GROUP
LOAD c:/microsemi/softconsole v3.3/sourcery-g++/bin/../lib/gcc/arm-none-eabi/4.4.1/thumb2/crtend.o
LOAD c:/microsemi/softconsole v3.3/sourcery-g++/bin/../lib/gcc/arm-none-eabi/4.4.1/thumb2/crtn.o
START GROUP
LOAD c:/microsemi/softconsole v3.3/sourcery-g++/bin/../lib/gcc/arm-none-eabi/4.4.1/../../../../arm-none-eabi/lib/thumb2\libc.a
LOAD c:/microsemi/softconsole v3.3/sourcery-g++/bin/../lib/gcc/arm-none-eabi/4.4.1/thumb2\libgcc.a
LOAD c:/microsemi/softconsole v3.3/sourcery-g++/bin/../lib/gcc/arm-none-eabi/4.4.1/../../../../arm-none-eabi/lib/thumb2\libm.a
END GROUP
                0x00000000                __DYNAMIC = 0x0
                0x20000000                RAM_START_ADDRESS = 0x20000000
                0x00010000                RAM_SIZE = 0x10000
                0x00002000                MAIN_STACK_SIZE = 0x2000
                0x00001000                PROCESS_STACK_SIZE = 0x1000
                0x20010000                PROVIDE (__main_stack_start, (RAM_START_ADDRESS + RAM_SIZE))
                0x2000e000                PROVIDE (__process_stack_start, (__main_stack_start - MAIN_STACK_SIZE))
                0x20010000                PROVIDE (_estack, __main_stack_start)
                0x00000000                PROVIDE (__mirrored_nvm, 0x0)

.text           0x20000000     0x2470
 CREATE_OBJECT_SYMBOLS
                0x20000000                __text_load = LOADADDR (.text)
                0x20000000                __text_start = .
                0x20000000                __vector_table_vma_base_address = .
 *(.isr_vector)
 .isr_vector    0x20000000      0x470 C:/Users/bansarth/Documents/EECS373_Project/WhiteBoard_Plotter/SoftConsole/WhiteBoard_Plotter_MSS_CM3_0/WhiteBoard_Plotter_MSS_CM3_0_hw_platform/Debug/CMSIS/startup_gcc/startup_a2fxxxm3.o
                0x20000000                g_pfnVectors
                0x20000298                Reset_Handler
                0x20000308                NMI_Handler
                0x2000030a                HardFault_Handler
                0x2000030c                MemManage_Handler
                0x2000030e                BusFault_Handler
                0x20000310                UsageFault_Handler
                0x20000312                SVC_Handler
                0x20000314                DebugMon_Handler
                0x20000316                PendSV_Handler
                0x20000318                SysTick_Handler
                0x2000031a                WdogWakeup_IRQHandler
                0x2000031c                BrownOut_1_5V_IRQHandler
                0x2000031e                BrownOut_3_3V_IRQHandler
                0x20000320                RTC_Match_IRQHandler
                0x20000322                RTCIF_Pub_IRQHandler
                0x20000324                EthernetMAC_IRQHandler
                0x20000326                IAP_IRQHandler
                0x20000328                ENVM0_IRQHandler
                0x2000032a                ENVM1_IRQHandler
                0x2000032c                DMA_IRQHandler
                0x2000032e                UART0_IRQHandler
                0x20000330                UART1_IRQHandler
                0x20000332                SPI0_IRQHandler
                0x20000334                SPI1_IRQHandler
                0x20000336                I2C0_IRQHandler
                0x20000338                I2C0_SMBAlert_IRQHandler
                0x2000033a                I2C0_SMBus_IRQHandler
                0x2000033c                I2C1_IRQHandler
                0x2000033e                I2C1_SMBAlert_IRQHandler
                0x20000340                I2C1_SMBus_IRQHandler
                0x20000344                Timer2_IRQHandler
                0x20000346                PLL_Lock_IRQHandler
                0x20000348                PLL_LockLost_IRQHandler
                0x2000034a                CommError_IRQHandler
                0x2000034c                Fabric_IRQHandler
                0x2000034e                GPIO0_IRQHandler
                0x20000350                GPIO1_IRQHandler
                0x20000352                GPIO2_IRQHandler
                0x20000354                GPIO3_IRQHandler
                0x20000356                GPIO4_IRQHandler
                0x20000358                GPIO5_IRQHandler
                0x2000035a                GPIO6_IRQHandler
                0x2000035c                GPIO7_IRQHandler
                0x2000035e                GPIO8_IRQHandler
                0x20000360                GPIO9_IRQHandler
                0x20000362                GPIO10_IRQHandler
                0x20000364                GPIO11_IRQHandler
                0x20000366                GPIO12_IRQHandler
                0x20000368                GPIO13_IRQHandler
                0x2000036a                GPIO14_IRQHandler
                0x2000036c                GPIO15_IRQHandler
                0x2000036e                GPIO16_IRQHandler
                0x20000370                GPIO17_IRQHandler
                0x20000372                GPIO18_IRQHandler
                0x20000374                GPIO19_IRQHandler
                0x20000376                GPIO20_IRQHandler
                0x20000378                GPIO21_IRQHandler
                0x2000037a                GPIO22_IRQHandler
                0x2000037c                GPIO23_IRQHandler
                0x2000037e                GPIO24_IRQHandler
                0x20000380                GPIO25_IRQHandler
                0x20000382                GPIO26_IRQHandler
                0x20000384                GPIO27_IRQHandler
                0x20000386                GPIO28_IRQHandler
                0x20000388                GPIO29_IRQHandler
                0x2000038a                GPIO30_IRQHandler
                0x2000038c                GPIO31_IRQHandler
                0x2000038e                ACE_PC0_Flag0_IRQHandler
                0x20000390                ACE_PC0_Flag1_IRQHandler
                0x20000392                ACE_PC0_Flag2_IRQHandler
                0x20000394                ACE_PC0_Flag3_IRQHandler
                0x20000396                ACE_PC1_Flag0_IRQHandler
                0x20000398                ACE_PC1_Flag1_IRQHandler
                0x2000039a                ACE_PC1_Flag2_IRQHandler
                0x2000039c                ACE_PC1_Flag3_IRQHandler
                0x2000039e                ACE_PC2_Flag0_IRQHandler
                0x200003a0                ACE_PC2_Flag1_IRQHandler
                0x200003a2                ACE_PC2_Flag2_IRQHandler
                0x200003a4                ACE_PC2_Flag3_IRQHandler
                0x200003a6                ACE_ADC0_DataValid_IRQHandler
                0x200003a8                ACE_ADC1_DataValid_IRQHandler
                0x200003aa                ACE_ADC2_DataValid_IRQHandler
                0x200003ac                ACE_ADC0_CalDone_IRQHandler
                0x200003ae                ACE_ADC1_CalDone_IRQHandler
                0x200003b0                ACE_ADC2_CalDone_IRQHandler
                0x200003b2                ACE_ADC0_CalStart_IRQHandler
                0x200003b4                ACE_ADC1_CalStart_IRQHandler
                0x200003b6                ACE_ADC2_CalStart_IRQHandler
                0x200003b8                ACE_Comp0_Fall_IRQHandler
                0x200003ba                ACE_Comp1_Fall_IRQHandler
                0x200003bc                ACE_Comp2_Fall_IRQHandler
                0x200003be                ACE_Comp3_Fall_IRQHandler
                0x200003c0                ACE_Comp4_Fall_IRQHandler
                0x200003c2                ACE_Comp5_Fall_IRQHandler
                0x200003c4                ACE_Comp6_Fall_IRQHandler
                0x200003c6                ACE_Comp7_Fall_IRQHandler
                0x200003c8                ACE_Comp8_Fall_IRQHandler
                0x200003ca                ACE_Comp9_Fall_IRQHandler
                0x200003cc                ACE_Comp10_Fall_IRQHandler
                0x200003ce                ACE_Comp11_Fall_IRQHandler
                0x200003d0                ACE_Comp0_Rise_IRQHandler
                0x200003d2                ACE_Comp1_Rise_IRQHandler
                0x200003d4                ACE_Comp2_Rise_IRQHandler
                0x200003d6                ACE_Comp3_Rise_IRQHandler
                0x200003d8                ACE_Comp4_Rise_IRQHandler
                0x200003da                ACE_Comp5_Rise_IRQHandler
                0x200003dc                ACE_Comp6_Rise_IRQHandler
                0x200003de                ACE_Comp7_Rise_IRQHandler
                0x200003e0                ACE_Comp8_Rise_IRQHandler
                0x200003e2                ACE_Comp9_Rise_IRQHandler
                0x200003e4                ACE_Comp10_Rise_IRQHandler
                0x200003e6                ACE_Comp11_Rise_IRQHandler
                0x200003e8                ACE_ADC0_FifoFull_IRQHandler
                0x200003ea                ACE_ADC0_FifoAFull_IRQHandler
                0x200003ec                ACE_ADC0_FifoEmpty_IRQHandler
                0x200003ee                ACE_ADC1_FifoFull_IRQHandler
                0x200003f0                ACE_ADC1_FifoAFull_IRQHandler
                0x200003f2                ACE_ADC1_FifoEmpty_IRQHandler
                0x200003f4                ACE_ADC2_FifoFull_IRQHandler
                0x200003f6                ACE_ADC2_FifoAFull_IRQHandler
                0x200003f8                ACE_ADC2_FifoEmpty_IRQHandler
                0x200003fa                ACE_PPE_Flag0_IRQHandler
                0x200003fc                ACE_PPE_Flag1_IRQHandler
                0x200003fe                ACE_PPE_Flag2_IRQHandler
                0x20000400                ACE_PPE_Flag3_IRQHandler
                0x20000402                ACE_PPE_Flag4_IRQHandler
                0x20000404                ACE_PPE_Flag5_IRQHandler
                0x20000406                ACE_PPE_Flag6_IRQHandler
                0x20000408                ACE_PPE_Flag7_IRQHandler
                0x2000040a                ACE_PPE_Flag8_IRQHandler
                0x2000040c                ACE_PPE_Flag9_IRQHandler
                0x2000040e                ACE_PPE_Flag10_IRQHandler
                0x20000410                ACE_PPE_Flag11_IRQHandler
                0x20000412                ACE_PPE_Flag12_IRQHandler
                0x20000414                ACE_PPE_Flag13_IRQHandler
                0x20000416                ACE_PPE_Flag14_IRQHandler
                0x20000418                ACE_PPE_Flag15_IRQHandler
                0x2000041a                ACE_PPE_Flag16_IRQHandler
                0x2000041c                ACE_PPE_Flag17_IRQHandler
                0x2000041e                ACE_PPE_Flag18_IRQHandler
                0x20000420                ACE_PPE_Flag19_IRQHandler
                0x20000422                ACE_PPE_Flag20_IRQHandler
                0x20000424                ACE_PPE_Flag21_IRQHandler
                0x20000426                ACE_PPE_Flag22_IRQHandler
                0x20000428                ACE_PPE_Flag23_IRQHandler
                0x2000042a                ACE_PPE_Flag24_IRQHandler
                0x2000042c                ACE_PPE_Flag25_IRQHandler
                0x2000042e                ACE_PPE_Flag26_IRQHandler
                0x20000430                ACE_PPE_Flag27_IRQHandler
                0x20000432                ACE_PPE_Flag28_IRQHandler
                0x20000434                ACE_PPE_Flag29_IRQHandler
                0x20000436                ACE_PPE_Flag30_IRQHandler
                0x20000438                ACE_PPE_Flag31_IRQHandler
 *(.text .text.* .gnu.linkonce.t.*)
 .text          0x20000470       0x30 c:/microsemi/softconsole v3.3/sourcery-g++/bin/../lib/gcc/arm-none-eabi/4.4.1/thumb2/crtbegin.o
 .text.NVIC_EnableIRQ
                0x200004a0       0x38 ./main.o
 .text.NVIC_DisableIRQ
                0x200004d8       0x3c ./main.o
 .text.NVIC_ClearPendingIRQ
                0x20000514       0x3c ./main.o
 .text.MSS_TIM1_init
                0x20000550       0x84 ./main.o
 .text.MSS_TIM1_start
                0x200005d4       0x1c ./main.o
 .text.MSS_TIM1_load_immediate
                0x200005f0       0x20 ./main.o
 .text.MSS_TIM1_enable_irq
                0x20000610       0x20 ./main.o
 .text.MSS_TIM1_clear_irq
                0x20000630       0x1c ./main.o
 .text.start_hardware_timer
                0x2000064c       0x28 ./main.o
                0x2000064c                start_hardware_timer
 .text.insert_timer
                0x20000674       0xa4 ./main.o
                0x20000674                insert_timer
 .text.motorLeft
                0x20000718       0x90 ./main.o
                0x20000718                motorLeft
 .text.motorRight
                0x200007a8       0x90 ./main.o
                0x200007a8                motorRight
 .text.startTimerContinuous
                0x20000838       0x54 ./main.o
                0x20000838                startTimerContinuous
 .text.update_timers
                0x2000088c       0xec ./main.o
                0x2000088c                update_timers
 .text.Timer1_IRQHandler
                0x20000978       0xd8 ./main.o
                0x20000978                Timer1_IRQHandler
 .text.clearTimers
                0x20000a50       0x7c ./main.o
                0x20000a50                clearTimers
 .text.interfaceConfig
                0x20000acc      0x154 ./main.o
                0x20000acc                interfaceConfig
 .text.makeLine
                0x20000c20      0x208 ./main.o
                0x20000c20                makeLine
 .text.main     0x20000e28       0x50 ./main.o
                0x20000e28                main
 .text.MSS_GPIO_set_outputs
                0x20000e78       0x20 ./stepper.o
 .text.stepper_config
                0x20000e98       0x24 ./stepper.o
                0x20000e98                stepper_config
 .text.step     0x20000ebc       0x5c ./stepper.o
                0x20000ebc                step
 .text._exit    0x20000f18        0xc C:/Users/bansarth/Documents/EECS373_Project/WhiteBoard_Plotter/SoftConsole/WhiteBoard_Plotter_MSS_CM3_0/WhiteBoard_Plotter_MSS_CM3_0_hw_platform/Debug/CMSIS/startup_gcc/newlib_stubs.o
                0x20000f18                _exit
 .text._write_r
                0x20000f24       0x20 C:/Users/bansarth/Documents/EECS373_Project/WhiteBoard_Plotter/SoftConsole/WhiteBoard_Plotter_MSS_CM3_0/WhiteBoard_Plotter_MSS_CM3_0_hw_platform/Debug/CMSIS/startup_gcc/newlib_stubs.o
                0x20000f24                _write_r
 .text._sbrk    0x20000f44       0x94 C:/Users/bansarth/Documents/EECS373_Project/WhiteBoard_Plotter/SoftConsole/WhiteBoard_Plotter_MSS_CM3_0/WhiteBoard_Plotter_MSS_CM3_0_hw_platform/Debug/CMSIS/startup_gcc/newlib_stubs.o
                0x20000f44                _sbrk
 .text.SystemInit
                0x20000fd8        0xc C:\Users\bansarth\Documents\EECS373_Project\WhiteBoard_Plotter\SoftConsole\WhiteBoard_Plotter_MSS_CM3_0\WhiteBoard_Plotter_MSS_CM3_0_hw_platform\Debug\libWhiteBoard_Plotter_MSS_CM3_0_hw_platform.a(system_a2fxxxm3.o)
                0x20000fd8                SystemInit
 .text          0x20000fe4      0x370 c:/microsemi/softconsole v3.3/sourcery-g++/bin/../lib/gcc/arm-none-eabi/4.4.1/thumb2\libgcc.a(_arm_addsubdf3.o)
                0x20000fe4                __aeabi_drsub
                0x20000fec                __aeabi_dsub
                0x20000fec                __subdf3
                0x20000ff0                __aeabi_dadd
                0x20000ff0                __adddf3
                0x20001268                __floatunsidf
                0x20001268                __aeabi_ui2d
                0x20001288                __floatsidf
                0x20001288                __aeabi_i2d
                0x200012ac                __aeabi_f2d
                0x200012ac                __extendsfdf2
                0x200012e8                __floatundidf
                0x200012e8                __aeabi_ul2d
                0x200012f8                __floatdidf
                0x200012f8                __aeabi_l2d
 .text          0x20001354      0x424 c:/microsemi/softconsole v3.3/sourcery-g++/bin/../lib/gcc/arm-none-eabi/4.4.1/thumb2\libgcc.a(_arm_muldivdf3.o)
                0x20001354                __aeabi_dmul
                0x20001354                __muldf3
                0x200015a8                __divdf3
                0x200015a8                __aeabi_ddiv
 .text          0x20001778      0x110 c:/microsemi/softconsole v3.3/sourcery-g++/bin/../lib/gcc/arm-none-eabi/4.4.1/thumb2\libgcc.a(_arm_cmpdf2.o)
                0x20001778                __gtdf2
                0x20001778                __gedf2
                0x20001780                __ltdf2
                0x20001780                __ledf2
                0x20001788                __nedf2
                0x20001788                __eqdf2
                0x20001788                __cmpdf2
                0x20001804                __aeabi_cdrcmple
                0x20001814                __aeabi_cdcmpeq
                0x20001814                __aeabi_cdcmple
                0x20001824                __aeabi_dcmpeq
                0x20001838                __aeabi_dcmplt
                0x2000184c                __aeabi_dcmple
                0x20001860                __aeabi_dcmpge
                0x20001874                __aeabi_dcmpgt
 .text          0x20001888       0x40 c:/microsemi/softconsole v3.3/sourcery-g++/bin/../lib/gcc/arm-none-eabi/4.4.1/thumb2\libgcc.a(_arm_fixunsdfsi.o)
                0x20001888                __aeabi_d2uiz
                0x20001888                __fixunsdfsi
 .text          0x200018c8        0xc c:/microsemi/softconsole v3.3/sourcery-g++/bin/../lib/gcc/arm-none-eabi/4.4.1/../../../../arm-none-eabi/lib/thumb2\libc.a(lib_a-errno.o)
                0x200018c8                __errno
 .text          0x200018d4       0x50 c:/microsemi/softconsole v3.3/sourcery-g++/bin/../lib/gcc/arm-none-eabi/4.4.1/../../../../arm-none-eabi/lib/thumb2\libc.a(lib_a-init.o)
                0x200018d4                __libc_init_array
 .text          0x20001924       0x20 c:/microsemi/softconsole v3.3/sourcery-g++/bin/../lib/gcc/arm-none-eabi/4.4.1/../../../../arm-none-eabi/lib/thumb2\libc.a(lib_a-malloc.o)
                0x20001924                free
                0x20001934                malloc
 .text          0x20001944      0x5a4 c:/microsemi/softconsole v3.3/sourcery-g++/bin/../lib/gcc/arm-none-eabi/4.4.1/../../../../arm-none-eabi/lib/thumb2\libc.a(lib_a-mallocr.o)
                0x20001944                _malloc_r
 .text          0x20001ee8        0x8 c:/microsemi/softconsole v3.3/sourcery-g++/bin/../lib/gcc/arm-none-eabi/4.4.1/../../../../arm-none-eabi/lib/thumb2\libc.a(lib_a-mlock.o)
                0x20001ee8                __malloc_lock
                0x20001eec                __malloc_unlock
 .text          0x20001ef0       0x28 c:/microsemi/softconsole v3.3/sourcery-g++/bin/../lib/gcc/arm-none-eabi/4.4.1/../../../../arm-none-eabi/lib/thumb2\libc.a(lib_a-sbrkr.o)
                0x20001ef0                _sbrk_r
 .text          0x20001f18      0x268 c:/microsemi/softconsole v3.3/sourcery-g++/bin/../lib/gcc/arm-none-eabi/4.4.1/../../../../arm-none-eabi/lib/thumb2\libc.a(lib_a-freer.o)
                0x20001f18                _malloc_trim_r
                0x20001fc0                _free_r
 .text          0x20002180       0xac c:/microsemi/softconsole v3.3/sourcery-g++/bin/../lib/gcc/arm-none-eabi/4.4.1/../../../../arm-none-eabi/lib/thumb2\libm.a(lib_a-w_sqrt.o)
                0x20002180                sqrt
 .text          0x2000222c      0x1dc c:/microsemi/softconsole v3.3/sourcery-g++/bin/../lib/gcc/arm-none-eabi/4.4.1/../../../../arm-none-eabi/lib/thumb2\libm.a(lib_a-e_sqrt.o)
                0x2000222c                __ieee754_sqrt
 .text          0x20002408       0x1c c:/microsemi/softconsole v3.3/sourcery-g++/bin/../lib/gcc/arm-none-eabi/4.4.1/../../../../arm-none-eabi/lib/thumb2\libm.a(lib_a-s_isnand.o)
                0x20002408                __isnand
 .text          0x20002424        0x4 c:/microsemi/softconsole v3.3/sourcery-g++/bin/../lib/gcc/arm-none-eabi/4.4.1/../../../../arm-none-eabi/lib/thumb2\libm.a(lib_a-s_matherr.o)
                0x20002424                matherr
 *(.plt)
 *(.gnu.warning)
 *(.glue_7t)
 .glue_7t       0x00000000        0x0 linker stubs
 *(.glue_7)
 .glue_7        0x00000000        0x0 linker stubs
 *(.vfp11_veneer)
 .vfp11_veneer  0x00000000        0x0 linker stubs
                0x20002428                . = ALIGN (0x4)
 *crtbegin.o(.ctors)
 *(EXCLUDE_FILE(*crtend.o) .ctors)
 *(SORT(.ctors.*))
 *crtend.o(.ctors)
 *crtbegin.o(.dtors)
 *(EXCLUDE_FILE(*crtend.o) .dtors)
 *(SORT(.dtors.*))
 *crtend.o(.dtors)
 *(.rodata .rodata.* .gnu.linkonce.r.*)
 .rodata        0x20002428       0x1c C:/Users/bansarth/Documents/EECS373_Project/WhiteBoard_Plotter/SoftConsole/WhiteBoard_Plotter_MSS_CM3_0/WhiteBoard_Plotter_MSS_CM3_0_hw_platform/Debug/CMSIS/startup_gcc/newlib_stubs.o
 .rodata.str1.4
                0x20002444        0x2 c:/microsemi/softconsole v3.3/sourcery-g++/bin/../lib/gcc/arm-none-eabi/4.4.1/../../../../arm-none-eabi/lib/thumb2\libc.a(lib_a-impure.o)
                                  0x4 (size before relaxing)
 *fill*         0x20002446        0x2 00
 .rodata.str1.4
                0x20002448        0x8 c:/microsemi/softconsole v3.3/sourcery-g++/bin/../lib/gcc/arm-none-eabi/4.4.1/../../../../arm-none-eabi/lib/thumb2\libm.a(lib_a-w_sqrt.o)
 *(.ARM.extab* .gnu.linkonce.armextab.*)
 *(.gcc_except_table)
 *(.eh_frame_hdr)
 *(.eh_frame)
 *(.init)
 .init          0x20002450        0x4 c:/microsemi/softconsole v3.3/sourcery-g++/bin/../lib/gcc/arm-none-eabi/4.4.1/thumb2/crti.o
                0x20002450                _init
 .init          0x20002454        0x8 c:/microsemi/softconsole v3.3/sourcery-g++/bin/../lib/gcc/arm-none-eabi/4.4.1/thumb2/crtn.o
 *(.fini)
 .fini          0x2000245c        0x4 c:/microsemi/softconsole v3.3/sourcery-g++/bin/../lib/gcc/arm-none-eabi/4.4.1/thumb2/crti.o
                0x2000245c                _fini
 .fini          0x20002460        0x8 c:/microsemi/softconsole v3.3/sourcery-g++/bin/../lib/gcc/arm-none-eabi/4.4.1/thumb2/crtn.o
                0x20002468                PROVIDE (__preinit_array_start, .)
 *(.preinit_array)
                0x20002468                PROVIDE (__preinit_array_end, .)
                0x20002468                PROVIDE (__init_array_start, .)
 *(SORT(.init_array.*))
 *(.init_array)
 .init_array    0x20002468        0x4 c:/microsemi/softconsole v3.3/sourcery-g++/bin/../lib/gcc/arm-none-eabi/4.4.1/thumb2/crtbegin.o
                0x2000246c                PROVIDE (__init_array_end, .)
                0x2000246c                PROVIDE (__fini_array_start, .)
 *(.fini_array)
 .fini_array    0x2000246c        0x4 c:/microsemi/softconsole v3.3/sourcery-g++/bin/../lib/gcc/arm-none-eabi/4.4.1/thumb2/crtbegin.o
 *(SORT(.fini_array.*))
                0x20002470                PROVIDE (__fini_array_end, .)
                0x20002470                __exidx_start = .

.v4_bx          0x20002470        0x0
 .v4_bx         0x00000000        0x0 linker stubs

.ARM.exidx
 *(.ARM.exidx* .gnu.linkonce.armexidx.*)
                0x20002470                __exidx_end = .
                0x20002470                _etext = .
                0x20002470                PROVIDE (__text_end, .)

.data           0x20002470      0x514
                0x20002470                __data_load = LOADADDR (.data)
                0x20002470                _sidata = LOADADDR (.data)
                0x20002470                __data_start = .
                0x20002470                _sdata = .
 *(.jcr)
 .jcr           0x20002470        0x0 c:/microsemi/softconsole v3.3/sourcery-g++/bin/../lib/gcc/arm-none-eabi/4.4.1/thumb2/crtbegin.o
 .jcr           0x20002470        0x4 c:/microsemi/softconsole v3.3/sourcery-g++/bin/../lib/gcc/arm-none-eabi/4.4.1/thumb2/crtend.o
 *(.got.plt)
 *(.got)
 *(.shdata)
 *(.data .data.* .gnu.linkonce.d.*)
 .data.dirLeft  0x20002474        0x4 ./main.o
                0x20002474                dirLeft
 .data.dirRight
                0x20002478        0x4 ./main.o
                0x20002478                dirRight
 .data          0x2000247c       0xf4 c:/microsemi/softconsole v3.3/sourcery-g++/bin/../lib/gcc/arm-none-eabi/4.4.1/../../../../arm-none-eabi/lib/thumb2\libc.a(lib_a-impure.o)
                0x2000247c                _impure_ptr
 .data          0x20002570      0x410 c:/microsemi/softconsole v3.3/sourcery-g++/bin/../lib/gcc/arm-none-eabi/4.4.1/../../../../arm-none-eabi/lib/thumb2\libc.a(lib_a-mallocr.o)
                0x20002570                __malloc_av_
                0x20002978                __malloc_sbrk_base
                0x2000297c                __malloc_trim_threshold
 .data          0x20002980        0x1 c:/microsemi/softconsole v3.3/sourcery-g++/bin/../lib/gcc/arm-none-eabi/4.4.1/../../../../arm-none-eabi/lib/thumb2\libm.a(lib_a-s_lib_ver.o)
                0x20002980                __fdlib_version
                0x20002984                . = ALIGN (0x4)
 *fill*         0x20002981        0x3 00
                0x20002984                _edata = .

.bss            0x20002988       0x78
                0x20002988                __bss_start__ = .
                0x20002988                _sbss = .
 *(.shbss)
 *(.bss .bss.* .gnu.linkonce.b.*)
 .bss           0x20002988        0x1 c:/microsemi/softconsole v3.3/sourcery-g++/bin/../lib/gcc/arm-none-eabi/4.4.1/thumb2/crtbegin.o
 *fill*         0x20002989        0x3 00
 .bss.root      0x2000298c        0x4 ./main.o
                0x2000298c                root
 .bss.heap_end.2220
                0x20002990        0x4 C:/Users/bansarth/Documents/EECS373_Project/WhiteBoard_Plotter/SoftConsole/WhiteBoard_Plotter_MSS_CM3_0/WhiteBoard_Plotter_MSS_CM3_0_hw_platform/Debug/CMSIS/startup_gcc/newlib_stubs.o
 .bss           0x20002994       0x34 c:/microsemi/softconsole v3.3/sourcery-g++/bin/../lib/gcc/arm-none-eabi/4.4.1/../../../../arm-none-eabi/lib/thumb2\libc.a(lib_a-mallocr.o)
                0x20002994                __malloc_top_pad
                0x20002998                __malloc_current_mallinfo
                0x200029c0                __malloc_max_sbrked_mem
                0x200029c4                __malloc_max_total_mem
 *(COMMON)
 COMMON         0x200029c8       0x30 ./main.o
                0x200029c8                boardWidth
                0x200029d0                RadiusRight
                0x200029d8                yPos
                0x200029e0                boardHeight
                0x200029e8                xPos
                0x200029f0                RadiusLeft
 COMMON         0x200029f8        0x4 c:/microsemi/softconsole v3.3/sourcery-g++/bin/../lib/gcc/arm-none-eabi/4.4.1/../../../../arm-none-eabi/lib/thumb2\libc.a(lib_a-reent.o)
                0x200029f8                errno
                0x20002a00                . = ALIGN (0x8)
 *fill*         0x200029fc        0x4 00
                0x20002a00                __bss_end__ = .
                0x20002a00                _end = .
                0x20002a00                __end = _end
                0x20002a00                _ebss = .
                0x20002a00                PROVIDE (end, .)

.stack          0x20002a00     0x3000
                0x20002a00                . = ALIGN (0x4)
                0x20003a00                . = (. + PROCESS_STACK_SIZE)
 *fill*         0x20002a00     0x1000 00
                0x20003a00                . = ALIGN (0x4)
                0x20005a00                . = (. + MAIN_STACK_SIZE)
 *fill*         0x20003a00     0x2000 00
                0x20005a00                . = ALIGN (0x4)

.stab
 *(.stab)

.stabstr
 *(.stabstr)

.debug
 *(.debug)

.line
 *(.line)

.debug_srcinfo
 *(.debug_srcinfo)

.debug_sfnames
 *(.debug_sfnames)

.comment        0x00000000       0xac
 .comment       0x00000000       0x2b ./main.o
 .comment       0x0000002b       0x2b ./stepper.o
 .comment       0x00000056       0x2b C:/Users/bansarth/Documents/EECS373_Project/WhiteBoard_Plotter/SoftConsole/WhiteBoard_Plotter_MSS_CM3_0/WhiteBoard_Plotter_MSS_CM3_0_hw_platform/Debug/CMSIS/startup_gcc/newlib_stubs.o
 .comment       0x00000081       0x2b C:\Users\bansarth\Documents\EECS373_Project\WhiteBoard_Plotter\SoftConsole\WhiteBoard_Plotter_MSS_CM3_0\WhiteBoard_Plotter_MSS_CM3_0_hw_platform\Debug\libWhiteBoard_Plotter_MSS_CM3_0_hw_platform.a(system_a2fxxxm3.o)

.debug_aranges  0x00000000      0x1b8
 *(.debug_aranges)
 .debug_aranges
                0x00000000       0xb0 ./main.o
 .debug_aranges
                0x000000b0       0x30 ./stepper.o
 .debug_aranges
                0x000000e0       0xa8 C:/Users/bansarth/Documents/EECS373_Project/WhiteBoard_Plotter/SoftConsole/WhiteBoard_Plotter_MSS_CM3_0/WhiteBoard_Plotter_MSS_CM3_0_hw_platform/Debug/CMSIS/startup_gcc/newlib_stubs.o
 .debug_aranges
                0x00000188       0x30 C:\Users\bansarth\Documents\EECS373_Project\WhiteBoard_Plotter\SoftConsole\WhiteBoard_Plotter_MSS_CM3_0\WhiteBoard_Plotter_MSS_CM3_0_hw_platform\Debug\libWhiteBoard_Plotter_MSS_CM3_0_hw_platform.a(system_a2fxxxm3.o)

.debug_pubnames
                0x00000000      0x313
 *(.debug_pubnames)
 .debug_pubnames
                0x00000000      0x146 ./main.o
 .debug_pubnames
                0x00000146       0x2e ./stepper.o
 .debug_pubnames
                0x00000174       0xeb C:/Users/bansarth/Documents/EECS373_Project/WhiteBoard_Plotter/SoftConsole/WhiteBoard_Plotter_MSS_CM3_0/WhiteBoard_Plotter_MSS_CM3_0_hw_platform/Debug/CMSIS/startup_gcc/newlib_stubs.o
 .debug_pubnames
                0x0000025f       0xb4 C:\Users\bansarth\Documents\EECS373_Project\WhiteBoard_Plotter\SoftConsole\WhiteBoard_Plotter_MSS_CM3_0\WhiteBoard_Plotter_MSS_CM3_0_hw_platform\Debug\libWhiteBoard_Plotter_MSS_CM3_0_hw_platform.a(system_a2fxxxm3.o)

.debug_info     0x00000000     0x210e
 *(.debug_info .gnu.linkonce.wi.*)
 .debug_info    0x00000000     0x11b7 ./main.o
 .debug_info    0x000011b7      0x35c ./stepper.o
 .debug_info    0x00001513      0x6bf C:/Users/bansarth/Documents/EECS373_Project/WhiteBoard_Plotter/SoftConsole/WhiteBoard_Plotter_MSS_CM3_0/WhiteBoard_Plotter_MSS_CM3_0_hw_platform/Debug/CMSIS/startup_gcc/newlib_stubs.o
 .debug_info    0x00001bd2      0x53c C:\Users\bansarth\Documents\EECS373_Project\WhiteBoard_Plotter\SoftConsole\WhiteBoard_Plotter_MSS_CM3_0\WhiteBoard_Plotter_MSS_CM3_0_hw_platform\Debug\libWhiteBoard_Plotter_MSS_CM3_0_hw_platform.a(system_a2fxxxm3.o)

.debug_abbrev   0x00000000      0x546
 *(.debug_abbrev)
 .debug_abbrev  0x00000000      0x22d ./main.o
 .debug_abbrev  0x0000022d       0xd8 ./stepper.o
 .debug_abbrev  0x00000305      0x130 C:/Users/bansarth/Documents/EECS373_Project/WhiteBoard_Plotter/SoftConsole/WhiteBoard_Plotter_MSS_CM3_0/WhiteBoard_Plotter_MSS_CM3_0_hw_platform/Debug/CMSIS/startup_gcc/newlib_stubs.o
 .debug_abbrev  0x00000435      0x111 C:\Users\bansarth\Documents\EECS373_Project\WhiteBoard_Plotter\SoftConsole\WhiteBoard_Plotter_MSS_CM3_0\WhiteBoard_Plotter_MSS_CM3_0_hw_platform\Debug\libWhiteBoard_Plotter_MSS_CM3_0_hw_platform.a(system_a2fxxxm3.o)

.debug_line     0x00000000     0x1040
 *(.debug_line)
 .debug_line    0x00000000      0x6ea ./main.o
 .debug_line    0x000006ea      0x283 ./stepper.o
 .debug_line    0x0000096d      0x458 C:/Users/bansarth/Documents/EECS373_Project/WhiteBoard_Plotter/SoftConsole/WhiteBoard_Plotter_MSS_CM3_0/WhiteBoard_Plotter_MSS_CM3_0_hw_platform/Debug/CMSIS/startup_gcc/newlib_stubs.o
 .debug_line    0x00000dc5      0x27b C:\Users\bansarth\Documents\EECS373_Project\WhiteBoard_Plotter\SoftConsole\WhiteBoard_Plotter_MSS_CM3_0\WhiteBoard_Plotter_MSS_CM3_0_hw_platform\Debug\libWhiteBoard_Plotter_MSS_CM3_0_hw_platform.a(system_a2fxxxm3.o)

.debug_frame    0x00000000      0x7ac
 *(.debug_frame)
 .debug_frame   0x00000000      0x24c ./main.o
 .debug_frame   0x0000024c       0x68 ./stepper.o
 .debug_frame   0x000002b4      0x21c C:/Users/bansarth/Documents/EECS373_Project/WhiteBoard_Plotter/SoftConsole/WhiteBoard_Plotter_MSS_CM3_0/WhiteBoard_Plotter_MSS_CM3_0_hw_platform/Debug/CMSIS/startup_gcc/newlib_stubs.o
 .debug_frame   0x000004d0       0x64 C:\Users\bansarth\Documents\EECS373_Project\WhiteBoard_Plotter\SoftConsole\WhiteBoard_Plotter_MSS_CM3_0\WhiteBoard_Plotter_MSS_CM3_0_hw_platform\Debug\libWhiteBoard_Plotter_MSS_CM3_0_hw_platform.a(system_a2fxxxm3.o)
 .debug_frame   0x00000534       0x20 c:/microsemi/softconsole v3.3/sourcery-g++/bin/../lib/gcc/arm-none-eabi/4.4.1/../../../../arm-none-eabi/lib/thumb2\libc.a(lib_a-errno.o)
 .debug_frame   0x00000554       0x2c c:/microsemi/softconsole v3.3/sourcery-g++/bin/../lib/gcc/arm-none-eabi/4.4.1/../../../../arm-none-eabi/lib/thumb2\libc.a(lib_a-init.o)
 .debug_frame   0x00000580       0x30 c:/microsemi/softconsole v3.3/sourcery-g++/bin/../lib/gcc/arm-none-eabi/4.4.1/../../../../arm-none-eabi/lib/thumb2\libc.a(lib_a-malloc.o)
 .debug_frame   0x000005b0       0x3c c:/microsemi/softconsole v3.3/sourcery-g++/bin/../lib/gcc/arm-none-eabi/4.4.1/../../../../arm-none-eabi/lib/thumb2\libc.a(lib_a-mallocr.o)
 .debug_frame   0x000005ec       0x30 c:/microsemi/softconsole v3.3/sourcery-g++/bin/../lib/gcc/arm-none-eabi/4.4.1/../../../../arm-none-eabi/lib/thumb2\libc.a(lib_a-mlock.o)
 .debug_frame   0x0000061c       0x2c c:/microsemi/softconsole v3.3/sourcery-g++/bin/../lib/gcc/arm-none-eabi/4.4.1/../../../../arm-none-eabi/lib/thumb2\libc.a(lib_a-sbrkr.o)
 .debug_frame   0x00000648       0x50 c:/microsemi/softconsole v3.3/sourcery-g++/bin/../lib/gcc/arm-none-eabi/4.4.1/../../../../arm-none-eabi/lib/thumb2\libc.a(lib_a-freer.o)
 .debug_frame   0x00000698       0x64 c:/microsemi/softconsole v3.3/sourcery-g++/bin/../lib/gcc/arm-none-eabi/4.4.1/../../../../arm-none-eabi/lib/thumb2\libc.a(lib_a-reent.o)
 .debug_frame   0x000006fc       0x3c c:/microsemi/softconsole v3.3/sourcery-g++/bin/../lib/gcc/arm-none-eabi/4.4.1/../../../../arm-none-eabi/lib/thumb2\libm.a(lib_a-w_sqrt.o)
 .debug_frame   0x00000738       0x34 c:/microsemi/softconsole v3.3/sourcery-g++/bin/../lib/gcc/arm-none-eabi/4.4.1/../../../../arm-none-eabi/lib/thumb2\libm.a(lib_a-e_sqrt.o)
 .debug_frame   0x0000076c       0x20 c:/microsemi/softconsole v3.3/sourcery-g++/bin/../lib/gcc/arm-none-eabi/4.4.1/../../../../arm-none-eabi/lib/thumb2\libm.a(lib_a-s_isnand.o)
 .debug_frame   0x0000078c       0x20 c:/microsemi/softconsole v3.3/sourcery-g++/bin/../lib/gcc/arm-none-eabi/4.4.1/../../../../arm-none-eabi/lib/thumb2\libm.a(lib_a-s_matherr.o)

.debug_str      0x00000000     0x17ca
 *(.debug_str)
 .debug_str     0x00000000     0x124a ./main.o
                               0x12c0 (size before relaxing)
 .debug_str     0x0000124a      0x1e1 ./stepper.o
                                0x31c (size before relaxing)
 .debug_str     0x0000142b      0x286 C:/Users/bansarth/Documents/EECS373_Project/WhiteBoard_Plotter/SoftConsole/WhiteBoard_Plotter_MSS_CM3_0/WhiteBoard_Plotter_MSS_CM3_0_hw_platform/Debug/CMSIS/startup_gcc/newlib_stubs.o
                                0x357 (size before relaxing)
 .debug_str     0x000016b1      0x119 C:\Users\bansarth\Documents\EECS373_Project\WhiteBoard_Plotter\SoftConsole\WhiteBoard_Plotter_MSS_CM3_0\WhiteBoard_Plotter_MSS_CM3_0_hw_platform\Debug\libWhiteBoard_Plotter_MSS_CM3_0_hw_platform.a(system_a2fxxxm3.o)
                                0x48b (size before relaxing)

.debug_loc      0x00000000      0x8eb
 *(.debug_loc)
 .debug_loc     0x00000000      0x3e7 ./main.o
 .debug_loc     0x000003e7       0xa5 ./stepper.o
 .debug_loc     0x0000048c      0x3c6 C:/Users/bansarth/Documents/EECS373_Project/WhiteBoard_Plotter/SoftConsole/WhiteBoard_Plotter_MSS_CM3_0/WhiteBoard_Plotter_MSS_CM3_0_hw_platform/Debug/CMSIS/startup_gcc/newlib_stubs.o
 .debug_loc     0x00000852       0x99 C:\Users\bansarth\Documents\EECS373_Project\WhiteBoard_Plotter\SoftConsole\WhiteBoard_Plotter_MSS_CM3_0\WhiteBoard_Plotter_MSS_CM3_0_hw_platform\Debug\libWhiteBoard_Plotter_MSS_CM3_0_hw_platform.a(system_a2fxxxm3.o)

.debug_macinfo  0x00000000    0x189ac
 *(.debug_macinfo)
 .debug_macinfo
                0x00000000     0x8ad9 ./main.o
 .debug_macinfo
                0x00008ad9     0x5864 ./stepper.o
 .debug_macinfo
                0x0000e33d     0x4bf0 C:/Users/bansarth/Documents/EECS373_Project/WhiteBoard_Plotter/SoftConsole/WhiteBoard_Plotter_MSS_CM3_0/WhiteBoard_Plotter_MSS_CM3_0_hw_platform/Debug/CMSIS/startup_gcc/newlib_stubs.o
 .debug_macinfo
                0x00012f2d     0x5a7f C:\Users\bansarth\Documents\EECS373_Project\WhiteBoard_Plotter\SoftConsole\WhiteBoard_Plotter_MSS_CM3_0\WhiteBoard_Plotter_MSS_CM3_0_hw_platform\Debug\libWhiteBoard_Plotter_MSS_CM3_0_hw_platform.a(system_a2fxxxm3.o)

.debug_weaknames
 *(.debug_weaknames)

.debug_funcnames
 *(.debug_funcnames)

.debug_typenames
 *(.debug_typenames)

.debug_varnames
 *(.debug_varnames)

.note.gnu.arm.ident
 *(.note.gnu.arm.ident)

.ARM.attributes
                0x00000000       0x25
 *(.ARM.attributes)
 .ARM.attributes
                0x00000000       0x19 c:/microsemi/softconsole v3.3/sourcery-g++/bin/../lib/gcc/arm-none-eabi/4.4.1/thumb2/crti.o
 .ARM.attributes
                0x00000019       0x29 c:/microsemi/softconsole v3.3/sourcery-g++/bin/../lib/gcc/arm-none-eabi/4.4.1/thumb2/crtbegin.o
 .ARM.attributes
                0x00000042       0x31 ./main.o
 .ARM.attributes
                0x00000073       0x31 ./stepper.o
 .ARM.attributes
                0x000000a4       0x21 C:/Users/bansarth/Documents/EECS373_Project/WhiteBoard_Plotter/SoftConsole/WhiteBoard_Plotter_MSS_CM3_0/WhiteBoard_Plotter_MSS_CM3_0_hw_platform/Debug/CMSIS/startup_gcc/startup_a2fxxxm3.o
 .ARM.attributes
                0x000000c5       0x31 C:/Users/bansarth/Documents/EECS373_Project/WhiteBoard_Plotter/SoftConsole/WhiteBoard_Plotter_MSS_CM3_0/WhiteBoard_Plotter_MSS_CM3_0_hw_platform/Debug/CMSIS/startup_gcc/newlib_stubs.o
 .ARM.attributes
                0x000000f6       0x31 C:\Users\bansarth\Documents\EECS373_Project\WhiteBoard_Plotter\SoftConsole\WhiteBoard_Plotter_MSS_CM3_0\WhiteBoard_Plotter_MSS_CM3_0_hw_platform\Debug\libWhiteBoard_Plotter_MSS_CM3_0_hw_platform.a(system_a2fxxxm3.o)
 .ARM.attributes
                0x00000127       0x1b c:/microsemi/softconsole v3.3/sourcery-g++/bin/../lib/gcc/arm-none-eabi/4.4.1/thumb2\libgcc.a(_arm_addsubdf3.o)
 .ARM.attributes
                0x00000142       0x1b c:/microsemi/softconsole v3.3/sourcery-g++/bin/../lib/gcc/arm-none-eabi/4.4.1/thumb2\libgcc.a(_arm_muldivdf3.o)
 .ARM.attributes
                0x0000015d       0x1b c:/microsemi/softconsole v3.3/sourcery-g++/bin/../lib/gcc/arm-none-eabi/4.4.1/thumb2\libgcc.a(_arm_cmpdf2.o)
 .ARM.attributes
                0x00000178       0x1b c:/microsemi/softconsole v3.3/sourcery-g++/bin/../lib/gcc/arm-none-eabi/4.4.1/thumb2\libgcc.a(_arm_fixunsdfsi.o)
 .ARM.attributes
                0x00000193       0x29 c:/microsemi/softconsole v3.3/sourcery-g++/bin/../lib/gcc/arm-none-eabi/4.4.1/../../../../arm-none-eabi/lib/thumb2\libc.a(lib_a-errno.o)
 .ARM.attributes
                0x000001bc       0x29 c:/microsemi/softconsole v3.3/sourcery-g++/bin/../lib/gcc/arm-none-eabi/4.4.1/../../../../arm-none-eabi/lib/thumb2\libc.a(lib_a-impure.o)
 .ARM.attributes
                0x000001e5       0x29 c:/microsemi/softconsole v3.3/sourcery-g++/bin/../lib/gcc/arm-none-eabi/4.4.1/../../../../arm-none-eabi/lib/thumb2\libc.a(lib_a-init.o)
 .ARM.attributes
                0x0000020e       0x29 c:/microsemi/softconsole v3.3/sourcery-g++/bin/../lib/gcc/arm-none-eabi/4.4.1/../../../../arm-none-eabi/lib/thumb2\libc.a(lib_a-malloc.o)
 .ARM.attributes
                0x00000237       0x29 c:/microsemi/softconsole v3.3/sourcery-g++/bin/../lib/gcc/arm-none-eabi/4.4.1/../../../../arm-none-eabi/lib/thumb2\libc.a(lib_a-mallocr.o)
 .ARM.attributes
                0x00000260       0x29 c:/microsemi/softconsole v3.3/sourcery-g++/bin/../lib/gcc/arm-none-eabi/4.4.1/../../../../arm-none-eabi/lib/thumb2\libc.a(lib_a-mlock.o)
 .ARM.attributes
                0x00000289       0x29 c:/microsemi/softconsole v3.3/sourcery-g++/bin/../lib/gcc/arm-none-eabi/4.4.1/../../../../arm-none-eabi/lib/thumb2\libc.a(lib_a-sbrkr.o)
 .ARM.attributes
                0x000002b2       0x29 c:/microsemi/softconsole v3.3/sourcery-g++/bin/../lib/gcc/arm-none-eabi/4.4.1/../../../../arm-none-eabi/lib/thumb2\libc.a(lib_a-freer.o)
 .ARM.attributes
                0x000002db       0x29 c:/microsemi/softconsole v3.3/sourcery-g++/bin/../lib/gcc/arm-none-eabi/4.4.1/../../../../arm-none-eabi/lib/thumb2\libc.a(lib_a-reent.o)
 .ARM.attributes
                0x00000304       0x29 c:/microsemi/softconsole v3.3/sourcery-g++/bin/../lib/gcc/arm-none-eabi/4.4.1/thumb2/crtend.o
 .ARM.attributes
                0x0000032d       0x19 c:/microsemi/softconsole v3.3/sourcery-g++/bin/../lib/gcc/arm-none-eabi/4.4.1/thumb2/crtn.o
 .ARM.attributes
                0x00000346       0x29 c:/microsemi/softconsole v3.3/sourcery-g++/bin/../lib/gcc/arm-none-eabi/4.4.1/../../../../arm-none-eabi/lib/thumb2\libm.a(lib_a-w_sqrt.o)
 .ARM.attributes
                0x0000036f       0x29 c:/microsemi/softconsole v3.3/sourcery-g++/bin/../lib/gcc/arm-none-eabi/4.4.1/../../../../arm-none-eabi/lib/thumb2\libm.a(lib_a-e_sqrt.o)
 .ARM.attributes
                0x00000398       0x29 c:/microsemi/softconsole v3.3/sourcery-g++/bin/../lib/gcc/arm-none-eabi/4.4.1/../../../../arm-none-eabi/lib/thumb2\libm.a(lib_a-s_isnand.o)
 .ARM.attributes
                0x000003c1       0x29 c:/microsemi/softconsole v3.3/sourcery-g++/bin/../lib/gcc/arm-none-eabi/4.4.1/../../../../arm-none-eabi/lib/thumb2\libm.a(lib_a-s_lib_ver.o)
 .ARM.attributes
                0x000003ea       0x29 c:/microsemi/softconsole v3.3/sourcery-g++/bin/../lib/gcc/arm-none-eabi/4.4.1/../../../../arm-none-eabi/lib/thumb2\libm.a(lib_a-s_matherr.o)

/DISCARD/
 *(.note.GNU-stack)
 *(.isr_vector)
OUTPUT(WhiteBoard_Plotter_MSS_CM3_0_app elf32-littlearm)

.debug_ranges   0x00000000      0x198
 .debug_ranges  0x00000000       0xa8 ./main.o
 .debug_ranges  0x000000a8       0x28 ./stepper.o
 .debug_ranges  0x000000d0       0xa0 C:/Users/bansarth/Documents/EECS373_Project/WhiteBoard_Plotter/SoftConsole/WhiteBoard_Plotter_MSS_CM3_0/WhiteBoard_Plotter_MSS_CM3_0_hw_platform/Debug/CMSIS/startup_gcc/newlib_stubs.o
 .debug_ranges  0x00000170       0x28 C:\Users\bansarth\Documents\EECS373_Project\WhiteBoard_Plotter\SoftConsole\WhiteBoard_Plotter_MSS_CM3_0\WhiteBoard_Plotter_MSS_CM3_0_hw_platform\Debug\libWhiteBoard_Plotter_MSS_CM3_0_hw_platform.a(system_a2fxxxm3.o)
