Archive member included because of file (symbol)

N:\EECS373_Project\WhiteBoard_Plotter\SoftConsole\WhiteBoard_Plotter_MSS_CM3_0\WhiteBoard_Plotter_MSS_CM3_0_hw_platform\Debug\libWhiteBoard_Plotter_MSS_CM3_0_hw_platform.a(mss_uart.o)
                              N:/EECS373_Project/WhiteBoard_Plotter/SoftConsole/WhiteBoard_Plotter_MSS_CM3_0/WhiteBoard_Plotter_MSS_CM3_0_hw_platform/Debug/CMSIS/startup_gcc/newlib_stubs.o (g_mss_uart0)
N:\EECS373_Project\WhiteBoard_Plotter\SoftConsole\WhiteBoard_Plotter_MSS_CM3_0\WhiteBoard_Plotter_MSS_CM3_0_hw_platform\Debug\libWhiteBoard_Plotter_MSS_CM3_0_hw_platform.a(system_a2fxxxm3.o)
                              N:\EECS373_Project\WhiteBoard_Plotter\SoftConsole\WhiteBoard_Plotter_MSS_CM3_0\WhiteBoard_Plotter_MSS_CM3_0_hw_platform\Debug\libWhiteBoard_Plotter_MSS_CM3_0_hw_platform.a(mss_uart.o) (g_FrequencyPCLK0)
c:/microsemi/softconsole v3.3/sourcery-g++/bin/../lib/gcc/arm-none-eabi/4.4.1/thumb2\libgcc.a(_arm_addsubdf3.o)
                              ./main.o (__aeabi_dsub)
c:/microsemi/softconsole v3.3/sourcery-g++/bin/../lib/gcc/arm-none-eabi/4.4.1/thumb2\libgcc.a(_arm_muldivdf3.o)
                              ./main.o (__aeabi_dmul)
c:/microsemi/softconsole v3.3/sourcery-g++/bin/../lib/gcc/arm-none-eabi/4.4.1/thumb2\libgcc.a(_arm_cmpdf2.o)
                              ./main.o (__aeabi_dcmplt)
c:/microsemi/softconsole v3.3/sourcery-g++/bin/../lib/gcc/arm-none-eabi/4.4.1/thumb2\libgcc.a(_arm_fixunsdfsi.o)
                              ./main.o (__aeabi_d2uiz)
c:/microsemi/softconsole v3.3/sourcery-g++/bin/../lib/gcc/arm-none-eabi/4.4.1/../../../../arm-none-eabi/lib/thumb2\libc.a(lib_a-errno.o)
                              N:/EECS373_Project/WhiteBoard_Plotter/SoftConsole/WhiteBoard_Plotter_MSS_CM3_0/WhiteBoard_Plotter_MSS_CM3_0_hw_platform/Debug/CMSIS/startup_gcc/newlib_stubs.o (__errno)
c:/microsemi/softconsole v3.3/sourcery-g++/bin/../lib/gcc/arm-none-eabi/4.4.1/../../../../arm-none-eabi/lib/thumb2\libc.a(lib_a-impure.o)
                              c:/microsemi/softconsole v3.3/sourcery-g++/bin/../lib/gcc/arm-none-eabi/4.4.1/../../../../arm-none-eabi/lib/thumb2\libc.a(lib_a-errno.o) (_impure_ptr)
c:/microsemi/softconsole v3.3/sourcery-g++/bin/../lib/gcc/arm-none-eabi/4.4.1/../../../../arm-none-eabi/lib/thumb2\libc.a(lib_a-init.o)
                              N:/EECS373_Project/WhiteBoard_Plotter/SoftConsole/WhiteBoard_Plotter_MSS_CM3_0/WhiteBoard_Plotter_MSS_CM3_0_hw_platform/Debug/CMSIS/startup_gcc/startup_a2fxxxm3.o (__libc_init_array)
c:/microsemi/softconsole v3.3/sourcery-g++/bin/../lib/gcc/arm-none-eabi/4.4.1/../../../../arm-none-eabi/lib/thumb2\libm.a(lib_a-w_sqrt.o)
                              ./main.o (sqrt)
c:/microsemi/softconsole v3.3/sourcery-g++/bin/../lib/gcc/arm-none-eabi/4.4.1/../../../../arm-none-eabi/lib/thumb2\libm.a(lib_a-e_sqrt.o)
                              c:/microsemi/softconsole v3.3/sourcery-g++/bin/../lib/gcc/arm-none-eabi/4.4.1/../../../../arm-none-eabi/lib/thumb2\libm.a(lib_a-w_sqrt.o) (__ieee754_sqrt)
c:/microsemi/softconsole v3.3/sourcery-g++/bin/../lib/gcc/arm-none-eabi/4.4.1/../../../../arm-none-eabi/lib/thumb2\libm.a(lib_a-s_isnand.o)
                              c:/microsemi/softconsole v3.3/sourcery-g++/bin/../lib/gcc/arm-none-eabi/4.4.1/../../../../arm-none-eabi/lib/thumb2\libm.a(lib_a-w_sqrt.o) (__isnand)
c:/microsemi/softconsole v3.3/sourcery-g++/bin/../lib/gcc/arm-none-eabi/4.4.1/../../../../arm-none-eabi/lib/thumb2\libm.a(lib_a-s_lib_ver.o)
                              c:/microsemi/softconsole v3.3/sourcery-g++/bin/../lib/gcc/arm-none-eabi/4.4.1/../../../../arm-none-eabi/lib/thumb2\libm.a(lib_a-w_sqrt.o) (__fdlib_version)
c:/microsemi/softconsole v3.3/sourcery-g++/bin/../lib/gcc/arm-none-eabi/4.4.1/../../../../arm-none-eabi/lib/thumb2\libm.a(lib_a-s_matherr.o)
                              c:/microsemi/softconsole v3.3/sourcery-g++/bin/../lib/gcc/arm-none-eabi/4.4.1/../../../../arm-none-eabi/lib/thumb2\libm.a(lib_a-w_sqrt.o) (matherr)

Allocating common symbols
Common symbol       size              file

g_rx_buff           0x40              ./main.o
boardWidth          0x8               ./main.o
RadiusRight         0x8               ./main.o
yPos                0x8               ./main.o
drawnPoints         0x1e0             ./main.o
receivedPoints      0x708             ./main.o
g_mss_uart1         0x28              N:\EECS373_Project\WhiteBoard_Plotter\SoftConsole\WhiteBoard_Plotter_MSS_CM3_0\WhiteBoard_Plotter_MSS_CM3_0_hw_platform\Debug\libWhiteBoard_Plotter_MSS_CM3_0_hw_platform.a(mss_uart.o)
boardHeight         0x8               ./main.o
counter             0x4               ./main.o
ratio               0x8               ./main.o
g_mss_uart0         0x28              N:\EECS373_Project\WhiteBoard_Plotter\SoftConsole\WhiteBoard_Plotter_MSS_CM3_0\WhiteBoard_Plotter_MSS_CM3_0_hw_platform\Debug\libWhiteBoard_Plotter_MSS_CM3_0_hw_platform.a(mss_uart.o)
xPos                0x8               ./main.o
RadiusLeft          0x8               ./main.o

Discarded input sections

 .text          0x00000000        0x0 c:/microsemi/softconsole v3.3/sourcery-g++/bin/../lib/gcc/arm-none-eabi/4.4.1/thumb2/crti.o
 .data          0x00000000        0x0 c:/microsemi/softconsole v3.3/sourcery-g++/bin/../lib/gcc/arm-none-eabi/4.4.1/thumb2/crti.o
 .bss           0x00000000        0x0 c:/microsemi/softconsole v3.3/sourcery-g++/bin/../lib/gcc/arm-none-eabi/4.4.1/thumb2/crti.o
 .data          0x00000000        0x4 c:/microsemi/softconsole v3.3/sourcery-g++/bin/../lib/gcc/arm-none-eabi/4.4.1/thumb2/crtbegin.o
 .text          0x00000000        0x0 ./main.o
 .data          0x00000000        0x0 ./main.o
 .bss           0x00000000        0x0 ./main.o
 .text.drawReceivedLine
                0x00000000      0x360 ./main.o
 .text.returnToPoint
                0x00000000       0x5c ./main.o
 .text.letterA  0x00000000      0x130 ./main.o
 .text.letterI  0x00000000       0xc4 ./main.o
 .text.letterE  0x00000000      0x140 ./main.o
 .text.sendMessage
                0x00000000       0xf4 ./main.o
 .text.uart1_rx_handler
                0x00000000       0x24 ./main.o
 .text          0x00000000        0x0 ./stepper.o
 .data          0x00000000        0x0 ./stepper.o
 .bss           0x00000000        0x0 ./stepper.o
 .text          0x00000000        0x0 N:/EECS373_Project/WhiteBoard_Plotter/SoftConsole/WhiteBoard_Plotter_MSS_CM3_0/WhiteBoard_Plotter_MSS_CM3_0_hw_platform/Debug/CMSIS/startup_gcc/startup_a2fxxxm3.o
 .data          0x00000000        0x0 N:/EECS373_Project/WhiteBoard_Plotter/SoftConsole/WhiteBoard_Plotter_MSS_CM3_0/WhiteBoard_Plotter_MSS_CM3_0_hw_platform/Debug/CMSIS/startup_gcc/startup_a2fxxxm3.o
 .bss           0x00000000        0x0 N:/EECS373_Project/WhiteBoard_Plotter/SoftConsole/WhiteBoard_Plotter_MSS_CM3_0/WhiteBoard_Plotter_MSS_CM3_0_hw_platform/Debug/CMSIS/startup_gcc/startup_a2fxxxm3.o
 .text          0x00000000        0x0 N:/EECS373_Project/WhiteBoard_Plotter/SoftConsole/WhiteBoard_Plotter_MSS_CM3_0/WhiteBoard_Plotter_MSS_CM3_0_hw_platform/Debug/CMSIS/startup_gcc/newlib_stubs.o
 .data          0x00000000        0x0 N:/EECS373_Project/WhiteBoard_Plotter/SoftConsole/WhiteBoard_Plotter_MSS_CM3_0/WhiteBoard_Plotter_MSS_CM3_0_hw_platform/Debug/CMSIS/startup_gcc/newlib_stubs.o
 .bss           0x00000000        0x0 N:/EECS373_Project/WhiteBoard_Plotter/SoftConsole/WhiteBoard_Plotter_MSS_CM3_0/WhiteBoard_Plotter_MSS_CM3_0_hw_platform/Debug/CMSIS/startup_gcc/newlib_stubs.o
 .bss.g_stdio_uart_init_done
                0x00000000        0x4 N:/EECS373_Project/WhiteBoard_Plotter/SoftConsole/WhiteBoard_Plotter_MSS_CM3_0/WhiteBoard_Plotter_MSS_CM3_0_hw_platform/Debug/CMSIS/startup_gcc/newlib_stubs.o
 .bss.__env     0x00000000        0x4 N:/EECS373_Project/WhiteBoard_Plotter/SoftConsole/WhiteBoard_Plotter_MSS_CM3_0/WhiteBoard_Plotter_MSS_CM3_0_hw_platform/Debug/CMSIS/startup_gcc/newlib_stubs.o
 .data.environ  0x00000000        0x4 N:/EECS373_Project/WhiteBoard_Plotter/SoftConsole/WhiteBoard_Plotter_MSS_CM3_0/WhiteBoard_Plotter_MSS_CM3_0_hw_platform/Debug/CMSIS/startup_gcc/newlib_stubs.o
 .text._close   0x00000000       0x18 N:/EECS373_Project/WhiteBoard_Plotter/SoftConsole/WhiteBoard_Plotter_MSS_CM3_0/WhiteBoard_Plotter_MSS_CM3_0_hw_platform/Debug/CMSIS/startup_gcc/newlib_stubs.o
 .text._execve  0x00000000       0x28 N:/EECS373_Project/WhiteBoard_Plotter/SoftConsole/WhiteBoard_Plotter_MSS_CM3_0/WhiteBoard_Plotter_MSS_CM3_0_hw_platform/Debug/CMSIS/startup_gcc/newlib_stubs.o
 .text._exit    0x00000000        0xc N:/EECS373_Project/WhiteBoard_Plotter/SoftConsole/WhiteBoard_Plotter_MSS_CM3_0/WhiteBoard_Plotter_MSS_CM3_0_hw_platform/Debug/CMSIS/startup_gcc/newlib_stubs.o
 .text._fork    0x00000000       0x18 N:/EECS373_Project/WhiteBoard_Plotter/SoftConsole/WhiteBoard_Plotter_MSS_CM3_0/WhiteBoard_Plotter_MSS_CM3_0_hw_platform/Debug/CMSIS/startup_gcc/newlib_stubs.o
 .text._fstat   0x00000000       0x24 N:/EECS373_Project/WhiteBoard_Plotter/SoftConsole/WhiteBoard_Plotter_MSS_CM3_0/WhiteBoard_Plotter_MSS_CM3_0_hw_platform/Debug/CMSIS/startup_gcc/newlib_stubs.o
 .text._getpid  0x00000000       0x10 N:/EECS373_Project/WhiteBoard_Plotter/SoftConsole/WhiteBoard_Plotter_MSS_CM3_0/WhiteBoard_Plotter_MSS_CM3_0_hw_platform/Debug/CMSIS/startup_gcc/newlib_stubs.o
 .text._isatty  0x00000000       0x18 N:/EECS373_Project/WhiteBoard_Plotter/SoftConsole/WhiteBoard_Plotter_MSS_CM3_0/WhiteBoard_Plotter_MSS_CM3_0_hw_platform/Debug/CMSIS/startup_gcc/newlib_stubs.o
 .text._kill    0x00000000       0x24 N:/EECS373_Project/WhiteBoard_Plotter/SoftConsole/WhiteBoard_Plotter_MSS_CM3_0/WhiteBoard_Plotter_MSS_CM3_0_hw_platform/Debug/CMSIS/startup_gcc/newlib_stubs.o
 .text._link    0x00000000       0x24 N:/EECS373_Project/WhiteBoard_Plotter/SoftConsole/WhiteBoard_Plotter_MSS_CM3_0/WhiteBoard_Plotter_MSS_CM3_0_hw_platform/Debug/CMSIS/startup_gcc/newlib_stubs.o
 .text._lseek   0x00000000       0x1c N:/EECS373_Project/WhiteBoard_Plotter/SoftConsole/WhiteBoard_Plotter_MSS_CM3_0/WhiteBoard_Plotter_MSS_CM3_0_hw_platform/Debug/CMSIS/startup_gcc/newlib_stubs.o
 .text._open    0x00000000       0x1c N:/EECS373_Project/WhiteBoard_Plotter/SoftConsole/WhiteBoard_Plotter_MSS_CM3_0/WhiteBoard_Plotter_MSS_CM3_0_hw_platform/Debug/CMSIS/startup_gcc/newlib_stubs.o
 .text._read    0x00000000       0x1c N:/EECS373_Project/WhiteBoard_Plotter/SoftConsole/WhiteBoard_Plotter_MSS_CM3_0/WhiteBoard_Plotter_MSS_CM3_0_hw_platform/Debug/CMSIS/startup_gcc/newlib_stubs.o
 .text._write_r
                0x00000000       0x5c N:/EECS373_Project/WhiteBoard_Plotter/SoftConsole/WhiteBoard_Plotter_MSS_CM3_0/WhiteBoard_Plotter_MSS_CM3_0_hw_platform/Debug/CMSIS/startup_gcc/newlib_stubs.o
 .rodata        0x00000000       0x1c N:/EECS373_Project/WhiteBoard_Plotter/SoftConsole/WhiteBoard_Plotter_MSS_CM3_0/WhiteBoard_Plotter_MSS_CM3_0_hw_platform/Debug/CMSIS/startup_gcc/newlib_stubs.o
 .text._sbrk    0x00000000       0x94 N:/EECS373_Project/WhiteBoard_Plotter/SoftConsole/WhiteBoard_Plotter_MSS_CM3_0/WhiteBoard_Plotter_MSS_CM3_0_hw_platform/Debug/CMSIS/startup_gcc/newlib_stubs.o
 .text._stat    0x00000000       0x24 N:/EECS373_Project/WhiteBoard_Plotter/SoftConsole/WhiteBoard_Plotter_MSS_CM3_0/WhiteBoard_Plotter_MSS_CM3_0_hw_platform/Debug/CMSIS/startup_gcc/newlib_stubs.o
 .text._times   0x00000000       0x18 N:/EECS373_Project/WhiteBoard_Plotter/SoftConsole/WhiteBoard_Plotter_MSS_CM3_0/WhiteBoard_Plotter_MSS_CM3_0_hw_platform/Debug/CMSIS/startup_gcc/newlib_stubs.o
 .text._unlink  0x00000000       0x24 N:/EECS373_Project/WhiteBoard_Plotter/SoftConsole/WhiteBoard_Plotter_MSS_CM3_0/WhiteBoard_Plotter_MSS_CM3_0_hw_platform/Debug/CMSIS/startup_gcc/newlib_stubs.o
 .text._wait    0x00000000       0x24 N:/EECS373_Project/WhiteBoard_Plotter/SoftConsole/WhiteBoard_Plotter_MSS_CM3_0/WhiteBoard_Plotter_MSS_CM3_0_hw_platform/Debug/CMSIS/startup_gcc/newlib_stubs.o
 .bss.heap_end.3594
                0x00000000        0x4 N:/EECS373_Project/WhiteBoard_Plotter/SoftConsole/WhiteBoard_Plotter_MSS_CM3_0/WhiteBoard_Plotter_MSS_CM3_0_hw_platform/Debug/CMSIS/startup_gcc/newlib_stubs.o
 .text          0x00000000        0x0 N:\EECS373_Project\WhiteBoard_Plotter\SoftConsole\WhiteBoard_Plotter_MSS_CM3_0\WhiteBoard_Plotter_MSS_CM3_0_hw_platform\Debug\libWhiteBoard_Plotter_MSS_CM3_0_hw_platform.a(mss_uart.o)
 .data          0x00000000        0x0 N:\EECS373_Project\WhiteBoard_Plotter\SoftConsole\WhiteBoard_Plotter_MSS_CM3_0\WhiteBoard_Plotter_MSS_CM3_0_hw_platform\Debug\libWhiteBoard_Plotter_MSS_CM3_0_hw_platform.a(mss_uart.o)
 .bss           0x00000000        0x0 N:\EECS373_Project\WhiteBoard_Plotter\SoftConsole\WhiteBoard_Plotter_MSS_CM3_0\WhiteBoard_Plotter_MSS_CM3_0_hw_platform\Debug\libWhiteBoard_Plotter_MSS_CM3_0_hw_platform.a(mss_uart.o)
 .text.NVIC_EnableIRQ
                0x00000000       0x38 N:\EECS373_Project\WhiteBoard_Plotter\SoftConsole\WhiteBoard_Plotter_MSS_CM3_0\WhiteBoard_Plotter_MSS_CM3_0_hw_platform\Debug\libWhiteBoard_Plotter_MSS_CM3_0_hw_platform.a(mss_uart.o)
 .text.NVIC_DisableIRQ
                0x00000000       0x3c N:\EECS373_Project\WhiteBoard_Plotter\SoftConsole\WhiteBoard_Plotter_MSS_CM3_0\WhiteBoard_Plotter_MSS_CM3_0_hw_platform\Debug\libWhiteBoard_Plotter_MSS_CM3_0_hw_platform.a(mss_uart.o)
 .text.MSS_UART_init
                0x00000000      0x204 N:\EECS373_Project\WhiteBoard_Plotter\SoftConsole\WhiteBoard_Plotter_MSS_CM3_0\WhiteBoard_Plotter_MSS_CM3_0_hw_platform\Debug\libWhiteBoard_Plotter_MSS_CM3_0_hw_platform.a(mss_uart.o)
 .text.MSS_UART_polled_tx
                0x00000000       0xe4 N:\EECS373_Project\WhiteBoard_Plotter\SoftConsole\WhiteBoard_Plotter_MSS_CM3_0\WhiteBoard_Plotter_MSS_CM3_0_hw_platform\Debug\libWhiteBoard_Plotter_MSS_CM3_0_hw_platform.a(mss_uart.o)
 .text.MSS_UART_polled_tx_string
                0x00000000       0xd0 N:\EECS373_Project\WhiteBoard_Plotter\SoftConsole\WhiteBoard_Plotter_MSS_CM3_0\WhiteBoard_Plotter_MSS_CM3_0_hw_platform\Debug\libWhiteBoard_Plotter_MSS_CM3_0_hw_platform.a(mss_uart.o)
 .text.MSS_UART_irq_tx
                0x00000000       0xb0 N:\EECS373_Project\WhiteBoard_Plotter\SoftConsole\WhiteBoard_Plotter_MSS_CM3_0\WhiteBoard_Plotter_MSS_CM3_0_hw_platform\Debug\libWhiteBoard_Plotter_MSS_CM3_0_hw_platform.a(mss_uart.o)
 .text.MSS_UART_tx_complete
                0x00000000       0x90 N:\EECS373_Project\WhiteBoard_Plotter\SoftConsole\WhiteBoard_Plotter_MSS_CM3_0\WhiteBoard_Plotter_MSS_CM3_0_hw_platform\Debug\libWhiteBoard_Plotter_MSS_CM3_0_hw_platform.a(mss_uart.o)
 .text.MSS_UART_get_rx
                0x00000000       0xdc N:\EECS373_Project\WhiteBoard_Plotter\SoftConsole\WhiteBoard_Plotter_MSS_CM3_0\WhiteBoard_Plotter_MSS_CM3_0_hw_platform\Debug\libWhiteBoard_Plotter_MSS_CM3_0_hw_platform.a(mss_uart.o)
 .text.MSS_UART_enable_irq
                0x00000000       0x7c N:\EECS373_Project\WhiteBoard_Plotter\SoftConsole\WhiteBoard_Plotter_MSS_CM3_0\WhiteBoard_Plotter_MSS_CM3_0_hw_platform\Debug\libWhiteBoard_Plotter_MSS_CM3_0_hw_platform.a(mss_uart.o)
 .text.MSS_UART_disable_irq
                0x00000000       0x88 N:\EECS373_Project\WhiteBoard_Plotter\SoftConsole\WhiteBoard_Plotter_MSS_CM3_0\WhiteBoard_Plotter_MSS_CM3_0_hw_platform\Debug\libWhiteBoard_Plotter_MSS_CM3_0_hw_platform.a(mss_uart.o)
 .text.default_tx_handler
                0x00000000      0x108 N:\EECS373_Project\WhiteBoard_Plotter\SoftConsole\WhiteBoard_Plotter_MSS_CM3_0\WhiteBoard_Plotter_MSS_CM3_0_hw_platform\Debug\libWhiteBoard_Plotter_MSS_CM3_0_hw_platform.a(mss_uart.o)
 .text.MSS_UART_set_rx_handler
                0x00000000       0xa8 N:\EECS373_Project\WhiteBoard_Plotter\SoftConsole\WhiteBoard_Plotter_MSS_CM3_0\WhiteBoard_Plotter_MSS_CM3_0_hw_platform\Debug\libWhiteBoard_Plotter_MSS_CM3_0_hw_platform.a(mss_uart.o)
 .text.MSS_UART_set_loopback
                0x00000000       0x70 N:\EECS373_Project\WhiteBoard_Plotter\SoftConsole\WhiteBoard_Plotter_MSS_CM3_0\WhiteBoard_Plotter_MSS_CM3_0_hw_platform\Debug\libWhiteBoard_Plotter_MSS_CM3_0_hw_platform.a(mss_uart.o)
 .text.MSS_UART_set_rxstatus_handler
                0x00000000       0x84 N:\EECS373_Project\WhiteBoard_Plotter\SoftConsole\WhiteBoard_Plotter_MSS_CM3_0\WhiteBoard_Plotter_MSS_CM3_0_hw_platform\Debug\libWhiteBoard_Plotter_MSS_CM3_0_hw_platform.a(mss_uart.o)
 .text.MSS_UART_set_tx_handler
                0x00000000       0x94 N:\EECS373_Project\WhiteBoard_Plotter\SoftConsole\WhiteBoard_Plotter_MSS_CM3_0\WhiteBoard_Plotter_MSS_CM3_0_hw_platform\Debug\libWhiteBoard_Plotter_MSS_CM3_0_hw_platform.a(mss_uart.o)
 .text.MSS_UART_set_modemstatus_handler
                0x00000000       0x84 N:\EECS373_Project\WhiteBoard_Plotter\SoftConsole\WhiteBoard_Plotter_MSS_CM3_0\WhiteBoard_Plotter_MSS_CM3_0_hw_platform\Debug\libWhiteBoard_Plotter_MSS_CM3_0_hw_platform.a(mss_uart.o)
 .text.MSS_UART_fill_tx_fifo
                0x00000000       0xd4 N:\EECS373_Project\WhiteBoard_Plotter\SoftConsole\WhiteBoard_Plotter_MSS_CM3_0\WhiteBoard_Plotter_MSS_CM3_0_hw_platform\Debug\libWhiteBoard_Plotter_MSS_CM3_0_hw_platform.a(mss_uart.o)
 .text.MSS_UART_get_rx_status
                0x00000000       0x80 N:\EECS373_Project\WhiteBoard_Plotter\SoftConsole\WhiteBoard_Plotter_MSS_CM3_0\WhiteBoard_Plotter_MSS_CM3_0_hw_platform\Debug\libWhiteBoard_Plotter_MSS_CM3_0_hw_platform.a(mss_uart.o)
 .text.MSS_UART_get_modem_status
                0x00000000       0x60 N:\EECS373_Project\WhiteBoard_Plotter\SoftConsole\WhiteBoard_Plotter_MSS_CM3_0\WhiteBoard_Plotter_MSS_CM3_0_hw_platform\Debug\libWhiteBoard_Plotter_MSS_CM3_0_hw_platform.a(mss_uart.o)
 .text.MSS_UART_get_tx_status
                0x00000000       0x78 N:\EECS373_Project\WhiteBoard_Plotter\SoftConsole\WhiteBoard_Plotter_MSS_CM3_0\WhiteBoard_Plotter_MSS_CM3_0_hw_platform\Debug\libWhiteBoard_Plotter_MSS_CM3_0_hw_platform.a(mss_uart.o)
 .text          0x00000000        0x0 N:\EECS373_Project\WhiteBoard_Plotter\SoftConsole\WhiteBoard_Plotter_MSS_CM3_0\WhiteBoard_Plotter_MSS_CM3_0_hw_platform\Debug\libWhiteBoard_Plotter_MSS_CM3_0_hw_platform.a(system_a2fxxxm3.o)
 .data          0x00000000        0x0 N:\EECS373_Project\WhiteBoard_Plotter\SoftConsole\WhiteBoard_Plotter_MSS_CM3_0\WhiteBoard_Plotter_MSS_CM3_0_hw_platform\Debug\libWhiteBoard_Plotter_MSS_CM3_0_hw_platform.a(system_a2fxxxm3.o)
 .bss           0x00000000        0x0 N:\EECS373_Project\WhiteBoard_Plotter\SoftConsole\WhiteBoard_Plotter_MSS_CM3_0\WhiteBoard_Plotter_MSS_CM3_0_hw_platform\Debug\libWhiteBoard_Plotter_MSS_CM3_0_hw_platform.a(system_a2fxxxm3.o)
 .data.SystemFrequency
                0x00000000        0x4 N:\EECS373_Project\WhiteBoard_Plotter\SoftConsole\WhiteBoard_Plotter_MSS_CM3_0\WhiteBoard_Plotter_MSS_CM3_0_hw_platform\Debug\libWhiteBoard_Plotter_MSS_CM3_0_hw_platform.a(system_a2fxxxm3.o)
 .data.SystemCoreClock
                0x00000000        0x4 N:\EECS373_Project\WhiteBoard_Plotter\SoftConsole\WhiteBoard_Plotter_MSS_CM3_0\WhiteBoard_Plotter_MSS_CM3_0_hw_platform\Debug\libWhiteBoard_Plotter_MSS_CM3_0_hw_platform.a(system_a2fxxxm3.o)
 .data.g_FrequencyPCLK0
                0x00000000        0x4 N:\EECS373_Project\WhiteBoard_Plotter\SoftConsole\WhiteBoard_Plotter_MSS_CM3_0\WhiteBoard_Plotter_MSS_CM3_0_hw_platform\Debug\libWhiteBoard_Plotter_MSS_CM3_0_hw_platform.a(system_a2fxxxm3.o)
 .data.g_FrequencyPCLK1
                0x00000000        0x4 N:\EECS373_Project\WhiteBoard_Plotter\SoftConsole\WhiteBoard_Plotter_MSS_CM3_0\WhiteBoard_Plotter_MSS_CM3_0_hw_platform\Debug\libWhiteBoard_Plotter_MSS_CM3_0_hw_platform.a(system_a2fxxxm3.o)
 .data.g_FrequencyACE
                0x00000000        0x4 N:\EECS373_Project\WhiteBoard_Plotter\SoftConsole\WhiteBoard_Plotter_MSS_CM3_0\WhiteBoard_Plotter_MSS_CM3_0_hw_platform\Debug\libWhiteBoard_Plotter_MSS_CM3_0_hw_platform.a(system_a2fxxxm3.o)
 .data.g_FrequencyFPGA
                0x00000000        0x4 N:\EECS373_Project\WhiteBoard_Plotter\SoftConsole\WhiteBoard_Plotter_MSS_CM3_0\WhiteBoard_Plotter_MSS_CM3_0_hw_platform\Debug\libWhiteBoard_Plotter_MSS_CM3_0_hw_platform.a(system_a2fxxxm3.o)
 .text.SystemCoreClockUpdate
                0x00000000      0x150 N:\EECS373_Project\WhiteBoard_Plotter\SoftConsole\WhiteBoard_Plotter_MSS_CM3_0\WhiteBoard_Plotter_MSS_CM3_0_hw_platform\Debug\libWhiteBoard_Plotter_MSS_CM3_0_hw_platform.a(system_a2fxxxm3.o)
 .text.GetSystemClock
                0x00000000       0xe8 N:\EECS373_Project\WhiteBoard_Plotter\SoftConsole\WhiteBoard_Plotter_MSS_CM3_0\WhiteBoard_Plotter_MSS_CM3_0_hw_platform\Debug\libWhiteBoard_Plotter_MSS_CM3_0_hw_platform.a(system_a2fxxxm3.o)
 .rodata.C.18.2576
                0x00000000       0x10 N:\EECS373_Project\WhiteBoard_Plotter\SoftConsole\WhiteBoard_Plotter_MSS_CM3_0\WhiteBoard_Plotter_MSS_CM3_0_hw_platform\Debug\libWhiteBoard_Plotter_MSS_CM3_0_hw_platform.a(system_a2fxxxm3.o)
 .data          0x00000000        0x0 c:/microsemi/softconsole v3.3/sourcery-g++/bin/../lib/gcc/arm-none-eabi/4.4.1/thumb2\libgcc.a(_arm_addsubdf3.o)
 .bss           0x00000000        0x0 c:/microsemi/softconsole v3.3/sourcery-g++/bin/../lib/gcc/arm-none-eabi/4.4.1/thumb2\libgcc.a(_arm_addsubdf3.o)
 .data          0x00000000        0x0 c:/microsemi/softconsole v3.3/sourcery-g++/bin/../lib/gcc/arm-none-eabi/4.4.1/thumb2\libgcc.a(_arm_muldivdf3.o)
 .bss           0x00000000        0x0 c:/microsemi/softconsole v3.3/sourcery-g++/bin/../lib/gcc/arm-none-eabi/4.4.1/thumb2\libgcc.a(_arm_muldivdf3.o)
 .data          0x00000000        0x0 c:/microsemi/softconsole v3.3/sourcery-g++/bin/../lib/gcc/arm-none-eabi/4.4.1/thumb2\libgcc.a(_arm_cmpdf2.o)
 .bss           0x00000000        0x0 c:/microsemi/softconsole v3.3/sourcery-g++/bin/../lib/gcc/arm-none-eabi/4.4.1/thumb2\libgcc.a(_arm_cmpdf2.o)
 .data          0x00000000        0x0 c:/microsemi/softconsole v3.3/sourcery-g++/bin/../lib/gcc/arm-none-eabi/4.4.1/thumb2\libgcc.a(_arm_fixunsdfsi.o)
 .bss           0x00000000        0x0 c:/microsemi/softconsole v3.3/sourcery-g++/bin/../lib/gcc/arm-none-eabi/4.4.1/thumb2\libgcc.a(_arm_fixunsdfsi.o)
 .data          0x00000000        0x0 c:/microsemi/softconsole v3.3/sourcery-g++/bin/../lib/gcc/arm-none-eabi/4.4.1/../../../../arm-none-eabi/lib/thumb2\libc.a(lib_a-errno.o)
 .bss           0x00000000        0x0 c:/microsemi/softconsole v3.3/sourcery-g++/bin/../lib/gcc/arm-none-eabi/4.4.1/../../../../arm-none-eabi/lib/thumb2\libc.a(lib_a-errno.o)
 .text          0x00000000        0x0 c:/microsemi/softconsole v3.3/sourcery-g++/bin/../lib/gcc/arm-none-eabi/4.4.1/../../../../arm-none-eabi/lib/thumb2\libc.a(lib_a-impure.o)
 .bss           0x00000000        0x0 c:/microsemi/softconsole v3.3/sourcery-g++/bin/../lib/gcc/arm-none-eabi/4.4.1/../../../../arm-none-eabi/lib/thumb2\libc.a(lib_a-impure.o)
 .rodata        0x00000000        0x4 c:/microsemi/softconsole v3.3/sourcery-g++/bin/../lib/gcc/arm-none-eabi/4.4.1/../../../../arm-none-eabi/lib/thumb2\libc.a(lib_a-impure.o)
 .data          0x00000000        0x0 c:/microsemi/softconsole v3.3/sourcery-g++/bin/../lib/gcc/arm-none-eabi/4.4.1/../../../../arm-none-eabi/lib/thumb2\libc.a(lib_a-init.o)
 .bss           0x00000000        0x0 c:/microsemi/softconsole v3.3/sourcery-g++/bin/../lib/gcc/arm-none-eabi/4.4.1/../../../../arm-none-eabi/lib/thumb2\libc.a(lib_a-init.o)
 .text          0x00000000        0x0 c:/microsemi/softconsole v3.3/sourcery-g++/bin/../lib/gcc/arm-none-eabi/4.4.1/thumb2/crtend.o
 .data          0x00000000        0x0 c:/microsemi/softconsole v3.3/sourcery-g++/bin/../lib/gcc/arm-none-eabi/4.4.1/thumb2/crtend.o
 .bss           0x00000000        0x0 c:/microsemi/softconsole v3.3/sourcery-g++/bin/../lib/gcc/arm-none-eabi/4.4.1/thumb2/crtend.o
 .text          0x00000000        0x0 c:/microsemi/softconsole v3.3/sourcery-g++/bin/../lib/gcc/arm-none-eabi/4.4.1/thumb2/crtn.o
 .data          0x00000000        0x0 c:/microsemi/softconsole v3.3/sourcery-g++/bin/../lib/gcc/arm-none-eabi/4.4.1/thumb2/crtn.o
 .bss           0x00000000        0x0 c:/microsemi/softconsole v3.3/sourcery-g++/bin/../lib/gcc/arm-none-eabi/4.4.1/thumb2/crtn.o
 .data          0x00000000        0x0 c:/microsemi/softconsole v3.3/sourcery-g++/bin/../lib/gcc/arm-none-eabi/4.4.1/../../../../arm-none-eabi/lib/thumb2\libm.a(lib_a-w_sqrt.o)
 .bss           0x00000000        0x0 c:/microsemi/softconsole v3.3/sourcery-g++/bin/../lib/gcc/arm-none-eabi/4.4.1/../../../../arm-none-eabi/lib/thumb2\libm.a(lib_a-w_sqrt.o)
 .data          0x00000000        0x0 c:/microsemi/softconsole v3.3/sourcery-g++/bin/../lib/gcc/arm-none-eabi/4.4.1/../../../../arm-none-eabi/lib/thumb2\libm.a(lib_a-e_sqrt.o)
 .bss           0x00000000        0x0 c:/microsemi/softconsole v3.3/sourcery-g++/bin/../lib/gcc/arm-none-eabi/4.4.1/../../../../arm-none-eabi/lib/thumb2\libm.a(lib_a-e_sqrt.o)
 .data          0x00000000        0x0 c:/microsemi/softconsole v3.3/sourcery-g++/bin/../lib/gcc/arm-none-eabi/4.4.1/../../../../arm-none-eabi/lib/thumb2\libm.a(lib_a-s_isnand.o)
 .bss           0x00000000        0x0 c:/microsemi/softconsole v3.3/sourcery-g++/bin/../lib/gcc/arm-none-eabi/4.4.1/../../../../arm-none-eabi/lib/thumb2\libm.a(lib_a-s_isnand.o)
 .text          0x00000000        0x0 c:/microsemi/softconsole v3.3/sourcery-g++/bin/../lib/gcc/arm-none-eabi/4.4.1/../../../../arm-none-eabi/lib/thumb2\libm.a(lib_a-s_lib_ver.o)
 .bss           0x00000000        0x0 c:/microsemi/softconsole v3.3/sourcery-g++/bin/../lib/gcc/arm-none-eabi/4.4.1/../../../../arm-none-eabi/lib/thumb2\libm.a(lib_a-s_lib_ver.o)
 .data          0x00000000        0x0 c:/microsemi/softconsole v3.3/sourcery-g++/bin/../lib/gcc/arm-none-eabi/4.4.1/../../../../arm-none-eabi/lib/thumb2\libm.a(lib_a-s_matherr.o)
 .bss           0x00000000        0x0 c:/microsemi/softconsole v3.3/sourcery-g++/bin/../lib/gcc/arm-none-eabi/4.4.1/../../../../arm-none-eabi/lib/thumb2\libm.a(lib_a-s_matherr.o)

Memory Configuration

Name             Origin             Length             Attributes
ram              0x20000000         0x00010000         xrw
*default*        0x00000000         0xffffffff

Linker script and memory map

LOAD c:/microsemi/softconsole v3.3/sourcery-g++/bin/../lib/gcc/arm-none-eabi/4.4.1/thumb2/crti.o
LOAD c:/microsemi/softconsole v3.3/sourcery-g++/bin/../lib/gcc/arm-none-eabi/4.4.1/thumb2/crtbegin.o
LOAD ./main.o
LOAD ./stepper.o
LOAD N:/EECS373_Project/WhiteBoard_Plotter/SoftConsole/WhiteBoard_Plotter_MSS_CM3_0/WhiteBoard_Plotter_MSS_CM3_0_hw_platform/Debug/CMSIS/startup_gcc/startup_a2fxxxm3.o
LOAD N:/EECS373_Project/WhiteBoard_Plotter/SoftConsole/WhiteBoard_Plotter_MSS_CM3_0/WhiteBoard_Plotter_MSS_CM3_0_hw_platform/Debug/CMSIS/startup_gcc/newlib_stubs.o
LOAD N:\EECS373_Project\WhiteBoard_Plotter\SoftConsole\WhiteBoard_Plotter_MSS_CM3_0\WhiteBoard_Plotter_MSS_CM3_0_hw_platform\Debug\libWhiteBoard_Plotter_MSS_CM3_0_hw_platform.a
START GROUP
LOAD c:/microsemi/softconsole v3.3/sourcery-g++/bin/../lib/gcc/arm-none-eabi/4.4.1/thumb2\libgcc.a
LOAD c:/microsemi/softconsole v3.3/sourcery-g++/bin/../lib/gcc/arm-none-eabi/4.4.1/../../../../arm-none-eabi/lib/thumb2\libc.a
END GROUP
LOAD c:/microsemi/softconsole v3.3/sourcery-g++/bin/../lib/gcc/arm-none-eabi/4.4.1/thumb2/crtend.o
LOAD c:/microsemi/softconsole v3.3/sourcery-g++/bin/../lib/gcc/arm-none-eabi/4.4.1/thumb2/crtn.o
START GROUP
LOAD c:/microsemi/softconsole v3.3/sourcery-g++/bin/../lib/gcc/arm-none-eabi/4.4.1/../../../../arm-none-eabi/lib/thumb2\libc.a
LOAD c:/microsemi/softconsole v3.3/sourcery-g++/bin/../lib/gcc/arm-none-eabi/4.4.1/thumb2\libgcc.a
LOAD c:/microsemi/softconsole v3.3/sourcery-g++/bin/../lib/gcc/arm-none-eabi/4.4.1/../../../../arm-none-eabi/lib/thumb2\libm.a
END GROUP
                0x00000000                __DYNAMIC = 0x0
                0x20000000                RAM_START_ADDRESS = 0x20000000
                0x00010000                RAM_SIZE = 0x10000
                0x00002000                MAIN_STACK_SIZE = 0x2000
                0x00001000                PROCESS_STACK_SIZE = 0x1000
                0x20010000                PROVIDE (__main_stack_start, (RAM_START_ADDRESS + RAM_SIZE))
                0x2000e000                PROVIDE (__process_stack_start, (__main_stack_start - MAIN_STACK_SIZE))
                0x20010000                PROVIDE (_estack, __main_stack_start)
                0x00000000                PROVIDE (__mirrored_nvm, 0x0)

.text           0x20000000     0x2158
 CREATE_OBJECT_SYMBOLS
                0x20000000                __text_load = LOADADDR (.text)
                0x20000000                __text_start = .
                0x20000000                __vector_table_vma_base_address = .
 *(.isr_vector)
 .isr_vector    0x20000000      0x470 N:/EECS373_Project/WhiteBoard_Plotter/SoftConsole/WhiteBoard_Plotter_MSS_CM3_0/WhiteBoard_Plotter_MSS_CM3_0_hw_platform/Debug/CMSIS/startup_gcc/startup_a2fxxxm3.o
                0x20000000                g_pfnVectors
                0x20000298                Reset_Handler
                0x20000308                NMI_Handler
                0x2000030a                HardFault_Handler
                0x2000030c                MemManage_Handler
                0x2000030e                BusFault_Handler
                0x20000310                UsageFault_Handler
                0x20000312                SVC_Handler
                0x20000314                DebugMon_Handler
                0x20000316                PendSV_Handler
                0x20000318                SysTick_Handler
                0x2000031a                WdogWakeup_IRQHandler
                0x2000031c                BrownOut_1_5V_IRQHandler
                0x2000031e                BrownOut_3_3V_IRQHandler
                0x20000320                RTC_Match_IRQHandler
                0x20000322                RTCIF_Pub_IRQHandler
                0x20000324                EthernetMAC_IRQHandler
                0x20000326                IAP_IRQHandler
                0x20000328                ENVM0_IRQHandler
                0x2000032a                ENVM1_IRQHandler
                0x2000032c                DMA_IRQHandler
                0x20000332                SPI0_IRQHandler
                0x20000334                SPI1_IRQHandler
                0x20000336                I2C0_IRQHandler
                0x20000338                I2C0_SMBAlert_IRQHandler
                0x2000033a                I2C0_SMBus_IRQHandler
                0x2000033c                I2C1_IRQHandler
                0x2000033e                I2C1_SMBAlert_IRQHandler
                0x20000340                I2C1_SMBus_IRQHandler
                0x20000346                PLL_Lock_IRQHandler
                0x20000348                PLL_LockLost_IRQHandler
                0x2000034a                CommError_IRQHandler
                0x2000034c                Fabric_IRQHandler
                0x2000034e                GPIO0_IRQHandler
                0x20000350                GPIO1_IRQHandler
                0x20000352                GPIO2_IRQHandler
                0x20000354                GPIO3_IRQHandler
                0x20000356                GPIO4_IRQHandler
                0x20000358                GPIO5_IRQHandler
                0x2000035a                GPIO6_IRQHandler
                0x2000035c                GPIO7_IRQHandler
                0x2000035e                GPIO8_IRQHandler
                0x20000360                GPIO9_IRQHandler
                0x20000362                GPIO10_IRQHandler
                0x20000364                GPIO11_IRQHandler
                0x20000366                GPIO12_IRQHandler
                0x20000368                GPIO13_IRQHandler
                0x2000036a                GPIO14_IRQHandler
                0x2000036c                GPIO15_IRQHandler
                0x2000036e                GPIO16_IRQHandler
                0x20000370                GPIO17_IRQHandler
                0x20000372                GPIO18_IRQHandler
                0x20000374                GPIO19_IRQHandler
                0x20000376                GPIO20_IRQHandler
                0x20000378                GPIO21_IRQHandler
                0x2000037a                GPIO22_IRQHandler
                0x2000037c                GPIO23_IRQHandler
                0x2000037e                GPIO24_IRQHandler
                0x20000380                GPIO25_IRQHandler
                0x20000382                GPIO26_IRQHandler
                0x20000384                GPIO27_IRQHandler
                0x20000386                GPIO28_IRQHandler
                0x20000388                GPIO29_IRQHandler
                0x2000038a                GPIO30_IRQHandler
                0x2000038c                GPIO31_IRQHandler
                0x2000038e                ACE_PC0_Flag0_IRQHandler
                0x20000390                ACE_PC0_Flag1_IRQHandler
                0x20000392                ACE_PC0_Flag2_IRQHandler
                0x20000394                ACE_PC0_Flag3_IRQHandler
                0x20000396                ACE_PC1_Flag0_IRQHandler
                0x20000398                ACE_PC1_Flag1_IRQHandler
                0x2000039a                ACE_PC1_Flag2_IRQHandler
                0x2000039c                ACE_PC1_Flag3_IRQHandler
                0x2000039e                ACE_PC2_Flag0_IRQHandler
                0x200003a0                ACE_PC2_Flag1_IRQHandler
                0x200003a2                ACE_PC2_Flag2_IRQHandler
                0x200003a4                ACE_PC2_Flag3_IRQHandler
                0x200003a6                ACE_ADC0_DataValid_IRQHandler
                0x200003a8                ACE_ADC1_DataValid_IRQHandler
                0x200003aa                ACE_ADC2_DataValid_IRQHandler
                0x200003ac                ACE_ADC0_CalDone_IRQHandler
                0x200003ae                ACE_ADC1_CalDone_IRQHandler
                0x200003b0                ACE_ADC2_CalDone_IRQHandler
                0x200003b2                ACE_ADC0_CalStart_IRQHandler
                0x200003b4                ACE_ADC1_CalStart_IRQHandler
                0x200003b6                ACE_ADC2_CalStart_IRQHandler
                0x200003b8                ACE_Comp0_Fall_IRQHandler
                0x200003ba                ACE_Comp1_Fall_IRQHandler
                0x200003bc                ACE_Comp2_Fall_IRQHandler
                0x200003be                ACE_Comp3_Fall_IRQHandler
                0x200003c0                ACE_Comp4_Fall_IRQHandler
                0x200003c2                ACE_Comp5_Fall_IRQHandler
                0x200003c4                ACE_Comp6_Fall_IRQHandler
                0x200003c6                ACE_Comp7_Fall_IRQHandler
                0x200003c8                ACE_Comp8_Fall_IRQHandler
                0x200003ca                ACE_Comp9_Fall_IRQHandler
                0x200003cc                ACE_Comp10_Fall_IRQHandler
                0x200003ce                ACE_Comp11_Fall_IRQHandler
                0x200003d0                ACE_Comp0_Rise_IRQHandler
                0x200003d2                ACE_Comp1_Rise_IRQHandler
                0x200003d4                ACE_Comp2_Rise_IRQHandler
                0x200003d6                ACE_Comp3_Rise_IRQHandler
                0x200003d8                ACE_Comp4_Rise_IRQHandler
                0x200003da                ACE_Comp5_Rise_IRQHandler
                0x200003dc                ACE_Comp6_Rise_IRQHandler
                0x200003de                ACE_Comp7_Rise_IRQHandler
                0x200003e0                ACE_Comp8_Rise_IRQHandler
                0x200003e2                ACE_Comp9_Rise_IRQHandler
                0x200003e4                ACE_Comp10_Rise_IRQHandler
                0x200003e6                ACE_Comp11_Rise_IRQHandler
                0x200003e8                ACE_ADC0_FifoFull_IRQHandler
                0x200003ea                ACE_ADC0_FifoAFull_IRQHandler
                0x200003ec                ACE_ADC0_FifoEmpty_IRQHandler
                0x200003ee                ACE_ADC1_FifoFull_IRQHandler
                0x200003f0                ACE_ADC1_FifoAFull_IRQHandler
                0x200003f2                ACE_ADC1_FifoEmpty_IRQHandler
                0x200003f4                ACE_ADC2_FifoFull_IRQHandler
                0x200003f6                ACE_ADC2_FifoAFull_IRQHandler
                0x200003f8                ACE_ADC2_FifoEmpty_IRQHandler
                0x200003fa                ACE_PPE_Flag0_IRQHandler
                0x200003fc                ACE_PPE_Flag1_IRQHandler
                0x200003fe                ACE_PPE_Flag2_IRQHandler
                0x20000400                ACE_PPE_Flag3_IRQHandler
                0x20000402                ACE_PPE_Flag4_IRQHandler
                0x20000404                ACE_PPE_Flag5_IRQHandler
                0x20000406                ACE_PPE_Flag6_IRQHandler
                0x20000408                ACE_PPE_Flag7_IRQHandler
                0x2000040a                ACE_PPE_Flag8_IRQHandler
                0x2000040c                ACE_PPE_Flag9_IRQHandler
                0x2000040e                ACE_PPE_Flag10_IRQHandler
                0x20000410                ACE_PPE_Flag11_IRQHandler
                0x20000412                ACE_PPE_Flag12_IRQHandler
                0x20000414                ACE_PPE_Flag13_IRQHandler
                0x20000416                ACE_PPE_Flag14_IRQHandler
                0x20000418                ACE_PPE_Flag15_IRQHandler
                0x2000041a                ACE_PPE_Flag16_IRQHandler
                0x2000041c                ACE_PPE_Flag17_IRQHandler
                0x2000041e                ACE_PPE_Flag18_IRQHandler
                0x20000420                ACE_PPE_Flag19_IRQHandler
                0x20000422                ACE_PPE_Flag20_IRQHandler
                0x20000424                ACE_PPE_Flag21_IRQHandler
                0x20000426                ACE_PPE_Flag22_IRQHandler
                0x20000428                ACE_PPE_Flag23_IRQHandler
                0x2000042a                ACE_PPE_Flag24_IRQHandler
                0x2000042c                ACE_PPE_Flag25_IRQHandler
                0x2000042e                ACE_PPE_Flag26_IRQHandler
                0x20000430                ACE_PPE_Flag27_IRQHandler
                0x20000432                ACE_PPE_Flag28_IRQHandler
                0x20000434                ACE_PPE_Flag29_IRQHandler
                0x20000436                ACE_PPE_Flag30_IRQHandler
                0x20000438                ACE_PPE_Flag31_IRQHandler
 *(.text .text.* .gnu.linkonce.t.*)
 .text          0x20000470       0x30 c:/microsemi/softconsole v3.3/sourcery-g++/bin/../lib/gcc/arm-none-eabi/4.4.1/thumb2/crtbegin.o
 .text.NVIC_EnableIRQ
                0x200004a0       0x38 ./main.o
 .text.NVIC_DisableIRQ
                0x200004d8       0x3c ./main.o
 .text.NVIC_ClearPendingIRQ
                0x20000514       0x3c ./main.o
 .text.MSS_TIM1_init
                0x20000550       0x84 ./main.o
 .text.MSS_TIM1_start
                0x200005d4       0x1c ./main.o
 .text.MSS_TIM1_load_immediate
                0x200005f0       0x20 ./main.o
 .text.MSS_TIM1_enable_irq
                0x20000610       0x20 ./main.o
 .text.MSS_TIM1_clear_irq
                0x20000630       0x1c ./main.o
 .text.MSS_TIM2_init
                0x2000064c       0x84 ./main.o
 .text.MSS_TIM2_start
                0x200006d0       0x1c ./main.o
 .text.MSS_TIM2_load_immediate
                0x200006ec       0x20 ./main.o
 .text.MSS_TIM2_enable_irq
                0x2000070c       0x20 ./main.o
 .text.MSS_TIM2_clear_irq
                0x2000072c       0x1c ./main.o
 .text.calculateSquaredDistance
                0x20000748       0x64 ./main.o
                0x20000748                calculateSquaredDistance
 *fill*         0x200007ac        0x4 00
 .text.calculateMotorDir
                0x200007b0      0x118 ./main.o
                0x200007b0                calculateMotorDir
 .text.motorLeft
                0x200008c8       0xa8 ./main.o
                0x200008c8                motorLeft
 .text.motorRight
                0x20000970       0xa8 ./main.o
                0x20000970                motorRight
 .text.start_hardware_timer1
                0x20000a18       0x24 ./main.o
                0x20000a18                start_hardware_timer1
 *fill*         0x20000a3c        0x4 00
 .text.start_hardware_timer2
                0x20000a40       0x50 ./main.o
                0x20000a40                start_hardware_timer2
 .text.Timer1_IRQHandler
                0x20000a90       0x30 ./main.o
                0x20000a90                Timer1_IRQHandler
 .text.Timer2_IRQHandler
                0x20000ac0       0x58 ./main.o
                0x20000ac0                Timer2_IRQHandler
 .text.interfaceConfig
                0x20000b18      0x160 ./main.o
                0x20000b18                interfaceConfig
 .text.makeLine
                0x20000c78      0x594 ./main.o
                0x20000c78                makeLine
 *fill*         0x2000120c        0x4 00
 .text.returnToCenter
                0x20001210       0x68 ./main.o
                0x20001210                returnToCenter
 .text.main     0x20001278       0x70 ./main.o
                0x20001278                main
 .text.MSS_GPIO_set_outputs
                0x200012e8       0x20 ./stepper.o
 .text.stepper_config
                0x20001308       0x24 ./stepper.o
                0x20001308                stepper_config
 .text.step     0x2000132c       0x5c ./stepper.o
                0x2000132c                step
 .text.NVIC_ClearPendingIRQ
                0x20001388       0x3c N:\EECS373_Project\WhiteBoard_Plotter\SoftConsole\WhiteBoard_Plotter_MSS_CM3_0\WhiteBoard_Plotter_MSS_CM3_0_hw_platform\Debug\libWhiteBoard_Plotter_MSS_CM3_0_hw_platform.a(mss_uart.o)
 .text.MSS_UART_isr
                0x200013c4      0x11c N:\EECS373_Project\WhiteBoard_Plotter\SoftConsole\WhiteBoard_Plotter_MSS_CM3_0\WhiteBoard_Plotter_MSS_CM3_0_hw_platform\Debug\libWhiteBoard_Plotter_MSS_CM3_0_hw_platform.a(mss_uart.o)
 .text.UART0_IRQHandler
                0x200014e0       0x2c N:\EECS373_Project\WhiteBoard_Plotter\SoftConsole\WhiteBoard_Plotter_MSS_CM3_0\WhiteBoard_Plotter_MSS_CM3_0_hw_platform\Debug\libWhiteBoard_Plotter_MSS_CM3_0_hw_platform.a(mss_uart.o)
                0x200014e0                UART0_IRQHandler
 .text.UART1_IRQHandler
                0x2000150c       0x2c N:\EECS373_Project\WhiteBoard_Plotter\SoftConsole\WhiteBoard_Plotter_MSS_CM3_0\WhiteBoard_Plotter_MSS_CM3_0_hw_platform\Debug\libWhiteBoard_Plotter_MSS_CM3_0_hw_platform.a(mss_uart.o)
                0x2000150c                UART1_IRQHandler
 .text.SystemInit
                0x20001538        0xc N:\EECS373_Project\WhiteBoard_Plotter\SoftConsole\WhiteBoard_Plotter_MSS_CM3_0\WhiteBoard_Plotter_MSS_CM3_0_hw_platform\Debug\libWhiteBoard_Plotter_MSS_CM3_0_hw_platform.a(system_a2fxxxm3.o)
                0x20001538                SystemInit
 .text          0x20001544      0x370 c:/microsemi/softconsole v3.3/sourcery-g++/bin/../lib/gcc/arm-none-eabi/4.4.1/thumb2\libgcc.a(_arm_addsubdf3.o)
                0x20001544                __aeabi_drsub
                0x2000154c                __aeabi_dsub
                0x2000154c                __subdf3
                0x20001550                __aeabi_dadd
                0x20001550                __adddf3
                0x200017c8                __floatunsidf
                0x200017c8                __aeabi_ui2d
                0x200017e8                __floatsidf
                0x200017e8                __aeabi_i2d
                0x2000180c                __aeabi_f2d
                0x2000180c                __extendsfdf2
                0x20001848                __floatundidf
                0x20001848                __aeabi_ul2d
                0x20001858                __floatdidf
                0x20001858                __aeabi_l2d
 .text          0x200018b4      0x424 c:/microsemi/softconsole v3.3/sourcery-g++/bin/../lib/gcc/arm-none-eabi/4.4.1/thumb2\libgcc.a(_arm_muldivdf3.o)
                0x200018b4                __aeabi_dmul
                0x200018b4                __muldf3
                0x20001b08                __divdf3
                0x20001b08                __aeabi_ddiv
 .text          0x20001cd8      0x110 c:/microsemi/softconsole v3.3/sourcery-g++/bin/../lib/gcc/arm-none-eabi/4.4.1/thumb2\libgcc.a(_arm_cmpdf2.o)
                0x20001cd8                __gtdf2
                0x20001cd8                __gedf2
                0x20001ce0                __ltdf2
                0x20001ce0                __ledf2
                0x20001ce8                __nedf2
                0x20001ce8                __eqdf2
                0x20001ce8                __cmpdf2
                0x20001d64                __aeabi_cdrcmple
                0x20001d74                __aeabi_cdcmpeq
                0x20001d74                __aeabi_cdcmple
                0x20001d84                __aeabi_dcmpeq
                0x20001d98                __aeabi_dcmplt
                0x20001dac                __aeabi_dcmple
                0x20001dc0                __aeabi_dcmpge
                0x20001dd4                __aeabi_dcmpgt
 .text          0x20001de8       0x40 c:/microsemi/softconsole v3.3/sourcery-g++/bin/../lib/gcc/arm-none-eabi/4.4.1/thumb2\libgcc.a(_arm_fixunsdfsi.o)
                0x20001de8                __aeabi_d2uiz
                0x20001de8                __fixunsdfsi
 .text          0x20001e28        0xc c:/microsemi/softconsole v3.3/sourcery-g++/bin/../lib/gcc/arm-none-eabi/4.4.1/../../../../arm-none-eabi/lib/thumb2\libc.a(lib_a-errno.o)
                0x20001e28                __errno
 .text          0x20001e34       0x50 c:/microsemi/softconsole v3.3/sourcery-g++/bin/../lib/gcc/arm-none-eabi/4.4.1/../../../../arm-none-eabi/lib/thumb2\libc.a(lib_a-init.o)
                0x20001e34                __libc_init_array
 .text          0x20001e84       0xac c:/microsemi/softconsole v3.3/sourcery-g++/bin/../lib/gcc/arm-none-eabi/4.4.1/../../../../arm-none-eabi/lib/thumb2\libm.a(lib_a-w_sqrt.o)
                0x20001e84                sqrt
 .text          0x20001f30      0x1dc c:/microsemi/softconsole v3.3/sourcery-g++/bin/../lib/gcc/arm-none-eabi/4.4.1/../../../../arm-none-eabi/lib/thumb2\libm.a(lib_a-e_sqrt.o)
                0x20001f30                __ieee754_sqrt
 .text          0x2000210c       0x1c c:/microsemi/softconsole v3.3/sourcery-g++/bin/../lib/gcc/arm-none-eabi/4.4.1/../../../../arm-none-eabi/lib/thumb2\libm.a(lib_a-s_isnand.o)
                0x2000210c                __isnand
 .text          0x20002128        0x4 c:/microsemi/softconsole v3.3/sourcery-g++/bin/../lib/gcc/arm-none-eabi/4.4.1/../../../../arm-none-eabi/lib/thumb2\libm.a(lib_a-s_matherr.o)
                0x20002128                matherr
 *(.plt)
 *(.gnu.warning)
 *(.glue_7t)
 .glue_7t       0x00000000        0x0 linker stubs
 *(.glue_7)
 .glue_7        0x00000000        0x0 linker stubs
 *(.vfp11_veneer)
 .vfp11_veneer  0x00000000        0x0 linker stubs
                0x2000212c                . = ALIGN (0x4)
 *crtbegin.o(.ctors)
 *(EXCLUDE_FILE(*crtend.o) .ctors)
 *(SORT(.ctors.*))
 *crtend.o(.ctors)
 *crtbegin.o(.dtors)
 *(EXCLUDE_FILE(*crtend.o) .dtors)
 *(SORT(.dtors.*))
 *crtend.o(.dtors)
 *(.rodata .rodata.* .gnu.linkonce.r.*)
 .rodata.str1.4
                0x2000212c        0x2 c:/microsemi/softconsole v3.3/sourcery-g++/bin/../lib/gcc/arm-none-eabi/4.4.1/../../../../arm-none-eabi/lib/thumb2\libc.a(lib_a-impure.o)
                                  0x4 (size before relaxing)
 *fill*         0x2000212e        0x2 00
 .rodata.str1.4
                0x20002130        0x8 c:/microsemi/softconsole v3.3/sourcery-g++/bin/../lib/gcc/arm-none-eabi/4.4.1/../../../../arm-none-eabi/lib/thumb2\libm.a(lib_a-w_sqrt.o)
 *(.ARM.extab* .gnu.linkonce.armextab.*)
 *(.gcc_except_table)
 *(.eh_frame_hdr)
 *(.eh_frame)
 *(.init)
 .init          0x20002138        0x4 c:/microsemi/softconsole v3.3/sourcery-g++/bin/../lib/gcc/arm-none-eabi/4.4.1/thumb2/crti.o
                0x20002138                _init
 .init          0x2000213c        0x8 c:/microsemi/softconsole v3.3/sourcery-g++/bin/../lib/gcc/arm-none-eabi/4.4.1/thumb2/crtn.o
 *(.fini)
 .fini          0x20002144        0x4 c:/microsemi/softconsole v3.3/sourcery-g++/bin/../lib/gcc/arm-none-eabi/4.4.1/thumb2/crti.o
                0x20002144                _fini
 .fini          0x20002148        0x8 c:/microsemi/softconsole v3.3/sourcery-g++/bin/../lib/gcc/arm-none-eabi/4.4.1/thumb2/crtn.o
                0x20002150                PROVIDE (__preinit_array_start, .)
 *(.preinit_array)
                0x20002150                PROVIDE (__preinit_array_end, .)
                0x20002150                PROVIDE (__init_array_start, .)
 *(SORT(.init_array.*))
 *(.init_array)
 .init_array    0x20002150        0x4 c:/microsemi/softconsole v3.3/sourcery-g++/bin/../lib/gcc/arm-none-eabi/4.4.1/thumb2/crtbegin.o
                0x20002154                PROVIDE (__init_array_end, .)
                0x20002154                PROVIDE (__fini_array_start, .)
 *(.fini_array)
 .fini_array    0x20002154        0x4 c:/microsemi/softconsole v3.3/sourcery-g++/bin/../lib/gcc/arm-none-eabi/4.4.1/thumb2/crtbegin.o
 *(SORT(.fini_array.*))
                0x20002158                PROVIDE (__fini_array_end, .)
                0x20002158                __exidx_start = .

.v4_bx          0x20002158        0x0
 .v4_bx         0x00000000        0x0 linker stubs

.ARM.exidx
 *(.ARM.exidx* .gnu.linkonce.armexidx.*)
                0x20002158                __exidx_end = .
                0x20002158                _etext = .
                0x20002158                PROVIDE (__text_end, .)

.data           0x20002158      0x110
                0x20002158                __data_load = LOADADDR (.data)
                0x20002158                _sidata = LOADADDR (.data)
                0x20002158                __data_start = .
                0x20002158                _sdata = .
 *(.jcr)
 .jcr           0x20002158        0x0 c:/microsemi/softconsole v3.3/sourcery-g++/bin/../lib/gcc/arm-none-eabi/4.4.1/thumb2/crtbegin.o
 .jcr           0x20002158        0x4 c:/microsemi/softconsole v3.3/sourcery-g++/bin/../lib/gcc/arm-none-eabi/4.4.1/thumb2/crtend.o
 *(.got.plt)
 *(.got)
 *(.shdata)
 *(.data .data.* .gnu.linkonce.d.*)
 .data.dirLeft  0x2000215c        0x4 ./main.o
                0x2000215c                dirLeft
 .data.dirRight
                0x20002160        0x4 ./main.o
                0x20002160                dirRight
 *fill*         0x20002164        0x4 00
 .data.thres    0x20002168        0x8 ./main.o
                0x20002168                thres
 .data          0x20002170       0xf4 c:/microsemi/softconsole v3.3/sourcery-g++/bin/../lib/gcc/arm-none-eabi/4.4.1/../../../../arm-none-eabi/lib/thumb2\libc.a(lib_a-impure.o)
                0x20002170                _impure_ptr
 .data          0x20002264        0x1 c:/microsemi/softconsole v3.3/sourcery-g++/bin/../lib/gcc/arm-none-eabi/4.4.1/../../../../arm-none-eabi/lib/thumb2\libm.a(lib_a-s_lib_ver.o)
                0x20002264                __fdlib_version
                0x20002268                . = ALIGN (0x4)
 *fill*         0x20002265        0x3 00
                0x20002268                _edata = .

.bss            0x20002268      0x9c0
                0x20002268                __bss_start__ = .
                0x20002268                _sbss = .
 *(.shbss)
 *(.bss .bss.* .gnu.linkonce.b.*)
 .bss           0x20002268        0x1 c:/microsemi/softconsole v3.3/sourcery-g++/bin/../lib/gcc/arm-none-eabi/4.4.1/thumb2/crtbegin.o
 *(COMMON)
 *fill*         0x20002269        0x7 00
 COMMON         0x20002270      0x968 ./main.o
                0x20002270                g_rx_buff
                0x200022b0                boardWidth
                0x200022b8                RadiusRight
                0x200022c0                yPos
                0x200022c8                drawnPoints
                0x200024a8                receivedPoints
                0x20002bb0                boardHeight
                0x20002bb8                counter
                0x20002bc0                ratio
                0x20002bc8                xPos
                0x20002bd0                RadiusLeft
 COMMON         0x20002bd8       0x50 N:\EECS373_Project\WhiteBoard_Plotter\SoftConsole\WhiteBoard_Plotter_MSS_CM3_0\WhiteBoard_Plotter_MSS_CM3_0_hw_platform\Debug\libWhiteBoard_Plotter_MSS_CM3_0_hw_platform.a(mss_uart.o)
                0x20002bd8                g_mss_uart1
                0x20002c00                g_mss_uart0
                0x20002c28                . = ALIGN (0x8)
                0x20002c28                __bss_end__ = .
                0x20002c28                _end = .
                0x20002c28                __end = _end
                0x20002c28                _ebss = .
                0x20002c28                PROVIDE (end, .)

.stack          0x20002c28     0x3000
                0x20002c28                . = ALIGN (0x4)
                0x20003c28                . = (. + PROCESS_STACK_SIZE)
 *fill*         0x20002c28     0x1000 00
                0x20003c28                . = ALIGN (0x4)
                0x20005c28                . = (. + MAIN_STACK_SIZE)
 *fill*         0x20003c28     0x2000 00
                0x20005c28                . = ALIGN (0x4)

.stab
 *(.stab)

.stabstr
 *(.stabstr)

.debug
 *(.debug)

.line
 *(.line)

.debug_srcinfo
 *(.debug_srcinfo)

.debug_sfnames
 *(.debug_sfnames)

.comment        0x00000000       0xd7
 .comment       0x00000000       0x2b ./main.o
 .comment       0x0000002b       0x2b ./stepper.o
 .comment       0x00000056       0x2b N:/EECS373_Project/WhiteBoard_Plotter/SoftConsole/WhiteBoard_Plotter_MSS_CM3_0/WhiteBoard_Plotter_MSS_CM3_0_hw_platform/Debug/CMSIS/startup_gcc/newlib_stubs.o
 .comment       0x00000081       0x2b N:\EECS373_Project\WhiteBoard_Plotter\SoftConsole\WhiteBoard_Plotter_MSS_CM3_0\WhiteBoard_Plotter_MSS_CM3_0_hw_platform\Debug\libWhiteBoard_Plotter_MSS_CM3_0_hw_platform.a(mss_uart.o)
 .comment       0x000000ac       0x2b N:\EECS373_Project\WhiteBoard_Plotter\SoftConsole\WhiteBoard_Plotter_MSS_CM3_0\WhiteBoard_Plotter_MSS_CM3_0_hw_platform\Debug\libWhiteBoard_Plotter_MSS_CM3_0_hw_platform.a(system_a2fxxxm3.o)

.debug_aranges  0x00000000      0x2f8
 *(.debug_aranges)
 .debug_aranges
                0x00000000      0x118 ./main.o
 .debug_aranges
                0x00000118       0x30 ./stepper.o
 .debug_aranges
                0x00000148       0xa8 N:/EECS373_Project/WhiteBoard_Plotter/SoftConsole/WhiteBoard_Plotter_MSS_CM3_0/WhiteBoard_Plotter_MSS_CM3_0_hw_platform/Debug/CMSIS/startup_gcc/newlib_stubs.o
 .debug_aranges
                0x000001f0       0xd8 N:\EECS373_Project\WhiteBoard_Plotter\SoftConsole\WhiteBoard_Plotter_MSS_CM3_0\WhiteBoard_Plotter_MSS_CM3_0_hw_platform\Debug\libWhiteBoard_Plotter_MSS_CM3_0_hw_platform.a(mss_uart.o)
 .debug_aranges
                0x000002c8       0x30 N:\EECS373_Project\WhiteBoard_Plotter\SoftConsole\WhiteBoard_Plotter_MSS_CM3_0\WhiteBoard_Plotter_MSS_CM3_0_hw_platform\Debug\libWhiteBoard_Plotter_MSS_CM3_0_hw_platform.a(system_a2fxxxm3.o)

.debug_pubnames
                0x00000000      0x612
 *(.debug_pubnames)
 .debug_pubnames
                0x00000000      0x229 ./main.o
 .debug_pubnames
                0x00000229       0x2e ./stepper.o
 .debug_pubnames
                0x00000257       0xeb N:/EECS373_Project/WhiteBoard_Plotter/SoftConsole/WhiteBoard_Plotter_MSS_CM3_0/WhiteBoard_Plotter_MSS_CM3_0_hw_platform/Debug/CMSIS/startup_gcc/newlib_stubs.o
 .debug_pubnames
                0x00000342      0x21c N:\EECS373_Project\WhiteBoard_Plotter\SoftConsole\WhiteBoard_Plotter_MSS_CM3_0\WhiteBoard_Plotter_MSS_CM3_0_hw_platform\Debug\libWhiteBoard_Plotter_MSS_CM3_0_hw_platform.a(mss_uart.o)
 .debug_pubnames
                0x0000055e       0xb4 N:\EECS373_Project\WhiteBoard_Plotter\SoftConsole\WhiteBoard_Plotter_MSS_CM3_0\WhiteBoard_Plotter_MSS_CM3_0_hw_platform\Debug\libWhiteBoard_Plotter_MSS_CM3_0_hw_platform.a(system_a2fxxxm3.o)

.debug_info     0x00000000     0x4989
 *(.debug_info .gnu.linkonce.wi.*)
 .debug_info    0x00000000     0x1a5d ./main.o
 .debug_info    0x00001a5d      0x35c ./stepper.o
 .debug_info    0x00001db9     0x10f0 N:/EECS373_Project/WhiteBoard_Plotter/SoftConsole/WhiteBoard_Plotter_MSS_CM3_0/WhiteBoard_Plotter_MSS_CM3_0_hw_platform/Debug/CMSIS/startup_gcc/newlib_stubs.o
 .debug_info    0x00002ea9     0x15a4 N:\EECS373_Project\WhiteBoard_Plotter\SoftConsole\WhiteBoard_Plotter_MSS_CM3_0\WhiteBoard_Plotter_MSS_CM3_0_hw_platform\Debug\libWhiteBoard_Plotter_MSS_CM3_0_hw_platform.a(mss_uart.o)
 .debug_info    0x0000444d      0x53c N:\EECS373_Project\WhiteBoard_Plotter\SoftConsole\WhiteBoard_Plotter_MSS_CM3_0\WhiteBoard_Plotter_MSS_CM3_0_hw_platform\Debug\libWhiteBoard_Plotter_MSS_CM3_0_hw_platform.a(system_a2fxxxm3.o)

.debug_abbrev   0x00000000      0x8da
 *(.debug_abbrev)
 .debug_abbrev  0x00000000      0x2b8 ./main.o
 .debug_abbrev  0x000002b8       0xd8 ./stepper.o
 .debug_abbrev  0x00000390      0x1f4 N:/EECS373_Project/WhiteBoard_Plotter/SoftConsole/WhiteBoard_Plotter_MSS_CM3_0/WhiteBoard_Plotter_MSS_CM3_0_hw_platform/Debug/CMSIS/startup_gcc/newlib_stubs.o
 .debug_abbrev  0x00000584      0x245 N:\EECS373_Project\WhiteBoard_Plotter\SoftConsole\WhiteBoard_Plotter_MSS_CM3_0\WhiteBoard_Plotter_MSS_CM3_0_hw_platform\Debug\libWhiteBoard_Plotter_MSS_CM3_0_hw_platform.a(mss_uart.o)
 .debug_abbrev  0x000007c9      0x111 N:\EECS373_Project\WhiteBoard_Plotter\SoftConsole\WhiteBoard_Plotter_MSS_CM3_0\WhiteBoard_Plotter_MSS_CM3_0_hw_platform\Debug\libWhiteBoard_Plotter_MSS_CM3_0_hw_platform.a(system_a2fxxxm3.o)

.debug_line     0x00000000     0x18b9
 *(.debug_line)
 .debug_line    0x00000000      0x96f ./main.o
 .debug_line    0x0000096f      0x251 ./stepper.o
 .debug_line    0x00000bc0      0x509 N:/EECS373_Project/WhiteBoard_Plotter/SoftConsole/WhiteBoard_Plotter_MSS_CM3_0/WhiteBoard_Plotter_MSS_CM3_0_hw_platform/Debug/CMSIS/startup_gcc/newlib_stubs.o
 .debug_line    0x000010c9      0x575 N:\EECS373_Project\WhiteBoard_Plotter\SoftConsole\WhiteBoard_Plotter_MSS_CM3_0\WhiteBoard_Plotter_MSS_CM3_0_hw_platform\Debug\libWhiteBoard_Plotter_MSS_CM3_0_hw_platform.a(mss_uart.o)
 .debug_line    0x0000163e      0x27b N:\EECS373_Project\WhiteBoard_Plotter\SoftConsole\WhiteBoard_Plotter_MSS_CM3_0\WhiteBoard_Plotter_MSS_CM3_0_hw_platform\Debug\libWhiteBoard_Plotter_MSS_CM3_0_hw_platform.a(system_a2fxxxm3.o)

.debug_frame    0x00000000      0xabc
 *(.debug_frame)
 .debug_frame   0x00000000      0x3f0 ./main.o
 .debug_frame   0x000003f0       0x68 ./stepper.o
 .debug_frame   0x00000458      0x220 N:/EECS373_Project/WhiteBoard_Plotter/SoftConsole/WhiteBoard_Plotter_MSS_CM3_0/WhiteBoard_Plotter_MSS_CM3_0_hw_platform/Debug/CMSIS/startup_gcc/newlib_stubs.o
 .debug_frame   0x00000678      0x2e4 N:\EECS373_Project\WhiteBoard_Plotter\SoftConsole\WhiteBoard_Plotter_MSS_CM3_0\WhiteBoard_Plotter_MSS_CM3_0_hw_platform\Debug\libWhiteBoard_Plotter_MSS_CM3_0_hw_platform.a(mss_uart.o)
 .debug_frame   0x0000095c       0x64 N:\EECS373_Project\WhiteBoard_Plotter\SoftConsole\WhiteBoard_Plotter_MSS_CM3_0\WhiteBoard_Plotter_MSS_CM3_0_hw_platform\Debug\libWhiteBoard_Plotter_MSS_CM3_0_hw_platform.a(system_a2fxxxm3.o)
 .debug_frame   0x000009c0       0x20 c:/microsemi/softconsole v3.3/sourcery-g++/bin/../lib/gcc/arm-none-eabi/4.4.1/../../../../arm-none-eabi/lib/thumb2\libc.a(lib_a-errno.o)
 .debug_frame   0x000009e0       0x2c c:/microsemi/softconsole v3.3/sourcery-g++/bin/../lib/gcc/arm-none-eabi/4.4.1/../../../../arm-none-eabi/lib/thumb2\libc.a(lib_a-init.o)
 .debug_frame   0x00000a0c       0x3c c:/microsemi/softconsole v3.3/sourcery-g++/bin/../lib/gcc/arm-none-eabi/4.4.1/../../../../arm-none-eabi/lib/thumb2\libm.a(lib_a-w_sqrt.o)
 .debug_frame   0x00000a48       0x34 c:/microsemi/softconsole v3.3/sourcery-g++/bin/../lib/gcc/arm-none-eabi/4.4.1/../../../../arm-none-eabi/lib/thumb2\libm.a(lib_a-e_sqrt.o)
 .debug_frame   0x00000a7c       0x20 c:/microsemi/softconsole v3.3/sourcery-g++/bin/../lib/gcc/arm-none-eabi/4.4.1/../../../../arm-none-eabi/lib/thumb2\libm.a(lib_a-s_isnand.o)
 .debug_frame   0x00000a9c       0x20 c:/microsemi/softconsole v3.3/sourcery-g++/bin/../lib/gcc/arm-none-eabi/4.4.1/../../../../arm-none-eabi/lib/thumb2\libm.a(lib_a-s_matherr.o)

.debug_str      0x00000000     0x1f3c
 *(.debug_str)
 .debug_str     0x00000000     0x1634 ./main.o
                               0x16d5 (size before relaxing)
 .debug_str     0x00001634      0x1e1 ./stepper.o
                                0x303 (size before relaxing)
 .debug_str     0x00001815      0x289 N:/EECS373_Project/WhiteBoard_Plotter/SoftConsole/WhiteBoard_Plotter_MSS_CM3_0/WhiteBoard_Plotter_MSS_CM3_0_hw_platform/Debug/CMSIS/startup_gcc/newlib_stubs.o
                               0x10be (size before relaxing)
 .debug_str     0x00001a9e      0x3a7 N:\EECS373_Project\WhiteBoard_Plotter\SoftConsole\WhiteBoard_Plotter_MSS_CM3_0\WhiteBoard_Plotter_MSS_CM3_0_hw_platform\Debug\libWhiteBoard_Plotter_MSS_CM3_0_hw_platform.a(mss_uart.o)
                               0x14cf (size before relaxing)
 .debug_str     0x00001e45       0xf7 N:\EECS373_Project\WhiteBoard_Plotter\SoftConsole\WhiteBoard_Plotter_MSS_CM3_0\WhiteBoard_Plotter_MSS_CM3_0_hw_platform\Debug\libWhiteBoard_Plotter_MSS_CM3_0_hw_platform.a(system_a2fxxxm3.o)
                                0x472 (size before relaxing)

.debug_loc      0x00000000     0x1073
 *(.debug_loc)
 .debug_loc     0x00000000      0x65f ./main.o
 .debug_loc     0x0000065f       0xa5 ./stepper.o
 .debug_loc     0x00000704      0x3c6 N:/EECS373_Project/WhiteBoard_Plotter/SoftConsole/WhiteBoard_Plotter_MSS_CM3_0/WhiteBoard_Plotter_MSS_CM3_0_hw_platform/Debug/CMSIS/startup_gcc/newlib_stubs.o
 .debug_loc     0x00000aca      0x510 N:\EECS373_Project\WhiteBoard_Plotter\SoftConsole\WhiteBoard_Plotter_MSS_CM3_0\WhiteBoard_Plotter_MSS_CM3_0_hw_platform\Debug\libWhiteBoard_Plotter_MSS_CM3_0_hw_platform.a(mss_uart.o)
 .debug_loc     0x00000fda       0x99 N:\EECS373_Project\WhiteBoard_Plotter\SoftConsole\WhiteBoard_Plotter_MSS_CM3_0\WhiteBoard_Plotter_MSS_CM3_0_hw_platform\Debug\libWhiteBoard_Plotter_MSS_CM3_0_hw_platform.a(system_a2fxxxm3.o)

.debug_macinfo  0x00000000    0x25320
 *(.debug_macinfo)
 .debug_macinfo
                0x00000000     0xa2da ./main.o
 .debug_macinfo
                0x0000a2da     0x5864 ./stepper.o
 .debug_macinfo
                0x0000fb3e     0x9965 N:/EECS373_Project/WhiteBoard_Plotter/SoftConsole/WhiteBoard_Plotter_MSS_CM3_0/WhiteBoard_Plotter_MSS_CM3_0_hw_platform/Debug/CMSIS/startup_gcc/newlib_stubs.o
 .debug_macinfo
                0x000194a3     0x63e4 N:\EECS373_Project\WhiteBoard_Plotter\SoftConsole\WhiteBoard_Plotter_MSS_CM3_0\WhiteBoard_Plotter_MSS_CM3_0_hw_platform\Debug\libWhiteBoard_Plotter_MSS_CM3_0_hw_platform.a(mss_uart.o)
 .debug_macinfo
                0x0001f887     0x5a99 N:\EECS373_Project\WhiteBoard_Plotter\SoftConsole\WhiteBoard_Plotter_MSS_CM3_0\WhiteBoard_Plotter_MSS_CM3_0_hw_platform\Debug\libWhiteBoard_Plotter_MSS_CM3_0_hw_platform.a(system_a2fxxxm3.o)

.debug_weaknames
 *(.debug_weaknames)

.debug_funcnames
 *(.debug_funcnames)

.debug_typenames
 *(.debug_typenames)

.debug_varnames
 *(.debug_varnames)

.note.gnu.arm.ident
 *(.note.gnu.arm.ident)

.ARM.attributes
                0x00000000       0x25
 *(.ARM.attributes)
 .ARM.attributes
                0x00000000       0x19 c:/microsemi/softconsole v3.3/sourcery-g++/bin/../lib/gcc/arm-none-eabi/4.4.1/thumb2/crti.o
 .ARM.attributes
                0x00000019       0x29 c:/microsemi/softconsole v3.3/sourcery-g++/bin/../lib/gcc/arm-none-eabi/4.4.1/thumb2/crtbegin.o
 .ARM.attributes
                0x00000042       0x31 ./main.o
 .ARM.attributes
                0x00000073       0x31 ./stepper.o
 .ARM.attributes
                0x000000a4       0x21 N:/EECS373_Project/WhiteBoard_Plotter/SoftConsole/WhiteBoard_Plotter_MSS_CM3_0/WhiteBoard_Plotter_MSS_CM3_0_hw_platform/Debug/CMSIS/startup_gcc/startup_a2fxxxm3.o
 .ARM.attributes
                0x000000c5       0x31 N:/EECS373_Project/WhiteBoard_Plotter/SoftConsole/WhiteBoard_Plotter_MSS_CM3_0/WhiteBoard_Plotter_MSS_CM3_0_hw_platform/Debug/CMSIS/startup_gcc/newlib_stubs.o
 .ARM.attributes
                0x000000f6       0x31 N:\EECS373_Project\WhiteBoard_Plotter\SoftConsole\WhiteBoard_Plotter_MSS_CM3_0\WhiteBoard_Plotter_MSS_CM3_0_hw_platform\Debug\libWhiteBoard_Plotter_MSS_CM3_0_hw_platform.a(mss_uart.o)
 .ARM.attributes
                0x00000127       0x31 N:\EECS373_Project\WhiteBoard_Plotter\SoftConsole\WhiteBoard_Plotter_MSS_CM3_0\WhiteBoard_Plotter_MSS_CM3_0_hw_platform\Debug\libWhiteBoard_Plotter_MSS_CM3_0_hw_platform.a(system_a2fxxxm3.o)
 .ARM.attributes
                0x00000158       0x1b c:/microsemi/softconsole v3.3/sourcery-g++/bin/../lib/gcc/arm-none-eabi/4.4.1/thumb2\libgcc.a(_arm_addsubdf3.o)
 .ARM.attributes
                0x00000173       0x1b c:/microsemi/softconsole v3.3/sourcery-g++/bin/../lib/gcc/arm-none-eabi/4.4.1/thumb2\libgcc.a(_arm_muldivdf3.o)
 .ARM.attributes
                0x0000018e       0x1b c:/microsemi/softconsole v3.3/sourcery-g++/bin/../lib/gcc/arm-none-eabi/4.4.1/thumb2\libgcc.a(_arm_cmpdf2.o)
 .ARM.attributes
                0x000001a9       0x1b c:/microsemi/softconsole v3.3/sourcery-g++/bin/../lib/gcc/arm-none-eabi/4.4.1/thumb2\libgcc.a(_arm_fixunsdfsi.o)
 .ARM.attributes
                0x000001c4       0x29 c:/microsemi/softconsole v3.3/sourcery-g++/bin/../lib/gcc/arm-none-eabi/4.4.1/../../../../arm-none-eabi/lib/thumb2\libc.a(lib_a-errno.o)
 .ARM.attributes
                0x000001ed       0x29 c:/microsemi/softconsole v3.3/sourcery-g++/bin/../lib/gcc/arm-none-eabi/4.4.1/../../../../arm-none-eabi/lib/thumb2\libc.a(lib_a-impure.o)
 .ARM.attributes
                0x00000216       0x29 c:/microsemi/softconsole v3.3/sourcery-g++/bin/../lib/gcc/arm-none-eabi/4.4.1/../../../../arm-none-eabi/lib/thumb2\libc.a(lib_a-init.o)
 .ARM.attributes
                0x0000023f       0x29 c:/microsemi/softconsole v3.3/sourcery-g++/bin/../lib/gcc/arm-none-eabi/4.4.1/thumb2/crtend.o
 .ARM.attributes
                0x00000268       0x19 c:/microsemi/softconsole v3.3/sourcery-g++/bin/../lib/gcc/arm-none-eabi/4.4.1/thumb2/crtn.o
 .ARM.attributes
                0x00000281       0x29 c:/microsemi/softconsole v3.3/sourcery-g++/bin/../lib/gcc/arm-none-eabi/4.4.1/../../../../arm-none-eabi/lib/thumb2\libm.a(lib_a-w_sqrt.o)
 .ARM.attributes
                0x000002aa       0x29 c:/microsemi/softconsole v3.3/sourcery-g++/bin/../lib/gcc/arm-none-eabi/4.4.1/../../../../arm-none-eabi/lib/thumb2\libm.a(lib_a-e_sqrt.o)
 .ARM.attributes
                0x000002d3       0x29 c:/microsemi/softconsole v3.3/sourcery-g++/bin/../lib/gcc/arm-none-eabi/4.4.1/../../../../arm-none-eabi/lib/thumb2\libm.a(lib_a-s_isnand.o)
 .ARM.attributes
                0x000002fc       0x29 c:/microsemi/softconsole v3.3/sourcery-g++/bin/../lib/gcc/arm-none-eabi/4.4.1/../../../../arm-none-eabi/lib/thumb2\libm.a(lib_a-s_lib_ver.o)
 .ARM.attributes
                0x00000325       0x29 c:/microsemi/softconsole v3.3/sourcery-g++/bin/../lib/gcc/arm-none-eabi/4.4.1/../../../../arm-none-eabi/lib/thumb2\libm.a(lib_a-s_matherr.o)

/DISCARD/
 *(.note.GNU-stack)
 *(.isr_vector)
OUTPUT(WhiteBoard_Plotter_MSS_CM3_0_app elf32-littlearm)

.debug_ranges   0x00000000      0x2e8
 .debug_ranges  0x00000000      0x128 ./main.o
 .debug_ranges  0x00000128       0x28 ./stepper.o
 .debug_ranges  0x00000150       0xa0 N:/EECS373_Project/WhiteBoard_Plotter/SoftConsole/WhiteBoard_Plotter_MSS_CM3_0/WhiteBoard_Plotter_MSS_CM3_0_hw_platform/Debug/CMSIS/startup_gcc/newlib_stubs.o
 .debug_ranges  0x000001f0       0xd0 N:\EECS373_Project\WhiteBoard_Plotter\SoftConsole\WhiteBoard_Plotter_MSS_CM3_0\WhiteBoard_Plotter_MSS_CM3_0_hw_platform\Debug\libWhiteBoard_Plotter_MSS_CM3_0_hw_platform.a(mss_uart.o)
 .debug_ranges  0x000002c0       0x28 N:\EECS373_Project\WhiteBoard_Plotter\SoftConsole\WhiteBoard_Plotter_MSS_CM3_0\WhiteBoard_Plotter_MSS_CM3_0_hw_platform\Debug\libWhiteBoard_Plotter_MSS_CM3_0_hw_platform.a(system_a2fxxxm3.o)
