Archive member included because of file (symbol)

D:\GitHub\EECS373_Project\TouchScreenFinal\SoftConsole\TouchScreenFinal_MSS_CM3_0\TouchScreenFinal_MSS_CM3_0_hw_platform\Debug\libTouchScreenFinal_MSS_CM3_0_hw_platform.a(mss_uart.o)
                              ./main.o (g_mss_uart1)
D:\GitHub\EECS373_Project\TouchScreenFinal\SoftConsole\TouchScreenFinal_MSS_CM3_0\TouchScreenFinal_MSS_CM3_0_hw_platform\Debug\libTouchScreenFinal_MSS_CM3_0_hw_platform.a(mss_spi.o)
                              ./touchscreen.o (g_mss_spi1)
D:\GitHub\EECS373_Project\TouchScreenFinal\SoftConsole\TouchScreenFinal_MSS_CM3_0\TouchScreenFinal_MSS_CM3_0_hw_platform\Debug\libTouchScreenFinal_MSS_CM3_0_hw_platform.a(mss_gpio.o)
                              ./touchscreen.o (MSS_GPIO_init)
D:\GitHub\EECS373_Project\TouchScreenFinal\SoftConsole\TouchScreenFinal_MSS_CM3_0\TouchScreenFinal_MSS_CM3_0_hw_platform\Debug\libTouchScreenFinal_MSS_CM3_0_hw_platform.a(mss_ace.o)
                              ./touchscreen.o (ACE_init)
D:\GitHub\EECS373_Project\TouchScreenFinal\SoftConsole\TouchScreenFinal_MSS_CM3_0\TouchScreenFinal_MSS_CM3_0_hw_platform\Debug\libTouchScreenFinal_MSS_CM3_0_hw_platform.a(system_a2fxxxm3.o)
                              D:\GitHub\EECS373_Project\TouchScreenFinal\SoftConsole\TouchScreenFinal_MSS_CM3_0\TouchScreenFinal_MSS_CM3_0_hw_platform\Debug\libTouchScreenFinal_MSS_CM3_0_hw_platform.a(mss_uart.o) (g_FrequencyPCLK0)
D:\GitHub\EECS373_Project\TouchScreenFinal\SoftConsole\TouchScreenFinal_MSS_CM3_0\TouchScreenFinal_MSS_CM3_0_hw_platform\Debug\libTouchScreenFinal_MSS_CM3_0_hw_platform.a(ace_config.o)
                              D:\GitHub\EECS373_Project\TouchScreenFinal\SoftConsole\TouchScreenFinal_MSS_CM3_0\TouchScreenFinal_MSS_CM3_0_hw_platform\Debug\libTouchScreenFinal_MSS_CM3_0_hw_platform.a(mss_ace.o) (g_ace_channel_desc_table)
D:\GitHub\EECS373_Project\TouchScreenFinal\SoftConsole\TouchScreenFinal_MSS_CM3_0\TouchScreenFinal_MSS_CM3_0_hw_platform\Debug\libTouchScreenFinal_MSS_CM3_0_hw_platform.a(ace_convert.o)
                              D:\GitHub\EECS373_Project\TouchScreenFinal\SoftConsole\TouchScreenFinal_MSS_CM3_0\TouchScreenFinal_MSS_CM3_0_hw_platform\Debug\libTouchScreenFinal_MSS_CM3_0_hw_platform.a(mss_ace.o) (ace_init_convert)
D:\GitHub\EECS373_Project\TouchScreenFinal\SoftConsole\TouchScreenFinal_MSS_CM3_0\TouchScreenFinal_MSS_CM3_0_hw_platform\Debug\libTouchScreenFinal_MSS_CM3_0_hw_platform.a(ace_flags.o)
                              D:\GitHub\EECS373_Project\TouchScreenFinal\SoftConsole\TouchScreenFinal_MSS_CM3_0\TouchScreenFinal_MSS_CM3_0_hw_platform\Debug\libTouchScreenFinal_MSS_CM3_0_hw_platform.a(mss_ace.o) (ace_init_flags)
c:/microsemi/softconsole v3.3/sourcery-g++/bin/../lib/gcc/arm-none-eabi/4.4.1/thumb2\libgcc.a(_arm_addsubsf3.o)
                              ./touchscreen.o (__aeabi_fsub)
c:/microsemi/softconsole v3.3/sourcery-g++/bin/../lib/gcc/arm-none-eabi/4.4.1/thumb2\libgcc.a(_arm_muldivsf3.o)
                              ./touchscreen.o (__aeabi_fmul)
c:/microsemi/softconsole v3.3/sourcery-g++/bin/../lib/gcc/arm-none-eabi/4.4.1/thumb2\libgcc.a(_arm_fixsfsi.o)
                              ./touchscreen.o (__aeabi_f2iz)
c:/microsemi/softconsole v3.3/sourcery-g++/bin/../lib/gcc/arm-none-eabi/4.4.1/../../../../arm-none-eabi/lib/thumb2\libc.a(lib_a-errno.o)
                              D:/GitHub/EECS373_Project/TouchScreenFinal/SoftConsole/TouchScreenFinal_MSS_CM3_0/TouchScreenFinal_MSS_CM3_0_hw_platform/Debug/CMSIS/startup_gcc/newlib_stubs.o (__errno)
c:/microsemi/softconsole v3.3/sourcery-g++/bin/../lib/gcc/arm-none-eabi/4.4.1/../../../../arm-none-eabi/lib/thumb2\libc.a(lib_a-impure.o)
                              c:/microsemi/softconsole v3.3/sourcery-g++/bin/../lib/gcc/arm-none-eabi/4.4.1/../../../../arm-none-eabi/lib/thumb2\libc.a(lib_a-errno.o) (_impure_ptr)
c:/microsemi/softconsole v3.3/sourcery-g++/bin/../lib/gcc/arm-none-eabi/4.4.1/../../../../arm-none-eabi/lib/thumb2\libc.a(lib_a-init.o)
                              D:/GitHub/EECS373_Project/TouchScreenFinal/SoftConsole/TouchScreenFinal_MSS_CM3_0/TouchScreenFinal_MSS_CM3_0_hw_platform/Debug/CMSIS/startup_gcc/startup_a2fxxxm3.o (__libc_init_array)
c:/microsemi/softconsole v3.3/sourcery-g++/bin/../lib/gcc/arm-none-eabi/4.4.1/../../../../arm-none-eabi/lib/thumb2\libc.a(lib_a-memset.o)
                              D:\GitHub\EECS373_Project\TouchScreenFinal\SoftConsole\TouchScreenFinal_MSS_CM3_0\TouchScreenFinal_MSS_CM3_0_hw_platform\Debug\libTouchScreenFinal_MSS_CM3_0_hw_platform.a(mss_spi.o) (memset)
c:/microsemi/softconsole v3.3/sourcery-g++/bin/../lib/gcc/arm-none-eabi/4.4.1/../../../../arm-none-eabi/lib/thumb2\libc.a(lib_a-strncmp.o)
                              D:\GitHub\EECS373_Project\TouchScreenFinal\SoftConsole\TouchScreenFinal_MSS_CM3_0\TouchScreenFinal_MSS_CM3_0_hw_platform\Debug\libTouchScreenFinal_MSS_CM3_0_hw_platform.a(mss_ace.o) (strncmp)

Allocating common symbols
Common symbol       size              file
[...]
Memory Configuration

Name             Origin             Length             Attributes
ram              0x20000000         0x00010000         xrw
*default*        0x00000000         0xffffffff

Linker script and memory map

LOAD c:/microsemi/softconsole v3.3/sourcery-g++/bin/../lib/gcc/arm-none-eabi/4.4.1/thumb2/crti.o
LOAD c:/microsemi/softconsole v3.3/sourcery-g++/bin/../lib/gcc/arm-none-eabi/4.4.1/thumb2/crtbegin.o
LOAD ./main.o
LOAD ./touchscreen.o
LOAD ./xbee.o
LOAD D:/GitHub/EECS373_Project/TouchScreenFinal/SoftConsole/TouchScreenFinal_MSS_CM3_0/TouchScreenFinal_MSS_CM3_0_hw_platform/Debug/CMSIS/startup_gcc/startup_a2fxxxm3.o
LOAD D:/GitHub/EECS373_Project/TouchScreenFinal/SoftConsole/TouchScreenFinal_MSS_CM3_0/TouchScreenFinal_MSS_CM3_0_hw_platform/Debug/CMSIS/startup_gcc/newlib_stubs.o
LOAD D:\GitHub\EECS373_Project\TouchScreenFinal\SoftConsole\TouchScreenFinal_MSS_CM3_0\TouchScreenFinal_MSS_CM3_0_hw_platform\Debug\libTouchScreenFinal_MSS_CM3_0_hw_platform.a
START GROUP
LOAD c:/microsemi/softconsole v3.3/sourcery-g++/bin/../lib/gcc/arm-none-eabi/4.4.1/thumb2\libgcc.a
LOAD c:/microsemi/softconsole v3.3/sourcery-g++/bin/../lib/gcc/arm-none-eabi/4.4.1/../../../../arm-none-eabi/lib/thumb2\libc.a
END GROUP
LOAD c:/microsemi/softconsole v3.3/sourcery-g++/bin/../lib/gcc/arm-none-eabi/4.4.1/thumb2/crtend.o
LOAD c:/microsemi/softconsole v3.3/sourcery-g++/bin/../lib/gcc/arm-none-eabi/4.4.1/thumb2/crtn.o
START GROUP
LOAD c:/microsemi/softconsole v3.3/sourcery-g++/bin/../lib/gcc/arm-none-eabi/4.4.1/../../../../arm-none-eabi/lib/thumb2\libc.a
LOAD c:/microsemi/softconsole v3.3/sourcery-g++/bin/../lib/gcc/arm-none-eabi/4.4.1/thumb2\libgcc.a
LOAD c:/microsemi/softconsole v3.3/sourcery-g++/bin/../lib/gcc/arm-none-eabi/4.4.1/../../../../arm-none-eabi/lib/thumb2\libm.a
END GROUP
                0x00000000                __DYNAMIC = 0x0
                0x20000000                RAM_START_ADDRESS = 0x20000000
                0x00010000                RAM_SIZE = 0x10000
                0x00002000                MAIN_STACK_SIZE = 0x2000
                0x00001000                PROCESS_STACK_SIZE = 0x1000
                0x20010000                PROVIDE (__main_stack_start, (RAM_START_ADDRESS + RAM_SIZE))
                0x2000e000                PROVIDE (__process_stack_start, (__main_stack_start - MAIN_STACK_SIZE))
                0x20010000                PROVIDE (_estack, __main_stack_start)
                0x00000000                PROVIDE (__mirrored_nvm, 0x0)

.text           0x20000000     0x37ac
 CREATE_OBJECT_SYMBOLS
                0x20000000                __text_load = LOADADDR (.text)
                0x20000000                __text_start = .
                0x20000000                __vector_table_vma_base_address = .
 *(.isr_vector)
 .isr_vector    0x20000000      0x470 D:/GitHub/EECS373_Project/TouchScreenFinal/SoftConsole/TouchScreenFinal_MSS_CM3_0/TouchScreenFinal_MSS_CM3_0_hw_platform/Debug/CMSIS/startup_gcc/startup_a2fxxxm3.o
                0x20000000                g_pfnVectors
                0x20000298                Reset_Handler
                0x20000308                NMI_Handler
                0x2000030a                HardFault_Handler
                0x2000030c                MemManage_Handler
                0x2000030e                BusFault_Handler
                0x20000310                UsageFault_Handler
                0x20000312                SVC_Handler
                0x20000314                DebugMon_Handler
                0x20000316                PendSV_Handler
                0x20000318                SysTick_Handler
                0x2000031a                WdogWakeup_IRQHandler
                0x2000031c                BrownOut_1_5V_IRQHandler
                0x2000031e                BrownOut_3_3V_IRQHandler
                0x20000320                RTC_Match_IRQHandler
                0x20000322                RTCIF_Pub_IRQHandler
                0x20000324                EthernetMAC_IRQHandler
                0x20000326                IAP_IRQHandler
                0x20000328                ENVM0_IRQHandler
                0x2000032a                ENVM1_IRQHandler
                0x2000032c                DMA_IRQHandler
                0x20000336                I2C0_IRQHandler
                0x20000338                I2C0_SMBAlert_IRQHandler
                0x2000033a                I2C0_SMBus_IRQHandler
                0x2000033c                I2C1_IRQHandler
                0x2000033e                I2C1_SMBAlert_IRQHandler
                0x20000340                I2C1_SMBus_IRQHandler
                0x20000342                Timer1_IRQHandler
                0x20000344                Timer2_IRQHandler
                0x20000346                PLL_Lock_IRQHandler
                0x20000348                PLL_LockLost_IRQHandler
                0x2000034a                CommError_IRQHandler
                0x2000034c                Fabric_IRQHandler
                0x2000034e                GPIO0_IRQHandler
                0x20000350                GPIO1_IRQHandler
                0x20000352                GPIO2_IRQHandler
                0x20000354                GPIO3_IRQHandler
                0x20000356                GPIO4_IRQHandler
                0x20000358                GPIO5_IRQHandler
                0x2000035a                GPIO6_IRQHandler
                0x2000035c                GPIO7_IRQHandler
                0x2000035e                GPIO8_IRQHandler
                0x20000360                GPIO9_IRQHandler
                0x20000362                GPIO10_IRQHandler
                0x20000364                GPIO11_IRQHandler
                0x20000366                GPIO12_IRQHandler
                0x20000368                GPIO13_IRQHandler
                0x2000036a                GPIO14_IRQHandler
                0x2000036c                GPIO15_IRQHandler
                0x2000036e                GPIO16_IRQHandler
                0x20000370                GPIO17_IRQHandler
                0x20000372                GPIO18_IRQHandler
                0x20000374                GPIO19_IRQHandler
                0x20000376                GPIO20_IRQHandler
                0x20000378                GPIO21_IRQHandler
                0x2000037a                GPIO22_IRQHandler
                0x2000037c                GPIO23_IRQHandler
                0x2000037e                GPIO24_IRQHandler
                0x20000380                GPIO25_IRQHandler
                0x20000382                GPIO26_IRQHandler
                0x20000384                GPIO27_IRQHandler
                0x20000386                GPIO28_IRQHandler
                0x20000388                GPIO29_IRQHandler
                0x2000038a                GPIO30_IRQHandler
                0x2000038c                GPIO31_IRQHandler
                0x2000038e                ACE_PC0_Flag0_IRQHandler
                0x20000390                ACE_PC0_Flag1_IRQHandler
                0x20000392                ACE_PC0_Flag2_IRQHandler
                0x20000394                ACE_PC0_Flag3_IRQHandler
                0x20000396                ACE_PC1_Flag0_IRQHandler
                0x20000398                ACE_PC1_Flag1_IRQHandler
                0x2000039a                ACE_PC1_Flag2_IRQHandler
                0x2000039c                ACE_PC1_Flag3_IRQHandler
                0x2000039e                ACE_PC2_Flag0_IRQHandler
                0x200003a0                ACE_PC2_Flag1_IRQHandler
                0x200003a2                ACE_PC2_Flag2_IRQHandler
                0x200003a4                ACE_PC2_Flag3_IRQHandler
                0x200003a6                ACE_ADC0_DataValid_IRQHandler
                0x200003a8                ACE_ADC1_DataValid_IRQHandler
                0x200003aa                ACE_ADC2_DataValid_IRQHandler
                0x200003ac                ACE_ADC0_CalDone_IRQHandler
                0x200003ae                ACE_ADC1_CalDone_IRQHandler
                0x200003b0                ACE_ADC2_CalDone_IRQHandler
                0x200003b2                ACE_ADC0_CalStart_IRQHandler
                0x200003b4                ACE_ADC1_CalStart_IRQHandler
                0x200003b6                ACE_ADC2_CalStart_IRQHandler
                0x200003b8                ACE_Comp0_Fall_IRQHandler
                0x200003ba                ACE_Comp1_Fall_IRQHandler
                0x200003bc                ACE_Comp2_Fall_IRQHandler
                0x200003be                ACE_Comp3_Fall_IRQHandler
                0x200003c0                ACE_Comp4_Fall_IRQHandler
                0x200003c2                ACE_Comp5_Fall_IRQHandler
                0x200003c4                ACE_Comp6_Fall_IRQHandler
                0x200003c6                ACE_Comp7_Fall_IRQHandler
                0x200003c8                ACE_Comp8_Fall_IRQHandler
                0x200003ca                ACE_Comp9_Fall_IRQHandler
                0x200003cc                ACE_Comp10_Fall_IRQHandler
                0x200003ce                ACE_Comp11_Fall_IRQHandler
                0x200003d0                ACE_Comp0_Rise_IRQHandler
                0x200003d2                ACE_Comp1_Rise_IRQHandler
                0x200003d4                ACE_Comp2_Rise_IRQHandler
                0x200003d6                ACE_Comp3_Rise_IRQHandler
                0x200003d8                ACE_Comp4_Rise_IRQHandler
                0x200003da                ACE_Comp5_Rise_IRQHandler
                0x200003dc                ACE_Comp6_Rise_IRQHandler
                0x200003de                ACE_Comp7_Rise_IRQHandler
                0x200003e0                ACE_Comp8_Rise_IRQHandler
                0x200003e2                ACE_Comp9_Rise_IRQHandler
                0x200003e4                ACE_Comp10_Rise_IRQHandler
                0x200003e6                ACE_Comp11_Rise_IRQHandler
                0x200003e8                ACE_ADC0_FifoFull_IRQHandler
                0x200003ea                ACE_ADC0_FifoAFull_IRQHandler
                0x200003ec                ACE_ADC0_FifoEmpty_IRQHandler
                0x200003ee                ACE_ADC1_FifoFull_IRQHandler
                0x200003f0                ACE_ADC1_FifoAFull_IRQHandler
                0x200003f2                ACE_ADC1_FifoEmpty_IRQHandler
                0x200003f4                ACE_ADC2_FifoFull_IRQHandler
                0x200003f6                ACE_ADC2_FifoAFull_IRQHandler
                0x200003f8                ACE_ADC2_FifoEmpty_IRQHandler
 *(.text .text.* .gnu.linkonce.t.*)
 .text          0x20000470       0x30 c:/microsemi/softconsole v3.3/sourcery-g++/bin/../lib/gcc/arm-none-eabi/4.4.1/thumb2/crtbegin.o
 .text.main     0x200004a0      0x144 ./main.o
                0x200004a0                main
 .text.NVIC_DisableIRQ
                0x200005e4       0x3c ./touchscreen.o
 .text.NVIC_ClearPendingIRQ
                0x20000620       0x3c ./touchscreen.o
 .text.MSS_TIM1_init
                0x2000065c       0x84 ./touchscreen.o
 .text.MSS_TIM1_start
                0x200006e0       0x1c ./touchscreen.o
 .text.MSS_TIM1_stop
                0x200006fc       0x1c ./touchscreen.o
 .text.MSS_TIM1_get_current_value
                0x20000718       0x18 ./touchscreen.o
 .text.MSS_TIM1_load_immediate
                0x20000730       0x20 ./touchscreen.o
 .text.touchscreen_begin
                0x20000750       0xe8 ./touchscreen.o
                0x20000750                touchscreen_begin
 .text.getX     0x20000838      0x100 ./touchscreen.o
                0x20000838                getX
 .text.getY     0x20000938       0xf4 ./touchscreen.o
                0x20000938                getY
 .text.drawPixel
                0x20000a2c       0x48 ./touchscreen.o
                0x20000a2c                drawPixel
 .text.drawRectanglePixel
                0x20000a74       0x5c ./touchscreen.o
                0x20000a74                drawRectanglePixel
 .text.drawFillScreen
                0x20000ad0       0x2c ./touchscreen.o
                0x20000ad0                drawFillScreen
 .text.drawText1
                0x20000afc       0x44 ./touchscreen.o
                0x20000afc                drawText1
 .text.drawText2
                0x20000b40       0x5c ./touchscreen.o
                0x20000b40                drawText2
 .text.drawText3
                0x20000b9c       0x5c ./touchscreen.o
                0x20000b9c                drawText3
 .text.setAddr  0x20000bf8       0x50 ./touchscreen.o
                0x20000bf8                setAddr
 .text.sendCommand
                0x20000c48       0x60 ./touchscreen.o
                0x20000c48                sendCommand
 .text.delay    0x20000ca8       0x40 ./touchscreen.o
                0x20000ca8                delay
 .text.delayMicro
                0x20000ce8       0x3c ./touchscreen.o
                0x20000ce8                delayMicro
 .text.sendCommandOnly
                0x20000d24       0x2c ./touchscreen.o
                0x20000d24                sendCommandOnly
 .text.writeLine
                0x20000d50      0x13c ./touchscreen.o
                0x20000d50                writeLine
 .text.configureSPI
                0x20000e8c       0x30 ./touchscreen.o
                0x20000e8c                configureSPI
 .text.sendSPI  0x20000ebc       0x24 ./touchscreen.o
                0x20000ebc                sendSPI
 .text.sendSPI16
                0x20000ee0       0x38 ./touchscreen.o
                0x20000ee0                sendSPI16
 .text.set_SPI_CS
                0x20000f18       0x18 ./touchscreen.o
                0x20000f18                set_SPI_CS
 .text.clear_SPI_CS
                0x20000f30       0x18 ./touchscreen.o
                0x20000f30                clear_SPI_CS
 .text.set_DC_HIGH
                0x20000f48       0x14 ./touchscreen.o
                0x20000f48                set_DC_HIGH
 .text.set_DC_LOW
                0x20000f5c       0x14 ./touchscreen.o
                0x20000f5c                set_DC_LOW
 .text.sendMessage
                0x20000f70       0xfc ./xbee.o
                0x20000f70                sendMessage
 .text.uart1_rx_handler
                0x2000106c       0x24 ./xbee.o
                0x2000106c                uart1_rx_handler
 .text.NVIC_EnableIRQ
                0x20001090       0x38 D:\GitHub\EECS373_Project\TouchScreenFinal\SoftConsole\TouchScreenFinal_MSS_CM3_0\TouchScreenFinal_MSS_CM3_0_hw_platform\Debug\libTouchScreenFinal_MSS_CM3_0_hw_platform.a(mss_uart.o)
 .text.NVIC_ClearPendingIRQ
                0x200010c8       0x3c D:\GitHub\EECS373_Project\TouchScreenFinal\SoftConsole\TouchScreenFinal_MSS_CM3_0\TouchScreenFinal_MSS_CM3_0_hw_platform\Debug\libTouchScreenFinal_MSS_CM3_0_hw_platform.a(mss_uart.o)
 .text.MSS_UART_init
                0x20001104      0x204 D:\GitHub\EECS373_Project\TouchScreenFinal\SoftConsole\TouchScreenFinal_MSS_CM3_0\TouchScreenFinal_MSS_CM3_0_hw_platform\Debug\libTouchScreenFinal_MSS_CM3_0_hw_platform.a(mss_uart.o)
                0x20001104                MSS_UART_init
 .text.MSS_UART_polled_tx
                0x20001308       0xe4 D:\GitHub\EECS373_Project\TouchScreenFinal\SoftConsole\TouchScreenFinal_MSS_CM3_0\TouchScreenFinal_MSS_CM3_0_hw_platform\Debug\libTouchScreenFinal_MSS_CM3_0_hw_platform.a(mss_uart.o)
                0x20001308                MSS_UART_polled_tx
 .text.MSS_UART_get_rx
                0x200013ec       0xdc D:\GitHub\EECS373_Project\TouchScreenFinal\SoftConsole\TouchScreenFinal_MSS_CM3_0\TouchScreenFinal_MSS_CM3_0_hw_platform\Debug\libTouchScreenFinal_MSS_CM3_0_hw_platform.a(mss_uart.o)
                0x200013ec                MSS_UART_get_rx
 .text.MSS_UART_isr
                0x200014c8      0x11c D:\GitHub\EECS373_Project\TouchScreenFinal\SoftConsole\TouchScreenFinal_MSS_CM3_0\TouchScreenFinal_MSS_CM3_0_hw_platform\Debug\libTouchScreenFinal_MSS_CM3_0_hw_platform.a(mss_uart.o)
 .text.default_tx_handler
                0x200015e4      0x108 D:\GitHub\EECS373_Project\TouchScreenFinal\SoftConsole\TouchScreenFinal_MSS_CM3_0\TouchScreenFinal_MSS_CM3_0_hw_platform\Debug\libTouchScreenFinal_MSS_CM3_0_hw_platform.a(mss_uart.o)
 .text.MSS_UART_set_rx_handler
                0x200016ec       0xa8 D:\GitHub\EECS373_Project\TouchScreenFinal\SoftConsole\TouchScreenFinal_MSS_CM3_0\TouchScreenFinal_MSS_CM3_0_hw_platform\Debug\libTouchScreenFinal_MSS_CM3_0_hw_platform.a(mss_uart.o)
                0x200016ec                MSS_UART_set_rx_handler
 .text.UART0_IRQHandler
                0x20001794       0x2c D:\GitHub\EECS373_Project\TouchScreenFinal\SoftConsole\TouchScreenFinal_MSS_CM3_0\TouchScreenFinal_MSS_CM3_0_hw_platform\Debug\libTouchScreenFinal_MSS_CM3_0_hw_platform.a(mss_uart.o)
                0x20001794                UART0_IRQHandler
 .text.UART1_IRQHandler
                0x200017c0       0x2c D:\GitHub\EECS373_Project\TouchScreenFinal\SoftConsole\TouchScreenFinal_MSS_CM3_0\TouchScreenFinal_MSS_CM3_0_hw_platform\Debug\libTouchScreenFinal_MSS_CM3_0_hw_platform.a(mss_uart.o)
                0x200017c0                UART1_IRQHandler
 .text.NVIC_EnableIRQ
                0x200017ec       0x38 D:\GitHub\EECS373_Project\TouchScreenFinal\SoftConsole\TouchScreenFinal_MSS_CM3_0\TouchScreenFinal_MSS_CM3_0_hw_platform\Debug\libTouchScreenFinal_MSS_CM3_0_hw_platform.a(mss_spi.o)
 .text.NVIC_DisableIRQ
                0x20001824       0x3c D:\GitHub\EECS373_Project\TouchScreenFinal\SoftConsole\TouchScreenFinal_MSS_CM3_0\TouchScreenFinal_MSS_CM3_0_hw_platform\Debug\libTouchScreenFinal_MSS_CM3_0_hw_platform.a(mss_spi.o)
 .text.NVIC_ClearPendingIRQ
                0x20001860       0x3c D:\GitHub\EECS373_Project\TouchScreenFinal\SoftConsole\TouchScreenFinal_MSS_CM3_0\TouchScreenFinal_MSS_CM3_0_hw_platform\Debug\libTouchScreenFinal_MSS_CM3_0_hw_platform.a(mss_spi.o)
 .text.MSS_SPI_init
                0x2000189c      0x134 D:\GitHub\EECS373_Project\TouchScreenFinal\SoftConsole\TouchScreenFinal_MSS_CM3_0\TouchScreenFinal_MSS_CM3_0_hw_platform\Debug\libTouchScreenFinal_MSS_CM3_0_hw_platform.a(mss_spi.o)
                0x2000189c                MSS_SPI_init
 .text.recover_from_rx_overflow
                0x200019d0      0x160 D:\GitHub\EECS373_Project\TouchScreenFinal\SoftConsole\TouchScreenFinal_MSS_CM3_0\TouchScreenFinal_MSS_CM3_0_hw_platform\Debug\libTouchScreenFinal_MSS_CM3_0_hw_platform.a(mss_spi.o)
 .text.MSS_SPI_configure_master_mode
                0x20001b30      0x120 D:\GitHub\EECS373_Project\TouchScreenFinal\SoftConsole\TouchScreenFinal_MSS_CM3_0\TouchScreenFinal_MSS_CM3_0_hw_platform\Debug\libTouchScreenFinal_MSS_CM3_0_hw_platform.a(mss_spi.o)
                0x20001b30                MSS_SPI_configure_master_mode
 .text.MSS_SPI_set_slave_select
                0x20001c50      0x108 D:\GitHub\EECS373_Project\TouchScreenFinal\SoftConsole\TouchScreenFinal_MSS_CM3_0\TouchScreenFinal_MSS_CM3_0_hw_platform\Debug\libTouchScreenFinal_MSS_CM3_0_hw_platform.a(mss_spi.o)
                0x20001c50                MSS_SPI_set_slave_select
 .text.MSS_SPI_clear_slave_select
                0x20001d58       0x90 D:\GitHub\EECS373_Project\TouchScreenFinal\SoftConsole\TouchScreenFinal_MSS_CM3_0\TouchScreenFinal_MSS_CM3_0_hw_platform\Debug\libTouchScreenFinal_MSS_CM3_0_hw_platform.a(mss_spi.o)
                0x20001d58                MSS_SPI_clear_slave_select
 .text.MSS_SPI_transfer_frame
                0x20001de8       0xec D:\GitHub\EECS373_Project\TouchScreenFinal\SoftConsole\TouchScreenFinal_MSS_CM3_0\TouchScreenFinal_MSS_CM3_0_hw_platform\Debug\libTouchScreenFinal_MSS_CM3_0_hw_platform.a(mss_spi.o)
                0x20001de8                MSS_SPI_transfer_frame
 .text.fill_slave_tx_fifo
                0x20001ed4       0xe0 D:\GitHub\EECS373_Project\TouchScreenFinal\SoftConsole\TouchScreenFinal_MSS_CM3_0\TouchScreenFinal_MSS_CM3_0_hw_platform\Debug\libTouchScreenFinal_MSS_CM3_0_hw_platform.a(mss_spi.o)
 .text.read_slave_rx_fifo
                0x20001fb4       0xac D:\GitHub\EECS373_Project\TouchScreenFinal\SoftConsole\TouchScreenFinal_MSS_CM3_0\TouchScreenFinal_MSS_CM3_0_hw_platform\Debug\libTouchScreenFinal_MSS_CM3_0_hw_platform.a(mss_spi.o)
 .text.mss_spi_isr
                0x20002060      0x2b0 D:\GitHub\EECS373_Project\TouchScreenFinal\SoftConsole\TouchScreenFinal_MSS_CM3_0\TouchScreenFinal_MSS_CM3_0_hw_platform\Debug\libTouchScreenFinal_MSS_CM3_0_hw_platform.a(mss_spi.o)
 .text.SPI0_IRQHandler
                0x20002310       0x2c D:\GitHub\EECS373_Project\TouchScreenFinal\SoftConsole\TouchScreenFinal_MSS_CM3_0\TouchScreenFinal_MSS_CM3_0_hw_platform\Debug\libTouchScreenFinal_MSS_CM3_0_hw_platform.a(mss_spi.o)
                0x20002310                SPI0_IRQHandler
 .text.SPI1_IRQHandler
                0x2000233c       0x2c D:\GitHub\EECS373_Project\TouchScreenFinal\SoftConsole\TouchScreenFinal_MSS_CM3_0\TouchScreenFinal_MSS_CM3_0_hw_platform\Debug\libTouchScreenFinal_MSS_CM3_0_hw_platform.a(mss_spi.o)
                0x2000233c                SPI1_IRQHandler
 .text.NVIC_ClearPendingIRQ
                0x20002368       0x3c D:\GitHub\EECS373_Project\TouchScreenFinal\SoftConsole\TouchScreenFinal_MSS_CM3_0\TouchScreenFinal_MSS_CM3_0_hw_platform\Debug\libTouchScreenFinal_MSS_CM3_0_hw_platform.a(mss_gpio.o)
 .text.MSS_GPIO_init
                0x200023a4       0x6c D:\GitHub\EECS373_Project\TouchScreenFinal\SoftConsole\TouchScreenFinal_MSS_CM3_0\TouchScreenFinal_MSS_CM3_0_hw_platform\Debug\libTouchScreenFinal_MSS_CM3_0_hw_platform.a(mss_gpio.o)
                0x200023a4                MSS_GPIO_init
 .text.MSS_GPIO_config
                0x20002410       0x3c D:\GitHub\EECS373_Project\TouchScreenFinal\SoftConsole\TouchScreenFinal_MSS_CM3_0\TouchScreenFinal_MSS_CM3_0_hw_platform\Debug\libTouchScreenFinal_MSS_CM3_0_hw_platform.a(mss_gpio.o)
                0x20002410                MSS_GPIO_config
 .text.MSS_GPIO_set_output
                0x2000244c       0x40 D:\GitHub\EECS373_Project\TouchScreenFinal\SoftConsole\TouchScreenFinal_MSS_CM3_0\TouchScreenFinal_MSS_CM3_0_hw_platform\Debug\libTouchScreenFinal_MSS_CM3_0_hw_platform.a(mss_gpio.o)
                0x2000244c                MSS_GPIO_set_output
 .text.ACE_init
                0x2000248c       0x10 D:\GitHub\EECS373_Project\TouchScreenFinal\SoftConsole\TouchScreenFinal_MSS_CM3_0\TouchScreenFinal_MSS_CM3_0_hw_platform\Debug\libTouchScreenFinal_MSS_CM3_0_hw_platform.a(mss_ace.o)
                0x2000248c                ACE_init
 .text.ACE_get_channel_handle
                0x2000249c       0x74 D:\GitHub\EECS373_Project\TouchScreenFinal\SoftConsole\TouchScreenFinal_MSS_CM3_0\TouchScreenFinal_MSS_CM3_0_hw_platform\Debug\libTouchScreenFinal_MSS_CM3_0_hw_platform.a(mss_ace.o)
                0x2000249c                ACE_get_channel_handle
 .text.ACE_get_ppe_sample
                0x20002510       0x54 D:\GitHub\EECS373_Project\TouchScreenFinal\SoftConsole\TouchScreenFinal_MSS_CM3_0\TouchScreenFinal_MSS_CM3_0_hw_platform\Debug\libTouchScreenFinal_MSS_CM3_0_hw_platform.a(mss_ace.o)
                0x20002510                ACE_get_ppe_sample
 .text.SystemInit
                0x20002564        0xc D:\GitHub\EECS373_Project\TouchScreenFinal\SoftConsole\TouchScreenFinal_MSS_CM3_0\TouchScreenFinal_MSS_CM3_0_hw_platform\Debug\libTouchScreenFinal_MSS_CM3_0_hw_platform.a(system_a2fxxxm3.o)
                0x20002564                SystemInit
 .text.SystemCoreClockUpdate
                0x20002570      0x150 D:\GitHub\EECS373_Project\TouchScreenFinal\SoftConsole\TouchScreenFinal_MSS_CM3_0\TouchScreenFinal_MSS_CM3_0_hw_platform\Debug\libTouchScreenFinal_MSS_CM3_0_hw_platform.a(system_a2fxxxm3.o)
                0x20002570                SystemCoreClockUpdate
 .text.GetSystemClock
                0x200026c0       0xe8 D:\GitHub\EECS373_Project\TouchScreenFinal\SoftConsole\TouchScreenFinal_MSS_CM3_0\TouchScreenFinal_MSS_CM3_0_hw_platform\Debug\libTouchScreenFinal_MSS_CM3_0_hw_platform.a(system_a2fxxxm3.o)
 .text.ace_init_convert
                0x200027a8      0x1b4 D:\GitHub\EECS373_Project\TouchScreenFinal\SoftConsole\TouchScreenFinal_MSS_CM3_0\TouchScreenFinal_MSS_CM3_0_hw_platform\Debug\libTouchScreenFinal_MSS_CM3_0_hw_platform.a(ace_convert.o)
                0x200027a8                ace_init_convert
 .text.NVIC_ClearPendingIRQ
                0x2000295c       0x3c D:\GitHub\EECS373_Project\TouchScreenFinal\SoftConsole\TouchScreenFinal_MSS_CM3_0\TouchScreenFinal_MSS_CM3_0_hw_platform\Debug\libTouchScreenFinal_MSS_CM3_0_hw_platform.a(ace_flags.o)
 .text.ace_init_flags
                0x20002998        0xc D:\GitHub\EECS373_Project\TouchScreenFinal\SoftConsole\TouchScreenFinal_MSS_CM3_0\TouchScreenFinal_MSS_CM3_0_hw_platform\Debug\libTouchScreenFinal_MSS_CM3_0_hw_platform.a(ace_flags.o)
                0x20002998                ace_init_flags
 .text.process_flag_irq
                0x200029a4       0x14 D:\GitHub\EECS373_Project\TouchScreenFinal\SoftConsole\TouchScreenFinal_MSS_CM3_0\TouchScreenFinal_MSS_CM3_0_hw_platform\Debug\libTouchScreenFinal_MSS_CM3_0_hw_platform.a(ace_flags.o)
 .text.ACE_PPE_Flag0_IRQHandler
                0x200029b8       0x28 D:\GitHub\EECS373_Project\TouchScreenFinal\SoftConsole\TouchScreenFinal_MSS_CM3_0\TouchScreenFinal_MSS_CM3_0_hw_platform\Debug\libTouchScreenFinal_MSS_CM3_0_hw_platform.a(ace_flags.o)
                0x200029b8                ACE_PPE_Flag0_IRQHandler
 .text.ACE_PPE_Flag1_IRQHandler
                0x200029e0       0x28 D:\GitHub\EECS373_Project\TouchScreenFinal\SoftConsole\TouchScreenFinal_MSS_CM3_0\TouchScreenFinal_MSS_CM3_0_hw_platform\Debug\libTouchScreenFinal_MSS_CM3_0_hw_platform.a(ace_flags.o)
                0x200029e0                ACE_PPE_Flag1_IRQHandler
 .text.ACE_PPE_Flag2_IRQHandler
                0x20002a08       0x28 D:\GitHub\EECS373_Project\TouchScreenFinal\SoftConsole\TouchScreenFinal_MSS_CM3_0\TouchScreenFinal_MSS_CM3_0_hw_platform\Debug\libTouchScreenFinal_MSS_CM3_0_hw_platform.a(ace_flags.o)
                0x20002a08                ACE_PPE_Flag2_IRQHandler
 .text.ACE_PPE_Flag3_IRQHandler
                0x20002a30       0x28 D:\GitHub\EECS373_Project\TouchScreenFinal\SoftConsole\TouchScreenFinal_MSS_CM3_0\TouchScreenFinal_MSS_CM3_0_hw_platform\Debug\libTouchScreenFinal_MSS_CM3_0_hw_platform.a(ace_flags.o)
                0x20002a30                ACE_PPE_Flag3_IRQHandler
 .text.ACE_PPE_Flag4_IRQHandler
                0x20002a58       0x28 D:\GitHub\EECS373_Project\TouchScreenFinal\SoftConsole\TouchScreenFinal_MSS_CM3_0\TouchScreenFinal_MSS_CM3_0_hw_platform\Debug\libTouchScreenFinal_MSS_CM3_0_hw_platform.a(ace_flags.o)
                0x20002a58                ACE_PPE_Flag4_IRQHandler
 .text.ACE_PPE_Flag5_IRQHandler
                0x20002a80       0x28 D:\GitHub\EECS373_Project\TouchScreenFinal\SoftConsole\TouchScreenFinal_MSS_CM3_0\TouchScreenFinal_MSS_CM3_0_hw_platform\Debug\libTouchScreenFinal_MSS_CM3_0_hw_platform.a(ace_flags.o)
                0x20002a80                ACE_PPE_Flag5_IRQHandler
 .text.ACE_PPE_Flag6_IRQHandler
                0x20002aa8       0x28 D:\GitHub\EECS373_Project\TouchScreenFinal\SoftConsole\TouchScreenFinal_MSS_CM3_0\TouchScreenFinal_MSS_CM3_0_hw_platform\Debug\libTouchScreenFinal_MSS_CM3_0_hw_platform.a(ace_flags.o)
                0x20002aa8                ACE_PPE_Flag6_IRQHandler
 .text.ACE_PPE_Flag7_IRQHandler
                0x20002ad0       0x28 D:\GitHub\EECS373_Project\TouchScreenFinal\SoftConsole\TouchScreenFinal_MSS_CM3_0\TouchScreenFinal_MSS_CM3_0_hw_platform\Debug\libTouchScreenFinal_MSS_CM3_0_hw_platform.a(ace_flags.o)
                0x20002ad0                ACE_PPE_Flag7_IRQHandler
 .text.ACE_PPE_Flag8_IRQHandler
                0x20002af8       0x28 D:\GitHub\EECS373_Project\TouchScreenFinal\SoftConsole\TouchScreenFinal_MSS_CM3_0\TouchScreenFinal_MSS_CM3_0_hw_platform\Debug\libTouchScreenFinal_MSS_CM3_0_hw_platform.a(ace_flags.o)
                0x20002af8                ACE_PPE_Flag8_IRQHandler
 .text.ACE_PPE_Flag9_IRQHandler
                0x20002b20       0x28 D:\GitHub\EECS373_Project\TouchScreenFinal\SoftConsole\TouchScreenFinal_MSS_CM3_0\TouchScreenFinal_MSS_CM3_0_hw_platform\Debug\libTouchScreenFinal_MSS_CM3_0_hw_platform.a(ace_flags.o)
                0x20002b20                ACE_PPE_Flag9_IRQHandler
 .text.ACE_PPE_Flag10_IRQHandler
                0x20002b48       0x28 D:\GitHub\EECS373_Project\TouchScreenFinal\SoftConsole\TouchScreenFinal_MSS_CM3_0\TouchScreenFinal_MSS_CM3_0_hw_platform\Debug\libTouchScreenFinal_MSS_CM3_0_hw_platform.a(ace_flags.o)
                0x20002b48                ACE_PPE_Flag10_IRQHandler
 .text.ACE_PPE_Flag11_IRQHandler
                0x20002b70       0x28 D:\GitHub\EECS373_Project\TouchScreenFinal\SoftConsole\TouchScreenFinal_MSS_CM3_0\TouchScreenFinal_MSS_CM3_0_hw_platform\Debug\libTouchScreenFinal_MSS_CM3_0_hw_platform.a(ace_flags.o)
                0x20002b70                ACE_PPE_Flag11_IRQHandler
 .text.ACE_PPE_Flag12_IRQHandler
                0x20002b98       0x28 D:\GitHub\EECS373_Project\TouchScreenFinal\SoftConsole\TouchScreenFinal_MSS_CM3_0\TouchScreenFinal_MSS_CM3_0_hw_platform\Debug\libTouchScreenFinal_MSS_CM3_0_hw_platform.a(ace_flags.o)
                0x20002b98                ACE_PPE_Flag12_IRQHandler
 .text.ACE_PPE_Flag13_IRQHandler
                0x20002bc0       0x28 D:\GitHub\EECS373_Project\TouchScreenFinal\SoftConsole\TouchScreenFinal_MSS_CM3_0\TouchScreenFinal_MSS_CM3_0_hw_platform\Debug\libTouchScreenFinal_MSS_CM3_0_hw_platform.a(ace_flags.o)
                0x20002bc0                ACE_PPE_Flag13_IRQHandler
 .text.ACE_PPE_Flag14_IRQHandler
                0x20002be8       0x28 D:\GitHub\EECS373_Project\TouchScreenFinal\SoftConsole\TouchScreenFinal_MSS_CM3_0\TouchScreenFinal_MSS_CM3_0_hw_platform\Debug\libTouchScreenFinal_MSS_CM3_0_hw_platform.a(ace_flags.o)
                0x20002be8                ACE_PPE_Flag14_IRQHandler
 .text.ACE_PPE_Flag15_IRQHandler
                0x20002c10       0x28 D:\GitHub\EECS373_Project\TouchScreenFinal\SoftConsole\TouchScreenFinal_MSS_CM3_0\TouchScreenFinal_MSS_CM3_0_hw_platform\Debug\libTouchScreenFinal_MSS_CM3_0_hw_platform.a(ace_flags.o)
                0x20002c10                ACE_PPE_Flag15_IRQHandler
 .text.ACE_PPE_Flag16_IRQHandler
                0x20002c38       0x28 D:\GitHub\EECS373_Project\TouchScreenFinal\SoftConsole\TouchScreenFinal_MSS_CM3_0\TouchScreenFinal_MSS_CM3_0_hw_platform\Debug\libTouchScreenFinal_MSS_CM3_0_hw_platform.a(ace_flags.o)
                0x20002c38                ACE_PPE_Flag16_IRQHandler
 .text.ACE_PPE_Flag17_IRQHandler
                0x20002c60       0x28 D:\GitHub\EECS373_Project\TouchScreenFinal\SoftConsole\TouchScreenFinal_MSS_CM3_0\TouchScreenFinal_MSS_CM3_0_hw_platform\Debug\libTouchScreenFinal_MSS_CM3_0_hw_platform.a(ace_flags.o)
                0x20002c60                ACE_PPE_Flag17_IRQHandler
 .text.ACE_PPE_Flag18_IRQHandler
                0x20002c88       0x28 D:\GitHub\EECS373_Project\TouchScreenFinal\SoftConsole\TouchScreenFinal_MSS_CM3_0\TouchScreenFinal_MSS_CM3_0_hw_platform\Debug\libTouchScreenFinal_MSS_CM3_0_hw_platform.a(ace_flags.o)
                0x20002c88                ACE_PPE_Flag18_IRQHandler
 .text.ACE_PPE_Flag19_IRQHandler
                0x20002cb0       0x28 D:\GitHub\EECS373_Project\TouchScreenFinal\SoftConsole\TouchScreenFinal_MSS_CM3_0\TouchScreenFinal_MSS_CM3_0_hw_platform\Debug\libTouchScreenFinal_MSS_CM3_0_hw_platform.a(ace_flags.o)
                0x20002cb0                ACE_PPE_Flag19_IRQHandler
 .text.ACE_PPE_Flag20_IRQHandler
                0x20002cd8       0x28 D:\GitHub\EECS373_Project\TouchScreenFinal\SoftConsole\TouchScreenFinal_MSS_CM3_0\TouchScreenFinal_MSS_CM3_0_hw_platform\Debug\libTouchScreenFinal_MSS_CM3_0_hw_platform.a(ace_flags.o)
                0x20002cd8                ACE_PPE_Flag20_IRQHandler
 .text.ACE_PPE_Flag21_IRQHandler
                0x20002d00       0x28 D:\GitHub\EECS373_Project\TouchScreenFinal\SoftConsole\TouchScreenFinal_MSS_CM3_0\TouchScreenFinal_MSS_CM3_0_hw_platform\Debug\libTouchScreenFinal_MSS_CM3_0_hw_platform.a(ace_flags.o)
                0x20002d00                ACE_PPE_Flag21_IRQHandler
 .text.ACE_PPE_Flag22_IRQHandler
                0x20002d28       0x28 D:\GitHub\EECS373_Project\TouchScreenFinal\SoftConsole\TouchScreenFinal_MSS_CM3_0\TouchScreenFinal_MSS_CM3_0_hw_platform\Debug\libTouchScreenFinal_MSS_CM3_0_hw_platform.a(ace_flags.o)
                0x20002d28                ACE_PPE_Flag22_IRQHandler
 .text.ACE_PPE_Flag23_IRQHandler
                0x20002d50       0x28 D:\GitHub\EECS373_Project\TouchScreenFinal\SoftConsole\TouchScreenFinal_MSS_CM3_0\TouchScreenFinal_MSS_CM3_0_hw_platform\Debug\libTouchScreenFinal_MSS_CM3_0_hw_platform.a(ace_flags.o)
                0x20002d50                ACE_PPE_Flag23_IRQHandler
 .text.ACE_PPE_Flag24_IRQHandler
                0x20002d78       0x28 D:\GitHub\EECS373_Project\TouchScreenFinal\SoftConsole\TouchScreenFinal_MSS_CM3_0\TouchScreenFinal_MSS_CM3_0_hw_platform\Debug\libTouchScreenFinal_MSS_CM3_0_hw_platform.a(ace_flags.o)
                0x20002d78                ACE_PPE_Flag24_IRQHandler
 .text.ACE_PPE_Flag25_IRQHandler
                0x20002da0       0x28 D:\GitHub\EECS373_Project\TouchScreenFinal\SoftConsole\TouchScreenFinal_MSS_CM3_0\TouchScreenFinal_MSS_CM3_0_hw_platform\Debug\libTouchScreenFinal_MSS_CM3_0_hw_platform.a(ace_flags.o)
                0x20002da0                ACE_PPE_Flag25_IRQHandler
 .text.ACE_PPE_Flag26_IRQHandler
                0x20002dc8       0x28 D:\GitHub\EECS373_Project\TouchScreenFinal\SoftConsole\TouchScreenFinal_MSS_CM3_0\TouchScreenFinal_MSS_CM3_0_hw_platform\Debug\libTouchScreenFinal_MSS_CM3_0_hw_platform.a(ace_flags.o)
                0x20002dc8                ACE_PPE_Flag26_IRQHandler
 .text.ACE_PPE_Flag27_IRQHandler
                0x20002df0       0x28 D:\GitHub\EECS373_Project\TouchScreenFinal\SoftConsole\TouchScreenFinal_MSS_CM3_0\TouchScreenFinal_MSS_CM3_0_hw_platform\Debug\libTouchScreenFinal_MSS_CM3_0_hw_platform.a(ace_flags.o)
                0x20002df0                ACE_PPE_Flag27_IRQHandler
 .text.ACE_PPE_Flag28_IRQHandler
                0x20002e18       0x28 D:\GitHub\EECS373_Project\TouchScreenFinal\SoftConsole\TouchScreenFinal_MSS_CM3_0\TouchScreenFinal_MSS_CM3_0_hw_platform\Debug\libTouchScreenFinal_MSS_CM3_0_hw_platform.a(ace_flags.o)
                0x20002e18                ACE_PPE_Flag28_IRQHandler
 .text.ACE_PPE_Flag29_IRQHandler
                0x20002e40       0x28 D:\GitHub\EECS373_Project\TouchScreenFinal\SoftConsole\TouchScreenFinal_MSS_CM3_0\TouchScreenFinal_MSS_CM3_0_hw_platform\Debug\libTouchScreenFinal_MSS_CM3_0_hw_platform.a(ace_flags.o)
                0x20002e40                ACE_PPE_Flag29_IRQHandler
 .text.ACE_PPE_Flag30_IRQHandler
                0x20002e68       0x28 D:\GitHub\EECS373_Project\TouchScreenFinal\SoftConsole\TouchScreenFinal_MSS_CM3_0\TouchScreenFinal_MSS_CM3_0_hw_platform\Debug\libTouchScreenFinal_MSS_CM3_0_hw_platform.a(ace_flags.o)
                0x20002e68                ACE_PPE_Flag30_IRQHandler
 .text.ACE_PPE_Flag31_IRQHandler
                0x20002e90       0x28 D:\GitHub\EECS373_Project\TouchScreenFinal\SoftConsole\TouchScreenFinal_MSS_CM3_0\TouchScreenFinal_MSS_CM3_0_hw_platform\Debug\libTouchScreenFinal_MSS_CM3_0_hw_platform.a(ace_flags.o)
                0x20002e90                ACE_PPE_Flag31_IRQHandler
 .text          0x20002eb8      0x21c c:/microsemi/softconsole v3.3/sourcery-g++/bin/../lib/gcc/arm-none-eabi/4.4.1/thumb2\libgcc.a(_arm_addsubsf3.o)
                0x20002eb8                __aeabi_frsub
                0x20002ec0                __subsf3
                0x20002ec0                __aeabi_fsub
                0x20002ec4                __aeabi_fadd
                0x20002ec4                __addsf3
                0x20003024                __aeabi_ui2f
                0x20003024                __floatunsisf
                0x2000302c                __aeabi_i2f
                0x2000302c                __floatsisf
                0x20003048                __aeabi_ul2f
                0x20003048                __floatundisf
                0x20003058                __aeabi_l2f
                0x20003058                __floatdisf
 .text          0x200030d4      0x2a0 c:/microsemi/softconsole v3.3/sourcery-g++/bin/../lib/gcc/arm-none-eabi/4.4.1/thumb2\libgcc.a(_arm_muldivsf3.o)
                0x200030d4                __mulsf3
                0x200030d4                __aeabi_fmul
                0x2000323c                __aeabi_fdiv
                0x2000323c                __divsf3
 .text          0x20003374       0x4c c:/microsemi/softconsole v3.3/sourcery-g++/bin/../lib/gcc/arm-none-eabi/4.4.1/thumb2\libgcc.a(_arm_fixsfsi.o)
                0x20003374                __aeabi_f2iz
                0x20003374                __fixsfsi
 .text          0x200033c0       0x50 c:/microsemi/softconsole v3.3/sourcery-g++/bin/../lib/gcc/arm-none-eabi/4.4.1/../../../../arm-none-eabi/lib/thumb2\libc.a(lib_a-init.o)
                0x200033c0                __libc_init_array
 .text          0x20003410       0xd4 c:/microsemi/softconsole v3.3/sourcery-g++/bin/../lib/gcc/arm-none-eabi/4.4.1/../../../../arm-none-eabi/lib/thumb2\libc.a(lib_a-memset.o)
                0x20003410                memset
 .text          0x200034e4       0xa8 c:/microsemi/softconsole v3.3/sourcery-g++/bin/../lib/gcc/arm-none-eabi/4.4.1/../../../../arm-none-eabi/lib/thumb2\libc.a(lib_a-strncmp.o)
                0x200034e4                strncmp
 *(.plt)
 *(.gnu.warning)
 *(.glue_7t)
 .glue_7t       0x00000000        0x0 linker stubs
 *(.glue_7)
 .glue_7        0x00000000        0x0 linker stubs
 *(.vfp11_veneer)
 .vfp11_veneer  0x00000000        0x0 linker stubs
                0x2000358c                . = ALIGN (0x4)
 *crtbegin.o(.ctors)
 *(EXCLUDE_FILE(*crtend.o) .ctors)
 *(SORT(.ctors.*))
 *crtend.o(.ctors)
 *crtbegin.o(.dtors)
 *(EXCLUDE_FILE(*crtend.o) .dtors)
 *(SORT(.dtors.*))
 *crtend.o(.dtors)
 *(.rodata .rodata.* .gnu.linkonce.r.*)
 .rodata.initcmd
                0x2000358c       0x70 ./touchscreen.o
 .rodata        0x200035fc       0x28 ./touchscreen.o
 .rodata.g_config_reg_lut
                0x20003624       0x80 D:\GitHub\EECS373_Project\TouchScreenFinal\SoftConsole\TouchScreenFinal_MSS_CM3_0\TouchScreenFinal_MSS_CM3_0_hw_platform\Debug\libTouchScreenFinal_MSS_CM3_0_hw_platform.a(mss_gpio.o)
 .rodata.g_gpio_irqn_lut
                0x200036a4       0x40 D:\GitHub\EECS373_Project\TouchScreenFinal\SoftConsole\TouchScreenFinal_MSS_CM3_0\TouchScreenFinal_MSS_CM3_0_hw_platform\Debug\libTouchScreenFinal_MSS_CM3_0_hw_platform.a(mss_gpio.o)
 .rodata.C.18.2576
                0x200036e4       0x10 D:\GitHub\EECS373_Project\TouchScreenFinal\SoftConsole\TouchScreenFinal_MSS_CM3_0\TouchScreenFinal_MSS_CM3_0_hw_platform\Debug\libTouchScreenFinal_MSS_CM3_0_hw_platform.a(system_a2fxxxm3.o)
 .rodata.g_ace_channel_0_name
                0x200036f4       0x14 D:\GitHub\EECS373_Project\TouchScreenFinal\SoftConsole\TouchScreenFinal_MSS_CM3_0\TouchScreenFinal_MSS_CM3_0_hw_platform\Debug\libTouchScreenFinal_MSS_CM3_0_hw_platform.a(ace_config.o)
                0x200036f4                g_ace_channel_0_name
 .rodata.g_ace_channel_1_name
                0x20003708        0x8 D:\GitHub\EECS373_Project\TouchScreenFinal\SoftConsole\TouchScreenFinal_MSS_CM3_0\TouchScreenFinal_MSS_CM3_0_hw_platform\Debug\libTouchScreenFinal_MSS_CM3_0_hw_platform.a(ace_config.o)
                0x20003708                g_ace_channel_1_name
 .rodata.g_ace_channel_2_name
                0x20003710       0x14 D:\GitHub\EECS373_Project\TouchScreenFinal\SoftConsole\TouchScreenFinal_MSS_CM3_0\TouchScreenFinal_MSS_CM3_0_hw_platform\Debug\libTouchScreenFinal_MSS_CM3_0_hw_platform.a(ace_config.o)
                0x20003710                g_ace_channel_2_name
 .rodata.g_ace_channel_3_name
                0x20003724        0x8 D:\GitHub\EECS373_Project\TouchScreenFinal\SoftConsole\TouchScreenFinal_MSS_CM3_0\TouchScreenFinal_MSS_CM3_0_hw_platform\Debug\libTouchScreenFinal_MSS_CM3_0_hw_platform.a(ace_config.o)
                0x20003724                g_ace_channel_3_name
 .rodata.channel_type_lut
                0x2000372c       0x30 D:\GitHub\EECS373_Project\TouchScreenFinal\SoftConsole\TouchScreenFinal_MSS_CM3_0\TouchScreenFinal_MSS_CM3_0_hw_platform\Debug\libTouchScreenFinal_MSS_CM3_0_hw_platform.a(ace_convert.o)
 .rodata.channel_quad_lut
                0x2000375c       0x30 D:\GitHub\EECS373_Project\TouchScreenFinal\SoftConsole\TouchScreenFinal_MSS_CM3_0\TouchScreenFinal_MSS_CM3_0_hw_platform\Debug\libTouchScreenFinal_MSS_CM3_0_hw_platform.a(ace_convert.o)
 *(.ARM.extab* .gnu.linkonce.armextab.*)
 *(.gcc_except_table)
 *(.eh_frame_hdr)
 *(.eh_frame)
 *(.init)
 .init          0x2000378c        0x4 c:/microsemi/softconsole v3.3/sourcery-g++/bin/../lib/gcc/arm-none-eabi/4.4.1/thumb2/crti.o
                0x2000378c                _init
 .init          0x20003790        0x8 c:/microsemi/softconsole v3.3/sourcery-g++/bin/../lib/gcc/arm-none-eabi/4.4.1/thumb2/crtn.o
 *(.fini)
 .fini          0x20003798        0x4 c:/microsemi/softconsole v3.3/sourcery-g++/bin/../lib/gcc/arm-none-eabi/4.4.1/thumb2/crti.o
                0x20003798                _fini
 .fini          0x2000379c        0x8 c:/microsemi/softconsole v3.3/sourcery-g++/bin/../lib/gcc/arm-none-eabi/4.4.1/thumb2/crtn.o
                0x200037a4                PROVIDE (__preinit_array_start, .)
 *(.preinit_array)
                0x200037a4                PROVIDE (__preinit_array_end, .)
                0x200037a4                PROVIDE (__init_array_start, .)
 *(SORT(.init_array.*))
 *(.init_array)
 .init_array    0x200037a4        0x4 c:/microsemi/softconsole v3.3/sourcery-g++/bin/../lib/gcc/arm-none-eabi/4.4.1/thumb2/crtbegin.o
                0x200037a8                PROVIDE (__init_array_end, .)
                0x200037a8                PROVIDE (__fini_array_start, .)
 *(.fini_array)
 .fini_array    0x200037a8        0x4 c:/microsemi/softconsole v3.3/sourcery-g++/bin/../lib/gcc/arm-none-eabi/4.4.1/thumb2/crtbegin.o
 *(SORT(.fini_array.*))
                0x200037ac                PROVIDE (__fini_array_end, .)
                0x200037ac                __exidx_start = .

.v4_bx          0x200037ac        0x0
 .v4_bx         0x00000000        0x0 linker stubs

.ARM.exidx
 *(.ARM.exidx* .gnu.linkonce.armexidx.*)
                0x200037ac                __exidx_end = .
                0x200037ac                _etext = .
                0x200037ac                PROVIDE (__text_end, .)

.data           0x200037ac       0x64
                0x200037ac                __data_load = LOADADDR (.data)
                0x200037ac                _sidata = LOADADDR (.data)
                0x200037ac                __data_start = .
                0x200037ac                _sdata = .
 *(.jcr)
 .jcr           0x200037ac        0x0 c:/microsemi/softconsole v3.3/sourcery-g++/bin/../lib/gcc/arm-none-eabi/4.4.1/thumb2/crtbegin.o
 .jcr           0x200037ac        0x4 c:/microsemi/softconsole v3.3/sourcery-g++/bin/../lib/gcc/arm-none-eabi/4.4.1/thumb2/crtend.o
 *(.got.plt)
 *(.got)
 *(.shdata)
 *(.data .data.* .gnu.linkonce.d.*)
 .data.message  0x200037b0        0x8 ./main.o
                0x200037b0                message
 .data.SystemFrequency
                0x200037b8        0x4 D:\GitHub\EECS373_Project\TouchScreenFinal\SoftConsole\TouchScreenFinal_MSS_CM3_0\TouchScreenFinal_MSS_CM3_0_hw_platform\Debug\libTouchScreenFinal_MSS_CM3_0_hw_platform.a(system_a2fxxxm3.o)
                0x200037b8                SystemFrequency
 .data.SystemCoreClock
                0x200037bc        0x4 D:\GitHub\EECS373_Project\TouchScreenFinal\SoftConsole\TouchScreenFinal_MSS_CM3_0\TouchScreenFinal_MSS_CM3_0_hw_platform\Debug\libTouchScreenFinal_MSS_CM3_0_hw_platform.a(system_a2fxxxm3.o)
                0x200037bc                SystemCoreClock
 .data.g_FrequencyPCLK0
                0x200037c0        0x4 D:\GitHub\EECS373_Project\TouchScreenFinal\SoftConsole\TouchScreenFinal_MSS_CM3_0\TouchScreenFinal_MSS_CM3_0_hw_platform\Debug\libTouchScreenFinal_MSS_CM3_0_hw_platform.a(system_a2fxxxm3.o)
                0x200037c0                g_FrequencyPCLK0
 .data.g_FrequencyPCLK1
                0x200037c4        0x4 D:\GitHub\EECS373_Project\TouchScreenFinal\SoftConsole\TouchScreenFinal_MSS_CM3_0\TouchScreenFinal_MSS_CM3_0_hw_platform\Debug\libTouchScreenFinal_MSS_CM3_0_hw_platform.a(system_a2fxxxm3.o)
                0x200037c4                g_FrequencyPCLK1
 .data.g_FrequencyACE
                0x200037c8        0x4 D:\GitHub\EECS373_Project\TouchScreenFinal\SoftConsole\TouchScreenFinal_MSS_CM3_0\TouchScreenFinal_MSS_CM3_0_hw_platform\Debug\libTouchScreenFinal_MSS_CM3_0_hw_platform.a(system_a2fxxxm3.o)
                0x200037c8                g_FrequencyACE
 .data.g_FrequencyFPGA
                0x200037cc        0x4 D:\GitHub\EECS373_Project\TouchScreenFinal\SoftConsole\TouchScreenFinal_MSS_CM3_0\TouchScreenFinal_MSS_CM3_0_hw_platform\Debug\libTouchScreenFinal_MSS_CM3_0_hw_platform.a(system_a2fxxxm3.o)
                0x200037cc                g_FrequencyFPGA
 .data.g_ace_channel_desc_table
                0x200037d0       0x40 D:\GitHub\EECS373_Project\TouchScreenFinal\SoftConsole\TouchScreenFinal_MSS_CM3_0\TouchScreenFinal_MSS_CM3_0_hw_platform\Debug\libTouchScreenFinal_MSS_CM3_0_hw_platform.a(ace_config.o)
                0x200037d0                g_ace_channel_desc_table
                0x20003810                . = ALIGN (0x4)
                0x20003810                _edata = .

.bss            0x20003810      0x1b8
                0x20003810                __bss_start__ = .
                0x20003810                _sbss = .
 *(.shbss)
 *(.bss .bss.* .gnu.linkonce.b.*)
 .bss           0x20003810        0x1 c:/microsemi/softconsole v3.3/sourcery-g++/bin/../lib/gcc/arm-none-eabi/4.4.1/thumb2/crtbegin.o
 *fill*         0x20003811        0x3 00
 .bss.g_gdec_lut
                0x20003814        0xc D:\GitHub\EECS373_Project\TouchScreenFinal\SoftConsole\TouchScreenFinal_MSS_CM3_0\TouchScreenFinal_MSS_CM3_0_hw_platform\Debug\libTouchScreenFinal_MSS_CM3_0_hw_platform.a(ace_convert.o)
 .bss.channel_type_lut_h
                0x20003820        0x4 D:\GitHub\EECS373_Project\TouchScreenFinal\SoftConsole\TouchScreenFinal_MSS_CM3_0\TouchScreenFinal_MSS_CM3_0_hw_platform\Debug\libTouchScreenFinal_MSS_CM3_0_hw_platform.a(ace_convert.o)
 *(COMMON)
 COMMON         0x20003824        0x6 ./main.o
                0x20003824                rxplate
                0x20003828                ace_x
                0x20003829                ace_y
 *fill*         0x2000382a        0x2 00
 COMMON         0x2000382c       0x40 ./xbee.o
                0x2000382c                g_rx_buff
 COMMON         0x2000386c       0x50 D:\GitHub\EECS373_Project\TouchScreenFinal\SoftConsole\TouchScreenFinal_MSS_CM3_0\TouchScreenFinal_MSS_CM3_0_hw_platform\Debug\libTouchScreenFinal_MSS_CM3_0_hw_platform.a(mss_uart.o)
                0x2000386c                g_mss_uart1
                0x20003894                g_mss_uart0
 COMMON         0x200038bc      0x108 D:\GitHub\EECS373_Project\TouchScreenFinal\SoftConsole\TouchScreenFinal_MSS_CM3_0\TouchScreenFinal_MSS_CM3_0_hw_platform\Debug\libTouchScreenFinal_MSS_CM3_0_hw_platform.a(mss_spi.o)
                0x200038bc                g_mss_spi1
                0x20003940                g_mss_spi0
                0x200039c8                . = ALIGN (0x8)
 *fill*         0x200039c4        0x4 00
                0x200039c8                __bss_end__ = .
                0x200039c8                _end = .
                0x200039c8                __end = _end
                0x200039c8                _ebss = .
                0x200039c8                PROVIDE (end, .)

.stack          0x200039c8     0x3000
                0x200039c8                . = ALIGN (0x4)
                0x200049c8                . = (. + PROCESS_STACK_SIZE)
 *fill*         0x200039c8     0x1000 00
                0x200049c8                . = ALIGN (0x4)
                0x200069c8                . = (. + MAIN_STACK_SIZE)
 *fill*         0x200049c8     0x2000 00
                0x200069c8                . = ALIGN (0x4)

.stab
 *(.stab)

.stabstr
 *(.stabstr)

.debug
 *(.debug)

.line
 *(.line)

.debug_srcinfo
 *(.debug_srcinfo)

.debug_sfnames
 *(.debug_sfnames)

.comment        0x00000000      0x204
 .comment       0x00000000       0x2b ./main.o
 .comment       0x0000002b       0x2b ./touchscreen.o
 .comment       0x00000056       0x2b ./xbee.o
 .comment       0x00000081       0x2b D:/GitHub/EECS373_Project/TouchScreenFinal/SoftConsole/TouchScreenFinal_MSS_CM3_0/TouchScreenFinal_MSS_CM3_0_hw_platform/Debug/CMSIS/startup_gcc/newlib_stubs.o
 .comment       0x000000ac       0x2b D:\GitHub\EECS373_Project\TouchScreenFinal\SoftConsole\TouchScreenFinal_MSS_CM3_0\TouchScreenFinal_MSS_CM3_0_hw_platform\Debug\libTouchScreenFinal_MSS_CM3_0_hw_platform.a(mss_uart.o)
 .comment       0x000000d7       0x2b D:\GitHub\EECS373_Project\TouchScreenFinal\SoftConsole\TouchScreenFinal_MSS_CM3_0\TouchScreenFinal_MSS_CM3_0_hw_platform\Debug\libTouchScreenFinal_MSS_CM3_0_hw_platform.a(mss_spi.o)
 .comment       0x00000102       0x2b D:\GitHub\EECS373_Project\TouchScreenFinal\SoftConsole\TouchScreenFinal_MSS_CM3_0\TouchScreenFinal_MSS_CM3_0_hw_platform\Debug\libTouchScreenFinal_MSS_CM3_0_hw_platform.a(mss_gpio.o)
 .comment       0x0000012d       0x2b D:\GitHub\EECS373_Project\TouchScreenFinal\SoftConsole\TouchScreenFinal_MSS_CM3_0\TouchScreenFinal_MSS_CM3_0_hw_platform\Debug\libTouchScreenFinal_MSS_CM3_0_hw_platform.a(mss_ace.o)
 .comment       0x00000158       0x2b D:\GitHub\EECS373_Project\TouchScreenFinal\SoftConsole\TouchScreenFinal_MSS_CM3_0\TouchScreenFinal_MSS_CM3_0_hw_platform\Debug\libTouchScreenFinal_MSS_CM3_0_hw_platform.a(system_a2fxxxm3.o)
 .comment       0x00000183       0x2b D:\GitHub\EECS373_Project\TouchScreenFinal\SoftConsole\TouchScreenFinal_MSS_CM3_0\TouchScreenFinal_MSS_CM3_0_hw_platform\Debug\libTouchScreenFinal_MSS_CM3_0_hw_platform.a(ace_config.o)
 .comment       0x000001ae       0x2b D:\GitHub\EECS373_Project\TouchScreenFinal\SoftConsole\TouchScreenFinal_MSS_CM3_0\TouchScreenFinal_MSS_CM3_0_hw_platform\Debug\libTouchScreenFinal_MSS_CM3_0_hw_platform.a(ace_convert.o)
 .comment       0x000001d9       0x2b D:\GitHub\EECS373_Project\TouchScreenFinal\SoftConsole\TouchScreenFinal_MSS_CM3_0\TouchScreenFinal_MSS_CM3_0_hw_platform\Debug\libTouchScreenFinal_MSS_CM3_0_hw_platform.a(ace_flags.o)

.debug_aranges  0x00000000      0x7e0
 *(.debug_aranges)
 .debug_aranges
                0x00000000       0x20 ./main.o
 .debug_aranges
                0x00000020      0x130 ./touchscreen.o
 .debug_aranges
                0x00000150       0x28 ./xbee.o
 .debug_aranges
                0x00000178       0xa8 D:/GitHub/EECS373_Project/TouchScreenFinal/SoftConsole/TouchScreenFinal_MSS_CM3_0/TouchScreenFinal_MSS_CM3_0_hw_platform/Debug/CMSIS/startup_gcc/newlib_stubs.o
 .debug_aranges
                0x00000220       0xd8 D:\GitHub\EECS373_Project\TouchScreenFinal\SoftConsole\TouchScreenFinal_MSS_CM3_0\TouchScreenFinal_MSS_CM3_0_hw_platform\Debug\libTouchScreenFinal_MSS_CM3_0_hw_platform.a(mss_uart.o)
 .debug_aranges
                0x000002f8       0xe0 D:\GitHub\EECS373_Project\TouchScreenFinal\SoftConsole\TouchScreenFinal_MSS_CM3_0\TouchScreenFinal_MSS_CM3_0_hw_platform\Debug\libTouchScreenFinal_MSS_CM3_0_hw_platform.a(mss_spi.o)
 .debug_aranges
                0x000003d8       0x60 D:\GitHub\EECS373_Project\TouchScreenFinal\SoftConsole\TouchScreenFinal_MSS_CM3_0\TouchScreenFinal_MSS_CM3_0_hw_platform\Debug\libTouchScreenFinal_MSS_CM3_0_hw_platform.a(mss_gpio.o)
 .debug_aranges
                0x00000438       0xe0 D:\GitHub\EECS373_Project\TouchScreenFinal\SoftConsole\TouchScreenFinal_MSS_CM3_0\TouchScreenFinal_MSS_CM3_0_hw_platform\Debug\libTouchScreenFinal_MSS_CM3_0_hw_platform.a(mss_ace.o)
 .debug_aranges
                0x00000518       0x30 D:\GitHub\EECS373_Project\TouchScreenFinal\SoftConsole\TouchScreenFinal_MSS_CM3_0\TouchScreenFinal_MSS_CM3_0_hw_platform\Debug\libTouchScreenFinal_MSS_CM3_0_hw_platform.a(system_a2fxxxm3.o)
 .debug_aranges
                0x00000548       0xb0 D:\GitHub\EECS373_Project\TouchScreenFinal\SoftConsole\TouchScreenFinal_MSS_CM3_0\TouchScreenFinal_MSS_CM3_0_hw_platform\Debug\libTouchScreenFinal_MSS_CM3_0_hw_platform.a(ace_convert.o)
 .debug_aranges
                0x000005f8      0x1e8 D:\GitHub\EECS373_Project\TouchScreenFinal\SoftConsole\TouchScreenFinal_MSS_CM3_0\TouchScreenFinal_MSS_CM3_0_hw_platform\Debug\libTouchScreenFinal_MSS_CM3_0_hw_platform.a(ace_flags.o)

.debug_pubnames
                0x00000000     0x1551
 *(.debug_pubnames)
 .debug_pubnames
                0x00000000       0x47 ./main.o
 .debug_pubnames
                0x00000047      0x1cd ./touchscreen.o
 .debug_pubnames
                0x00000214       0x45 ./xbee.o
 .debug_pubnames
                0x00000259       0xeb D:/GitHub/EECS373_Project/TouchScreenFinal/SoftConsole/TouchScreenFinal_MSS_CM3_0/TouchScreenFinal_MSS_CM3_0_hw_platform/Debug/CMSIS/startup_gcc/newlib_stubs.o
 .debug_pubnames
                0x00000344      0x21c D:\GitHub\EECS373_Project\TouchScreenFinal\SoftConsole\TouchScreenFinal_MSS_CM3_0\TouchScreenFinal_MSS_CM3_0_hw_platform\Debug\libTouchScreenFinal_MSS_CM3_0_hw_platform.a(mss_uart.o)
 .debug_pubnames
                0x00000560      0x21a D:\GitHub\EECS373_Project\TouchScreenFinal\SoftConsole\TouchScreenFinal_MSS_CM3_0\TouchScreenFinal_MSS_CM3_0_hw_platform\Debug\libTouchScreenFinal_MSS_CM3_0_hw_platform.a(mss_spi.o)
 .debug_pubnames
                0x0000077a       0xb1 D:\GitHub\EECS373_Project\TouchScreenFinal\SoftConsole\TouchScreenFinal_MSS_CM3_0\TouchScreenFinal_MSS_CM3_0_hw_platform\Debug\libTouchScreenFinal_MSS_CM3_0_hw_platform.a(mss_gpio.o)
 .debug_pubnames
                0x0000082b      0x292 D:\GitHub\EECS373_Project\TouchScreenFinal\SoftConsole\TouchScreenFinal_MSS_CM3_0\TouchScreenFinal_MSS_CM3_0_hw_platform\Debug\libTouchScreenFinal_MSS_CM3_0_hw_platform.a(mss_ace.o)
 .debug_pubnames
                0x00000abd       0xb4 D:\GitHub\EECS373_Project\TouchScreenFinal\SoftConsole\TouchScreenFinal_MSS_CM3_0\TouchScreenFinal_MSS_CM3_0_hw_platform\Debug\libTouchScreenFinal_MSS_CM3_0_hw_platform.a(system_a2fxxxm3.o)
 .debug_pubnames
                0x00000b71      0x195 D:\GitHub\EECS373_Project\TouchScreenFinal\SoftConsole\TouchScreenFinal_MSS_CM3_0\TouchScreenFinal_MSS_CM3_0_hw_platform\Debug\libTouchScreenFinal_MSS_CM3_0_hw_platform.a(ace_config.o)
 .debug_pubnames
                0x00000d06      0x1ec D:\GitHub\EECS373_Project\TouchScreenFinal\SoftConsole\TouchScreenFinal_MSS_CM3_0\TouchScreenFinal_MSS_CM3_0_hw_platform\Debug\libTouchScreenFinal_MSS_CM3_0_hw_platform.a(ace_convert.o)
 .debug_pubnames
                0x00000ef2      0x65f D:\GitHub\EECS373_Project\TouchScreenFinal\SoftConsole\TouchScreenFinal_MSS_CM3_0\TouchScreenFinal_MSS_CM3_0_hw_platform\Debug\libTouchScreenFinal_MSS_CM3_0_hw_platform.a(ace_flags.o)

.debug_info     0x00000000     0xc147
 *(.debug_info .gnu.linkonce.wi.*)
 .debug_info    0x00000000      0xb97 ./main.o
 .debug_info    0x00000b97     0x19c2 ./touchscreen.o
 .debug_info    0x00002559      0xb6a ./xbee.o
 .debug_info    0x000030c3      0x6bf D:/GitHub/EECS373_Project/TouchScreenFinal/SoftConsole/TouchScreenFinal_MSS_CM3_0/TouchScreenFinal_MSS_CM3_0_hw_platform/Debug/CMSIS/startup_gcc/newlib_stubs.o
 .debug_info    0x00003782     0x15a4 D:\GitHub\EECS373_Project\TouchScreenFinal\SoftConsole\TouchScreenFinal_MSS_CM3_0\TouchScreenFinal_MSS_CM3_0_hw_platform\Debug\libTouchScreenFinal_MSS_CM3_0_hw_platform.a(mss_uart.o)
 .debug_info    0x00004d26     0x1472 D:\GitHub\EECS373_Project\TouchScreenFinal\SoftConsole\TouchScreenFinal_MSS_CM3_0\TouchScreenFinal_MSS_CM3_0_hw_platform\Debug\libTouchScreenFinal_MSS_CM3_0_hw_platform.a(mss_spi.o)
 .debug_info    0x00006198     0x1114 D:\GitHub\EECS373_Project\TouchScreenFinal\SoftConsole\TouchScreenFinal_MSS_CM3_0\TouchScreenFinal_MSS_CM3_0_hw_platform\Debug\libTouchScreenFinal_MSS_CM3_0_hw_platform.a(mss_gpio.o)
 .debug_info    0x000072ac     0x1b0d D:\GitHub\EECS373_Project\TouchScreenFinal\SoftConsole\TouchScreenFinal_MSS_CM3_0\TouchScreenFinal_MSS_CM3_0_hw_platform\Debug\libTouchScreenFinal_MSS_CM3_0_hw_platform.a(mss_ace.o)
 .debug_info    0x00008db9      0x53c D:\GitHub\EECS373_Project\TouchScreenFinal\SoftConsole\TouchScreenFinal_MSS_CM3_0\TouchScreenFinal_MSS_CM3_0_hw_platform\Debug\libTouchScreenFinal_MSS_CM3_0_hw_platform.a(system_a2fxxxm3.o)
 .debug_info    0x000092f5      0x4d5 D:\GitHub\EECS373_Project\TouchScreenFinal\SoftConsole\TouchScreenFinal_MSS_CM3_0\TouchScreenFinal_MSS_CM3_0_hw_platform\Debug\libTouchScreenFinal_MSS_CM3_0_hw_platform.a(ace_config.o)
 .debug_info    0x000097ca     0x1ab4 D:\GitHub\EECS373_Project\TouchScreenFinal\SoftConsole\TouchScreenFinal_MSS_CM3_0\TouchScreenFinal_MSS_CM3_0_hw_platform\Debug\libTouchScreenFinal_MSS_CM3_0_hw_platform.a(ace_convert.o)
 .debug_info    0x0000b27e      0xec9 D:\GitHub\EECS373_Project\TouchScreenFinal\SoftConsole\TouchScreenFinal_MSS_CM3_0\TouchScreenFinal_MSS_CM3_0_hw_platform\Debug\libTouchScreenFinal_MSS_CM3_0_hw_platform.a(ace_flags.o)

.debug_abbrev   0x00000000     0x13ee
 *(.debug_abbrev)
 .debug_abbrev  0x00000000      0x195 ./main.o
 .debug_abbrev  0x00000195      0x2cc ./touchscreen.o
 .debug_abbrev  0x00000461      0x18e ./xbee.o
 .debug_abbrev  0x000005ef      0x130 D:/GitHub/EECS373_Project/TouchScreenFinal/SoftConsole/TouchScreenFinal_MSS_CM3_0/TouchScreenFinal_MSS_CM3_0_hw_platform/Debug/CMSIS/startup_gcc/newlib_stubs.o
 .debug_abbrev  0x0000071f      0x245 D:\GitHub\EECS373_Project\TouchScreenFinal\SoftConsole\TouchScreenFinal_MSS_CM3_0\TouchScreenFinal_MSS_CM3_0_hw_platform\Debug\libTouchScreenFinal_MSS_CM3_0_hw_platform.a(mss_uart.o)
 .debug_abbrev  0x00000964      0x219 D:\GitHub\EECS373_Project\TouchScreenFinal\SoftConsole\TouchScreenFinal_MSS_CM3_0\TouchScreenFinal_MSS_CM3_0_hw_platform\Debug\libTouchScreenFinal_MSS_CM3_0_hw_platform.a(mss_spi.o)
 .debug_abbrev  0x00000b7d      0x181 D:\GitHub\EECS373_Project\TouchScreenFinal\SoftConsole\TouchScreenFinal_MSS_CM3_0\TouchScreenFinal_MSS_CM3_0_hw_platform\Debug\libTouchScreenFinal_MSS_CM3_0_hw_platform.a(mss_gpio.o)
 .debug_abbrev  0x00000cfe      0x225 D:\GitHub\EECS373_Project\TouchScreenFinal\SoftConsole\TouchScreenFinal_MSS_CM3_0\TouchScreenFinal_MSS_CM3_0_hw_platform\Debug\libTouchScreenFinal_MSS_CM3_0_hw_platform.a(mss_ace.o)
 .debug_abbrev  0x00000f23      0x111 D:\GitHub\EECS373_Project\TouchScreenFinal\SoftConsole\TouchScreenFinal_MSS_CM3_0\TouchScreenFinal_MSS_CM3_0_hw_platform\Debug\libTouchScreenFinal_MSS_CM3_0_hw_platform.a(system_a2fxxxm3.o)
 .debug_abbrev  0x00001034       0xbd D:\GitHub\EECS373_Project\TouchScreenFinal\SoftConsole\TouchScreenFinal_MSS_CM3_0\TouchScreenFinal_MSS_CM3_0_hw_platform\Debug\libTouchScreenFinal_MSS_CM3_0_hw_platform.a(ace_config.o)
 .debug_abbrev  0x000010f1      0x191 D:\GitHub\EECS373_Project\TouchScreenFinal\SoftConsole\TouchScreenFinal_MSS_CM3_0\TouchScreenFinal_MSS_CM3_0_hw_platform\Debug\libTouchScreenFinal_MSS_CM3_0_hw_platform.a(ace_convert.o)
 .debug_abbrev  0x00001282      0x16c D:\GitHub\EECS373_Project\TouchScreenFinal\SoftConsole\TouchScreenFinal_MSS_CM3_0\TouchScreenFinal_MSS_CM3_0_hw_platform\Debug\libTouchScreenFinal_MSS_CM3_0_hw_platform.a(ace_flags.o)

.debug_line     0x00000000     0x41bc
 *(.debug_line)
 .debug_line    0x00000000      0x97c ./main.o
 .debug_line    0x0000097c      0x92c ./touchscreen.o
 .debug_line    0x000012a8      0x459 ./xbee.o
 .debug_line    0x00001701      0x458 D:/GitHub/EECS373_Project/TouchScreenFinal/SoftConsole/TouchScreenFinal_MSS_CM3_0/TouchScreenFinal_MSS_CM3_0_hw_platform/Debug/CMSIS/startup_gcc/newlib_stubs.o
 .debug_line    0x00001b59      0x575 D:\GitHub\EECS373_Project\TouchScreenFinal\SoftConsole\TouchScreenFinal_MSS_CM3_0\TouchScreenFinal_MSS_CM3_0_hw_platform\Debug\libTouchScreenFinal_MSS_CM3_0_hw_platform.a(mss_uart.o)
 .debug_line    0x000020ce      0x703 D:\GitHub\EECS373_Project\TouchScreenFinal\SoftConsole\TouchScreenFinal_MSS_CM3_0\TouchScreenFinal_MSS_CM3_0_hw_platform\Debug\libTouchScreenFinal_MSS_CM3_0_hw_platform.a(mss_spi.o)
 .debug_line    0x000027d1      0x326 D:\GitHub\EECS373_Project\TouchScreenFinal\SoftConsole\TouchScreenFinal_MSS_CM3_0\TouchScreenFinal_MSS_CM3_0_hw_platform\Debug\libTouchScreenFinal_MSS_CM3_0_hw_platform.a(mss_gpio.o)
 .debug_line    0x00002af7      0x5f9 D:\GitHub\EECS373_Project\TouchScreenFinal\SoftConsole\TouchScreenFinal_MSS_CM3_0\TouchScreenFinal_MSS_CM3_0_hw_platform\Debug\libTouchScreenFinal_MSS_CM3_0_hw_platform.a(mss_ace.o)
 .debug_line    0x000030f0      0x27b D:\GitHub\EECS373_Project\TouchScreenFinal\SoftConsole\TouchScreenFinal_MSS_CM3_0\TouchScreenFinal_MSS_CM3_0_hw_platform\Debug\libTouchScreenFinal_MSS_CM3_0_hw_platform.a(system_a2fxxxm3.o)
 .debug_line    0x0000336b      0x1a9 D:\GitHub\EECS373_Project\TouchScreenFinal\SoftConsole\TouchScreenFinal_MSS_CM3_0\TouchScreenFinal_MSS_CM3_0_hw_platform\Debug\libTouchScreenFinal_MSS_CM3_0_hw_platform.a(ace_config.o)
 .debug_line    0x00003514      0x4d5 D:\GitHub\EECS373_Project\TouchScreenFinal\SoftConsole\TouchScreenFinal_MSS_CM3_0\TouchScreenFinal_MSS_CM3_0_hw_platform\Debug\libTouchScreenFinal_MSS_CM3_0_hw_platform.a(ace_convert.o)
 .debug_line    0x000039e9      0x7d3 D:\GitHub\EECS373_Project\TouchScreenFinal\SoftConsole\TouchScreenFinal_MSS_CM3_0\TouchScreenFinal_MSS_CM3_0_hw_platform\Debug\libTouchScreenFinal_MSS_CM3_0_hw_platform.a(ace_flags.o)

.debug_frame    0x00000000     0x1b70
 *(.debug_frame)
 .debug_frame   0x00000000       0x30 ./main.o
 .debug_frame   0x00000030      0x43c ./touchscreen.o
 .debug_frame   0x0000046c       0x50 ./xbee.o
 .debug_frame   0x000004bc      0x21c D:/GitHub/EECS373_Project/TouchScreenFinal/SoftConsole/TouchScreenFinal_MSS_CM3_0/TouchScreenFinal_MSS_CM3_0_hw_platform/Debug/CMSIS/startup_gcc/newlib_stubs.o
 .debug_frame   0x000006d8      0x2e4 D:\GitHub\EECS373_Project\TouchScreenFinal\SoftConsole\TouchScreenFinal_MSS_CM3_0\TouchScreenFinal_MSS_CM3_0_hw_platform\Debug\libTouchScreenFinal_MSS_CM3_0_hw_platform.a(mss_uart.o)
 .debug_frame   0x000009bc      0x320 D:\GitHub\EECS373_Project\TouchScreenFinal\SoftConsole\TouchScreenFinal_MSS_CM3_0\TouchScreenFinal_MSS_CM3_0_hw_platform\Debug\libTouchScreenFinal_MSS_CM3_0_hw_platform.a(mss_spi.o)
 .debug_frame   0x00000cdc      0x118 D:\GitHub\EECS373_Project\TouchScreenFinal\SoftConsole\TouchScreenFinal_MSS_CM3_0\TouchScreenFinal_MSS_CM3_0_hw_platform\Debug\libTouchScreenFinal_MSS_CM3_0_hw_platform.a(mss_gpio.o)
 .debug_frame   0x00000df4      0x2cc D:\GitHub\EECS373_Project\TouchScreenFinal\SoftConsole\TouchScreenFinal_MSS_CM3_0\TouchScreenFinal_MSS_CM3_0_hw_platform\Debug\libTouchScreenFinal_MSS_CM3_0_hw_platform.a(mss_ace.o)
 .debug_frame   0x000010c0       0x64 D:\GitHub\EECS373_Project\TouchScreenFinal\SoftConsole\TouchScreenFinal_MSS_CM3_0\TouchScreenFinal_MSS_CM3_0_hw_platform\Debug\libTouchScreenFinal_MSS_CM3_0_hw_platform.a(system_a2fxxxm3.o)
 .debug_frame   0x00001124      0x24c D:\GitHub\EECS373_Project\TouchScreenFinal\SoftConsole\TouchScreenFinal_MSS_CM3_0\TouchScreenFinal_MSS_CM3_0_hw_platform\Debug\libTouchScreenFinal_MSS_CM3_0_hw_platform.a(ace_convert.o)
 .debug_frame   0x00001370      0x764 D:\GitHub\EECS373_Project\TouchScreenFinal\SoftConsole\TouchScreenFinal_MSS_CM3_0\TouchScreenFinal_MSS_CM3_0_hw_platform\Debug\libTouchScreenFinal_MSS_CM3_0_hw_platform.a(ace_flags.o)
 .debug_frame   0x00001ad4       0x20 c:/microsemi/softconsole v3.3/sourcery-g++/bin/../lib/gcc/arm-none-eabi/4.4.1/../../../../arm-none-eabi/lib/thumb2\libc.a(lib_a-errno.o)
 .debug_frame   0x00001af4       0x2c c:/microsemi/softconsole v3.3/sourcery-g++/bin/../lib/gcc/arm-none-eabi/4.4.1/../../../../arm-none-eabi/lib/thumb2\libc.a(lib_a-init.o)
 .debug_frame   0x00001b20       0x28 c:/microsemi/softconsole v3.3/sourcery-g++/bin/../lib/gcc/arm-none-eabi/4.4.1/../../../../arm-none-eabi/lib/thumb2\libc.a(lib_a-memset.o)
 .debug_frame   0x00001b48       0x28 c:/microsemi/softconsole v3.3/sourcery-g++/bin/../lib/gcc/arm-none-eabi/4.4.1/../../../../arm-none-eabi/lib/thumb2\libc.a(lib_a-strncmp.o)

.debug_str      0x00000000     0x4484
 *(.debug_str)
 .debug_str     0x00000000      0xf23 ./main.o
                                0xfa8 (size before relaxing)
 .debug_str     0x00000f23      0xc4b ./touchscreen.o
                               0x1932 (size before relaxing)
 .debug_str     0x00001b6e       0x64 ./xbee.o
                                0xee8 (size before relaxing)
 .debug_str     0x00001bd2      0x256 D:/GitHub/EECS373_Project/TouchScreenFinal/SoftConsole/TouchScreenFinal_MSS_CM3_0/TouchScreenFinal_MSS_CM3_0_hw_platform/Debug/CMSIS/startup_gcc/newlib_stubs.o
                                0x33f (size before relaxing)
 .debug_str     0x00001e28      0x30e D:\GitHub\EECS373_Project\TouchScreenFinal\SoftConsole\TouchScreenFinal_MSS_CM3_0\TouchScreenFinal_MSS_CM3_0_hw_platform\Debug\libTouchScreenFinal_MSS_CM3_0_hw_platform.a(mss_uart.o)
                               0x14d0 (size before relaxing)
 .debug_str     0x00002136      0x368 D:\GitHub\EECS373_Project\TouchScreenFinal\SoftConsole\TouchScreenFinal_MSS_CM3_0\TouchScreenFinal_MSS_CM3_0_hw_platform\Debug\libTouchScreenFinal_MSS_CM3_0_hw_platform.a(mss_spi.o)
                               0x16e1 (size before relaxing)
 .debug_str     0x0000249e      0x2df D:\GitHub\EECS373_Project\TouchScreenFinal\SoftConsole\TouchScreenFinal_MSS_CM3_0\TouchScreenFinal_MSS_CM3_0_hw_platform\Debug\libTouchScreenFinal_MSS_CM3_0_hw_platform.a(mss_gpio.o)
                               0x12a8 (size before relaxing)
 .debug_str     0x0000277d     0x102f D:\GitHub\EECS373_Project\TouchScreenFinal\SoftConsole\TouchScreenFinal_MSS_CM3_0\TouchScreenFinal_MSS_CM3_0_hw_platform\Debug\libTouchScreenFinal_MSS_CM3_0_hw_platform.a(mss_ace.o)
                               0x1316 (size before relaxing)
 .debug_str     0x000037ac       0xf7 D:\GitHub\EECS373_Project\TouchScreenFinal\SoftConsole\TouchScreenFinal_MSS_CM3_0\TouchScreenFinal_MSS_CM3_0_hw_platform\Debug\libTouchScreenFinal_MSS_CM3_0_hw_platform.a(system_a2fxxxm3.o)
                                0x473 (size before relaxing)
 .debug_str     0x000038a3      0x22b D:\GitHub\EECS373_Project\TouchScreenFinal\SoftConsole\TouchScreenFinal_MSS_CM3_0\TouchScreenFinal_MSS_CM3_0_hw_platform\Debug\libTouchScreenFinal_MSS_CM3_0_hw_platform.a(ace_config.o)
                                0x498 (size before relaxing)
 .debug_str     0x00003ace      0x32c D:\GitHub\EECS373_Project\TouchScreenFinal\SoftConsole\TouchScreenFinal_MSS_CM3_0\TouchScreenFinal_MSS_CM3_0_hw_platform\Debug\libTouchScreenFinal_MSS_CM3_0_hw_platform.a(ace_convert.o)
                                0xfe8 (size before relaxing)
 .debug_str     0x00003dfa      0x68a D:\GitHub\EECS373_Project\TouchScreenFinal\SoftConsole\TouchScreenFinal_MSS_CM3_0\TouchScreenFinal_MSS_CM3_0_hw_platform\Debug\libTouchScreenFinal_MSS_CM3_0_hw_platform.a(ace_flags.o)
                               0x1336 (size before relaxing)

.debug_loc      0x00000000     0x2cb7
 *(.debug_loc)
 .debug_loc     0x00000000       0x37 ./main.o
 .debug_loc     0x00000037      0x731 ./touchscreen.o
 .debug_loc     0x00000768       0x6e ./xbee.o
 .debug_loc     0x000007d6      0x3c6 D:/GitHub/EECS373_Project/TouchScreenFinal/SoftConsole/TouchScreenFinal_MSS_CM3_0/TouchScreenFinal_MSS_CM3_0_hw_platform/Debug/CMSIS/startup_gcc/newlib_stubs.o
 .debug_loc     0x00000b9c      0x510 D:\GitHub\EECS373_Project\TouchScreenFinal\SoftConsole\TouchScreenFinal_MSS_CM3_0\TouchScreenFinal_MSS_CM3_0_hw_platform\Debug\libTouchScreenFinal_MSS_CM3_0_hw_platform.a(mss_uart.o)
 .debug_loc     0x000010ac      0x549 D:\GitHub\EECS373_Project\TouchScreenFinal\SoftConsole\TouchScreenFinal_MSS_CM3_0\TouchScreenFinal_MSS_CM3_0_hw_platform\Debug\libTouchScreenFinal_MSS_CM3_0_hw_platform.a(mss_spi.o)
 .debug_loc     0x000015f5      0x1ef D:\GitHub\EECS373_Project\TouchScreenFinal\SoftConsole\TouchScreenFinal_MSS_CM3_0\TouchScreenFinal_MSS_CM3_0_hw_platform\Debug\libTouchScreenFinal_MSS_CM3_0_hw_platform.a(mss_gpio.o)
 .debug_loc     0x000017e4      0x53b D:\GitHub\EECS373_Project\TouchScreenFinal\SoftConsole\TouchScreenFinal_MSS_CM3_0\TouchScreenFinal_MSS_CM3_0_hw_platform\Debug\libTouchScreenFinal_MSS_CM3_0_hw_platform.a(mss_ace.o)
 .debug_loc     0x00001d1f       0x99 D:\GitHub\EECS373_Project\TouchScreenFinal\SoftConsole\TouchScreenFinal_MSS_CM3_0\TouchScreenFinal_MSS_CM3_0_hw_platform\Debug\libTouchScreenFinal_MSS_CM3_0_hw_platform.a(system_a2fxxxm3.o)
 .debug_loc     0x00001db8      0x415 D:\GitHub\EECS373_Project\TouchScreenFinal\SoftConsole\TouchScreenFinal_MSS_CM3_0\TouchScreenFinal_MSS_CM3_0_hw_platform\Debug\libTouchScreenFinal_MSS_CM3_0_hw_platform.a(ace_convert.o)
 .debug_loc     0x000021cd      0xaea D:\GitHub\EECS373_Project\TouchScreenFinal\SoftConsole\TouchScreenFinal_MSS_CM3_0\TouchScreenFinal_MSS_CM3_0_hw_platform\Debug\libTouchScreenFinal_MSS_CM3_0_hw_platform.a(ace_flags.o)

.debug_macinfo  0x00000000    0x4db25
 *(.debug_macinfo)
 .debug_macinfo
                0x00000000     0xa39b ./main.o
 .debug_macinfo
                0x0000a39b     0x621f ./touchscreen.o
 .debug_macinfo
                0x000105ba     0x9464 ./xbee.o
 .debug_macinfo
                0x00019a1e     0x4bf0 D:/GitHub/EECS373_Project/TouchScreenFinal/SoftConsole/TouchScreenFinal_MSS_CM3_0/TouchScreenFinal_MSS_CM3_0_hw_platform/Debug/CMSIS/startup_gcc/newlib_stubs.o
 .debug_macinfo
                0x0001e60e     0x63ca D:\GitHub\EECS373_Project\TouchScreenFinal\SoftConsole\TouchScreenFinal_MSS_CM3_0\TouchScreenFinal_MSS_CM3_0_hw_platform\Debug\libTouchScreenFinal_MSS_CM3_0_hw_platform.a(mss_uart.o)
 .debug_macinfo
                0x000249d8     0x7540 D:\GitHub\EECS373_Project\TouchScreenFinal\SoftConsole\TouchScreenFinal_MSS_CM3_0\TouchScreenFinal_MSS_CM3_0_hw_platform\Debug\libTouchScreenFinal_MSS_CM3_0_hw_platform.a(mss_spi.o)
 .debug_macinfo
                0x0002bf18     0x5ce1 D:\GitHub\EECS373_Project\TouchScreenFinal\SoftConsole\TouchScreenFinal_MSS_CM3_0\TouchScreenFinal_MSS_CM3_0_hw_platform\Debug\libTouchScreenFinal_MSS_CM3_0_hw_platform.a(mss_gpio.o)
 .debug_macinfo
                0x00031bf9     0x77de D:\GitHub\EECS373_Project\TouchScreenFinal\SoftConsole\TouchScreenFinal_MSS_CM3_0\TouchScreenFinal_MSS_CM3_0_hw_platform\Debug\libTouchScreenFinal_MSS_CM3_0_hw_platform.a(mss_ace.o)
 .debug_macinfo
                0x000393d7     0x5a7f D:\GitHub\EECS373_Project\TouchScreenFinal\SoftConsole\TouchScreenFinal_MSS_CM3_0\TouchScreenFinal_MSS_CM3_0_hw_platform\Debug\libTouchScreenFinal_MSS_CM3_0_hw_platform.a(system_a2fxxxm3.o)
 .debug_macinfo
                0x0003ee56     0x18fe D:\GitHub\EECS373_Project\TouchScreenFinal\SoftConsole\TouchScreenFinal_MSS_CM3_0\TouchScreenFinal_MSS_CM3_0_hw_platform\Debug\libTouchScreenFinal_MSS_CM3_0_hw_platform.a(ace_config.o)
 .debug_macinfo
                0x00040754     0x5b7c D:\GitHub\EECS373_Project\TouchScreenFinal\SoftConsole\TouchScreenFinal_MSS_CM3_0\TouchScreenFinal_MSS_CM3_0_hw_platform\Debug\libTouchScreenFinal_MSS_CM3_0_hw_platform.a(ace_convert.o)
 .debug_macinfo
                0x000462d0     0x7855 D:\GitHub\EECS373_Project\TouchScreenFinal\SoftConsole\TouchScreenFinal_MSS_CM3_0\TouchScreenFinal_MSS_CM3_0_hw_platform\Debug\libTouchScreenFinal_MSS_CM3_0_hw_platform.a(ace_flags.o)

.debug_weaknames
 *(.debug_weaknames)

.debug_funcnames
 *(.debug_funcnames)

.debug_typenames
 *(.debug_typenames)

.debug_varnames
 *(.debug_varnames)

.note.gnu.arm.ident
 *(.note.gnu.arm.ident)

.ARM.attributes
                0x00000000       0x25
 *(.ARM.attributes)
 .ARM.attributes
                0x00000000       0x19 c:/microsemi/softconsole v3.3/sourcery-g++/bin/../lib/gcc/arm-none-eabi/4.4.1/thumb2/crti.o
 .ARM.attributes
                0x00000019       0x29 c:/microsemi/softconsole v3.3/sourcery-g++/bin/../lib/gcc/arm-none-eabi/4.4.1/thumb2/crtbegin.o
 .ARM.attributes
                0x00000042       0x31 ./main.o
 .ARM.attributes
                0x00000073       0x31 ./touchscreen.o
 .ARM.attributes
                0x000000a4       0x31 ./xbee.o
 .ARM.attributes
                0x000000d5       0x21 D:/GitHub/EECS373_Project/TouchScreenFinal/SoftConsole/TouchScreenFinal_MSS_CM3_0/TouchScreenFinal_MSS_CM3_0_hw_platform/Debug/CMSIS/startup_gcc/startup_a2fxxxm3.o
 .ARM.attributes
                0x000000f6       0x31 D:/GitHub/EECS373_Project/TouchScreenFinal/SoftConsole/TouchScreenFinal_MSS_CM3_0/TouchScreenFinal_MSS_CM3_0_hw_platform/Debug/CMSIS/startup_gcc/newlib_stubs.o
 .ARM.attributes
                0x00000127       0x31 D:\GitHub\EECS373_Project\TouchScreenFinal\SoftConsole\TouchScreenFinal_MSS_CM3_0\TouchScreenFinal_MSS_CM3_0_hw_platform\Debug\libTouchScreenFinal_MSS_CM3_0_hw_platform.a(mss_uart.o)
 .ARM.attributes
                0x00000158       0x31 D:\GitHub\EECS373_Project\TouchScreenFinal\SoftConsole\TouchScreenFinal_MSS_CM3_0\TouchScreenFinal_MSS_CM3_0_hw_platform\Debug\libTouchScreenFinal_MSS_CM3_0_hw_platform.a(mss_spi.o)
 .ARM.attributes
                0x00000189       0x31 D:\GitHub\EECS373_Project\TouchScreenFinal\SoftConsole\TouchScreenFinal_MSS_CM3_0\TouchScreenFinal_MSS_CM3_0_hw_platform\Debug\libTouchScreenFinal_MSS_CM3_0_hw_platform.a(mss_gpio.o)
 .ARM.attributes
                0x000001ba       0x31 D:\GitHub\EECS373_Project\TouchScreenFinal\SoftConsole\TouchScreenFinal_MSS_CM3_0\TouchScreenFinal_MSS_CM3_0_hw_platform\Debug\libTouchScreenFinal_MSS_CM3_0_hw_platform.a(mss_ace.o)
 .ARM.attributes
                0x000001eb       0x31 D:\GitHub\EECS373_Project\TouchScreenFinal\SoftConsole\TouchScreenFinal_MSS_CM3_0\TouchScreenFinal_MSS_CM3_0_hw_platform\Debug\libTouchScreenFinal_MSS_CM3_0_hw_platform.a(system_a2fxxxm3.o)
 .ARM.attributes
                0x0000021c       0x31 D:\GitHub\EECS373_Project\TouchScreenFinal\SoftConsole\TouchScreenFinal_MSS_CM3_0\TouchScreenFinal_MSS_CM3_0_hw_platform\Debug\libTouchScreenFinal_MSS_CM3_0_hw_platform.a(ace_config.o)
 .ARM.attributes
                0x0000024d       0x31 D:\GitHub\EECS373_Project\TouchScreenFinal\SoftConsole\TouchScreenFinal_MSS_CM3_0\TouchScreenFinal_MSS_CM3_0_hw_platform\Debug\libTouchScreenFinal_MSS_CM3_0_hw_platform.a(ace_convert.o)
 .ARM.attributes
                0x0000027e       0x31 D:\GitHub\EECS373_Project\TouchScreenFinal\SoftConsole\TouchScreenFinal_MSS_CM3_0\TouchScreenFinal_MSS_CM3_0_hw_platform\Debug\libTouchScreenFinal_MSS_CM3_0_hw_platform.a(ace_flags.o)
 .ARM.attributes
                0x000002af       0x1b c:/microsemi/softconsole v3.3/sourcery-g++/bin/../lib/gcc/arm-none-eabi/4.4.1/thumb2\libgcc.a(_arm_addsubsf3.o)
 .ARM.attributes
                0x000002ca       0x1b c:/microsemi/softconsole v3.3/sourcery-g++/bin/../lib/gcc/arm-none-eabi/4.4.1/thumb2\libgcc.a(_arm_muldivsf3.o)
 .ARM.attributes
                0x000002e5       0x1b c:/microsemi/softconsole v3.3/sourcery-g++/bin/../lib/gcc/arm-none-eabi/4.4.1/thumb2\libgcc.a(_arm_fixsfsi.o)
 .ARM.attributes
                0x00000300       0x29 c:/microsemi/softconsole v3.3/sourcery-g++/bin/../lib/gcc/arm-none-eabi/4.4.1/../../../../arm-none-eabi/lib/thumb2\libc.a(lib_a-errno.o)
 .ARM.attributes
                0x00000329       0x29 c:/microsemi/softconsole v3.3/sourcery-g++/bin/../lib/gcc/arm-none-eabi/4.4.1/../../../../arm-none-eabi/lib/thumb2\libc.a(lib_a-impure.o)
 .ARM.attributes
                0x00000352       0x29 c:/microsemi/softconsole v3.3/sourcery-g++/bin/../lib/gcc/arm-none-eabi/4.4.1/../../../../arm-none-eabi/lib/thumb2\libc.a(lib_a-init.o)
 .ARM.attributes
                0x0000037b       0x29 c:/microsemi/softconsole v3.3/sourcery-g++/bin/../lib/gcc/arm-none-eabi/4.4.1/../../../../arm-none-eabi/lib/thumb2\libc.a(lib_a-memset.o)
 .ARM.attributes
                0x000003a4       0x29 c:/microsemi/softconsole v3.3/sourcery-g++/bin/../lib/gcc/arm-none-eabi/4.4.1/../../../../arm-none-eabi/lib/thumb2\libc.a(lib_a-strncmp.o)
 .ARM.attributes
                0x000003cd       0x29 c:/microsemi/softconsole v3.3/sourcery-g++/bin/../lib/gcc/arm-none-eabi/4.4.1/thumb2/crtend.o
 .ARM.attributes
                0x000003f6       0x19 c:/microsemi/softconsole v3.3/sourcery-g++/bin/../lib/gcc/arm-none-eabi/4.4.1/thumb2/crtn.o

/DISCARD/
 *(.note.GNU-stack)
 *(.isr_vector)
OUTPUT(TouchScreenFinal_MSS_CM3_0_app elf32-littlearm)

.debug_ranges   0x00000000      0x788
 .debug_ranges  0x00000000       0x18 ./main.o
 .debug_ranges  0x00000018      0x128 ./touchscreen.o
 .debug_ranges  0x00000140       0x20 ./xbee.o
 .debug_ranges  0x00000160       0xa0 D:/GitHub/EECS373_Project/TouchScreenFinal/SoftConsole/TouchScreenFinal_MSS_CM3_0/TouchScreenFinal_MSS_CM3_0_hw_platform/Debug/CMSIS/startup_gcc/newlib_stubs.o
 .debug_ranges  0x00000200       0xd0 D:\GitHub\EECS373_Project\TouchScreenFinal\SoftConsole\TouchScreenFinal_MSS_CM3_0\TouchScreenFinal_MSS_CM3_0_hw_platform\Debug\libTouchScreenFinal_MSS_CM3_0_hw_platform.a(mss_uart.o)
 .debug_ranges  0x000002d0       0xd8 D:\GitHub\EECS373_Project\TouchScreenFinal\SoftConsole\TouchScreenFinal_MSS_CM3_0\TouchScreenFinal_MSS_CM3_0_hw_platform\Debug\libTouchScreenFinal_MSS_CM3_0_hw_platform.a(mss_spi.o)
 .debug_ranges  0x000003a8       0x58 D:\GitHub\EECS373_Project\TouchScreenFinal\SoftConsole\TouchScreenFinal_MSS_CM3_0\TouchScreenFinal_MSS_CM3_0_hw_platform\Debug\libTouchScreenFinal_MSS_CM3_0_hw_platform.a(mss_gpio.o)
 .debug_ranges  0x00000400       0xd8 D:\GitHub\EECS373_Project\TouchScreenFinal\SoftConsole\TouchScreenFinal_MSS_CM3_0\TouchScreenFinal_MSS_CM3_0_hw_platform\Debug\libTouchScreenFinal_MSS_CM3_0_hw_platform.a(mss_ace.o)
 .debug_ranges  0x000004d8       0x28 D:\GitHub\EECS373_Project\TouchScreenFinal\SoftConsole\TouchScreenFinal_MSS_CM3_0\TouchScreenFinal_MSS_CM3_0_hw_platform\Debug\libTouchScreenFinal_MSS_CM3_0_hw_platform.a(system_a2fxxxm3.o)
 .debug_ranges  0x00000500       0xa8 D:\GitHub\EECS373_Project\TouchScreenFinal\SoftConsole\TouchScreenFinal_MSS_CM3_0\TouchScreenFinal_MSS_CM3_0_hw_platform\Debug\libTouchScreenFinal_MSS_CM3_0_hw_platform.a(ace_convert.o)
 .debug_ranges  0x000005a8      0x1e0 D:\GitHub\EECS373_Project\TouchScreenFinal\SoftConsole\TouchScreenFinal_MSS_CM3_0\TouchScreenFinal_MSS_CM3_0_hw_platform\Debug\libTouchScreenFinal_MSS_CM3_0_hw_platform.a(ace_flags.o)
