Archive member included because of file (symbol)

D:\GitHub\EECS373_Project\TouchScreenFinal\SoftConsole\TouchScreenFinal_MSS_CM3_0\TouchScreenFinal_MSS_CM3_0_hw_platform\Debug\libTouchScreenFinal_MSS_CM3_0_hw_platform.a(mss_uart.o)
                              ./xbee.o (MSS_UART_polled_tx)
D:\GitHub\EECS373_Project\TouchScreenFinal\SoftConsole\TouchScreenFinal_MSS_CM3_0\TouchScreenFinal_MSS_CM3_0_hw_platform\Debug\libTouchScreenFinal_MSS_CM3_0_hw_platform.a(mss_spi.o)
                              ./touchscreen.o (g_mss_spi1)
D:\GitHub\EECS373_Project\TouchScreenFinal\SoftConsole\TouchScreenFinal_MSS_CM3_0\TouchScreenFinal_MSS_CM3_0_hw_platform\Debug\libTouchScreenFinal_MSS_CM3_0_hw_platform.a(mss_i2c.o)
                              ./touchscreen.o (g_mss_i2c1)
D:\GitHub\EECS373_Project\TouchScreenFinal\SoftConsole\TouchScreenFinal_MSS_CM3_0\TouchScreenFinal_MSS_CM3_0_hw_platform\Debug\libTouchScreenFinal_MSS_CM3_0_hw_platform.a(mss_gpio.o)
                              ./touchscreen.o (MSS_GPIO_init)
D:\GitHub\EECS373_Project\TouchScreenFinal\SoftConsole\TouchScreenFinal_MSS_CM3_0\TouchScreenFinal_MSS_CM3_0_hw_platform\Debug\libTouchScreenFinal_MSS_CM3_0_hw_platform.a(mss_ace.o)
                              ./touchscreen.o (ACE_set_sdd_value)
D:\GitHub\EECS373_Project\TouchScreenFinal\SoftConsole\TouchScreenFinal_MSS_CM3_0\TouchScreenFinal_MSS_CM3_0_hw_platform\Debug\libTouchScreenFinal_MSS_CM3_0_hw_platform.a(core_cm3.o)
                              D:\GitHub\EECS373_Project\TouchScreenFinal\SoftConsole\TouchScreenFinal_MSS_CM3_0\TouchScreenFinal_MSS_CM3_0_hw_platform\Debug\libTouchScreenFinal_MSS_CM3_0_hw_platform.a(mss_i2c.o) (__get_PRIMASK)
D:\GitHub\EECS373_Project\TouchScreenFinal\SoftConsole\TouchScreenFinal_MSS_CM3_0\TouchScreenFinal_MSS_CM3_0_hw_platform\Debug\libTouchScreenFinal_MSS_CM3_0_hw_platform.a(system_a2fxxxm3.o)
                              D:/GitHub/EECS373_Project/TouchScreenFinal/SoftConsole/TouchScreenFinal_MSS_CM3_0/TouchScreenFinal_MSS_CM3_0_hw_platform/Debug/CMSIS/startup_gcc/startup_a2fxxxm3.o (SystemInit)
D:\GitHub\EECS373_Project\TouchScreenFinal\SoftConsole\TouchScreenFinal_MSS_CM3_0\TouchScreenFinal_MSS_CM3_0_hw_platform\Debug\libTouchScreenFinal_MSS_CM3_0_hw_platform.a(ace_config.o)
                              D:\GitHub\EECS373_Project\TouchScreenFinal\SoftConsole\TouchScreenFinal_MSS_CM3_0\TouchScreenFinal_MSS_CM3_0_hw_platform\Debug\libTouchScreenFinal_MSS_CM3_0_hw_platform.a(mss_ace.o) (g_ace_channel_desc_table)
D:\GitHub\EECS373_Project\TouchScreenFinal\SoftConsole\TouchScreenFinal_MSS_CM3_0\TouchScreenFinal_MSS_CM3_0_hw_platform\Debug\libTouchScreenFinal_MSS_CM3_0_hw_platform.a(ace_convert.o)
                              D:\GitHub\EECS373_Project\TouchScreenFinal\SoftConsole\TouchScreenFinal_MSS_CM3_0\TouchScreenFinal_MSS_CM3_0_hw_platform\Debug\libTouchScreenFinal_MSS_CM3_0_hw_platform.a(mss_ace.o) (ace_init_convert)
D:\GitHub\EECS373_Project\TouchScreenFinal\SoftConsole\TouchScreenFinal_MSS_CM3_0\TouchScreenFinal_MSS_CM3_0_hw_platform\Debug\libTouchScreenFinal_MSS_CM3_0_hw_platform.a(ace_flags.o)
                              D:\GitHub\EECS373_Project\TouchScreenFinal\SoftConsole\TouchScreenFinal_MSS_CM3_0\TouchScreenFinal_MSS_CM3_0_hw_platform\Debug\libTouchScreenFinal_MSS_CM3_0_hw_platform.a(mss_ace.o) (ace_init_flags)
c:/microsemi/softconsole v3.3/sourcery-g++/bin/../lib/gcc/arm-none-eabi/4.4.1/thumb2\libgcc.a(_arm_addsubdf3.o)
                              ./main.o (__aeabi_i2d)
c:/microsemi/softconsole v3.3/sourcery-g++/bin/../lib/gcc/arm-none-eabi/4.4.1/thumb2\libgcc.a(_arm_muldivdf3.o)
                              ./main.o (__aeabi_ddiv)
c:/microsemi/softconsole v3.3/sourcery-g++/bin/../lib/gcc/arm-none-eabi/4.4.1/thumb2\libgcc.a(_arm_truncdfsf2.o)
                              ./main.o (__aeabi_d2f)
c:/microsemi/softconsole v3.3/sourcery-g++/bin/../lib/gcc/arm-none-eabi/4.4.1/thumb2\libgcc.a(_arm_addsubsf3.o)
                              ./touchscreen.o (__aeabi_fsub)
c:/microsemi/softconsole v3.3/sourcery-g++/bin/../lib/gcc/arm-none-eabi/4.4.1/thumb2\libgcc.a(_arm_muldivsf3.o)
                              ./main.o (__aeabi_fmul)
c:/microsemi/softconsole v3.3/sourcery-g++/bin/../lib/gcc/arm-none-eabi/4.4.1/thumb2\libgcc.a(_arm_fixsfsi.o)
                              ./touchscreen.o (__aeabi_f2iz)
c:/microsemi/softconsole v3.3/sourcery-g++/bin/../lib/gcc/arm-none-eabi/4.4.1/thumb2\libgcc.a(_arm_fixunssfsi.o)
                              ./main.o (__aeabi_f2uiz)
c:/microsemi/softconsole v3.3/sourcery-g++/bin/../lib/gcc/arm-none-eabi/4.4.1/../../../../arm-none-eabi/lib/thumb2\libc.a(lib_a-errno.o)
                              D:/GitHub/EECS373_Project/TouchScreenFinal/SoftConsole/TouchScreenFinal_MSS_CM3_0/TouchScreenFinal_MSS_CM3_0_hw_platform/Debug/CMSIS/startup_gcc/newlib_stubs.o (__errno)
c:/microsemi/softconsole v3.3/sourcery-g++/bin/../lib/gcc/arm-none-eabi/4.4.1/../../../../arm-none-eabi/lib/thumb2\libc.a(lib_a-impure.o)
[...]
Memory Configuration

Name             Origin             Length             Attributes
rom              0x60000000         0x00040000         xr
romMirror        0x00000000         0x00040000         xr
ram              0x20000000         0x00010000         xrw
*default*        0x00000000         0xffffffff

Linker script and memory map

LOAD c:/microsemi/softconsole v3.3/sourcery-g++/bin/../lib/gcc/arm-none-eabi/4.4.1/thumb2/crti.o
LOAD c:/microsemi/softconsole v3.3/sourcery-g++/bin/../lib/gcc/arm-none-eabi/4.4.1/thumb2/crtbegin.o
LOAD ./main.o
LOAD ./touchscreen.o
LOAD ./xbee.o
LOAD D:/GitHub/EECS373_Project/TouchScreenFinal/SoftConsole/TouchScreenFinal_MSS_CM3_0/TouchScreenFinal_MSS_CM3_0_hw_platform/Debug/CMSIS/startup_gcc/startup_a2fxxxm3.o
LOAD D:/GitHub/EECS373_Project/TouchScreenFinal/SoftConsole/TouchScreenFinal_MSS_CM3_0/TouchScreenFinal_MSS_CM3_0_hw_platform/Debug/CMSIS/startup_gcc/newlib_stubs.o
LOAD D:\GitHub\EECS373_Project\TouchScreenFinal\SoftConsole\TouchScreenFinal_MSS_CM3_0\TouchScreenFinal_MSS_CM3_0_hw_platform\Debug\libTouchScreenFinal_MSS_CM3_0_hw_platform.a
START GROUP
LOAD c:/microsemi/softconsole v3.3/sourcery-g++/bin/../lib/gcc/arm-none-eabi/4.4.1/thumb2\libgcc.a
LOAD c:/microsemi/softconsole v3.3/sourcery-g++/bin/../lib/gcc/arm-none-eabi/4.4.1/../../../../arm-none-eabi/lib/thumb2\libc.a
END GROUP
LOAD c:/microsemi/softconsole v3.3/sourcery-g++/bin/../lib/gcc/arm-none-eabi/4.4.1/thumb2/crtend.o
LOAD c:/microsemi/softconsole v3.3/sourcery-g++/bin/../lib/gcc/arm-none-eabi/4.4.1/thumb2/crtn.o
START GROUP
LOAD c:/microsemi/softconsole v3.3/sourcery-g++/bin/../lib/gcc/arm-none-eabi/4.4.1/../../../../arm-none-eabi/lib/thumb2\libc.a
LOAD c:/microsemi/softconsole v3.3/sourcery-g++/bin/../lib/gcc/arm-none-eabi/4.4.1/thumb2\libgcc.a
LOAD c:/microsemi/softconsole v3.3/sourcery-g++/bin/../lib/gcc/arm-none-eabi/4.4.1/../../../../arm-none-eabi/lib/thumb2\libm.a
END GROUP
                0x00000000                __DYNAMIC = 0x0
                0x20000000                RAM_START_ADDRESS = 0x20000000
                0x00010000                RAM_SIZE = 0x10000
                0x00002000                MAIN_STACK_SIZE = 0x2000
                0x00001000                PROCESS_STACK_SIZE = 0x1000
                0x20010000                PROVIDE (__main_stack_start, (RAM_START_ADDRESS + RAM_SIZE))
                0x2000e000                PROVIDE (__process_stack_start, (__main_stack_start - MAIN_STACK_SIZE))
                0x20010000                PROVIDE (_estack, __main_stack_start)
                0x00000001                PROVIDE (__mirrored_nvm, 0x1)

.init           0x00000000      0x470 load address 0x60000000
                0x00000000                __vector_table_vma_base_address = .
 *(.isr_vector)
 .isr_vector    0x00000000      0x470 D:/GitHub/EECS373_Project/TouchScreenFinal/SoftConsole/TouchScreenFinal_MSS_CM3_0/TouchScreenFinal_MSS_CM3_0_hw_platform/Debug/CMSIS/startup_gcc/startup_a2fxxxm3.o
                0x00000000                g_pfnVectors
                0x00000298                Reset_Handler
                0x00000308                NMI_Handler
                0x0000030a                HardFault_Handler
                0x0000030c                MemManage_Handler
                0x0000030e                BusFault_Handler
                0x00000310                UsageFault_Handler
                0x00000312                SVC_Handler
                0x00000314                DebugMon_Handler
                0x00000316                PendSV_Handler
                0x00000318                SysTick_Handler
                0x0000031a                WdogWakeup_IRQHandler
                0x0000031c                BrownOut_1_5V_IRQHandler
                0x0000031e                BrownOut_3_3V_IRQHandler
                0x00000320                RTC_Match_IRQHandler
                0x00000322                RTCIF_Pub_IRQHandler
                0x00000324                EthernetMAC_IRQHandler
                0x00000326                IAP_IRQHandler
                0x00000328                ENVM0_IRQHandler
                0x0000032a                ENVM1_IRQHandler
                0x0000032c                DMA_IRQHandler
                0x00000338                I2C0_SMBAlert_IRQHandler
                0x0000033a                I2C0_SMBus_IRQHandler
                0x0000033e                I2C1_SMBAlert_IRQHandler
                0x00000340                I2C1_SMBus_IRQHandler
                0x00000342                Timer1_IRQHandler
                0x00000344                Timer2_IRQHandler
                0x00000346                PLL_Lock_IRQHandler
                0x00000348                PLL_LockLost_IRQHandler
                0x0000034a                CommError_IRQHandler
                0x0000034c                Fabric_IRQHandler
                0x0000034e                GPIO0_IRQHandler
                0x00000350                GPIO1_IRQHandler
                0x00000352                GPIO2_IRQHandler
                0x00000354                GPIO3_IRQHandler
                0x00000356                GPIO4_IRQHandler
                0x00000358                GPIO5_IRQHandler
                0x0000035a                GPIO6_IRQHandler
                0x0000035c                GPIO7_IRQHandler
                0x0000035e                GPIO8_IRQHandler
                0x00000360                GPIO9_IRQHandler
                0x00000362                GPIO10_IRQHandler
                0x00000364                GPIO11_IRQHandler
                0x00000366                GPIO12_IRQHandler
                0x00000368                GPIO13_IRQHandler
                0x0000036a                GPIO14_IRQHandler
                0x0000036c                GPIO15_IRQHandler
                0x0000036e                GPIO16_IRQHandler
                0x00000370                GPIO17_IRQHandler
                0x00000372                GPIO18_IRQHandler
                0x00000374                GPIO19_IRQHandler
                0x00000376                GPIO20_IRQHandler
                0x00000378                GPIO21_IRQHandler
                0x0000037a                GPIO22_IRQHandler
                0x0000037c                GPIO23_IRQHandler
                0x0000037e                GPIO24_IRQHandler
                0x00000380                GPIO25_IRQHandler
                0x00000382                GPIO26_IRQHandler
                0x00000384                GPIO27_IRQHandler
                0x00000386                GPIO28_IRQHandler
                0x00000388                GPIO29_IRQHandler
                0x0000038a                GPIO30_IRQHandler
                0x0000038c                GPIO31_IRQHandler
                0x0000038e                ACE_PC0_Flag0_IRQHandler
                0x00000390                ACE_PC0_Flag1_IRQHandler
                0x00000392                ACE_PC0_Flag2_IRQHandler
                0x00000394                ACE_PC0_Flag3_IRQHandler
                0x00000396                ACE_PC1_Flag0_IRQHandler
                0x00000398                ACE_PC1_Flag1_IRQHandler
                0x0000039a                ACE_PC1_Flag2_IRQHandler
                0x0000039c                ACE_PC1_Flag3_IRQHandler
                0x0000039e                ACE_PC2_Flag0_IRQHandler
                0x000003a0                ACE_PC2_Flag1_IRQHandler
                0x000003a2                ACE_PC2_Flag2_IRQHandler
                0x000003a4                ACE_PC2_Flag3_IRQHandler
                0x000003a6                ACE_ADC0_DataValid_IRQHandler
                0x000003a8                ACE_ADC1_DataValid_IRQHandler
                0x000003aa                ACE_ADC2_DataValid_IRQHandler
                0x000003ac                ACE_ADC0_CalDone_IRQHandler
                0x000003ae                ACE_ADC1_CalDone_IRQHandler
                0x000003b0                ACE_ADC2_CalDone_IRQHandler
                0x000003b2                ACE_ADC0_CalStart_IRQHandler
                0x000003b4                ACE_ADC1_CalStart_IRQHandler
                0x000003b6                ACE_ADC2_CalStart_IRQHandler
                0x000003b8                ACE_Comp0_Fall_IRQHandler
                0x000003ba                ACE_Comp1_Fall_IRQHandler
                0x000003bc                ACE_Comp2_Fall_IRQHandler
                0x000003be                ACE_Comp3_Fall_IRQHandler
                0x000003c0                ACE_Comp4_Fall_IRQHandler
                0x000003c2                ACE_Comp5_Fall_IRQHandler
                0x000003c4                ACE_Comp6_Fall_IRQHandler
                0x000003c6                ACE_Comp7_Fall_IRQHandler
                0x000003c8                ACE_Comp8_Fall_IRQHandler
                0x000003ca                ACE_Comp9_Fall_IRQHandler
                0x000003cc                ACE_Comp10_Fall_IRQHandler
                0x000003ce                ACE_Comp11_Fall_IRQHandler
                0x000003d0                ACE_Comp0_Rise_IRQHandler
                0x000003d2                ACE_Comp1_Rise_IRQHandler
                0x000003d4                ACE_Comp2_Rise_IRQHandler
                0x000003d6                ACE_Comp3_Rise_IRQHandler
                0x000003d8                ACE_Comp4_Rise_IRQHandler
                0x000003da                ACE_Comp5_Rise_IRQHandler
                0x000003dc                ACE_Comp6_Rise_IRQHandler
                0x000003de                ACE_Comp7_Rise_IRQHandler
                0x000003e0                ACE_Comp8_Rise_IRQHandler
                0x000003e2                ACE_Comp9_Rise_IRQHandler
                0x000003e4                ACE_Comp10_Rise_IRQHandler
                0x000003e6                ACE_Comp11_Rise_IRQHandler
                0x000003e8                ACE_ADC0_FifoFull_IRQHandler
                0x000003ea                ACE_ADC0_FifoAFull_IRQHandler
                0x000003ec                ACE_ADC0_FifoEmpty_IRQHandler
                0x000003ee                ACE_ADC1_FifoFull_IRQHandler
                0x000003f0                ACE_ADC1_FifoAFull_IRQHandler
                0x000003f2                ACE_ADC1_FifoEmpty_IRQHandler
                0x000003f4                ACE_ADC2_FifoFull_IRQHandler
                0x000003f6                ACE_ADC2_FifoAFull_IRQHandler
                0x000003f8                ACE_ADC2_FifoEmpty_IRQHandler
                0x00000470                . = ALIGN (0x4)

.text           0x00000470     0x412c load address 0x60000470
 CREATE_OBJECT_SYMBOLS
                0x60000470                __text_load = LOADADDR (.text)
                0x00000470                __text_start = .
 *(.text .text.* .gnu.linkonce.t.*)
 .text          0x00000470       0x30 c:/microsemi/softconsole v3.3/sourcery-g++/bin/../lib/gcc/arm-none-eabi/4.4.1/thumb2/crtbegin.o
 .text.main     0x000004a0      0x950 ./main.o
                0x000004a0                main
 .text.NVIC_DisableIRQ
                0x00000df0       0x3c ./touchscreen.o
 .text.NVIC_ClearPendingIRQ
                0x00000e2c       0x3c ./touchscreen.o
 .text.MSS_TIM1_init
                0x00000e68       0x84 ./touchscreen.o
 .text.MSS_TIM1_start
                0x00000eec       0x1c ./touchscreen.o
 .text.MSS_TIM1_stop
                0x00000f08       0x1c ./touchscreen.o
 .text.MSS_TIM1_get_current_value
                0x00000f24       0x18 ./touchscreen.o
 .text.MSS_TIM1_load_immediate
                0x00000f3c       0x20 ./touchscreen.o
 .text.touchscreen_begin
                0x00000f5c      0x1b0 ./touchscreen.o
                0x00000f5c                touchscreen_begin
 .text.readTouch
                0x0000110c       0xa4 ./touchscreen.o
                0x0000110c                readTouch
 .text.touched  0x000011b0       0x18 ./touchscreen.o
                0x000011b0                touched
 .text.drawPixel
                0x000011c8       0x48 ./touchscreen.o
                0x000011c8                drawPixel
 .text.drawRectangle
                0x00001210       0x80 ./touchscreen.o
                0x00001210                drawRectangle
 .text.drawRectanglePixel
                0x00001290       0x5c ./touchscreen.o
                0x00001290                drawRectanglePixel
 .text.drawFillScreen
                0x000012ec       0x74 ./touchscreen.o
                0x000012ec                drawFillScreen
 .text.drawText1
                0x00001360       0x44 ./touchscreen.o
                0x00001360                drawText1
 .text.drawText2
                0x000013a4       0x5c ./touchscreen.o
                0x000013a4                drawText2
 .text.drawText3
                0x00001400       0x5c ./touchscreen.o
                0x00001400                drawText3
 .text.setAddr  0x0000145c       0x50 ./touchscreen.o
                0x0000145c                setAddr
 .text.sendCommand
                0x000014ac       0x60 ./touchscreen.o
                0x000014ac                sendCommand
 .text.delay    0x0000150c       0x40 ./touchscreen.o
                0x0000150c                delay
 .text.sendCommandOnly
                0x0000154c       0x2c ./touchscreen.o
                0x0000154c                sendCommandOnly
 .text.writeLine
                0x00001578      0x13c ./touchscreen.o
                0x00001578                writeLine
 .text.configureSPI
                0x000016b4       0x30 ./touchscreen.o
                0x000016b4                configureSPI
 .text.sendSPI  0x000016e4       0x24 ./touchscreen.o
                0x000016e4                sendSPI
 .text.sendSPI16
                0x00001708       0x38 ./touchscreen.o
                0x00001708                sendSPI16
 .text.set_SPI_CS
                0x00001740       0x18 ./touchscreen.o
                0x00001740                set_SPI_CS
 .text.clear_SPI_CS
                0x00001758       0x18 ./touchscreen.o
                0x00001758                clear_SPI_CS
 .text.set_DC_HIGH
                0x00001770       0x14 ./touchscreen.o
                0x00001770                set_DC_HIGH
 .text.set_DC_LOW
                0x00001784       0x14 ./touchscreen.o
                0x00001784                set_DC_LOW
 .text.writeRegister8
                0x00001798       0x50 ./touchscreen.o
                0x00001798                writeRegister8
 .text.readRegister8
                0x000017e8       0x78 ./touchscreen.o
                0x000017e8                readRegister8
 .text.bufferEmpty
                0x00001860       0x18 ./touchscreen.o
                0x00001860                bufferEmpty
 .text.scaleX   0x00001878       0x60 ./touchscreen.o
                0x00001878                scaleX
 .text.scaleY   0x000018d8       0x60 ./touchscreen.o
                0x000018d8                scaleY
 .text.drawCircle
                0x00001938      0x1e0 ./touchscreen.o
                0x00001938                drawCircle
 .text.sendMessage
                0x00001b18       0xfc ./xbee.o
                0x00001b18                sendMessage
 .text.uart1_rx_handler
                0x00001c14       0x24 ./xbee.o
                0x00001c14                uart1_rx_handler
 .text.MSS_UART_polled_tx
                0x00001c38       0xac D:\GitHub\EECS373_Project\TouchScreenFinal\SoftConsole\TouchScreenFinal_MSS_CM3_0\TouchScreenFinal_MSS_CM3_0_hw_platform\Debug\libTouchScreenFinal_MSS_CM3_0_hw_platform.a(mss_uart.o)
                0x00001c38                MSS_UART_polled_tx
 .text.MSS_UART_get_rx
                0x00001ce4       0x9c D:\GitHub\EECS373_Project\TouchScreenFinal\SoftConsole\TouchScreenFinal_MSS_CM3_0\TouchScreenFinal_MSS_CM3_0_hw_platform\Debug\libTouchScreenFinal_MSS_CM3_0_hw_platform.a(mss_uart.o)
                0x00001ce4                MSS_UART_get_rx
 .text.MSS_UART_isr
                0x00001d80       0x70 D:\GitHub\EECS373_Project\TouchScreenFinal\SoftConsole\TouchScreenFinal_MSS_CM3_0\TouchScreenFinal_MSS_CM3_0_hw_platform\Debug\libTouchScreenFinal_MSS_CM3_0_hw_platform.a(mss_uart.o)
 .text.default_tx_handler
                0x00001df0       0xa8 D:\GitHub\EECS373_Project\TouchScreenFinal\SoftConsole\TouchScreenFinal_MSS_CM3_0\TouchScreenFinal_MSS_CM3_0_hw_platform\Debug\libTouchScreenFinal_MSS_CM3_0_hw_platform.a(mss_uart.o)
 .text.MSS_UART_set_rx_handler
                0x00001e98       0xa4 D:\GitHub\EECS373_Project\TouchScreenFinal\SoftConsole\TouchScreenFinal_MSS_CM3_0\TouchScreenFinal_MSS_CM3_0_hw_platform\Debug\libTouchScreenFinal_MSS_CM3_0_hw_platform.a(mss_uart.o)
                0x00001e98                MSS_UART_set_rx_handler
 .text.UART0_IRQHandler
                0x00001f3c       0x30 D:\GitHub\EECS373_Project\TouchScreenFinal\SoftConsole\TouchScreenFinal_MSS_CM3_0\TouchScreenFinal_MSS_CM3_0_hw_platform\Debug\libTouchScreenFinal_MSS_CM3_0_hw_platform.a(mss_uart.o)
                0x00001f3c                UART0_IRQHandler
 .text.UART1_IRQHandler
                0x00001f6c       0x30 D:\GitHub\EECS373_Project\TouchScreenFinal\SoftConsole\TouchScreenFinal_MSS_CM3_0\TouchScreenFinal_MSS_CM3_0_hw_platform\Debug\libTouchScreenFinal_MSS_CM3_0_hw_platform.a(mss_uart.o)
                0x00001f6c                UART1_IRQHandler
 .text.MSS_UART_init
                0x00001f9c      0x150 D:\GitHub\EECS373_Project\TouchScreenFinal\SoftConsole\TouchScreenFinal_MSS_CM3_0\TouchScreenFinal_MSS_CM3_0_hw_platform\Debug\libTouchScreenFinal_MSS_CM3_0_hw_platform.a(mss_uart.o)
                0x00001f9c                MSS_UART_init
 .text.recover_from_rx_overflow
                0x000020ec       0xe4 D:\GitHub\EECS373_Project\TouchScreenFinal\SoftConsole\TouchScreenFinal_MSS_CM3_0\TouchScreenFinal_MSS_CM3_0_hw_platform\Debug\libTouchScreenFinal_MSS_CM3_0_hw_platform.a(mss_spi.o)
 .text.MSS_SPI_configure_master_mode
                0x000021d0      0x100 D:\GitHub\EECS373_Project\TouchScreenFinal\SoftConsole\TouchScreenFinal_MSS_CM3_0\TouchScreenFinal_MSS_CM3_0_hw_platform\Debug\libTouchScreenFinal_MSS_CM3_0_hw_platform.a(mss_spi.o)
                0x000021d0                MSS_SPI_configure_master_mode
 .text.MSS_SPI_set_slave_select
                0x000022d0       0xcc D:\GitHub\EECS373_Project\TouchScreenFinal\SoftConsole\TouchScreenFinal_MSS_CM3_0\TouchScreenFinal_MSS_CM3_0_hw_platform\Debug\libTouchScreenFinal_MSS_CM3_0_hw_platform.a(mss_spi.o)
                0x000022d0                MSS_SPI_set_slave_select
 .text.MSS_SPI_clear_slave_select
                0x0000239c       0x90 D:\GitHub\EECS373_Project\TouchScreenFinal\SoftConsole\TouchScreenFinal_MSS_CM3_0\TouchScreenFinal_MSS_CM3_0_hw_platform\Debug\libTouchScreenFinal_MSS_CM3_0_hw_platform.a(mss_spi.o)
                0x0000239c                MSS_SPI_clear_slave_select
 .text.MSS_SPI_transfer_frame
                0x0000242c       0x90 D:\GitHub\EECS373_Project\TouchScreenFinal\SoftConsole\TouchScreenFinal_MSS_CM3_0\TouchScreenFinal_MSS_CM3_0_hw_platform\Debug\libTouchScreenFinal_MSS_CM3_0_hw_platform.a(mss_spi.o)
                0x0000242c                MSS_SPI_transfer_frame
 .text.fill_slave_tx_fifo
                0x000024bc       0xa8 D:\GitHub\EECS373_Project\TouchScreenFinal\SoftConsole\TouchScreenFinal_MSS_CM3_0\TouchScreenFinal_MSS_CM3_0_hw_platform\Debug\libTouchScreenFinal_MSS_CM3_0_hw_platform.a(mss_spi.o)
 .text.read_slave_rx_fifo
                0x00002564       0x74 D:\GitHub\EECS373_Project\TouchScreenFinal\SoftConsole\TouchScreenFinal_MSS_CM3_0\TouchScreenFinal_MSS_CM3_0_hw_platform\Debug\libTouchScreenFinal_MSS_CM3_0_hw_platform.a(mss_spi.o)
 .text.mss_spi_isr
                0x000025d8      0x1c8 D:\GitHub\EECS373_Project\TouchScreenFinal\SoftConsole\TouchScreenFinal_MSS_CM3_0\TouchScreenFinal_MSS_CM3_0_hw_platform\Debug\libTouchScreenFinal_MSS_CM3_0_hw_platform.a(mss_spi.o)
 .text.SPI0_IRQHandler
                0x000027a0       0x30 D:\GitHub\EECS373_Project\TouchScreenFinal\SoftConsole\TouchScreenFinal_MSS_CM3_0\TouchScreenFinal_MSS_CM3_0_hw_platform\Debug\libTouchScreenFinal_MSS_CM3_0_hw_platform.a(mss_spi.o)
                0x000027a0                SPI0_IRQHandler
 .text.SPI1_IRQHandler
                0x000027d0       0x30 D:\GitHub\EECS373_Project\TouchScreenFinal\SoftConsole\TouchScreenFinal_MSS_CM3_0\TouchScreenFinal_MSS_CM3_0_hw_platform\Debug\libTouchScreenFinal_MSS_CM3_0_hw_platform.a(mss_spi.o)
                0x000027d0                SPI1_IRQHandler
 .text.MSS_SPI_init
                0x00002800       0xfc D:\GitHub\EECS373_Project\TouchScreenFinal\SoftConsole\TouchScreenFinal_MSS_CM3_0\TouchScreenFinal_MSS_CM3_0_hw_platform\Debug\libTouchScreenFinal_MSS_CM3_0_hw_platform.a(mss_spi.o)
                0x00002800                MSS_SPI_init
 .text.MSS_I2C_wait_complete
                0x000028fc       0x28 D:\GitHub\EECS373_Project\TouchScreenFinal\SoftConsole\TouchScreenFinal_MSS_CM3_0\TouchScreenFinal_MSS_CM3_0_hw_platform\Debug\libTouchScreenFinal_MSS_CM3_0_hw_platform.a(mss_i2c.o)
                0x000028fc                MSS_I2C_wait_complete
 .text.enable_slave_if_required
                0x00002924       0x10 D:\GitHub\EECS373_Project\TouchScreenFinal\SoftConsole\TouchScreenFinal_MSS_CM3_0\TouchScreenFinal_MSS_CM3_0_hw_platform\Debug\libTouchScreenFinal_MSS_CM3_0_hw_platform.a(mss_i2c.o)
 .text.mss_i2c_isr
                0x00002934      0x594 D:\GitHub\EECS373_Project\TouchScreenFinal\SoftConsole\TouchScreenFinal_MSS_CM3_0\TouchScreenFinal_MSS_CM3_0_hw_platform\Debug\libTouchScreenFinal_MSS_CM3_0_hw_platform.a(mss_i2c.o)
 .text.I2C0_IRQHandler
                0x00002ec8       0x30 D:\GitHub\EECS373_Project\TouchScreenFinal\SoftConsole\TouchScreenFinal_MSS_CM3_0\TouchScreenFinal_MSS_CM3_0_hw_platform\Debug\libTouchScreenFinal_MSS_CM3_0_hw_platform.a(mss_i2c.o)
                0x00002ec8                I2C0_IRQHandler
 .text.I2C1_IRQHandler
                0x00002ef8       0x30 D:\GitHub\EECS373_Project\TouchScreenFinal\SoftConsole\TouchScreenFinal_MSS_CM3_0\TouchScreenFinal_MSS_CM3_0_hw_platform\Debug\libTouchScreenFinal_MSS_CM3_0_hw_platform.a(mss_i2c.o)
                0x00002ef8                I2C1_IRQHandler
 .text.disable_interrupts
                0x00002f28       0x14 D:\GitHub\EECS373_Project\TouchScreenFinal\SoftConsole\TouchScreenFinal_MSS_CM3_0\TouchScreenFinal_MSS_CM3_0_hw_platform\Debug\libTouchScreenFinal_MSS_CM3_0_hw_platform.a(mss_i2c.o)
 .text.restore_interrupts
                0x00002f3c        0x8 D:\GitHub\EECS373_Project\TouchScreenFinal\SoftConsole\TouchScreenFinal_MSS_CM3_0\TouchScreenFinal_MSS_CM3_0_hw_platform\Debug\libTouchScreenFinal_MSS_CM3_0_hw_platform.a(mss_i2c.o)
 .text.MSS_I2C_read
                0x00002f44       0xe0 D:\GitHub\EECS373_Project\TouchScreenFinal\SoftConsole\TouchScreenFinal_MSS_CM3_0\TouchScreenFinal_MSS_CM3_0_hw_platform\Debug\libTouchScreenFinal_MSS_CM3_0_hw_platform.a(mss_i2c.o)
                0x00002f44                MSS_I2C_read
 .text.MSS_I2C_write
                0x00003024       0xdc D:\GitHub\EECS373_Project\TouchScreenFinal\SoftConsole\TouchScreenFinal_MSS_CM3_0\TouchScreenFinal_MSS_CM3_0_hw_platform\Debug\libTouchScreenFinal_MSS_CM3_0_hw_platform.a(mss_i2c.o)
                0x00003024                MSS_I2C_write
 .text.MSS_I2C_init
                0x00003100      0x11c D:\GitHub\EECS373_Project\TouchScreenFinal\SoftConsole\TouchScreenFinal_MSS_CM3_0\TouchScreenFinal_MSS_CM3_0_hw_platform\Debug\libTouchScreenFinal_MSS_CM3_0_hw_platform.a(mss_i2c.o)
                0x00003100                MSS_I2C_init
 .text.MSS_GPIO_init
                0x0000321c       0x60 D:\GitHub\EECS373_Project\TouchScreenFinal\SoftConsole\TouchScreenFinal_MSS_CM3_0\TouchScreenFinal_MSS_CM3_0_hw_platform\Debug\libTouchScreenFinal_MSS_CM3_0_hw_platform.a(mss_gpio.o)
                0x0000321c                MSS_GPIO_init
 .text.MSS_GPIO_config
                0x0000327c       0x18 D:\GitHub\EECS373_Project\TouchScreenFinal\SoftConsole\TouchScreenFinal_MSS_CM3_0\TouchScreenFinal_MSS_CM3_0_hw_platform\Debug\libTouchScreenFinal_MSS_CM3_0_hw_platform.a(mss_gpio.o)
                0x0000327c                MSS_GPIO_config
 .text.MSS_GPIO_set_output
                0x00003294       0x1c D:\GitHub\EECS373_Project\TouchScreenFinal\SoftConsole\TouchScreenFinal_MSS_CM3_0\TouchScreenFinal_MSS_CM3_0_hw_platform\Debug\libTouchScreenFinal_MSS_CM3_0_hw_platform.a(mss_gpio.o)
                0x00003294                MSS_GPIO_set_output
 .text.__get_PRIMASK
                0x000032b0        0x8 D:\GitHub\EECS373_Project\TouchScreenFinal\SoftConsole\TouchScreenFinal_MSS_CM3_0\TouchScreenFinal_MSS_CM3_0_hw_platform\Debug\libTouchScreenFinal_MSS_CM3_0_hw_platform.a(core_cm3.o)
                0x000032b0                __get_PRIMASK
 .text.__set_PRIMASK
                0x000032b8        0x8 D:\GitHub\EECS373_Project\TouchScreenFinal\SoftConsole\TouchScreenFinal_MSS_CM3_0\TouchScreenFinal_MSS_CM3_0_hw_platform\Debug\libTouchScreenFinal_MSS_CM3_0_hw_platform.a(core_cm3.o)
                0x000032b8                __set_PRIMASK
 .text.SystemInit
                0x000032c0        0x4 D:\GitHub\EECS373_Project\TouchScreenFinal\SoftConsole\TouchScreenFinal_MSS_CM3_0\TouchScreenFinal_MSS_CM3_0_hw_platform\Debug\libTouchScreenFinal_MSS_CM3_0_hw_platform.a(system_a2fxxxm3.o)
                0x000032c0                SystemInit
 .text.SystemCoreClockUpdate
                0x000032c4      0x130 D:\GitHub\EECS373_Project\TouchScreenFinal\SoftConsole\TouchScreenFinal_MSS_CM3_0\TouchScreenFinal_MSS_CM3_0_hw_platform\Debug\libTouchScreenFinal_MSS_CM3_0_hw_platform.a(system_a2fxxxm3.o)
                0x000032c4                SystemCoreClockUpdate
 .text.ACE_PPE_Flag0_IRQHandler
                0x000033f4       0x20 D:\GitHub\EECS373_Project\TouchScreenFinal\SoftConsole\TouchScreenFinal_MSS_CM3_0\TouchScreenFinal_MSS_CM3_0_hw_platform\Debug\libTouchScreenFinal_MSS_CM3_0_hw_platform.a(ace_flags.o)
                0x000033f4                ACE_PPE_Flag0_IRQHandler
 .text.ACE_PPE_Flag1_IRQHandler
                0x00003414       0x20 D:\GitHub\EECS373_Project\TouchScreenFinal\SoftConsole\TouchScreenFinal_MSS_CM3_0\TouchScreenFinal_MSS_CM3_0_hw_platform\Debug\libTouchScreenFinal_MSS_CM3_0_hw_platform.a(ace_flags.o)
                0x00003414                ACE_PPE_Flag1_IRQHandler
 .text.ACE_PPE_Flag2_IRQHandler
                0x00003434       0x20 D:\GitHub\EECS373_Project\TouchScreenFinal\SoftConsole\TouchScreenFinal_MSS_CM3_0\TouchScreenFinal_MSS_CM3_0_hw_platform\Debug\libTouchScreenFinal_MSS_CM3_0_hw_platform.a(ace_flags.o)
                0x00003434                ACE_PPE_Flag2_IRQHandler
 .text.ACE_PPE_Flag3_IRQHandler
                0x00003454       0x20 D:\GitHub\EECS373_Project\TouchScreenFinal\SoftConsole\TouchScreenFinal_MSS_CM3_0\TouchScreenFinal_MSS_CM3_0_hw_platform\Debug\libTouchScreenFinal_MSS_CM3_0_hw_platform.a(ace_flags.o)
                0x00003454                ACE_PPE_Flag3_IRQHandler
 .text.ACE_PPE_Flag4_IRQHandler
                0x00003474       0x20 D:\GitHub\EECS373_Project\TouchScreenFinal\SoftConsole\TouchScreenFinal_MSS_CM3_0\TouchScreenFinal_MSS_CM3_0_hw_platform\Debug\libTouchScreenFinal_MSS_CM3_0_hw_platform.a(ace_flags.o)
                0x00003474                ACE_PPE_Flag4_IRQHandler
 .text.ACE_PPE_Flag5_IRQHandler
                0x00003494       0x20 D:\GitHub\EECS373_Project\TouchScreenFinal\SoftConsole\TouchScreenFinal_MSS_CM3_0\TouchScreenFinal_MSS_CM3_0_hw_platform\Debug\libTouchScreenFinal_MSS_CM3_0_hw_platform.a(ace_flags.o)
                0x00003494                ACE_PPE_Flag5_IRQHandler
 .text.ACE_PPE_Flag6_IRQHandler
                0x000034b4       0x20 D:\GitHub\EECS373_Project\TouchScreenFinal\SoftConsole\TouchScreenFinal_MSS_CM3_0\TouchScreenFinal_MSS_CM3_0_hw_platform\Debug\libTouchScreenFinal_MSS_CM3_0_hw_platform.a(ace_flags.o)
                0x000034b4                ACE_PPE_Flag6_IRQHandler
 .text.ACE_PPE_Flag7_IRQHandler
                0x000034d4       0x20 D:\GitHub\EECS373_Project\TouchScreenFinal\SoftConsole\TouchScreenFinal_MSS_CM3_0\TouchScreenFinal_MSS_CM3_0_hw_platform\Debug\libTouchScreenFinal_MSS_CM3_0_hw_platform.a(ace_flags.o)
                0x000034d4                ACE_PPE_Flag7_IRQHandler
 .text.ACE_PPE_Flag8_IRQHandler
                0x000034f4       0x20 D:\GitHub\EECS373_Project\TouchScreenFinal\SoftConsole\TouchScreenFinal_MSS_CM3_0\TouchScreenFinal_MSS_CM3_0_hw_platform\Debug\libTouchScreenFinal_MSS_CM3_0_hw_platform.a(ace_flags.o)
                0x000034f4                ACE_PPE_Flag8_IRQHandler
 .text.ACE_PPE_Flag9_IRQHandler
                0x00003514       0x20 D:\GitHub\EECS373_Project\TouchScreenFinal\SoftConsole\TouchScreenFinal_MSS_CM3_0\TouchScreenFinal_MSS_CM3_0_hw_platform\Debug\libTouchScreenFinal_MSS_CM3_0_hw_platform.a(ace_flags.o)
                0x00003514                ACE_PPE_Flag9_IRQHandler
 .text.ACE_PPE_Flag10_IRQHandler
                0x00003534       0x20 D:\GitHub\EECS373_Project\TouchScreenFinal\SoftConsole\TouchScreenFinal_MSS_CM3_0\TouchScreenFinal_MSS_CM3_0_hw_platform\Debug\libTouchScreenFinal_MSS_CM3_0_hw_platform.a(ace_flags.o)
                0x00003534                ACE_PPE_Flag10_IRQHandler
 .text.ACE_PPE_Flag11_IRQHandler
                0x00003554       0x20 D:\GitHub\EECS373_Project\TouchScreenFinal\SoftConsole\TouchScreenFinal_MSS_CM3_0\TouchScreenFinal_MSS_CM3_0_hw_platform\Debug\libTouchScreenFinal_MSS_CM3_0_hw_platform.a(ace_flags.o)
                0x00003554                ACE_PPE_Flag11_IRQHandler
 .text.ACE_PPE_Flag12_IRQHandler
                0x00003574       0x20 D:\GitHub\EECS373_Project\TouchScreenFinal\SoftConsole\TouchScreenFinal_MSS_CM3_0\TouchScreenFinal_MSS_CM3_0_hw_platform\Debug\libTouchScreenFinal_MSS_CM3_0_hw_platform.a(ace_flags.o)
                0x00003574                ACE_PPE_Flag12_IRQHandler
 .text.ACE_PPE_Flag13_IRQHandler
                0x00003594       0x20 D:\GitHub\EECS373_Project\TouchScreenFinal\SoftConsole\TouchScreenFinal_MSS_CM3_0\TouchScreenFinal_MSS_CM3_0_hw_platform\Debug\libTouchScreenFinal_MSS_CM3_0_hw_platform.a(ace_flags.o)
                0x00003594                ACE_PPE_Flag13_IRQHandler
 .text.ACE_PPE_Flag14_IRQHandler
                0x000035b4       0x20 D:\GitHub\EECS373_Project\TouchScreenFinal\SoftConsole\TouchScreenFinal_MSS_CM3_0\TouchScreenFinal_MSS_CM3_0_hw_platform\Debug\libTouchScreenFinal_MSS_CM3_0_hw_platform.a(ace_flags.o)
                0x000035b4                ACE_PPE_Flag14_IRQHandler
 .text.ACE_PPE_Flag15_IRQHandler
                0x000035d4       0x20 D:\GitHub\EECS373_Project\TouchScreenFinal\SoftConsole\TouchScreenFinal_MSS_CM3_0\TouchScreenFinal_MSS_CM3_0_hw_platform\Debug\libTouchScreenFinal_MSS_CM3_0_hw_platform.a(ace_flags.o)
                0x000035d4                ACE_PPE_Flag15_IRQHandler
 .text.ACE_PPE_Flag16_IRQHandler
                0x000035f4       0x20 D:\GitHub\EECS373_Project\TouchScreenFinal\SoftConsole\TouchScreenFinal_MSS_CM3_0\TouchScreenFinal_MSS_CM3_0_hw_platform\Debug\libTouchScreenFinal_MSS_CM3_0_hw_platform.a(ace_flags.o)
                0x000035f4                ACE_PPE_Flag16_IRQHandler
 .text.ACE_PPE_Flag17_IRQHandler
                0x00003614       0x20 D:\GitHub\EECS373_Project\TouchScreenFinal\SoftConsole\TouchScreenFinal_MSS_CM3_0\TouchScreenFinal_MSS_CM3_0_hw_platform\Debug\libTouchScreenFinal_MSS_CM3_0_hw_platform.a(ace_flags.o)
                0x00003614                ACE_PPE_Flag17_IRQHandler
 .text.ACE_PPE_Flag18_IRQHandler
                0x00003634       0x20 D:\GitHub\EECS373_Project\TouchScreenFinal\SoftConsole\TouchScreenFinal_MSS_CM3_0\TouchScreenFinal_MSS_CM3_0_hw_platform\Debug\libTouchScreenFinal_MSS_CM3_0_hw_platform.a(ace_flags.o)
                0x00003634                ACE_PPE_Flag18_IRQHandler
 .text.ACE_PPE_Flag19_IRQHandler
                0x00003654       0x20 D:\GitHub\EECS373_Project\TouchScreenFinal\SoftConsole\TouchScreenFinal_MSS_CM3_0\TouchScreenFinal_MSS_CM3_0_hw_platform\Debug\libTouchScreenFinal_MSS_CM3_0_hw_platform.a(ace_flags.o)
                0x00003654                ACE_PPE_Flag19_IRQHandler
 .text.ACE_PPE_Flag20_IRQHandler
                0x00003674       0x20 D:\GitHub\EECS373_Project\TouchScreenFinal\SoftConsole\TouchScreenFinal_MSS_CM3_0\TouchScreenFinal_MSS_CM3_0_hw_platform\Debug\libTouchScreenFinal_MSS_CM3_0_hw_platform.a(ace_flags.o)
                0x00003674                ACE_PPE_Flag20_IRQHandler
 .text.ACE_PPE_Flag21_IRQHandler
                0x00003694       0x20 D:\GitHub\EECS373_Project\TouchScreenFinal\SoftConsole\TouchScreenFinal_MSS_CM3_0\TouchScreenFinal_MSS_CM3_0_hw_platform\Debug\libTouchScreenFinal_MSS_CM3_0_hw_platform.a(ace_flags.o)
                0x00003694                ACE_PPE_Flag21_IRQHandler
 .text.ACE_PPE_Flag22_IRQHandler
                0x000036b4       0x20 D:\GitHub\EECS373_Project\TouchScreenFinal\SoftConsole\TouchScreenFinal_MSS_CM3_0\TouchScreenFinal_MSS_CM3_0_hw_platform\Debug\libTouchScreenFinal_MSS_CM3_0_hw_platform.a(ace_flags.o)
                0x000036b4                ACE_PPE_Flag22_IRQHandler
 .text.ACE_PPE_Flag23_IRQHandler
                0x000036d4       0x20 D:\GitHub\EECS373_Project\TouchScreenFinal\SoftConsole\TouchScreenFinal_MSS_CM3_0\TouchScreenFinal_MSS_CM3_0_hw_platform\Debug\libTouchScreenFinal_MSS_CM3_0_hw_platform.a(ace_flags.o)
                0x000036d4                ACE_PPE_Flag23_IRQHandler
 .text.ACE_PPE_Flag24_IRQHandler
                0x000036f4       0x20 D:\GitHub\EECS373_Project\TouchScreenFinal\SoftConsole\TouchScreenFinal_MSS_CM3_0\TouchScreenFinal_MSS_CM3_0_hw_platform\Debug\libTouchScreenFinal_MSS_CM3_0_hw_platform.a(ace_flags.o)
                0x000036f4                ACE_PPE_Flag24_IRQHandler
 .text.ACE_PPE_Flag25_IRQHandler
                0x00003714       0x20 D:\GitHub\EECS373_Project\TouchScreenFinal\SoftConsole\TouchScreenFinal_MSS_CM3_0\TouchScreenFinal_MSS_CM3_0_hw_platform\Debug\libTouchScreenFinal_MSS_CM3_0_hw_platform.a(ace_flags.o)
                0x00003714                ACE_PPE_Flag25_IRQHandler
 .text.ACE_PPE_Flag26_IRQHandler
                0x00003734       0x20 D:\GitHub\EECS373_Project\TouchScreenFinal\SoftConsole\TouchScreenFinal_MSS_CM3_0\TouchScreenFinal_MSS_CM3_0_hw_platform\Debug\libTouchScreenFinal_MSS_CM3_0_hw_platform.a(ace_flags.o)
                0x00003734                ACE_PPE_Flag26_IRQHandler
 .text.ACE_PPE_Flag27_IRQHandler
                0x00003754       0x20 D:\GitHub\EECS373_Project\TouchScreenFinal\SoftConsole\TouchScreenFinal_MSS_CM3_0\TouchScreenFinal_MSS_CM3_0_hw_platform\Debug\libTouchScreenFinal_MSS_CM3_0_hw_platform.a(ace_flags.o)
                0x00003754                ACE_PPE_Flag27_IRQHandler
 .text.ACE_PPE_Flag28_IRQHandler
                0x00003774       0x20 D:\GitHub\EECS373_Project\TouchScreenFinal\SoftConsole\TouchScreenFinal_MSS_CM3_0\TouchScreenFinal_MSS_CM3_0_hw_platform\Debug\libTouchScreenFinal_MSS_CM3_0_hw_platform.a(ace_flags.o)
                0x00003774                ACE_PPE_Flag28_IRQHandler
 .text.ACE_PPE_Flag29_IRQHandler
                0x00003794       0x20 D:\GitHub\EECS373_Project\TouchScreenFinal\SoftConsole\TouchScreenFinal_MSS_CM3_0\TouchScreenFinal_MSS_CM3_0_hw_platform\Debug\libTouchScreenFinal_MSS_CM3_0_hw_platform.a(ace_flags.o)
                0x00003794                ACE_PPE_Flag29_IRQHandler
 .text.ACE_PPE_Flag30_IRQHandler
                0x000037b4       0x20 D:\GitHub\EECS373_Project\TouchScreenFinal\SoftConsole\TouchScreenFinal_MSS_CM3_0\TouchScreenFinal_MSS_CM3_0_hw_platform\Debug\libTouchScreenFinal_MSS_CM3_0_hw_platform.a(ace_flags.o)
                0x000037b4                ACE_PPE_Flag30_IRQHandler
 .text.ACE_PPE_Flag31_IRQHandler
                0x000037d4       0x20 D:\GitHub\EECS373_Project\TouchScreenFinal\SoftConsole\TouchScreenFinal_MSS_CM3_0\TouchScreenFinal_MSS_CM3_0_hw_platform\Debug\libTouchScreenFinal_MSS_CM3_0_hw_platform.a(ace_flags.o)
                0x000037d4                ACE_PPE_Flag31_IRQHandler
 .text          0x000037f4      0x370 c:/microsemi/softconsole v3.3/sourcery-g++/bin/../lib/gcc/arm-none-eabi/4.4.1/thumb2\libgcc.a(_arm_addsubdf3.o)
                0x000037f4                __aeabi_drsub
                0x000037fc                __aeabi_dsub
                0x000037fc                __subdf3
                0x00003800                __aeabi_dadd
                0x00003800                __adddf3
                0x00003a78                __floatunsidf
                0x00003a78                __aeabi_ui2d
                0x00003a98                __floatsidf
                0x00003a98                __aeabi_i2d
                0x00003abc                __aeabi_f2d
                0x00003abc                __extendsfdf2
                0x00003af8                __floatundidf
                0x00003af8                __aeabi_ul2d
                0x00003b08                __floatdidf
                0x00003b08                __aeabi_l2d
 .text          0x00003b64      0x424 c:/microsemi/softconsole v3.3/sourcery-g++/bin/../lib/gcc/arm-none-eabi/4.4.1/thumb2\libgcc.a(_arm_muldivdf3.o)
                0x00003b64                __aeabi_dmul
                0x00003b64                __muldf3
                0x00003db8                __divdf3
                0x00003db8                __aeabi_ddiv
 .text          0x00003f88       0xa0 c:/microsemi/softconsole v3.3/sourcery-g++/bin/../lib/gcc/arm-none-eabi/4.4.1/thumb2\libgcc.a(_arm_truncdfsf2.o)
                0x00003f88                __truncdfsf2
                0x00003f88                __aeabi_d2f
 .text          0x00004028      0x2a0 c:/microsemi/softconsole v3.3/sourcery-g++/bin/../lib/gcc/arm-none-eabi/4.4.1/thumb2\libgcc.a(_arm_muldivsf3.o)
                0x00004028                __mulsf3
                0x00004028                __aeabi_fmul
                0x00004190                __aeabi_fdiv
                0x00004190                __divsf3
 .text          0x000042c8       0x40 c:/microsemi/softconsole v3.3/sourcery-g++/bin/../lib/gcc/arm-none-eabi/4.4.1/thumb2\libgcc.a(_arm_fixunssfsi.o)
                0x000042c8                __fixunssfsi
                0x000042c8                __aeabi_f2uiz
 .text          0x00004308       0x50 c:/microsemi/softconsole v3.3/sourcery-g++/bin/../lib/gcc/arm-none-eabi/4.4.1/../../../../arm-none-eabi/lib/thumb2\libc.a(lib_a-init.o)
                0x00004308                __libc_init_array
 .text          0x00004358       0xd4 c:/microsemi/softconsole v3.3/sourcery-g++/bin/../lib/gcc/arm-none-eabi/4.4.1/../../../../arm-none-eabi/lib/thumb2\libc.a(lib_a-memset.o)
                0x00004358                memset
 *(.plt)
 *(.gnu.warning)
 *(.glue_7t)
 .glue_7t       0x00000000        0x0 linker stubs
 *(.glue_7)
 .glue_7        0x00000000        0x0 linker stubs
 *(.vfp11_veneer)
 .vfp11_veneer  0x00000000        0x0 linker stubs
                0x0000442c                . = ALIGN (0x4)
 *crtbegin.o(.ctors)
 *(EXCLUDE_FILE(*crtend.o) .ctors)
 *(SORT(.ctors.*))
 *crtend.o(.ctors)
 *crtbegin.o(.dtors)
 *(EXCLUDE_FILE(*crtend.o) .dtors)
 *(SORT(.dtors.*))
 *crtend.o(.dtors)
 *(.rodata .rodata.* .gnu.linkonce.r.*)
 .rodata.C.18.4556
                0x0000442c        0x8 ./main.o
 .rodata.C.33.4592
                0x00004434        0x8 ./main.o
 .rodata.initcmd
                0x0000443c       0x70 ./touchscreen.o
 .rodata.g_gpio_irqn_lut
                0x000044ac       0x40 D:\GitHub\EECS373_Project\TouchScreenFinal\SoftConsole\TouchScreenFinal_MSS_CM3_0\TouchScreenFinal_MSS_CM3_0_hw_platform\Debug\libTouchScreenFinal_MSS_CM3_0_hw_platform.a(mss_gpio.o)
 .rodata.g_config_reg_lut
                0x000044ec       0x80 D:\GitHub\EECS373_Project\TouchScreenFinal\SoftConsole\TouchScreenFinal_MSS_CM3_0\TouchScreenFinal_MSS_CM3_0_hw_platform\Debug\libTouchScreenFinal_MSS_CM3_0_hw_platform.a(mss_gpio.o)
 .rodata.C.16.2565
                0x0000456c       0x10 D:\GitHub\EECS373_Project\TouchScreenFinal\SoftConsole\TouchScreenFinal_MSS_CM3_0\TouchScreenFinal_MSS_CM3_0_hw_platform\Debug\libTouchScreenFinal_MSS_CM3_0_hw_platform.a(system_a2fxxxm3.o)
 *(.ARM.extab* .gnu.linkonce.armextab.*)
 *(.gcc_except_table)
 *(.eh_frame_hdr)
 *(.eh_frame)
 *(.init)
 .init          0x0000457c        0x4 c:/microsemi/softconsole v3.3/sourcery-g++/bin/../lib/gcc/arm-none-eabi/4.4.1/thumb2/crti.o
                0x0000457c                _init
 .init          0x00004580        0x8 c:/microsemi/softconsole v3.3/sourcery-g++/bin/../lib/gcc/arm-none-eabi/4.4.1/thumb2/crtn.o
 *(.fini)
 .fini          0x00004588        0x4 c:/microsemi/softconsole v3.3/sourcery-g++/bin/../lib/gcc/arm-none-eabi/4.4.1/thumb2/crti.o
                0x00004588                _fini
 .fini          0x0000458c        0x8 c:/microsemi/softconsole v3.3/sourcery-g++/bin/../lib/gcc/arm-none-eabi/4.4.1/thumb2/crtn.o
                0x00004594                PROVIDE (__preinit_array_start, .)
 *(.preinit_array)
                0x00004594                PROVIDE (__preinit_array_end, .)
                0x00004594                PROVIDE (__init_array_start, .)
 *(SORT(.init_array.*))
 *(.init_array)
 .init_array    0x00004594        0x4 c:/microsemi/softconsole v3.3/sourcery-g++/bin/../lib/gcc/arm-none-eabi/4.4.1/thumb2/crtbegin.o
                0x00004598                PROVIDE (__init_array_end, .)
                0x00004598                PROVIDE (__fini_array_start, .)
 *(.fini_array)
 .fini_array    0x00004598        0x4 c:/microsemi/softconsole v3.3/sourcery-g++/bin/../lib/gcc/arm-none-eabi/4.4.1/thumb2/crtbegin.o
 *(SORT(.fini_array.*))
                0x0000459c                PROVIDE (__fini_array_end, .)
                0x0000459c                __exidx_start = .

.v4_bx          0x0000459c        0x0 load address 0x6000459c
 .v4_bx         0x00000000        0x0 linker stubs

.ARM.exidx
 *(.ARM.exidx* .gnu.linkonce.armexidx.*)
                0x0000459c                __exidx_end = .
                0x0000459c                _etext = .

.data           0x20000000       0x1c load address 0x6000459c
                0x6000459c                __data_load = LOADADDR (.data)
                0x6000459c                _sidata = LOADADDR (.data)
                0x20000000                __data_start = .
                0x20000000                _sdata = .
 *(.jcr)
 .jcr           0x20000000        0x0 c:/microsemi/softconsole v3.3/sourcery-g++/bin/../lib/gcc/arm-none-eabi/4.4.1/thumb2/crtbegin.o
 .jcr           0x20000000        0x4 c:/microsemi/softconsole v3.3/sourcery-g++/bin/../lib/gcc/arm-none-eabi/4.4.1/thumb2/crtend.o
 *(.got.plt)
 *(.got)
 *(.shdata)
 *(.data .data.* .gnu.linkonce.d.*)
 .data.g_FrequencyACE
                0x20000004        0x4 D:\GitHub\EECS373_Project\TouchScreenFinal\SoftConsole\TouchScreenFinal_MSS_CM3_0\TouchScreenFinal_MSS_CM3_0_hw_platform\Debug\libTouchScreenFinal_MSS_CM3_0_hw_platform.a(system_a2fxxxm3.o)
                0x20000004                g_FrequencyACE
 .data.g_FrequencyFPGA
                0x20000008        0x4 D:\GitHub\EECS373_Project\TouchScreenFinal\SoftConsole\TouchScreenFinal_MSS_CM3_0\TouchScreenFinal_MSS_CM3_0_hw_platform\Debug\libTouchScreenFinal_MSS_CM3_0_hw_platform.a(system_a2fxxxm3.o)
                0x20000008                g_FrequencyFPGA
 .data.g_FrequencyPCLK0
                0x2000000c        0x4 D:\GitHub\EECS373_Project\TouchScreenFinal\SoftConsole\TouchScreenFinal_MSS_CM3_0\TouchScreenFinal_MSS_CM3_0_hw_platform\Debug\libTouchScreenFinal_MSS_CM3_0_hw_platform.a(system_a2fxxxm3.o)
                0x2000000c                g_FrequencyPCLK0
 .data.g_FrequencyPCLK1
                0x20000010        0x4 D:\GitHub\EECS373_Project\TouchScreenFinal\SoftConsole\TouchScreenFinal_MSS_CM3_0\TouchScreenFinal_MSS_CM3_0_hw_platform\Debug\libTouchScreenFinal_MSS_CM3_0_hw_platform.a(system_a2fxxxm3.o)
                0x20000010                g_FrequencyPCLK1
 .data.SystemCoreClock
                0x20000014        0x4 D:\GitHub\EECS373_Project\TouchScreenFinal\SoftConsole\TouchScreenFinal_MSS_CM3_0\TouchScreenFinal_MSS_CM3_0_hw_platform\Debug\libTouchScreenFinal_MSS_CM3_0_hw_platform.a(system_a2fxxxm3.o)
                0x20000014                SystemCoreClock
 .data.SystemFrequency
                0x20000018        0x4 D:\GitHub\EECS373_Project\TouchScreenFinal\SoftConsole\TouchScreenFinal_MSS_CM3_0\TouchScreenFinal_MSS_CM3_0_hw_platform\Debug\libTouchScreenFinal_MSS_CM3_0_hw_platform.a(system_a2fxxxm3.o)
                0x20000018                SystemFrequency
                0x2000001c                . = ALIGN (0x4)
                0x2000001c                _edata = .

.bss            0x2000001c      0x294 load address 0x600045b8
                0x2000001c                __bss_start__ = .
                0x2000001c                _sbss = .
 *(.shbss)
 *(.bss .bss.* .gnu.linkonce.b.*)
 .bss           0x2000001c        0x1 c:/microsemi/softconsole v3.3/sourcery-g++/bin/../lib/gcc/arm-none-eabi/4.4.1/thumb2/crtbegin.o
 *(COMMON)
 *fill*         0x2000001d        0x3 00
 COMMON         0x20000020        0xd ./main.o
                0x20000020                x
                0x20000024                rxplate
                0x20000028                z
                0x20000029                ace_x
                0x2000002a                y
                0x2000002c                ace_y
 *fill*         0x2000002d        0x3 00
 COMMON         0x20000030       0x40 ./xbee.o
                0x20000030                g_rx_buff
 COMMON         0x20000070       0x50 D:\GitHub\EECS373_Project\TouchScreenFinal\SoftConsole\TouchScreenFinal_MSS_CM3_0\TouchScreenFinal_MSS_CM3_0_hw_platform\Debug\libTouchScreenFinal_MSS_CM3_0_hw_platform.a(mss_uart.o)
                0x20000070                g_mss_uart1
                0x20000098                g_mss_uart0
 COMMON         0x200000c0      0x108 D:\GitHub\EECS373_Project\TouchScreenFinal\SoftConsole\TouchScreenFinal_MSS_CM3_0\TouchScreenFinal_MSS_CM3_0_hw_platform\Debug\libTouchScreenFinal_MSS_CM3_0_hw_platform.a(mss_spi.o)
                0x200000c0                g_mss_spi1
                0x20000144                g_mss_spi0
 COMMON         0x200001c8       0xe8 D:\GitHub\EECS373_Project\TouchScreenFinal\SoftConsole\TouchScreenFinal_MSS_CM3_0\TouchScreenFinal_MSS_CM3_0_hw_platform\Debug\libTouchScreenFinal_MSS_CM3_0_hw_platform.a(mss_i2c.o)
                0x200001c8                g_mss_i2c0
                0x2000023c                g_mss_i2c1
                0x200002b0                . = ALIGN (0x8)
                0x200002b0                __bss_end__ = .
                0x200002b0                _end = .
                0x200002b0                __end = _end
                0x200002b0                _ebss = .
                0x200002b0                PROVIDE (end, .)

.stab
 *(.stab)

.stabstr
 *(.stabstr)

.debug
 *(.debug)

.line
 *(.line)

.debug_srcinfo
 *(.debug_srcinfo)

.debug_sfnames
 *(.debug_sfnames)

.comment        0x00000000      0x25a
 .comment       0x00000000       0x2b ./main.o
 .comment       0x0000002b       0x2b ./touchscreen.o
 .comment       0x00000056       0x2b ./xbee.o
 .comment       0x00000081       0x2b D:/GitHub/EECS373_Project/TouchScreenFinal/SoftConsole/TouchScreenFinal_MSS_CM3_0/TouchScreenFinal_MSS_CM3_0_hw_platform/Debug/CMSIS/startup_gcc/newlib_stubs.o
 .comment       0x000000ac       0x2b D:\GitHub\EECS373_Project\TouchScreenFinal\SoftConsole\TouchScreenFinal_MSS_CM3_0\TouchScreenFinal_MSS_CM3_0_hw_platform\Debug\libTouchScreenFinal_MSS_CM3_0_hw_platform.a(mss_uart.o)
 .comment       0x000000d7       0x2b D:\GitHub\EECS373_Project\TouchScreenFinal\SoftConsole\TouchScreenFinal_MSS_CM3_0\TouchScreenFinal_MSS_CM3_0_hw_platform\Debug\libTouchScreenFinal_MSS_CM3_0_hw_platform.a(mss_spi.o)
 .comment       0x00000102       0x2b D:\GitHub\EECS373_Project\TouchScreenFinal\SoftConsole\TouchScreenFinal_MSS_CM3_0\TouchScreenFinal_MSS_CM3_0_hw_platform\Debug\libTouchScreenFinal_MSS_CM3_0_hw_platform.a(mss_i2c.o)
 .comment       0x0000012d       0x2b D:\GitHub\EECS373_Project\TouchScreenFinal\SoftConsole\TouchScreenFinal_MSS_CM3_0\TouchScreenFinal_MSS_CM3_0_hw_platform\Debug\libTouchScreenFinal_MSS_CM3_0_hw_platform.a(mss_gpio.o)
 .comment       0x00000158       0x2b D:\GitHub\EECS373_Project\TouchScreenFinal\SoftConsole\TouchScreenFinal_MSS_CM3_0\TouchScreenFinal_MSS_CM3_0_hw_platform\Debug\libTouchScreenFinal_MSS_CM3_0_hw_platform.a(mss_ace.o)
 .comment       0x00000183       0x2b D:\GitHub\EECS373_Project\TouchScreenFinal\SoftConsole\TouchScreenFinal_MSS_CM3_0\TouchScreenFinal_MSS_CM3_0_hw_platform\Debug\libTouchScreenFinal_MSS_CM3_0_hw_platform.a(core_cm3.o)
 .comment       0x000001ae       0x2b D:\GitHub\EECS373_Project\TouchScreenFinal\SoftConsole\TouchScreenFinal_MSS_CM3_0\TouchScreenFinal_MSS_CM3_0_hw_platform\Debug\libTouchScreenFinal_MSS_CM3_0_hw_platform.a(system_a2fxxxm3.o)
 .comment       0x000001d9       0x2b D:\GitHub\EECS373_Project\TouchScreenFinal\SoftConsole\TouchScreenFinal_MSS_CM3_0\TouchScreenFinal_MSS_CM3_0_hw_platform\Debug\libTouchScreenFinal_MSS_CM3_0_hw_platform.a(ace_config.o)
 .comment       0x00000204       0x2b D:\GitHub\EECS373_Project\TouchScreenFinal\SoftConsole\TouchScreenFinal_MSS_CM3_0\TouchScreenFinal_MSS_CM3_0_hw_platform\Debug\libTouchScreenFinal_MSS_CM3_0_hw_platform.a(ace_convert.o)
 .comment       0x0000022f       0x2b D:\GitHub\EECS373_Project\TouchScreenFinal\SoftConsole\TouchScreenFinal_MSS_CM3_0\TouchScreenFinal_MSS_CM3_0_hw_platform\Debug\libTouchScreenFinal_MSS_CM3_0_hw_platform.a(ace_flags.o)

.debug_aranges  0x00000000      0x9a8
 *(.debug_aranges)
 .debug_aranges
                0x00000000       0x20 ./main.o
 .debug_aranges
                0x00000020      0x170 ./touchscreen.o
 .debug_aranges
                0x00000190       0x28 ./xbee.o
 .debug_aranges
                0x000001b8       0xa8 D:/GitHub/EECS373_Project/TouchScreenFinal/SoftConsole/TouchScreenFinal_MSS_CM3_0/TouchScreenFinal_MSS_CM3_0_hw_platform/Debug/CMSIS/startup_gcc/newlib_stubs.o
 .debug_aranges
                0x00000260       0xc0 D:\GitHub\EECS373_Project\TouchScreenFinal\SoftConsole\TouchScreenFinal_MSS_CM3_0\TouchScreenFinal_MSS_CM3_0_hw_platform\Debug\libTouchScreenFinal_MSS_CM3_0_hw_platform.a(mss_uart.o)
 .debug_aranges
                0x00000320       0xc8 D:\GitHub\EECS373_Project\TouchScreenFinal\SoftConsole\TouchScreenFinal_MSS_CM3_0\TouchScreenFinal_MSS_CM3_0_hw_platform\Debug\libTouchScreenFinal_MSS_CM3_0_hw_platform.a(mss_spi.o)
 .debug_aranges
                0x000003e8      0x110 D:\GitHub\EECS373_Project\TouchScreenFinal\SoftConsole\TouchScreenFinal_MSS_CM3_0\TouchScreenFinal_MSS_CM3_0_hw_platform\Debug\libTouchScreenFinal_MSS_CM3_0_hw_platform.a(mss_i2c.o)
 .debug_aranges
                0x000004f8       0x50 D:\GitHub\EECS373_Project\TouchScreenFinal\SoftConsole\TouchScreenFinal_MSS_CM3_0\TouchScreenFinal_MSS_CM3_0_hw_platform\Debug\libTouchScreenFinal_MSS_CM3_0_hw_platform.a(mss_gpio.o)
 .debug_aranges
                0x00000548       0xe0 D:\GitHub\EECS373_Project\TouchScreenFinal\SoftConsole\TouchScreenFinal_MSS_CM3_0\TouchScreenFinal_MSS_CM3_0_hw_platform\Debug\libTouchScreenFinal_MSS_CM3_0_hw_platform.a(mss_ace.o)
 .debug_aranges
                0x00000628       0xc8 D:\GitHub\EECS373_Project\TouchScreenFinal\SoftConsole\TouchScreenFinal_MSS_CM3_0\TouchScreenFinal_MSS_CM3_0_hw_platform\Debug\libTouchScreenFinal_MSS_CM3_0_hw_platform.a(core_cm3.o)
 .debug_aranges
                0x000006f0       0x28 D:\GitHub\EECS373_Project\TouchScreenFinal\SoftConsole\TouchScreenFinal_MSS_CM3_0\TouchScreenFinal_MSS_CM3_0_hw_platform\Debug\libTouchScreenFinal_MSS_CM3_0_hw_platform.a(system_a2fxxxm3.o)
 .debug_aranges
                0x00000718       0xb0 D:\GitHub\EECS373_Project\TouchScreenFinal\SoftConsole\TouchScreenFinal_MSS_CM3_0\TouchScreenFinal_MSS_CM3_0_hw_platform\Debug\libTouchScreenFinal_MSS_CM3_0_hw_platform.a(ace_convert.o)
 .debug_aranges
                0x000007c8      0x1e0 D:\GitHub\EECS373_Project\TouchScreenFinal\SoftConsole\TouchScreenFinal_MSS_CM3_0\TouchScreenFinal_MSS_CM3_0_hw_platform\Debug\libTouchScreenFinal_MSS_CM3_0_hw_platform.a(ace_flags.o)

.debug_pubnames
                0x00000000     0x1a1b
 *(.debug_pubnames)
 .debug_pubnames
                0x00000000       0x59 ./main.o
 .debug_pubnames
                0x00000059      0x241 ./touchscreen.o
 .debug_pubnames
                0x0000029a       0x45 ./xbee.o
 .debug_pubnames
                0x000002df       0xeb D:/GitHub/EECS373_Project/TouchScreenFinal/SoftConsole/TouchScreenFinal_MSS_CM3_0/TouchScreenFinal_MSS_CM3_0_hw_platform/Debug/CMSIS/startup_gcc/newlib_stubs.o
 .debug_pubnames
                0x000003ca      0x21c D:\GitHub\EECS373_Project\TouchScreenFinal\SoftConsole\TouchScreenFinal_MSS_CM3_0\TouchScreenFinal_MSS_CM3_0_hw_platform\Debug\libTouchScreenFinal_MSS_CM3_0_hw_platform.a(mss_uart.o)
 .debug_pubnames
                0x000005e6      0x21a D:\GitHub\EECS373_Project\TouchScreenFinal\SoftConsole\TouchScreenFinal_MSS_CM3_0\TouchScreenFinal_MSS_CM3_0_hw_platform\Debug\libTouchScreenFinal_MSS_CM3_0_hw_platform.a(mss_spi.o)
 .debug_pubnames
                0x00000800      0x2eb D:\GitHub\EECS373_Project\TouchScreenFinal\SoftConsole\TouchScreenFinal_MSS_CM3_0\TouchScreenFinal_MSS_CM3_0_hw_platform\Debug\libTouchScreenFinal_MSS_CM3_0_hw_platform.a(mss_i2c.o)
 .debug_pubnames
                0x00000aeb       0xb1 D:\GitHub\EECS373_Project\TouchScreenFinal\SoftConsole\TouchScreenFinal_MSS_CM3_0\TouchScreenFinal_MSS_CM3_0_hw_platform\Debug\libTouchScreenFinal_MSS_CM3_0_hw_platform.a(mss_gpio.o)
 .debug_pubnames
                0x00000b9c      0x292 D:\GitHub\EECS373_Project\TouchScreenFinal\SoftConsole\TouchScreenFinal_MSS_CM3_0\TouchScreenFinal_MSS_CM3_0_hw_platform\Debug\libTouchScreenFinal_MSS_CM3_0_hw_platform.a(mss_ace.o)
 .debug_pubnames
                0x00000e2e      0x159 D:\GitHub\EECS373_Project\TouchScreenFinal\SoftConsole\TouchScreenFinal_MSS_CM3_0\TouchScreenFinal_MSS_CM3_0_hw_platform\Debug\libTouchScreenFinal_MSS_CM3_0_hw_platform.a(core_cm3.o)
 .debug_pubnames
                0x00000f87       0xb4 D:\GitHub\EECS373_Project\TouchScreenFinal\SoftConsole\TouchScreenFinal_MSS_CM3_0\TouchScreenFinal_MSS_CM3_0_hw_platform\Debug\libTouchScreenFinal_MSS_CM3_0_hw_platform.a(system_a2fxxxm3.o)
 .debug_pubnames
                0x0000103b      0x195 D:\GitHub\EECS373_Project\TouchScreenFinal\SoftConsole\TouchScreenFinal_MSS_CM3_0\TouchScreenFinal_MSS_CM3_0_hw_platform\Debug\libTouchScreenFinal_MSS_CM3_0_hw_platform.a(ace_config.o)
 .debug_pubnames
                0x000011d0      0x1ec D:\GitHub\EECS373_Project\TouchScreenFinal\SoftConsole\TouchScreenFinal_MSS_CM3_0\TouchScreenFinal_MSS_CM3_0_hw_platform\Debug\libTouchScreenFinal_MSS_CM3_0_hw_platform.a(ace_convert.o)
 .debug_pubnames
                0x000013bc      0x65f D:\GitHub\EECS373_Project\TouchScreenFinal\SoftConsole\TouchScreenFinal_MSS_CM3_0\TouchScreenFinal_MSS_CM3_0_hw_platform\Debug\libTouchScreenFinal_MSS_CM3_0_hw_platform.a(ace_flags.o)

.debug_info     0x00000000     0xfa15
 *(.debug_info .gnu.linkonce.wi.*)
 .debug_info    0x00000000      0xc98 ./main.o
 .debug_info    0x00000c98     0x2255 ./touchscreen.o
 .debug_info    0x00002eed      0xb6a ./xbee.o
 .debug_info    0x00003a57     0x10eb D:/GitHub/EECS373_Project/TouchScreenFinal/SoftConsole/TouchScreenFinal_MSS_CM3_0/TouchScreenFinal_MSS_CM3_0_hw_platform/Debug/CMSIS/startup_gcc/newlib_stubs.o
 .debug_info    0x00004b42     0x1740 D:\GitHub\EECS373_Project\TouchScreenFinal\SoftConsole\TouchScreenFinal_MSS_CM3_0\TouchScreenFinal_MSS_CM3_0_hw_platform\Debug\libTouchScreenFinal_MSS_CM3_0_hw_platform.a(mss_uart.o)
 .debug_info    0x00006282     0x16fe D:\GitHub\EECS373_Project\TouchScreenFinal\SoftConsole\TouchScreenFinal_MSS_CM3_0\TouchScreenFinal_MSS_CM3_0_hw_platform\Debug\libTouchScreenFinal_MSS_CM3_0_hw_platform.a(mss_spi.o)
 .debug_info    0x00007980     0x190b D:\GitHub\EECS373_Project\TouchScreenFinal\SoftConsole\TouchScreenFinal_MSS_CM3_0\TouchScreenFinal_MSS_CM3_0_hw_platform\Debug\libTouchScreenFinal_MSS_CM3_0_hw_platform.a(mss_i2c.o)
 .debug_info    0x0000928b     0x1124 D:\GitHub\EECS373_Project\TouchScreenFinal\SoftConsole\TouchScreenFinal_MSS_CM3_0\TouchScreenFinal_MSS_CM3_0_hw_platform\Debug\libTouchScreenFinal_MSS_CM3_0_hw_platform.a(mss_gpio.o)
 .debug_info    0x0000a3af     0x1ae7 D:\GitHub\EECS373_Project\TouchScreenFinal\SoftConsole\TouchScreenFinal_MSS_CM3_0\TouchScreenFinal_MSS_CM3_0_hw_platform\Debug\libTouchScreenFinal_MSS_CM3_0_hw_platform.a(mss_ace.o)
 .debug_info    0x0000be96      0x535 D:\GitHub\EECS373_Project\TouchScreenFinal\SoftConsole\TouchScreenFinal_MSS_CM3_0\TouchScreenFinal_MSS_CM3_0_hw_platform\Debug\libTouchScreenFinal_MSS_CM3_0_hw_platform.a(core_cm3.o)
 .debug_info    0x0000c3cb      0x575 D:\GitHub\EECS373_Project\TouchScreenFinal\SoftConsole\TouchScreenFinal_MSS_CM3_0\TouchScreenFinal_MSS_CM3_0_hw_platform\Debug\libTouchScreenFinal_MSS_CM3_0_hw_platform.a(system_a2fxxxm3.o)
 .debug_info    0x0000c940      0x4d5 D:\GitHub\EECS373_Project\TouchScreenFinal\SoftConsole\TouchScreenFinal_MSS_CM3_0\TouchScreenFinal_MSS_CM3_0_hw_platform\Debug\libTouchScreenFinal_MSS_CM3_0_hw_platform.a(ace_config.o)
 .debug_info    0x0000ce15     0x1a41 D:\GitHub\EECS373_Project\TouchScreenFinal\SoftConsole\TouchScreenFinal_MSS_CM3_0\TouchScreenFinal_MSS_CM3_0_hw_platform\Debug\libTouchScreenFinal_MSS_CM3_0_hw_platform.a(ace_convert.o)
 .debug_info    0x0000e856     0x11bf D:\GitHub\EECS373_Project\TouchScreenFinal\SoftConsole\TouchScreenFinal_MSS_CM3_0\TouchScreenFinal_MSS_CM3_0_hw_platform\Debug\libTouchScreenFinal_MSS_CM3_0_hw_platform.a(ace_flags.o)

.debug_abbrev   0x00000000     0x1cdf
 *(.debug_abbrev)
 .debug_abbrev  0x00000000      0x1c7 ./main.o
 .debug_abbrev  0x000001c7      0x321 ./touchscreen.o
 .debug_abbrev  0x000004e8      0x18e ./xbee.o
 .debug_abbrev  0x00000676      0x251 D:/GitHub/EECS373_Project/TouchScreenFinal/SoftConsole/TouchScreenFinal_MSS_CM3_0/TouchScreenFinal_MSS_CM3_0_hw_platform/Debug/CMSIS/startup_gcc/newlib_stubs.o
 .debug_abbrev  0x000008c7      0x306 D:\GitHub\EECS373_Project\TouchScreenFinal\SoftConsole\TouchScreenFinal_MSS_CM3_0\TouchScreenFinal_MSS_CM3_0_hw_platform\Debug\libTouchScreenFinal_MSS_CM3_0_hw_platform.a(mss_uart.o)
 .debug_abbrev  0x00000bcd      0x2e3 D:\GitHub\EECS373_Project\TouchScreenFinal\SoftConsole\TouchScreenFinal_MSS_CM3_0\TouchScreenFinal_MSS_CM3_0_hw_platform\Debug\libTouchScreenFinal_MSS_CM3_0_hw_platform.a(mss_spi.o)
 .debug_abbrev  0x00000eb0      0x2da D:\GitHub\EECS373_Project\TouchScreenFinal\SoftConsole\TouchScreenFinal_MSS_CM3_0\TouchScreenFinal_MSS_CM3_0_hw_platform\Debug\libTouchScreenFinal_MSS_CM3_0_hw_platform.a(mss_i2c.o)
 .debug_abbrev  0x0000118a      0x1f1 D:\GitHub\EECS373_Project\TouchScreenFinal\SoftConsole\TouchScreenFinal_MSS_CM3_0\TouchScreenFinal_MSS_CM3_0_hw_platform\Debug\libTouchScreenFinal_MSS_CM3_0_hw_platform.a(mss_gpio.o)
 .debug_abbrev  0x0000137b      0x2e5 D:\GitHub\EECS373_Project\TouchScreenFinal\SoftConsole\TouchScreenFinal_MSS_CM3_0\TouchScreenFinal_MSS_CM3_0_hw_platform\Debug\libTouchScreenFinal_MSS_CM3_0_hw_platform.a(mss_ace.o)
 .debug_abbrev  0x00001660       0xc5 D:\GitHub\EECS373_Project\TouchScreenFinal\SoftConsole\TouchScreenFinal_MSS_CM3_0\TouchScreenFinal_MSS_CM3_0_hw_platform\Debug\libTouchScreenFinal_MSS_CM3_0_hw_platform.a(core_cm3.o)
 .debug_abbrev  0x00001725      0x154 D:\GitHub\EECS373_Project\TouchScreenFinal\SoftConsole\TouchScreenFinal_MSS_CM3_0\TouchScreenFinal_MSS_CM3_0_hw_platform\Debug\libTouchScreenFinal_MSS_CM3_0_hw_platform.a(system_a2fxxxm3.o)
 .debug_abbrev  0x00001879       0xbd D:\GitHub\EECS373_Project\TouchScreenFinal\SoftConsole\TouchScreenFinal_MSS_CM3_0\TouchScreenFinal_MSS_CM3_0_hw_platform\Debug\libTouchScreenFinal_MSS_CM3_0_hw_platform.a(ace_config.o)
 .debug_abbrev  0x00001936      0x1e5 D:\GitHub\EECS373_Project\TouchScreenFinal\SoftConsole\TouchScreenFinal_MSS_CM3_0\TouchScreenFinal_MSS_CM3_0_hw_platform\Debug\libTouchScreenFinal_MSS_CM3_0_hw_platform.a(ace_convert.o)
 .debug_abbrev  0x00001b1b      0x1c4 D:\GitHub\EECS373_Project\TouchScreenFinal\SoftConsole\TouchScreenFinal_MSS_CM3_0\TouchScreenFinal_MSS_CM3_0_hw_platform\Debug\libTouchScreenFinal_MSS_CM3_0_hw_platform.a(ace_flags.o)

.debug_line     0x00000000     0x5344
 *(.debug_line)
 .debug_line    0x00000000      0xb54 ./main.o
 .debug_line    0x00000b54      0xce3 ./touchscreen.o
 .debug_line    0x00001837      0x459 ./xbee.o
 .debug_line    0x00001c90      0x4f7 D:/GitHub/EECS373_Project/TouchScreenFinal/SoftConsole/TouchScreenFinal_MSS_CM3_0/TouchScreenFinal_MSS_CM3_0_hw_platform/Debug/CMSIS/startup_gcc/newlib_stubs.o
 .debug_line    0x00002187      0x5c9 D:\GitHub\EECS373_Project\TouchScreenFinal\SoftConsole\TouchScreenFinal_MSS_CM3_0\TouchScreenFinal_MSS_CM3_0_hw_platform\Debug\libTouchScreenFinal_MSS_CM3_0_hw_platform.a(mss_uart.o)
 .debug_line    0x00002750      0x814 D:\GitHub\EECS373_Project\TouchScreenFinal\SoftConsole\TouchScreenFinal_MSS_CM3_0\TouchScreenFinal_MSS_CM3_0_hw_platform\Debug\libTouchScreenFinal_MSS_CM3_0_hw_platform.a(mss_spi.o)
 .debug_line    0x00002f64      0x779 D:\GitHub\EECS373_Project\TouchScreenFinal\SoftConsole\TouchScreenFinal_MSS_CM3_0\TouchScreenFinal_MSS_CM3_0_hw_platform\Debug\libTouchScreenFinal_MSS_CM3_0_hw_platform.a(mss_i2c.o)
 .debug_line    0x000036dd      0x30c D:\GitHub\EECS373_Project\TouchScreenFinal\SoftConsole\TouchScreenFinal_MSS_CM3_0\TouchScreenFinal_MSS_CM3_0_hw_platform\Debug\libTouchScreenFinal_MSS_CM3_0_hw_platform.a(mss_gpio.o)
 .debug_line    0x000039e9      0x5bf D:\GitHub\EECS373_Project\TouchScreenFinal\SoftConsole\TouchScreenFinal_MSS_CM3_0\TouchScreenFinal_MSS_CM3_0_hw_platform\Debug\libTouchScreenFinal_MSS_CM3_0_hw_platform.a(mss_ace.o)
 .debug_line    0x00003fa8      0x244 D:\GitHub\EECS373_Project\TouchScreenFinal\SoftConsole\TouchScreenFinal_MSS_CM3_0\TouchScreenFinal_MSS_CM3_0_hw_platform\Debug\libTouchScreenFinal_MSS_CM3_0_hw_platform.a(core_cm3.o)
 .debug_line    0x000041ec      0x264 D:\GitHub\EECS373_Project\TouchScreenFinal\SoftConsole\TouchScreenFinal_MSS_CM3_0\TouchScreenFinal_MSS_CM3_0_hw_platform\Debug\libTouchScreenFinal_MSS_CM3_0_hw_platform.a(system_a2fxxxm3.o)
 .debug_line    0x00004450      0x1a9 D:\GitHub\EECS373_Project\TouchScreenFinal\SoftConsole\TouchScreenFinal_MSS_CM3_0\TouchScreenFinal_MSS_CM3_0_hw_platform\Debug\libTouchScreenFinal_MSS_CM3_0_hw_platform.a(ace_config.o)
 .debug_line    0x000045f9      0x495 D:\GitHub\EECS373_Project\TouchScreenFinal\SoftConsole\TouchScreenFinal_MSS_CM3_0\TouchScreenFinal_MSS_CM3_0_hw_platform\Debug\libTouchScreenFinal_MSS_CM3_0_hw_platform.a(ace_convert.o)
 .debug_line    0x00004a8e      0x8b6 D:\GitHub\EECS373_Project\TouchScreenFinal\SoftConsole\TouchScreenFinal_MSS_CM3_0\TouchScreenFinal_MSS_CM3_0_hw_platform\Debug\libTouchScreenFinal_MSS_CM3_0_hw_platform.a(ace_flags.o)

.debug_frame    0x00000000     0x19e8
 *(.debug_frame)
 .debug_frame   0x00000000       0x30 ./main.o
 .debug_frame   0x00000030      0x534 ./touchscreen.o
 .debug_frame   0x00000564       0x50 ./xbee.o
 .debug_frame   0x000005b4      0x174 D:/GitHub/EECS373_Project/TouchScreenFinal/SoftConsole/TouchScreenFinal_MSS_CM3_0/TouchScreenFinal_MSS_CM3_0_hw_platform/Debug/CMSIS/startup_gcc/newlib_stubs.o
 .debug_frame   0x00000728      0x1f0 D:\GitHub\EECS373_Project\TouchScreenFinal\SoftConsole\TouchScreenFinal_MSS_CM3_0\TouchScreenFinal_MSS_CM3_0_hw_platform\Debug\libTouchScreenFinal_MSS_CM3_0_hw_platform.a(mss_uart.o)
 .debug_frame   0x00000918      0x270 D:\GitHub\EECS373_Project\TouchScreenFinal\SoftConsole\TouchScreenFinal_MSS_CM3_0\TouchScreenFinal_MSS_CM3_0_hw_platform\Debug\libTouchScreenFinal_MSS_CM3_0_hw_platform.a(mss_spi.o)
 .debug_frame   0x00000b88      0x2bc D:\GitHub\EECS373_Project\TouchScreenFinal\SoftConsole\TouchScreenFinal_MSS_CM3_0\TouchScreenFinal_MSS_CM3_0_hw_platform\Debug\libTouchScreenFinal_MSS_CM3_0_hw_platform.a(mss_i2c.o)
 .debug_frame   0x00000e44       0x88 D:\GitHub\EECS373_Project\TouchScreenFinal\SoftConsole\TouchScreenFinal_MSS_CM3_0\TouchScreenFinal_MSS_CM3_0_hw_platform\Debug\libTouchScreenFinal_MSS_CM3_0_hw_platform.a(mss_gpio.o)
 .debug_frame   0x00000ecc      0x200 D:\GitHub\EECS373_Project\TouchScreenFinal\SoftConsole\TouchScreenFinal_MSS_CM3_0\TouchScreenFinal_MSS_CM3_0_hw_platform\Debug\libTouchScreenFinal_MSS_CM3_0_hw_platform.a(mss_ace.o)
 .debug_frame   0x000010cc      0x170 D:\GitHub\EECS373_Project\TouchScreenFinal\SoftConsole\TouchScreenFinal_MSS_CM3_0\TouchScreenFinal_MSS_CM3_0_hw_platform\Debug\libTouchScreenFinal_MSS_CM3_0_hw_platform.a(core_cm3.o)
 .debug_frame   0x0000123c       0x3c D:\GitHub\EECS373_Project\TouchScreenFinal\SoftConsole\TouchScreenFinal_MSS_CM3_0\TouchScreenFinal_MSS_CM3_0_hw_platform\Debug\libTouchScreenFinal_MSS_CM3_0_hw_platform.a(system_a2fxxxm3.o)
 .debug_frame   0x00001278      0x1b4 D:\GitHub\EECS373_Project\TouchScreenFinal\SoftConsole\TouchScreenFinal_MSS_CM3_0\TouchScreenFinal_MSS_CM3_0_hw_platform\Debug\libTouchScreenFinal_MSS_CM3_0_hw_platform.a(ace_convert.o)
 .debug_frame   0x0000142c      0x520 D:\GitHub\EECS373_Project\TouchScreenFinal\SoftConsole\TouchScreenFinal_MSS_CM3_0\TouchScreenFinal_MSS_CM3_0_hw_platform\Debug\libTouchScreenFinal_MSS_CM3_0_hw_platform.a(ace_flags.o)
 .debug_frame   0x0000194c       0x20 c:/microsemi/softconsole v3.3/sourcery-g++/bin/../lib/gcc/arm-none-eabi/4.4.1/../../../../arm-none-eabi/lib/thumb2\libc.a(lib_a-errno.o)
 .debug_frame   0x0000196c       0x2c c:/microsemi/softconsole v3.3/sourcery-g++/bin/../lib/gcc/arm-none-eabi/4.4.1/../../../../arm-none-eabi/lib/thumb2\libc.a(lib_a-init.o)
 .debug_frame   0x00001998       0x28 c:/microsemi/softconsole v3.3/sourcery-g++/bin/../lib/gcc/arm-none-eabi/4.4.1/../../../../arm-none-eabi/lib/thumb2\libc.a(lib_a-memset.o)
 .debug_frame   0x000019c0       0x28 c:/microsemi/softconsole v3.3/sourcery-g++/bin/../lib/gcc/arm-none-eabi/4.4.1/../../../../arm-none-eabi/lib/thumb2\libc.a(lib_a-strncmp.o)

.debug_str      0x00000000     0x4def
 *(.debug_str)
 .debug_str     0x00000000      0xf47 ./main.o
                                0xfd2 (size before relaxing)
 .debug_str     0x00000f47     0x10d2 ./touchscreen.o
                               0x1e73 (size before relaxing)
 .debug_str     0x00002019       0x64 ./xbee.o
                                0xee8 (size before relaxing)
 .debug_str     0x0000207d      0x279 D:/GitHub/EECS373_Project/TouchScreenFinal/SoftConsole/TouchScreenFinal_MSS_CM3_0/TouchScreenFinal_MSS_CM3_0_hw_platform/Debug/CMSIS/startup_gcc/newlib_stubs.o
                               0x10bf (size before relaxing)
 .debug_str     0x000022f6      0x2f5 D:\GitHub\EECS373_Project\TouchScreenFinal\SoftConsole\TouchScreenFinal_MSS_CM3_0\TouchScreenFinal_MSS_CM3_0_hw_platform\Debug\libTouchScreenFinal_MSS_CM3_0_hw_platform.a(mss_uart.o)
                               0x14d0 (size before relaxing)
 .debug_str     0x000025eb      0x362 D:\GitHub\EECS373_Project\TouchScreenFinal\SoftConsole\TouchScreenFinal_MSS_CM3_0\TouchScreenFinal_MSS_CM3_0_hw_platform\Debug\libTouchScreenFinal_MSS_CM3_0_hw_platform.a(mss_spi.o)
                               0x16e1 (size before relaxing)
 .debug_str     0x0000294d      0x38c D:\GitHub\EECS373_Project\TouchScreenFinal\SoftConsole\TouchScreenFinal_MSS_CM3_0\TouchScreenFinal_MSS_CM3_0_hw_platform\Debug\libTouchScreenFinal_MSS_CM3_0_hw_platform.a(mss_i2c.o)
                               0x1770 (size before relaxing)
 .debug_str     0x00002cd9      0x2df D:\GitHub\EECS373_Project\TouchScreenFinal\SoftConsole\TouchScreenFinal_MSS_CM3_0\TouchScreenFinal_MSS_CM3_0_hw_platform\Debug\libTouchScreenFinal_MSS_CM3_0_hw_platform.a(mss_gpio.o)
                               0x12a8 (size before relaxing)
 .debug_str     0x00002fb8     0x1024 D:\GitHub\EECS373_Project\TouchScreenFinal\SoftConsole\TouchScreenFinal_MSS_CM3_0\TouchScreenFinal_MSS_CM3_0_hw_platform\Debug\libTouchScreenFinal_MSS_CM3_0_hw_platform.a(mss_ace.o)
                               0x1316 (size before relaxing)
 .debug_str     0x00003fdc      0x13b D:\GitHub\EECS373_Project\TouchScreenFinal\SoftConsole\TouchScreenFinal_MSS_CM3_0\TouchScreenFinal_MSS_CM3_0_hw_platform\Debug\libTouchScreenFinal_MSS_CM3_0_hw_platform.a(core_cm3.o)
                                0x286 (size before relaxing)
 .debug_str     0x00004117       0xf7 D:\GitHub\EECS373_Project\TouchScreenFinal\SoftConsole\TouchScreenFinal_MSS_CM3_0\TouchScreenFinal_MSS_CM3_0_hw_platform\Debug\libTouchScreenFinal_MSS_CM3_0_hw_platform.a(system_a2fxxxm3.o)
                                0x473 (size before relaxing)
 .debug_str     0x0000420e      0x22b D:\GitHub\EECS373_Project\TouchScreenFinal\SoftConsole\TouchScreenFinal_MSS_CM3_0\TouchScreenFinal_MSS_CM3_0_hw_platform\Debug\libTouchScreenFinal_MSS_CM3_0_hw_platform.a(ace_config.o)
                                0x498 (size before relaxing)
 .debug_str     0x00004439      0x32c D:\GitHub\EECS373_Project\TouchScreenFinal\SoftConsole\TouchScreenFinal_MSS_CM3_0\TouchScreenFinal_MSS_CM3_0_hw_platform\Debug\libTouchScreenFinal_MSS_CM3_0_hw_platform.a(ace_convert.o)
                                0xfe8 (size before relaxing)
 .debug_str     0x00004765      0x68a D:\GitHub\EECS373_Project\TouchScreenFinal\SoftConsole\TouchScreenFinal_MSS_CM3_0\TouchScreenFinal_MSS_CM3_0_hw_platform\Debug\libTouchScreenFinal_MSS_CM3_0_hw_platform.a(ace_flags.o)
                               0x1336 (size before relaxing)

.debug_loc      0x00000000     0x3b2b
 *(.debug_loc)
 .debug_loc     0x00000000       0x39 ./main.o
 .debug_loc     0x00000039      0x8d3 ./touchscreen.o
 .debug_loc     0x0000090c       0x6e ./xbee.o
 .debug_loc     0x0000097a      0x30d D:/GitHub/EECS373_Project/TouchScreenFinal/SoftConsole/TouchScreenFinal_MSS_CM3_0/TouchScreenFinal_MSS_CM3_0_hw_platform/Debug/CMSIS/startup_gcc/newlib_stubs.o
 .debug_loc     0x00000c87      0x894 D:\GitHub\EECS373_Project\TouchScreenFinal\SoftConsole\TouchScreenFinal_MSS_CM3_0\TouchScreenFinal_MSS_CM3_0_hw_platform\Debug\libTouchScreenFinal_MSS_CM3_0_hw_platform.a(mss_uart.o)
 .debug_loc     0x0000151b      0x982 D:\GitHub\EECS373_Project\TouchScreenFinal\SoftConsole\TouchScreenFinal_MSS_CM3_0\TouchScreenFinal_MSS_CM3_0_hw_platform\Debug\libTouchScreenFinal_MSS_CM3_0_hw_platform.a(mss_spi.o)
 .debug_loc     0x00001e9d      0x755 D:\GitHub\EECS373_Project\TouchScreenFinal\SoftConsole\TouchScreenFinal_MSS_CM3_0\TouchScreenFinal_MSS_CM3_0_hw_platform\Debug\libTouchScreenFinal_MSS_CM3_0_hw_platform.a(mss_i2c.o)
 .debug_loc     0x000025f2       0xf1 D:\GitHub\EECS373_Project\TouchScreenFinal\SoftConsole\TouchScreenFinal_MSS_CM3_0\TouchScreenFinal_MSS_CM3_0_hw_platform\Debug\libTouchScreenFinal_MSS_CM3_0_hw_platform.a(mss_gpio.o)
 .debug_loc     0x000026e3      0x5ae D:\GitHub\EECS373_Project\TouchScreenFinal\SoftConsole\TouchScreenFinal_MSS_CM3_0\TouchScreenFinal_MSS_CM3_0_hw_platform\Debug\libTouchScreenFinal_MSS_CM3_0_hw_platform.a(mss_ace.o)
 .debug_loc     0x00002c91      0x1c8 D:\GitHub\EECS373_Project\TouchScreenFinal\SoftConsole\TouchScreenFinal_MSS_CM3_0\TouchScreenFinal_MSS_CM3_0_hw_platform\Debug\libTouchScreenFinal_MSS_CM3_0_hw_platform.a(core_cm3.o)
 .debug_loc     0x00002e59       0xb3 D:\GitHub\EECS373_Project\TouchScreenFinal\SoftConsole\TouchScreenFinal_MSS_CM3_0\TouchScreenFinal_MSS_CM3_0_hw_platform\Debug\libTouchScreenFinal_MSS_CM3_0_hw_platform.a(system_a2fxxxm3.o)
 .debug_loc     0x00002f0c      0x794 D:\GitHub\EECS373_Project\TouchScreenFinal\SoftConsole\TouchScreenFinal_MSS_CM3_0\TouchScreenFinal_MSS_CM3_0_hw_platform\Debug\libTouchScreenFinal_MSS_CM3_0_hw_platform.a(ace_convert.o)
 .debug_loc     0x000036a0      0x48b D:\GitHub\EECS373_Project\TouchScreenFinal\SoftConsole\TouchScreenFinal_MSS_CM3_0\TouchScreenFinal_MSS_CM3_0_hw_platform\Debug\libTouchScreenFinal_MSS_CM3_0_hw_platform.a(ace_flags.o)

.debug_macinfo  0x00000000    0x5d06b
 *(.debug_macinfo)
 .debug_macinfo
                0x00000000     0xad48 ./main.o
 .debug_macinfo
                0x0000ad48     0x7539 ./touchscreen.o
 .debug_macinfo
                0x00012281     0x9464 ./xbee.o
 .debug_macinfo
                0x0001b6e5     0x9964 D:/GitHub/EECS373_Project/TouchScreenFinal/SoftConsole/TouchScreenFinal_MSS_CM3_0/TouchScreenFinal_MSS_CM3_0_hw_platform/Debug/CMSIS/startup_gcc/newlib_stubs.o
 .debug_macinfo
                0x00025049     0x63e3 D:\GitHub\EECS373_Project\TouchScreenFinal\SoftConsole\TouchScreenFinal_MSS_CM3_0\TouchScreenFinal_MSS_CM3_0_hw_platform\Debug\libTouchScreenFinal_MSS_CM3_0_hw_platform.a(mss_uart.o)
 .debug_macinfo
                0x0002b42c     0x7559 D:\GitHub\EECS373_Project\TouchScreenFinal\SoftConsole\TouchScreenFinal_MSS_CM3_0\TouchScreenFinal_MSS_CM3_0_hw_platform\Debug\libTouchScreenFinal_MSS_CM3_0_hw_platform.a(mss_spi.o)
 .debug_macinfo
                0x00032985     0x7518 D:\GitHub\EECS373_Project\TouchScreenFinal\SoftConsole\TouchScreenFinal_MSS_CM3_0\TouchScreenFinal_MSS_CM3_0_hw_platform\Debug\libTouchScreenFinal_MSS_CM3_0_hw_platform.a(mss_i2c.o)
 .debug_macinfo
                0x00039e9d     0x5cfa D:\GitHub\EECS373_Project\TouchScreenFinal\SoftConsole\TouchScreenFinal_MSS_CM3_0\TouchScreenFinal_MSS_CM3_0_hw_platform\Debug\libTouchScreenFinal_MSS_CM3_0_hw_platform.a(mss_gpio.o)
 .debug_macinfo
                0x0003fb97     0x77f7 D:\GitHub\EECS373_Project\TouchScreenFinal\SoftConsole\TouchScreenFinal_MSS_CM3_0\TouchScreenFinal_MSS_CM3_0_hw_platform\Debug\libTouchScreenFinal_MSS_CM3_0_hw_platform.a(mss_ace.o)
 .debug_macinfo
                0x0004738e     0x152b D:\GitHub\EECS373_Project\TouchScreenFinal\SoftConsole\TouchScreenFinal_MSS_CM3_0\TouchScreenFinal_MSS_CM3_0_hw_platform\Debug\libTouchScreenFinal_MSS_CM3_0_hw_platform.a(core_cm3.o)
 .debug_macinfo
                0x000488b9     0x5a98 D:\GitHub\EECS373_Project\TouchScreenFinal\SoftConsole\TouchScreenFinal_MSS_CM3_0\TouchScreenFinal_MSS_CM3_0_hw_platform\Debug\libTouchScreenFinal_MSS_CM3_0_hw_platform.a(system_a2fxxxm3.o)
 .debug_macinfo
                0x0004e351     0x1917 D:\GitHub\EECS373_Project\TouchScreenFinal\SoftConsole\TouchScreenFinal_MSS_CM3_0\TouchScreenFinal_MSS_CM3_0_hw_platform\Debug\libTouchScreenFinal_MSS_CM3_0_hw_platform.a(ace_config.o)
 .debug_macinfo
                0x0004fc68     0x5b95 D:\GitHub\EECS373_Project\TouchScreenFinal\SoftConsole\TouchScreenFinal_MSS_CM3_0\TouchScreenFinal_MSS_CM3_0_hw_platform\Debug\libTouchScreenFinal_MSS_CM3_0_hw_platform.a(ace_convert.o)
 .debug_macinfo
                0x000557fd     0x786e D:\GitHub\EECS373_Project\TouchScreenFinal\SoftConsole\TouchScreenFinal_MSS_CM3_0\TouchScreenFinal_MSS_CM3_0_hw_platform\Debug\libTouchScreenFinal_MSS_CM3_0_hw_platform.a(ace_flags.o)

.debug_weaknames
 *(.debug_weaknames)

.debug_funcnames
 *(.debug_funcnames)

.debug_typenames
 *(.debug_typenames)

.debug_varnames
 *(.debug_varnames)

.note.gnu.arm.ident
 *(.note.gnu.arm.ident)

.ARM.attributes
                0x00000000       0x25
 *(.ARM.attributes)
 .ARM.attributes
                0x00000000       0x19 c:/microsemi/softconsole v3.3/sourcery-g++/bin/../lib/gcc/arm-none-eabi/4.4.1/thumb2/crti.o
 .ARM.attributes
                0x00000019       0x29 c:/microsemi/softconsole v3.3/sourcery-g++/bin/../lib/gcc/arm-none-eabi/4.4.1/thumb2/crtbegin.o
 .ARM.attributes
                0x00000042       0x31 ./main.o
 .ARM.attributes
                0x00000073       0x31 ./touchscreen.o
 .ARM.attributes
                0x000000a4       0x31 ./xbee.o
 .ARM.attributes
                0x000000d5       0x21 D:/GitHub/EECS373_Project/TouchScreenFinal/SoftConsole/TouchScreenFinal_MSS_CM3_0/TouchScreenFinal_MSS_CM3_0_hw_platform/Debug/CMSIS/startup_gcc/startup_a2fxxxm3.o
 .ARM.attributes
                0x000000f6       0x31 D:/GitHub/EECS373_Project/TouchScreenFinal/SoftConsole/TouchScreenFinal_MSS_CM3_0/TouchScreenFinal_MSS_CM3_0_hw_platform/Debug/CMSIS/startup_gcc/newlib_stubs.o
 .ARM.attributes
                0x00000127       0x31 D:\GitHub\EECS373_Project\TouchScreenFinal\SoftConsole\TouchScreenFinal_MSS_CM3_0\TouchScreenFinal_MSS_CM3_0_hw_platform\Debug\libTouchScreenFinal_MSS_CM3_0_hw_platform.a(mss_uart.o)
 .ARM.attributes
                0x00000158       0x31 D:\GitHub\EECS373_Project\TouchScreenFinal\SoftConsole\TouchScreenFinal_MSS_CM3_0\TouchScreenFinal_MSS_CM3_0_hw_platform\Debug\libTouchScreenFinal_MSS_CM3_0_hw_platform.a(mss_spi.o)
 .ARM.attributes
                0x00000189       0x31 D:\GitHub\EECS373_Project\TouchScreenFinal\SoftConsole\TouchScreenFinal_MSS_CM3_0\TouchScreenFinal_MSS_CM3_0_hw_platform\Debug\libTouchScreenFinal_MSS_CM3_0_hw_platform.a(mss_i2c.o)
 .ARM.attributes
                0x000001ba       0x31 D:\GitHub\EECS373_Project\TouchScreenFinal\SoftConsole\TouchScreenFinal_MSS_CM3_0\TouchScreenFinal_MSS_CM3_0_hw_platform\Debug\libTouchScreenFinal_MSS_CM3_0_hw_platform.a(mss_gpio.o)
 .ARM.attributes
                0x000001eb       0x31 D:\GitHub\EECS373_Project\TouchScreenFinal\SoftConsole\TouchScreenFinal_MSS_CM3_0\TouchScreenFinal_MSS_CM3_0_hw_platform\Debug\libTouchScreenFinal_MSS_CM3_0_hw_platform.a(mss_ace.o)
 .ARM.attributes
                0x0000021c       0x31 D:\GitHub\EECS373_Project\TouchScreenFinal\SoftConsole\TouchScreenFinal_MSS_CM3_0\TouchScreenFinal_MSS_CM3_0_hw_platform\Debug\libTouchScreenFinal_MSS_CM3_0_hw_platform.a(core_cm3.o)
 .ARM.attributes
                0x0000024d       0x31 D:\GitHub\EECS373_Project\TouchScreenFinal\SoftConsole\TouchScreenFinal_MSS_CM3_0\TouchScreenFinal_MSS_CM3_0_hw_platform\Debug\libTouchScreenFinal_MSS_CM3_0_hw_platform.a(system_a2fxxxm3.o)
 .ARM.attributes
                0x0000027e       0x31 D:\GitHub\EECS373_Project\TouchScreenFinal\SoftConsole\TouchScreenFinal_MSS_CM3_0\TouchScreenFinal_MSS_CM3_0_hw_platform\Debug\libTouchScreenFinal_MSS_CM3_0_hw_platform.a(ace_config.o)
 .ARM.attributes
                0x000002af       0x31 D:\GitHub\EECS373_Project\TouchScreenFinal\SoftConsole\TouchScreenFinal_MSS_CM3_0\TouchScreenFinal_MSS_CM3_0_hw_platform\Debug\libTouchScreenFinal_MSS_CM3_0_hw_platform.a(ace_convert.o)
 .ARM.attributes
                0x000002e0       0x31 D:\GitHub\EECS373_Project\TouchScreenFinal\SoftConsole\TouchScreenFinal_MSS_CM3_0\TouchScreenFinal_MSS_CM3_0_hw_platform\Debug\libTouchScreenFinal_MSS_CM3_0_hw_platform.a(ace_flags.o)
 .ARM.attributes
                0x00000311       0x1b c:/microsemi/softconsole v3.3/sourcery-g++/bin/../lib/gcc/arm-none-eabi/4.4.1/thumb2\libgcc.a(_arm_addsubdf3.o)
 .ARM.attributes
                0x0000032c       0x1b c:/microsemi/softconsole v3.3/sourcery-g++/bin/../lib/gcc/arm-none-eabi/4.4.1/thumb2\libgcc.a(_arm_muldivdf3.o)
 .ARM.attributes
                0x00000347       0x1b c:/microsemi/softconsole v3.3/sourcery-g++/bin/../lib/gcc/arm-none-eabi/4.4.1/thumb2\libgcc.a(_arm_truncdfsf2.o)
 .ARM.attributes
                0x00000362       0x1b c:/microsemi/softconsole v3.3/sourcery-g++/bin/../lib/gcc/arm-none-eabi/4.4.1/thumb2\libgcc.a(_arm_addsubsf3.o)
 .ARM.attributes
                0x0000037d       0x1b c:/microsemi/softconsole v3.3/sourcery-g++/bin/../lib/gcc/arm-none-eabi/4.4.1/thumb2\libgcc.a(_arm_muldivsf3.o)
 .ARM.attributes
                0x00000398       0x1b c:/microsemi/softconsole v3.3/sourcery-g++/bin/../lib/gcc/arm-none-eabi/4.4.1/thumb2\libgcc.a(_arm_fixsfsi.o)
 .ARM.attributes
                0x000003b3       0x1b c:/microsemi/softconsole v3.3/sourcery-g++/bin/../lib/gcc/arm-none-eabi/4.4.1/thumb2\libgcc.a(_arm_fixunssfsi.o)
 .ARM.attributes
                0x000003ce       0x29 c:/microsemi/softconsole v3.3/sourcery-g++/bin/../lib/gcc/arm-none-eabi/4.4.1/../../../../arm-none-eabi/lib/thumb2\libc.a(lib_a-errno.o)
 .ARM.attributes
                0x000003f7       0x29 c:/microsemi/softconsole v3.3/sourcery-g++/bin/../lib/gcc/arm-none-eabi/4.4.1/../../../../arm-none-eabi/lib/thumb2\libc.a(lib_a-impure.o)
 .ARM.attributes
                0x00000420       0x29 c:/microsemi/softconsole v3.3/sourcery-g++/bin/../lib/gcc/arm-none-eabi/4.4.1/../../../../arm-none-eabi/lib/thumb2\libc.a(lib_a-init.o)
 .ARM.attributes
                0x00000449       0x29 c:/microsemi/softconsole v3.3/sourcery-g++/bin/../lib/gcc/arm-none-eabi/4.4.1/../../../../arm-none-eabi/lib/thumb2\libc.a(lib_a-memset.o)
 .ARM.attributes
                0x00000472       0x29 c:/microsemi/softconsole v3.3/sourcery-g++/bin/../lib/gcc/arm-none-eabi/4.4.1/../../../../arm-none-eabi/lib/thumb2\libc.a(lib_a-strncmp.o)
 .ARM.attributes
                0x0000049b       0x29 c:/microsemi/softconsole v3.3/sourcery-g++/bin/../lib/gcc/arm-none-eabi/4.4.1/thumb2/crtend.o
 .ARM.attributes
                0x000004c4       0x19 c:/microsemi/softconsole v3.3/sourcery-g++/bin/../lib/gcc/arm-none-eabi/4.4.1/thumb2/crtn.o

/DISCARD/
 *(.note.GNU-stack)
OUTPUT(TouchScreenFinal_MSS_CM3_0_app elf32-littlearm)

.debug_ranges   0x00000000      0x9d0
 .debug_ranges  0x00000000       0x30 ./main.o
 .debug_ranges  0x00000030      0x168 ./touchscreen.o
 .debug_ranges  0x00000198       0x20 ./xbee.o
 .debug_ranges  0x000001b8       0xa0 D:/GitHub/EECS373_Project/TouchScreenFinal/SoftConsole/TouchScreenFinal_MSS_CM3_0/TouchScreenFinal_MSS_CM3_0_hw_platform/Debug/CMSIS/startup_gcc/newlib_stubs.o
 .debug_ranges  0x00000258       0xd0 D:\GitHub\EECS373_Project\TouchScreenFinal\SoftConsole\TouchScreenFinal_MSS_CM3_0\TouchScreenFinal_MSS_CM3_0_hw_platform\Debug\libTouchScreenFinal_MSS_CM3_0_hw_platform.a(mss_uart.o)
 .debug_ranges  0x00000328       0xc0 D:\GitHub\EECS373_Project\TouchScreenFinal\SoftConsole\TouchScreenFinal_MSS_CM3_0\TouchScreenFinal_MSS_CM3_0_hw_platform\Debug\libTouchScreenFinal_MSS_CM3_0_hw_platform.a(mss_spi.o)
 .debug_ranges  0x000003e8      0x108 D:\GitHub\EECS373_Project\TouchScreenFinal\SoftConsole\TouchScreenFinal_MSS_CM3_0\TouchScreenFinal_MSS_CM3_0_hw_platform\Debug\libTouchScreenFinal_MSS_CM3_0_hw_platform.a(mss_i2c.o)
 .debug_ranges  0x000004f0       0x60 D:\GitHub\EECS373_Project\TouchScreenFinal\SoftConsole\TouchScreenFinal_MSS_CM3_0\TouchScreenFinal_MSS_CM3_0_hw_platform\Debug\libTouchScreenFinal_MSS_CM3_0_hw_platform.a(mss_gpio.o)
 .debug_ranges  0x00000550       0xf0 D:\GitHub\EECS373_Project\TouchScreenFinal\SoftConsole\TouchScreenFinal_MSS_CM3_0\TouchScreenFinal_MSS_CM3_0_hw_platform\Debug\libTouchScreenFinal_MSS_CM3_0_hw_platform.a(mss_ace.o)
 .debug_ranges  0x00000640       0xc0 D:\GitHub\EECS373_Project\TouchScreenFinal\SoftConsole\TouchScreenFinal_MSS_CM3_0\TouchScreenFinal_MSS_CM3_0_hw_platform\Debug\libTouchScreenFinal_MSS_CM3_0_hw_platform.a(core_cm3.o)
 .debug_ranges  0x00000700       0x20 D:\GitHub\EECS373_Project\TouchScreenFinal\SoftConsole\TouchScreenFinal_MSS_CM3_0\TouchScreenFinal_MSS_CM3_0_hw_platform\Debug\libTouchScreenFinal_MSS_CM3_0_hw_platform.a(system_a2fxxxm3.o)
 .debug_ranges  0x00000720       0xd8 D:\GitHub\EECS373_Project\TouchScreenFinal\SoftConsole\TouchScreenFinal_MSS_CM3_0\TouchScreenFinal_MSS_CM3_0_hw_platform\Debug\libTouchScreenFinal_MSS_CM3_0_hw_platform.a(ace_convert.o)
 .debug_ranges  0x000007f8      0x1d8 D:\GitHub\EECS373_Project\TouchScreenFinal\SoftConsole\TouchScreenFinal_MSS_CM3_0\TouchScreenFinal_MSS_CM3_0_hw_platform\Debug\libTouchScreenFinal_MSS_CM3_0_hw_platform.a(ace_flags.o)
