Archive member included because of file (symbol)

D:\GitHub\EECS373_Project\TouchScreenFinal\SoftConsole\TouchScreenFinal_MSS_CM3_0\TouchScreenFinal_MSS_CM3_0_hw_platform\Debug\libTouchScreenFinal_MSS_CM3_0_hw_platform.a(mss_uart.o)
                              ./xbee.o (MSS_UART_polled_tx)
D:\GitHub\EECS373_Project\TouchScreenFinal\SoftConsole\TouchScreenFinal_MSS_CM3_0\TouchScreenFinal_MSS_CM3_0_hw_platform\Debug\libTouchScreenFinal_MSS_CM3_0_hw_platform.a(mss_spi.o)
                              ./touchscreen.o (g_mss_spi1)
D:\GitHub\EECS373_Project\TouchScreenFinal\SoftConsole\TouchScreenFinal_MSS_CM3_0\TouchScreenFinal_MSS_CM3_0_hw_platform\Debug\libTouchScreenFinal_MSS_CM3_0_hw_platform.a(mss_i2c.o)
                              ./touchscreen.o (g_mss_i2c1)
D:\GitHub\EECS373_Project\TouchScreenFinal\SoftConsole\TouchScreenFinal_MSS_CM3_0\TouchScreenFinal_MSS_CM3_0_hw_platform\Debug\libTouchScreenFinal_MSS_CM3_0_hw_platform.a(mss_gpio.o)
                              ./touchscreen.o (MSS_GPIO_init)
D:\GitHub\EECS373_Project\TouchScreenFinal\SoftConsole\TouchScreenFinal_MSS_CM3_0\TouchScreenFinal_MSS_CM3_0_hw_platform\Debug\libTouchScreenFinal_MSS_CM3_0_hw_platform.a(mss_ace.o)
                              ./touchscreen.o (ACE_set_sdd_value)
D:\GitHub\EECS373_Project\TouchScreenFinal\SoftConsole\TouchScreenFinal_MSS_CM3_0\TouchScreenFinal_MSS_CM3_0_hw_platform\Debug\libTouchScreenFinal_MSS_CM3_0_hw_platform.a(core_cm3.o)
                              D:\GitHub\EECS373_Project\TouchScreenFinal\SoftConsole\TouchScreenFinal_MSS_CM3_0\TouchScreenFinal_MSS_CM3_0_hw_platform\Debug\libTouchScreenFinal_MSS_CM3_0_hw_platform.a(mss_i2c.o) (__get_PRIMASK)
D:\GitHub\EECS373_Project\TouchScreenFinal\SoftConsole\TouchScreenFinal_MSS_CM3_0\TouchScreenFinal_MSS_CM3_0_hw_platform\Debug\libTouchScreenFinal_MSS_CM3_0_hw_platform.a(system_a2fxxxm3.o)
                              D:/GitHub/EECS373_Project/TouchScreenFinal/SoftConsole/TouchScreenFinal_MSS_CM3_0/TouchScreenFinal_MSS_CM3_0_hw_platform/Debug/CMSIS/startup_gcc/startup_a2fxxxm3.o (SystemInit)
D:\GitHub\EECS373_Project\TouchScreenFinal\SoftConsole\TouchScreenFinal_MSS_CM3_0\TouchScreenFinal_MSS_CM3_0_hw_platform\Debug\libTouchScreenFinal_MSS_CM3_0_hw_platform.a(ace_config.o)
                              D:\GitHub\EECS373_Project\TouchScreenFinal\SoftConsole\TouchScreenFinal_MSS_CM3_0\TouchScreenFinal_MSS_CM3_0_hw_platform\Debug\libTouchScreenFinal_MSS_CM3_0_hw_platform.a(mss_ace.o) (g_ace_channel_desc_table)
D:\GitHub\EECS373_Project\TouchScreenFinal\SoftConsole\TouchScreenFinal_MSS_CM3_0\TouchScreenFinal_MSS_CM3_0_hw_platform\Debug\libTouchScreenFinal_MSS_CM3_0_hw_platform.a(ace_convert.o)
                              D:\GitHub\EECS373_Project\TouchScreenFinal\SoftConsole\TouchScreenFinal_MSS_CM3_0\TouchScreenFinal_MSS_CM3_0_hw_platform\Debug\libTouchScreenFinal_MSS_CM3_0_hw_platform.a(mss_ace.o) (ace_init_convert)
D:\GitHub\EECS373_Project\TouchScreenFinal\SoftConsole\TouchScreenFinal_MSS_CM3_0\TouchScreenFinal_MSS_CM3_0_hw_platform\Debug\libTouchScreenFinal_MSS_CM3_0_hw_platform.a(ace_flags.o)
                              D:\GitHub\EECS373_Project\TouchScreenFinal\SoftConsole\TouchScreenFinal_MSS_CM3_0\TouchScreenFinal_MSS_CM3_0_hw_platform\Debug\libTouchScreenFinal_MSS_CM3_0_hw_platform.a(mss_ace.o) (ace_init_flags)
c:/microsemi/softconsole v3.3/sourcery-g++/bin/../lib/gcc/arm-none-eabi/4.4.1/thumb2\libgcc.a(_arm_addsubdf3.o)
                              ./main.o (__aeabi_i2d)
c:/microsemi/softconsole v3.3/sourcery-g++/bin/../lib/gcc/arm-none-eabi/4.4.1/thumb2\libgcc.a(_arm_muldivdf3.o)
                              ./main.o (__aeabi_ddiv)
c:/microsemi/softconsole v3.3/sourcery-g++/bin/../lib/gcc/arm-none-eabi/4.4.1/thumb2\libgcc.a(_arm_truncdfsf2.o)
                              ./main.o (__aeabi_d2f)
c:/microsemi/softconsole v3.3/sourcery-g++/bin/../lib/gcc/arm-none-eabi/4.4.1/thumb2\libgcc.a(_arm_addsubsf3.o)
                              ./touchscreen.o (__aeabi_fsub)
c:/microsemi/softconsole v3.3/sourcery-g++/bin/../lib/gcc/arm-none-eabi/4.4.1/thumb2\libgcc.a(_arm_muldivsf3.o)
                              ./main.o (__aeabi_fmul)
c:/microsemi/softconsole v3.3/sourcery-g++/bin/../lib/gcc/arm-none-eabi/4.4.1/thumb2\libgcc.a(_arm_fixsfsi.o)
                              ./touchscreen.o (__aeabi_f2iz)
c:/microsemi/softconsole v3.3/sourcery-g++/bin/../lib/gcc/arm-none-eabi/4.4.1/thumb2\libgcc.a(_arm_fixunssfsi.o)
                              ./main.o (__aeabi_f2uiz)
c:/microsemi/softconsole v3.3/sourcery-g++/bin/../lib/gcc/arm-none-eabi/4.4.1/../../../../arm-none-eabi/lib/thumb2\libc.a(lib_a-errno.o)
                              D:/GitHub/EECS373_Project/TouchScreenFinal/SoftConsole/TouchScreenFinal_MSS_CM3_0/TouchScreenFinal_MSS_CM3_0_hw_platform/Debug/CMSIS/startup_gcc/newlib_stubs.o (__errno)
c:/microsemi/softconsole v3.3/sourcery-g++/bin/../lib/gcc/arm-none-eabi/4.4.1/../../../../arm-none-eabi/lib/thumb2\libc.a(lib_a-impure.o)
[...]
Memory Configuration

Name             Origin             Length             Attributes
ram              0x20000000         0x00010000         xrw
*default*        0x00000000         0xffffffff

Linker script and memory map

LOAD c:/microsemi/softconsole v3.3/sourcery-g++/bin/../lib/gcc/arm-none-eabi/4.4.1/thumb2/crti.o
LOAD c:/microsemi/softconsole v3.3/sourcery-g++/bin/../lib/gcc/arm-none-eabi/4.4.1/thumb2/crtbegin.o
LOAD ./main.o
LOAD ./touchscreen.o
LOAD ./xbee.o
LOAD D:/GitHub/EECS373_Project/TouchScreenFinal/SoftConsole/TouchScreenFinal_MSS_CM3_0/TouchScreenFinal_MSS_CM3_0_hw_platform/Debug/CMSIS/startup_gcc/startup_a2fxxxm3.o
LOAD D:/GitHub/EECS373_Project/TouchScreenFinal/SoftConsole/TouchScreenFinal_MSS_CM3_0/TouchScreenFinal_MSS_CM3_0_hw_platform/Debug/CMSIS/startup_gcc/newlib_stubs.o
LOAD D:\GitHub\EECS373_Project\TouchScreenFinal\SoftConsole\TouchScreenFinal_MSS_CM3_0\TouchScreenFinal_MSS_CM3_0_hw_platform\Debug\libTouchScreenFinal_MSS_CM3_0_hw_platform.a
START GROUP
LOAD c:/microsemi/softconsole v3.3/sourcery-g++/bin/../lib/gcc/arm-none-eabi/4.4.1/thumb2\libgcc.a
LOAD c:/microsemi/softconsole v3.3/sourcery-g++/bin/../lib/gcc/arm-none-eabi/4.4.1/../../../../arm-none-eabi/lib/thumb2\libc.a
END GROUP
LOAD c:/microsemi/softconsole v3.3/sourcery-g++/bin/../lib/gcc/arm-none-eabi/4.4.1/thumb2/crtend.o
LOAD c:/microsemi/softconsole v3.3/sourcery-g++/bin/../lib/gcc/arm-none-eabi/4.4.1/thumb2/crtn.o
START GROUP
LOAD c:/microsemi/softconsole v3.3/sourcery-g++/bin/../lib/gcc/arm-none-eabi/4.4.1/../../../../arm-none-eabi/lib/thumb2\libc.a
LOAD c:/microsemi/softconsole v3.3/sourcery-g++/bin/../lib/gcc/arm-none-eabi/4.4.1/thumb2\libgcc.a
LOAD c:/microsemi/softconsole v3.3/sourcery-g++/bin/../lib/gcc/arm-none-eabi/4.4.1/../../../../arm-none-eabi/lib/thumb2\libm.a
END GROUP
                0x00000000                __DYNAMIC = 0x0
                0x20000000                RAM_START_ADDRESS = 0x20000000
                0x00010000                RAM_SIZE = 0x10000
                0x00002000                MAIN_STACK_SIZE = 0x2000
                0x00001000                PROCESS_STACK_SIZE = 0x1000
                0x20010000                PROVIDE (__main_stack_start, (RAM_START_ADDRESS + RAM_SIZE))
                0x2000e000                PROVIDE (__process_stack_start, (__main_stack_start - MAIN_STACK_SIZE))
                0x20010000                PROVIDE (_estack, __main_stack_start)
                0x00000000                PROVIDE (__mirrored_nvm, 0x0)

.text           0x20000000     0x4140
 CREATE_OBJECT_SYMBOLS
                0x20000000                __text_load = LOADADDR (.text)
                0x20000000                __text_start = .
                0x20000000                __vector_table_vma_base_address = .
 *(.isr_vector)
 .isr_vector    0x20000000      0x470 D:/GitHub/EECS373_Project/TouchScreenFinal/SoftConsole/TouchScreenFinal_MSS_CM3_0/TouchScreenFinal_MSS_CM3_0_hw_platform/Debug/CMSIS/startup_gcc/startup_a2fxxxm3.o
                0x20000000                g_pfnVectors
                0x20000298                Reset_Handler
                0x20000308                NMI_Handler
                0x2000030a                HardFault_Handler
                0x2000030c                MemManage_Handler
                0x2000030e                BusFault_Handler
                0x20000310                UsageFault_Handler
                0x20000312                SVC_Handler
                0x20000314                DebugMon_Handler
                0x20000316                PendSV_Handler
                0x20000318                SysTick_Handler
                0x2000031a                WdogWakeup_IRQHandler
                0x2000031c                BrownOut_1_5V_IRQHandler
                0x2000031e                BrownOut_3_3V_IRQHandler
                0x20000320                RTC_Match_IRQHandler
                0x20000322                RTCIF_Pub_IRQHandler
                0x20000324                EthernetMAC_IRQHandler
                0x20000326                IAP_IRQHandler
                0x20000328                ENVM0_IRQHandler
                0x2000032a                ENVM1_IRQHandler
                0x2000032c                DMA_IRQHandler
                0x20000338                I2C0_SMBAlert_IRQHandler
                0x2000033a                I2C0_SMBus_IRQHandler
                0x2000033e                I2C1_SMBAlert_IRQHandler
                0x20000340                I2C1_SMBus_IRQHandler
                0x20000342                Timer1_IRQHandler
                0x20000344                Timer2_IRQHandler
                0x20000346                PLL_Lock_IRQHandler
                0x20000348                PLL_LockLost_IRQHandler
                0x2000034a                CommError_IRQHandler
                0x2000034c                Fabric_IRQHandler
                0x2000034e                GPIO0_IRQHandler
                0x20000350                GPIO1_IRQHandler
                0x20000352                GPIO2_IRQHandler
                0x20000354                GPIO3_IRQHandler
                0x20000356                GPIO4_IRQHandler
                0x20000358                GPIO5_IRQHandler
                0x2000035a                GPIO6_IRQHandler
                0x2000035c                GPIO7_IRQHandler
                0x2000035e                GPIO8_IRQHandler
                0x20000360                GPIO9_IRQHandler
                0x20000362                GPIO10_IRQHandler
                0x20000364                GPIO11_IRQHandler
                0x20000366                GPIO12_IRQHandler
                0x20000368                GPIO13_IRQHandler
                0x2000036a                GPIO14_IRQHandler
                0x2000036c                GPIO15_IRQHandler
                0x2000036e                GPIO16_IRQHandler
                0x20000370                GPIO17_IRQHandler
                0x20000372                GPIO18_IRQHandler
                0x20000374                GPIO19_IRQHandler
                0x20000376                GPIO20_IRQHandler
                0x20000378                GPIO21_IRQHandler
                0x2000037a                GPIO22_IRQHandler
                0x2000037c                GPIO23_IRQHandler
                0x2000037e                GPIO24_IRQHandler
                0x20000380                GPIO25_IRQHandler
                0x20000382                GPIO26_IRQHandler
                0x20000384                GPIO27_IRQHandler
                0x20000386                GPIO28_IRQHandler
                0x20000388                GPIO29_IRQHandler
                0x2000038a                GPIO30_IRQHandler
                0x2000038c                GPIO31_IRQHandler
                0x2000038e                ACE_PC0_Flag0_IRQHandler
                0x20000390                ACE_PC0_Flag1_IRQHandler
                0x20000392                ACE_PC0_Flag2_IRQHandler
                0x20000394                ACE_PC0_Flag3_IRQHandler
                0x20000396                ACE_PC1_Flag0_IRQHandler
                0x20000398                ACE_PC1_Flag1_IRQHandler
                0x2000039a                ACE_PC1_Flag2_IRQHandler
                0x2000039c                ACE_PC1_Flag3_IRQHandler
                0x2000039e                ACE_PC2_Flag0_IRQHandler
                0x200003a0                ACE_PC2_Flag1_IRQHandler
                0x200003a2                ACE_PC2_Flag2_IRQHandler
                0x200003a4                ACE_PC2_Flag3_IRQHandler
                0x200003a6                ACE_ADC0_DataValid_IRQHandler
                0x200003a8                ACE_ADC1_DataValid_IRQHandler
                0x200003aa                ACE_ADC2_DataValid_IRQHandler
                0x200003ac                ACE_ADC0_CalDone_IRQHandler
                0x200003ae                ACE_ADC1_CalDone_IRQHandler
                0x200003b0                ACE_ADC2_CalDone_IRQHandler
                0x200003b2                ACE_ADC0_CalStart_IRQHandler
                0x200003b4                ACE_ADC1_CalStart_IRQHandler
                0x200003b6                ACE_ADC2_CalStart_IRQHandler
                0x200003b8                ACE_Comp0_Fall_IRQHandler
                0x200003ba                ACE_Comp1_Fall_IRQHandler
                0x200003bc                ACE_Comp2_Fall_IRQHandler
                0x200003be                ACE_Comp3_Fall_IRQHandler
                0x200003c0                ACE_Comp4_Fall_IRQHandler
                0x200003c2                ACE_Comp5_Fall_IRQHandler
                0x200003c4                ACE_Comp6_Fall_IRQHandler
                0x200003c6                ACE_Comp7_Fall_IRQHandler
                0x200003c8                ACE_Comp8_Fall_IRQHandler
                0x200003ca                ACE_Comp9_Fall_IRQHandler
                0x200003cc                ACE_Comp10_Fall_IRQHandler
                0x200003ce                ACE_Comp11_Fall_IRQHandler
                0x200003d0                ACE_Comp0_Rise_IRQHandler
                0x200003d2                ACE_Comp1_Rise_IRQHandler
                0x200003d4                ACE_Comp2_Rise_IRQHandler
                0x200003d6                ACE_Comp3_Rise_IRQHandler
                0x200003d8                ACE_Comp4_Rise_IRQHandler
                0x200003da                ACE_Comp5_Rise_IRQHandler
                0x200003dc                ACE_Comp6_Rise_IRQHandler
                0x200003de                ACE_Comp7_Rise_IRQHandler
                0x200003e0                ACE_Comp8_Rise_IRQHandler
                0x200003e2                ACE_Comp9_Rise_IRQHandler
                0x200003e4                ACE_Comp10_Rise_IRQHandler
                0x200003e6                ACE_Comp11_Rise_IRQHandler
                0x200003e8                ACE_ADC0_FifoFull_IRQHandler
                0x200003ea                ACE_ADC0_FifoAFull_IRQHandler
                0x200003ec                ACE_ADC0_FifoEmpty_IRQHandler
                0x200003ee                ACE_ADC1_FifoFull_IRQHandler
                0x200003f0                ACE_ADC1_FifoAFull_IRQHandler
                0x200003f2                ACE_ADC1_FifoEmpty_IRQHandler
                0x200003f4                ACE_ADC2_FifoFull_IRQHandler
                0x200003f6                ACE_ADC2_FifoAFull_IRQHandler
                0x200003f8                ACE_ADC2_FifoEmpty_IRQHandler
 *(.text .text.* .gnu.linkonce.t.*)
 .text          0x20000470       0x30 c:/microsemi/softconsole v3.3/sourcery-g++/bin/../lib/gcc/arm-none-eabi/4.4.1/thumb2/crtbegin.o
 .text.main     0x200004a0      0x3f0 ./main.o
                0x200004a0                main
 .text.NVIC_DisableIRQ
                0x20000890       0x3c ./touchscreen.o
 .text.NVIC_ClearPendingIRQ
                0x200008cc       0x3c ./touchscreen.o
 .text.MSS_TIM1_init
                0x20000908       0x84 ./touchscreen.o
 .text.MSS_TIM1_start
                0x2000098c       0x1c ./touchscreen.o
 .text.MSS_TIM1_stop
                0x200009a8       0x1c ./touchscreen.o
 .text.MSS_TIM1_get_current_value
                0x200009c4       0x18 ./touchscreen.o
 .text.MSS_TIM1_load_immediate
                0x200009dc       0x20 ./touchscreen.o
 .text.touchscreen_begin
                0x200009fc      0x1e8 ./touchscreen.o
                0x200009fc                touchscreen_begin
 .text.readTouch
                0x20000be4       0xa4 ./touchscreen.o
                0x20000be4                readTouch
 .text.touched  0x20000c88       0x18 ./touchscreen.o
                0x20000c88                touched
 .text.drawPixel
                0x20000ca0       0x48 ./touchscreen.o
                0x20000ca0                drawPixel
 .text.drawRectangle
                0x20000ce8       0x80 ./touchscreen.o
                0x20000ce8                drawRectangle
 .text.drawRectanglePixel
                0x20000d68       0x5c ./touchscreen.o
                0x20000d68                drawRectanglePixel
 .text.drawFillScreen
                0x20000dc4       0x74 ./touchscreen.o
                0x20000dc4                drawFillScreen
 .text.drawText1
                0x20000e38       0x44 ./touchscreen.o
                0x20000e38                drawText1
 .text.drawText2
                0x20000e7c       0x5c ./touchscreen.o
                0x20000e7c                drawText2
 .text.drawText3
                0x20000ed8       0x5c ./touchscreen.o
                0x20000ed8                drawText3
 .text.setAddr  0x20000f34       0x50 ./touchscreen.o
                0x20000f34                setAddr
 .text.sendCommand
                0x20000f84       0x60 ./touchscreen.o
                0x20000f84                sendCommand
 .text.delay    0x20000fe4       0x40 ./touchscreen.o
                0x20000fe4                delay
 .text.sendCommandOnly
                0x20001024       0x2c ./touchscreen.o
                0x20001024                sendCommandOnly
 .text.writeLine
                0x20001050      0x13c ./touchscreen.o
                0x20001050                writeLine
 .text.configureSPI
                0x2000118c       0x30 ./touchscreen.o
                0x2000118c                configureSPI
 .text.sendSPI  0x200011bc       0x24 ./touchscreen.o
                0x200011bc                sendSPI
 .text.sendSPI16
                0x200011e0       0x38 ./touchscreen.o
                0x200011e0                sendSPI16
 .text.set_SPI_CS
                0x20001218       0x18 ./touchscreen.o
                0x20001218                set_SPI_CS
 .text.clear_SPI_CS
                0x20001230       0x18 ./touchscreen.o
                0x20001230                clear_SPI_CS
 .text.set_DC_HIGH
                0x20001248       0x14 ./touchscreen.o
                0x20001248                set_DC_HIGH
 .text.set_DC_LOW
                0x2000125c       0x14 ./touchscreen.o
                0x2000125c                set_DC_LOW
 .text.writeRegister8
                0x20001270       0x50 ./touchscreen.o
                0x20001270                writeRegister8
 .text.readRegister8
                0x200012c0       0x78 ./touchscreen.o
                0x200012c0                readRegister8
 .text.bufferEmpty
                0x20001338       0x18 ./touchscreen.o
                0x20001338                bufferEmpty
 .text.scaleX   0x20001350       0x60 ./touchscreen.o
                0x20001350                scaleX
 .text.scaleY   0x200013b0       0x60 ./touchscreen.o
                0x200013b0                scaleY
 .text.sendMessage
                0x20001410       0xfc ./xbee.o
                0x20001410                sendMessage
 .text.uart1_rx_handler
                0x2000150c       0x24 ./xbee.o
                0x2000150c                uart1_rx_handler
 .text.MSS_UART_polled_tx
                0x20001530       0xac D:\GitHub\EECS373_Project\TouchScreenFinal\SoftConsole\TouchScreenFinal_MSS_CM3_0\TouchScreenFinal_MSS_CM3_0_hw_platform\Debug\libTouchScreenFinal_MSS_CM3_0_hw_platform.a(mss_uart.o)
                0x20001530                MSS_UART_polled_tx
 .text.MSS_UART_get_rx
                0x200015dc       0x9c D:\GitHub\EECS373_Project\TouchScreenFinal\SoftConsole\TouchScreenFinal_MSS_CM3_0\TouchScreenFinal_MSS_CM3_0_hw_platform\Debug\libTouchScreenFinal_MSS_CM3_0_hw_platform.a(mss_uart.o)
                0x200015dc                MSS_UART_get_rx
 .text.MSS_UART_isr
                0x20001678       0x70 D:\GitHub\EECS373_Project\TouchScreenFinal\SoftConsole\TouchScreenFinal_MSS_CM3_0\TouchScreenFinal_MSS_CM3_0_hw_platform\Debug\libTouchScreenFinal_MSS_CM3_0_hw_platform.a(mss_uart.o)
 .text.default_tx_handler
                0x200016e8       0xa8 D:\GitHub\EECS373_Project\TouchScreenFinal\SoftConsole\TouchScreenFinal_MSS_CM3_0\TouchScreenFinal_MSS_CM3_0_hw_platform\Debug\libTouchScreenFinal_MSS_CM3_0_hw_platform.a(mss_uart.o)
 .text.MSS_UART_set_rx_handler
                0x20001790       0xa4 D:\GitHub\EECS373_Project\TouchScreenFinal\SoftConsole\TouchScreenFinal_MSS_CM3_0\TouchScreenFinal_MSS_CM3_0_hw_platform\Debug\libTouchScreenFinal_MSS_CM3_0_hw_platform.a(mss_uart.o)
                0x20001790                MSS_UART_set_rx_handler
 .text.UART0_IRQHandler
                0x20001834       0x30 D:\GitHub\EECS373_Project\TouchScreenFinal\SoftConsole\TouchScreenFinal_MSS_CM3_0\TouchScreenFinal_MSS_CM3_0_hw_platform\Debug\libTouchScreenFinal_MSS_CM3_0_hw_platform.a(mss_uart.o)
                0x20001834                UART0_IRQHandler
 .text.UART1_IRQHandler
                0x20001864       0x30 D:\GitHub\EECS373_Project\TouchScreenFinal\SoftConsole\TouchScreenFinal_MSS_CM3_0\TouchScreenFinal_MSS_CM3_0_hw_platform\Debug\libTouchScreenFinal_MSS_CM3_0_hw_platform.a(mss_uart.o)
                0x20001864                UART1_IRQHandler
 .text.MSS_UART_init
                0x20001894      0x150 D:\GitHub\EECS373_Project\TouchScreenFinal\SoftConsole\TouchScreenFinal_MSS_CM3_0\TouchScreenFinal_MSS_CM3_0_hw_platform\Debug\libTouchScreenFinal_MSS_CM3_0_hw_platform.a(mss_uart.o)
                0x20001894                MSS_UART_init
 .text.recover_from_rx_overflow
                0x200019e4       0xe4 D:\GitHub\EECS373_Project\TouchScreenFinal\SoftConsole\TouchScreenFinal_MSS_CM3_0\TouchScreenFinal_MSS_CM3_0_hw_platform\Debug\libTouchScreenFinal_MSS_CM3_0_hw_platform.a(mss_spi.o)
 .text.MSS_SPI_configure_master_mode
                0x20001ac8      0x100 D:\GitHub\EECS373_Project\TouchScreenFinal\SoftConsole\TouchScreenFinal_MSS_CM3_0\TouchScreenFinal_MSS_CM3_0_hw_platform\Debug\libTouchScreenFinal_MSS_CM3_0_hw_platform.a(mss_spi.o)
                0x20001ac8                MSS_SPI_configure_master_mode
 .text.MSS_SPI_set_slave_select
                0x20001bc8       0xcc D:\GitHub\EECS373_Project\TouchScreenFinal\SoftConsole\TouchScreenFinal_MSS_CM3_0\TouchScreenFinal_MSS_CM3_0_hw_platform\Debug\libTouchScreenFinal_MSS_CM3_0_hw_platform.a(mss_spi.o)
                0x20001bc8                MSS_SPI_set_slave_select
 .text.MSS_SPI_clear_slave_select
                0x20001c94       0x90 D:\GitHub\EECS373_Project\TouchScreenFinal\SoftConsole\TouchScreenFinal_MSS_CM3_0\TouchScreenFinal_MSS_CM3_0_hw_platform\Debug\libTouchScreenFinal_MSS_CM3_0_hw_platform.a(mss_spi.o)
                0x20001c94                MSS_SPI_clear_slave_select
 .text.MSS_SPI_transfer_frame
                0x20001d24       0x90 D:\GitHub\EECS373_Project\TouchScreenFinal\SoftConsole\TouchScreenFinal_MSS_CM3_0\TouchScreenFinal_MSS_CM3_0_hw_platform\Debug\libTouchScreenFinal_MSS_CM3_0_hw_platform.a(mss_spi.o)
                0x20001d24                MSS_SPI_transfer_frame
 .text.fill_slave_tx_fifo
                0x20001db4       0xa8 D:\GitHub\EECS373_Project\TouchScreenFinal\SoftConsole\TouchScreenFinal_MSS_CM3_0\TouchScreenFinal_MSS_CM3_0_hw_platform\Debug\libTouchScreenFinal_MSS_CM3_0_hw_platform.a(mss_spi.o)
 .text.read_slave_rx_fifo
                0x20001e5c       0x74 D:\GitHub\EECS373_Project\TouchScreenFinal\SoftConsole\TouchScreenFinal_MSS_CM3_0\TouchScreenFinal_MSS_CM3_0_hw_platform\Debug\libTouchScreenFinal_MSS_CM3_0_hw_platform.a(mss_spi.o)
 .text.mss_spi_isr
                0x20001ed0      0x1c8 D:\GitHub\EECS373_Project\TouchScreenFinal\SoftConsole\TouchScreenFinal_MSS_CM3_0\TouchScreenFinal_MSS_CM3_0_hw_platform\Debug\libTouchScreenFinal_MSS_CM3_0_hw_platform.a(mss_spi.o)
 .text.SPI0_IRQHandler
                0x20002098       0x30 D:\GitHub\EECS373_Project\TouchScreenFinal\SoftConsole\TouchScreenFinal_MSS_CM3_0\TouchScreenFinal_MSS_CM3_0_hw_platform\Debug\libTouchScreenFinal_MSS_CM3_0_hw_platform.a(mss_spi.o)
                0x20002098                SPI0_IRQHandler
 .text.SPI1_IRQHandler
                0x200020c8       0x30 D:\GitHub\EECS373_Project\TouchScreenFinal\SoftConsole\TouchScreenFinal_MSS_CM3_0\TouchScreenFinal_MSS_CM3_0_hw_platform\Debug\libTouchScreenFinal_MSS_CM3_0_hw_platform.a(mss_spi.o)
                0x200020c8                SPI1_IRQHandler
 .text.MSS_SPI_init
                0x200020f8       0xfc D:\GitHub\EECS373_Project\TouchScreenFinal\SoftConsole\TouchScreenFinal_MSS_CM3_0\TouchScreenFinal_MSS_CM3_0_hw_platform\Debug\libTouchScreenFinal_MSS_CM3_0_hw_platform.a(mss_spi.o)
                0x200020f8                MSS_SPI_init
 .text.MSS_I2C_wait_complete
                0x200021f4       0x28 D:\GitHub\EECS373_Project\TouchScreenFinal\SoftConsole\TouchScreenFinal_MSS_CM3_0\TouchScreenFinal_MSS_CM3_0_hw_platform\Debug\libTouchScreenFinal_MSS_CM3_0_hw_platform.a(mss_i2c.o)
                0x200021f4                MSS_I2C_wait_complete
 .text.enable_slave_if_required
                0x2000221c       0x10 D:\GitHub\EECS373_Project\TouchScreenFinal\SoftConsole\TouchScreenFinal_MSS_CM3_0\TouchScreenFinal_MSS_CM3_0_hw_platform\Debug\libTouchScreenFinal_MSS_CM3_0_hw_platform.a(mss_i2c.o)
 .text.mss_i2c_isr
                0x2000222c      0x594 D:\GitHub\EECS373_Project\TouchScreenFinal\SoftConsole\TouchScreenFinal_MSS_CM3_0\TouchScreenFinal_MSS_CM3_0_hw_platform\Debug\libTouchScreenFinal_MSS_CM3_0_hw_platform.a(mss_i2c.o)
 .text.I2C0_IRQHandler
                0x200027c0       0x30 D:\GitHub\EECS373_Project\TouchScreenFinal\SoftConsole\TouchScreenFinal_MSS_CM3_0\TouchScreenFinal_MSS_CM3_0_hw_platform\Debug\libTouchScreenFinal_MSS_CM3_0_hw_platform.a(mss_i2c.o)
                0x200027c0                I2C0_IRQHandler
 .text.I2C1_IRQHandler
                0x200027f0       0x30 D:\GitHub\EECS373_Project\TouchScreenFinal\SoftConsole\TouchScreenFinal_MSS_CM3_0\TouchScreenFinal_MSS_CM3_0_hw_platform\Debug\libTouchScreenFinal_MSS_CM3_0_hw_platform.a(mss_i2c.o)
                0x200027f0                I2C1_IRQHandler
 .text.disable_interrupts
                0x20002820       0x14 D:\GitHub\EECS373_Project\TouchScreenFinal\SoftConsole\TouchScreenFinal_MSS_CM3_0\TouchScreenFinal_MSS_CM3_0_hw_platform\Debug\libTouchScreenFinal_MSS_CM3_0_hw_platform.a(mss_i2c.o)
 .text.restore_interrupts
                0x20002834        0x8 D:\GitHub\EECS373_Project\TouchScreenFinal\SoftConsole\TouchScreenFinal_MSS_CM3_0\TouchScreenFinal_MSS_CM3_0_hw_platform\Debug\libTouchScreenFinal_MSS_CM3_0_hw_platform.a(mss_i2c.o)
 .text.MSS_I2C_read
                0x2000283c       0xe0 D:\GitHub\EECS373_Project\TouchScreenFinal\SoftConsole\TouchScreenFinal_MSS_CM3_0\TouchScreenFinal_MSS_CM3_0_hw_platform\Debug\libTouchScreenFinal_MSS_CM3_0_hw_platform.a(mss_i2c.o)
                0x2000283c                MSS_I2C_read
 .text.MSS_I2C_write
                0x2000291c       0xdc D:\GitHub\EECS373_Project\TouchScreenFinal\SoftConsole\TouchScreenFinal_MSS_CM3_0\TouchScreenFinal_MSS_CM3_0_hw_platform\Debug\libTouchScreenFinal_MSS_CM3_0_hw_platform.a(mss_i2c.o)
                0x2000291c                MSS_I2C_write
 .text.MSS_I2C_init
                0x200029f8      0x11c D:\GitHub\EECS373_Project\TouchScreenFinal\SoftConsole\TouchScreenFinal_MSS_CM3_0\TouchScreenFinal_MSS_CM3_0_hw_platform\Debug\libTouchScreenFinal_MSS_CM3_0_hw_platform.a(mss_i2c.o)
                0x200029f8                MSS_I2C_init
 .text.MSS_GPIO_init
                0x20002b14       0x60 D:\GitHub\EECS373_Project\TouchScreenFinal\SoftConsole\TouchScreenFinal_MSS_CM3_0\TouchScreenFinal_MSS_CM3_0_hw_platform\Debug\libTouchScreenFinal_MSS_CM3_0_hw_platform.a(mss_gpio.o)
                0x20002b14                MSS_GPIO_init
 .text.MSS_GPIO_config
                0x20002b74       0x18 D:\GitHub\EECS373_Project\TouchScreenFinal\SoftConsole\TouchScreenFinal_MSS_CM3_0\TouchScreenFinal_MSS_CM3_0_hw_platform\Debug\libTouchScreenFinal_MSS_CM3_0_hw_platform.a(mss_gpio.o)
                0x20002b74                MSS_GPIO_config
 .text.MSS_GPIO_set_output
                0x20002b8c       0x1c D:\GitHub\EECS373_Project\TouchScreenFinal\SoftConsole\TouchScreenFinal_MSS_CM3_0\TouchScreenFinal_MSS_CM3_0_hw_platform\Debug\libTouchScreenFinal_MSS_CM3_0_hw_platform.a(mss_gpio.o)
                0x20002b8c                MSS_GPIO_set_output
 .text.ACE_get_channel_handle
                0x20002ba8       0x44 D:\GitHub\EECS373_Project\TouchScreenFinal\SoftConsole\TouchScreenFinal_MSS_CM3_0\TouchScreenFinal_MSS_CM3_0_hw_platform\Debug\libTouchScreenFinal_MSS_CM3_0_hw_platform.a(mss_ace.o)
                0x20002ba8                ACE_get_channel_handle
 .text.ACE_init
                0x20002bec        0xc D:\GitHub\EECS373_Project\TouchScreenFinal\SoftConsole\TouchScreenFinal_MSS_CM3_0\TouchScreenFinal_MSS_CM3_0_hw_platform\Debug\libTouchScreenFinal_MSS_CM3_0_hw_platform.a(mss_ace.o)
                0x20002bec                ACE_init
 .text.__get_PRIMASK
                0x20002bf8        0x8 D:\GitHub\EECS373_Project\TouchScreenFinal\SoftConsole\TouchScreenFinal_MSS_CM3_0\TouchScreenFinal_MSS_CM3_0_hw_platform\Debug\libTouchScreenFinal_MSS_CM3_0_hw_platform.a(core_cm3.o)
                0x20002bf8                __get_PRIMASK
 .text.__set_PRIMASK
                0x20002c00        0x8 D:\GitHub\EECS373_Project\TouchScreenFinal\SoftConsole\TouchScreenFinal_MSS_CM3_0\TouchScreenFinal_MSS_CM3_0_hw_platform\Debug\libTouchScreenFinal_MSS_CM3_0_hw_platform.a(core_cm3.o)
                0x20002c00                __set_PRIMASK
 .text.SystemInit
                0x20002c08        0x4 D:\GitHub\EECS373_Project\TouchScreenFinal\SoftConsole\TouchScreenFinal_MSS_CM3_0\TouchScreenFinal_MSS_CM3_0_hw_platform\Debug\libTouchScreenFinal_MSS_CM3_0_hw_platform.a(system_a2fxxxm3.o)
                0x20002c08                SystemInit
 .text.SystemCoreClockUpdate
                0x20002c0c      0x130 D:\GitHub\EECS373_Project\TouchScreenFinal\SoftConsole\TouchScreenFinal_MSS_CM3_0\TouchScreenFinal_MSS_CM3_0_hw_platform\Debug\libTouchScreenFinal_MSS_CM3_0_hw_platform.a(system_a2fxxxm3.o)
                0x20002c0c                SystemCoreClockUpdate
 .text.ace_init_convert
                0x20002d3c      0x100 D:\GitHub\EECS373_Project\TouchScreenFinal\SoftConsole\TouchScreenFinal_MSS_CM3_0\TouchScreenFinal_MSS_CM3_0_hw_platform\Debug\libTouchScreenFinal_MSS_CM3_0_hw_platform.a(ace_convert.o)
                0x20002d3c                ace_init_convert
 .text.ace_init_flags
                0x20002e3c        0x4 D:\GitHub\EECS373_Project\TouchScreenFinal\SoftConsole\TouchScreenFinal_MSS_CM3_0\TouchScreenFinal_MSS_CM3_0_hw_platform\Debug\libTouchScreenFinal_MSS_CM3_0_hw_platform.a(ace_flags.o)
                0x20002e3c                ace_init_flags
 .text.ACE_PPE_Flag0_IRQHandler
                0x20002e40       0x20 D:\GitHub\EECS373_Project\TouchScreenFinal\SoftConsole\TouchScreenFinal_MSS_CM3_0\TouchScreenFinal_MSS_CM3_0_hw_platform\Debug\libTouchScreenFinal_MSS_CM3_0_hw_platform.a(ace_flags.o)
                0x20002e40                ACE_PPE_Flag0_IRQHandler
 .text.ACE_PPE_Flag1_IRQHandler
                0x20002e60       0x20 D:\GitHub\EECS373_Project\TouchScreenFinal\SoftConsole\TouchScreenFinal_MSS_CM3_0\TouchScreenFinal_MSS_CM3_0_hw_platform\Debug\libTouchScreenFinal_MSS_CM3_0_hw_platform.a(ace_flags.o)
                0x20002e60                ACE_PPE_Flag1_IRQHandler
 .text.ACE_PPE_Flag2_IRQHandler
                0x20002e80       0x20 D:\GitHub\EECS373_Project\TouchScreenFinal\SoftConsole\TouchScreenFinal_MSS_CM3_0\TouchScreenFinal_MSS_CM3_0_hw_platform\Debug\libTouchScreenFinal_MSS_CM3_0_hw_platform.a(ace_flags.o)
                0x20002e80                ACE_PPE_Flag2_IRQHandler
 .text.ACE_PPE_Flag3_IRQHandler
                0x20002ea0       0x20 D:\GitHub\EECS373_Project\TouchScreenFinal\SoftConsole\TouchScreenFinal_MSS_CM3_0\TouchScreenFinal_MSS_CM3_0_hw_platform\Debug\libTouchScreenFinal_MSS_CM3_0_hw_platform.a(ace_flags.o)
                0x20002ea0                ACE_PPE_Flag3_IRQHandler
 .text.ACE_PPE_Flag4_IRQHandler
                0x20002ec0       0x20 D:\GitHub\EECS373_Project\TouchScreenFinal\SoftConsole\TouchScreenFinal_MSS_CM3_0\TouchScreenFinal_MSS_CM3_0_hw_platform\Debug\libTouchScreenFinal_MSS_CM3_0_hw_platform.a(ace_flags.o)
                0x20002ec0                ACE_PPE_Flag4_IRQHandler
 .text.ACE_PPE_Flag5_IRQHandler
                0x20002ee0       0x20 D:\GitHub\EECS373_Project\TouchScreenFinal\SoftConsole\TouchScreenFinal_MSS_CM3_0\TouchScreenFinal_MSS_CM3_0_hw_platform\Debug\libTouchScreenFinal_MSS_CM3_0_hw_platform.a(ace_flags.o)
                0x20002ee0                ACE_PPE_Flag5_IRQHandler
 .text.ACE_PPE_Flag6_IRQHandler
                0x20002f00       0x20 D:\GitHub\EECS373_Project\TouchScreenFinal\SoftConsole\TouchScreenFinal_MSS_CM3_0\TouchScreenFinal_MSS_CM3_0_hw_platform\Debug\libTouchScreenFinal_MSS_CM3_0_hw_platform.a(ace_flags.o)
                0x20002f00                ACE_PPE_Flag6_IRQHandler
 .text.ACE_PPE_Flag7_IRQHandler
                0x20002f20       0x20 D:\GitHub\EECS373_Project\TouchScreenFinal\SoftConsole\TouchScreenFinal_MSS_CM3_0\TouchScreenFinal_MSS_CM3_0_hw_platform\Debug\libTouchScreenFinal_MSS_CM3_0_hw_platform.a(ace_flags.o)
                0x20002f20                ACE_PPE_Flag7_IRQHandler
 .text.ACE_PPE_Flag8_IRQHandler
                0x20002f40       0x20 D:\GitHub\EECS373_Project\TouchScreenFinal\SoftConsole\TouchScreenFinal_MSS_CM3_0\TouchScreenFinal_MSS_CM3_0_hw_platform\Debug\libTouchScreenFinal_MSS_CM3_0_hw_platform.a(ace_flags.o)
                0x20002f40                ACE_PPE_Flag8_IRQHandler
 .text.ACE_PPE_Flag9_IRQHandler
                0x20002f60       0x20 D:\GitHub\EECS373_Project\TouchScreenFinal\SoftConsole\TouchScreenFinal_MSS_CM3_0\TouchScreenFinal_MSS_CM3_0_hw_platform\Debug\libTouchScreenFinal_MSS_CM3_0_hw_platform.a(ace_flags.o)
                0x20002f60                ACE_PPE_Flag9_IRQHandler
 .text.ACE_PPE_Flag10_IRQHandler
                0x20002f80       0x20 D:\GitHub\EECS373_Project\TouchScreenFinal\SoftConsole\TouchScreenFinal_MSS_CM3_0\TouchScreenFinal_MSS_CM3_0_hw_platform\Debug\libTouchScreenFinal_MSS_CM3_0_hw_platform.a(ace_flags.o)
                0x20002f80                ACE_PPE_Flag10_IRQHandler
 .text.ACE_PPE_Flag11_IRQHandler
                0x20002fa0       0x20 D:\GitHub\EECS373_Project\TouchScreenFinal\SoftConsole\TouchScreenFinal_MSS_CM3_0\TouchScreenFinal_MSS_CM3_0_hw_platform\Debug\libTouchScreenFinal_MSS_CM3_0_hw_platform.a(ace_flags.o)
                0x20002fa0                ACE_PPE_Flag11_IRQHandler
 .text.ACE_PPE_Flag12_IRQHandler
                0x20002fc0       0x20 D:\GitHub\EECS373_Project\TouchScreenFinal\SoftConsole\TouchScreenFinal_MSS_CM3_0\TouchScreenFinal_MSS_CM3_0_hw_platform\Debug\libTouchScreenFinal_MSS_CM3_0_hw_platform.a(ace_flags.o)
                0x20002fc0                ACE_PPE_Flag12_IRQHandler
 .text.ACE_PPE_Flag13_IRQHandler
                0x20002fe0       0x20 D:\GitHub\EECS373_Project\TouchScreenFinal\SoftConsole\TouchScreenFinal_MSS_CM3_0\TouchScreenFinal_MSS_CM3_0_hw_platform\Debug\libTouchScreenFinal_MSS_CM3_0_hw_platform.a(ace_flags.o)
                0x20002fe0                ACE_PPE_Flag13_IRQHandler
 .text.ACE_PPE_Flag14_IRQHandler
                0x20003000       0x20 D:\GitHub\EECS373_Project\TouchScreenFinal\SoftConsole\TouchScreenFinal_MSS_CM3_0\TouchScreenFinal_MSS_CM3_0_hw_platform\Debug\libTouchScreenFinal_MSS_CM3_0_hw_platform.a(ace_flags.o)
                0x20003000                ACE_PPE_Flag14_IRQHandler
 .text.ACE_PPE_Flag15_IRQHandler
                0x20003020       0x20 D:\GitHub\EECS373_Project\TouchScreenFinal\SoftConsole\TouchScreenFinal_MSS_CM3_0\TouchScreenFinal_MSS_CM3_0_hw_platform\Debug\libTouchScreenFinal_MSS_CM3_0_hw_platform.a(ace_flags.o)
                0x20003020                ACE_PPE_Flag15_IRQHandler
 .text.ACE_PPE_Flag16_IRQHandler
                0x20003040       0x20 D:\GitHub\EECS373_Project\TouchScreenFinal\SoftConsole\TouchScreenFinal_MSS_CM3_0\TouchScreenFinal_MSS_CM3_0_hw_platform\Debug\libTouchScreenFinal_MSS_CM3_0_hw_platform.a(ace_flags.o)
                0x20003040                ACE_PPE_Flag16_IRQHandler
 .text.ACE_PPE_Flag17_IRQHandler
                0x20003060       0x20 D:\GitHub\EECS373_Project\TouchScreenFinal\SoftConsole\TouchScreenFinal_MSS_CM3_0\TouchScreenFinal_MSS_CM3_0_hw_platform\Debug\libTouchScreenFinal_MSS_CM3_0_hw_platform.a(ace_flags.o)
                0x20003060                ACE_PPE_Flag17_IRQHandler
 .text.ACE_PPE_Flag18_IRQHandler
                0x20003080       0x20 D:\GitHub\EECS373_Project\TouchScreenFinal\SoftConsole\TouchScreenFinal_MSS_CM3_0\TouchScreenFinal_MSS_CM3_0_hw_platform\Debug\libTouchScreenFinal_MSS_CM3_0_hw_platform.a(ace_flags.o)
                0x20003080                ACE_PPE_Flag18_IRQHandler
 .text.ACE_PPE_Flag19_IRQHandler
                0x200030a0       0x20 D:\GitHub\EECS373_Project\TouchScreenFinal\SoftConsole\TouchScreenFinal_MSS_CM3_0\TouchScreenFinal_MSS_CM3_0_hw_platform\Debug\libTouchScreenFinal_MSS_CM3_0_hw_platform.a(ace_flags.o)
                0x200030a0                ACE_PPE_Flag19_IRQHandler
 .text.ACE_PPE_Flag20_IRQHandler
                0x200030c0       0x20 D:\GitHub\EECS373_Project\TouchScreenFinal\SoftConsole\TouchScreenFinal_MSS_CM3_0\TouchScreenFinal_MSS_CM3_0_hw_platform\Debug\libTouchScreenFinal_MSS_CM3_0_hw_platform.a(ace_flags.o)
                0x200030c0                ACE_PPE_Flag20_IRQHandler
 .text.ACE_PPE_Flag21_IRQHandler
                0x200030e0       0x20 D:\GitHub\EECS373_Project\TouchScreenFinal\SoftConsole\TouchScreenFinal_MSS_CM3_0\TouchScreenFinal_MSS_CM3_0_hw_platform\Debug\libTouchScreenFinal_MSS_CM3_0_hw_platform.a(ace_flags.o)
                0x200030e0                ACE_PPE_Flag21_IRQHandler
 .text.ACE_PPE_Flag22_IRQHandler
                0x20003100       0x20 D:\GitHub\EECS373_Project\TouchScreenFinal\SoftConsole\TouchScreenFinal_MSS_CM3_0\TouchScreenFinal_MSS_CM3_0_hw_platform\Debug\libTouchScreenFinal_MSS_CM3_0_hw_platform.a(ace_flags.o)
                0x20003100                ACE_PPE_Flag22_IRQHandler
 .text.ACE_PPE_Flag23_IRQHandler
                0x20003120       0x20 D:\GitHub\EECS373_Project\TouchScreenFinal\SoftConsole\TouchScreenFinal_MSS_CM3_0\TouchScreenFinal_MSS_CM3_0_hw_platform\Debug\libTouchScreenFinal_MSS_CM3_0_hw_platform.a(ace_flags.o)
                0x20003120                ACE_PPE_Flag23_IRQHandler
 .text.ACE_PPE_Flag24_IRQHandler
                0x20003140       0x20 D:\GitHub\EECS373_Project\TouchScreenFinal\SoftConsole\TouchScreenFinal_MSS_CM3_0\TouchScreenFinal_MSS_CM3_0_hw_platform\Debug\libTouchScreenFinal_MSS_CM3_0_hw_platform.a(ace_flags.o)
                0x20003140                ACE_PPE_Flag24_IRQHandler
 .text.ACE_PPE_Flag25_IRQHandler
                0x20003160       0x20 D:\GitHub\EECS373_Project\TouchScreenFinal\SoftConsole\TouchScreenFinal_MSS_CM3_0\TouchScreenFinal_MSS_CM3_0_hw_platform\Debug\libTouchScreenFinal_MSS_CM3_0_hw_platform.a(ace_flags.o)
                0x20003160                ACE_PPE_Flag25_IRQHandler
 .text.ACE_PPE_Flag26_IRQHandler
                0x20003180       0x20 D:\GitHub\EECS373_Project\TouchScreenFinal\SoftConsole\TouchScreenFinal_MSS_CM3_0\TouchScreenFinal_MSS_CM3_0_hw_platform\Debug\libTouchScreenFinal_MSS_CM3_0_hw_platform.a(ace_flags.o)
                0x20003180                ACE_PPE_Flag26_IRQHandler
 .text.ACE_PPE_Flag27_IRQHandler
                0x200031a0       0x20 D:\GitHub\EECS373_Project\TouchScreenFinal\SoftConsole\TouchScreenFinal_MSS_CM3_0\TouchScreenFinal_MSS_CM3_0_hw_platform\Debug\libTouchScreenFinal_MSS_CM3_0_hw_platform.a(ace_flags.o)
                0x200031a0                ACE_PPE_Flag27_IRQHandler
 .text.ACE_PPE_Flag28_IRQHandler
                0x200031c0       0x20 D:\GitHub\EECS373_Project\TouchScreenFinal\SoftConsole\TouchScreenFinal_MSS_CM3_0\TouchScreenFinal_MSS_CM3_0_hw_platform\Debug\libTouchScreenFinal_MSS_CM3_0_hw_platform.a(ace_flags.o)
                0x200031c0                ACE_PPE_Flag28_IRQHandler
 .text.ACE_PPE_Flag29_IRQHandler
                0x200031e0       0x20 D:\GitHub\EECS373_Project\TouchScreenFinal\SoftConsole\TouchScreenFinal_MSS_CM3_0\TouchScreenFinal_MSS_CM3_0_hw_platform\Debug\libTouchScreenFinal_MSS_CM3_0_hw_platform.a(ace_flags.o)
                0x200031e0                ACE_PPE_Flag29_IRQHandler
 .text.ACE_PPE_Flag30_IRQHandler
                0x20003200       0x20 D:\GitHub\EECS373_Project\TouchScreenFinal\SoftConsole\TouchScreenFinal_MSS_CM3_0\TouchScreenFinal_MSS_CM3_0_hw_platform\Debug\libTouchScreenFinal_MSS_CM3_0_hw_platform.a(ace_flags.o)
                0x20003200                ACE_PPE_Flag30_IRQHandler
 .text.ACE_PPE_Flag31_IRQHandler
                0x20003220       0x20 D:\GitHub\EECS373_Project\TouchScreenFinal\SoftConsole\TouchScreenFinal_MSS_CM3_0\TouchScreenFinal_MSS_CM3_0_hw_platform\Debug\libTouchScreenFinal_MSS_CM3_0_hw_platform.a(ace_flags.o)
                0x20003220                ACE_PPE_Flag31_IRQHandler
 .text          0x20003240      0x370 c:/microsemi/softconsole v3.3/sourcery-g++/bin/../lib/gcc/arm-none-eabi/4.4.1/thumb2\libgcc.a(_arm_addsubdf3.o)
                0x20003240                __aeabi_drsub
                0x20003248                __aeabi_dsub
                0x20003248                __subdf3
                0x2000324c                __aeabi_dadd
                0x2000324c                __adddf3
                0x200034c4                __floatunsidf
                0x200034c4                __aeabi_ui2d
                0x200034e4                __floatsidf
                0x200034e4                __aeabi_i2d
                0x20003508                __aeabi_f2d
                0x20003508                __extendsfdf2
                0x20003544                __floatundidf
                0x20003544                __aeabi_ul2d
                0x20003554                __floatdidf
                0x20003554                __aeabi_l2d
 .text          0x200035b0      0x424 c:/microsemi/softconsole v3.3/sourcery-g++/bin/../lib/gcc/arm-none-eabi/4.4.1/thumb2\libgcc.a(_arm_muldivdf3.o)
                0x200035b0                __aeabi_dmul
                0x200035b0                __muldf3
                0x20003804                __divdf3
                0x20003804                __aeabi_ddiv
 .text          0x200039d4       0xa0 c:/microsemi/softconsole v3.3/sourcery-g++/bin/../lib/gcc/arm-none-eabi/4.4.1/thumb2\libgcc.a(_arm_truncdfsf2.o)
                0x200039d4                __truncdfsf2
                0x200039d4                __aeabi_d2f
 .text          0x20003a74      0x2a0 c:/microsemi/softconsole v3.3/sourcery-g++/bin/../lib/gcc/arm-none-eabi/4.4.1/thumb2\libgcc.a(_arm_muldivsf3.o)
                0x20003a74                __mulsf3
                0x20003a74                __aeabi_fmul
                0x20003bdc                __aeabi_fdiv
                0x20003bdc                __divsf3
 .text          0x20003d14       0x40 c:/microsemi/softconsole v3.3/sourcery-g++/bin/../lib/gcc/arm-none-eabi/4.4.1/thumb2\libgcc.a(_arm_fixunssfsi.o)
                0x20003d14                __fixunssfsi
                0x20003d14                __aeabi_f2uiz
 .text          0x20003d54       0x50 c:/microsemi/softconsole v3.3/sourcery-g++/bin/../lib/gcc/arm-none-eabi/4.4.1/../../../../arm-none-eabi/lib/thumb2\libc.a(lib_a-init.o)
                0x20003d54                __libc_init_array
 .text          0x20003da4       0xd4 c:/microsemi/softconsole v3.3/sourcery-g++/bin/../lib/gcc/arm-none-eabi/4.4.1/../../../../arm-none-eabi/lib/thumb2\libc.a(lib_a-memset.o)
                0x20003da4                memset
 .text          0x20003e78       0xa8 c:/microsemi/softconsole v3.3/sourcery-g++/bin/../lib/gcc/arm-none-eabi/4.4.1/../../../../arm-none-eabi/lib/thumb2\libc.a(lib_a-strncmp.o)
                0x20003e78                strncmp
 *(.plt)
 *(.gnu.warning)
 *(.glue_7t)
 .glue_7t       0x00000000        0x0 linker stubs
 *(.glue_7)
 .glue_7        0x00000000        0x0 linker stubs
 *(.vfp11_veneer)
 .vfp11_veneer  0x00000000        0x0 linker stubs
                0x20003f20                . = ALIGN (0x4)
 *crtbegin.o(.ctors)
 *(EXCLUDE_FILE(*crtend.o) .ctors)
 *(SORT(.ctors.*))
 *crtend.o(.ctors)
 *crtbegin.o(.dtors)
 *(EXCLUDE_FILE(*crtend.o) .dtors)
 *(SORT(.dtors.*))
 *crtend.o(.dtors)
 *(.rodata .rodata.* .gnu.linkonce.r.*)
 .rodata.initcmd
                0x20003f20       0x70 ./touchscreen.o
 .rodata        0x20003f90       0x28 ./touchscreen.o
 .rodata.g_gpio_irqn_lut
                0x20003fb8       0x40 D:\GitHub\EECS373_Project\TouchScreenFinal\SoftConsole\TouchScreenFinal_MSS_CM3_0\TouchScreenFinal_MSS_CM3_0_hw_platform\Debug\libTouchScreenFinal_MSS_CM3_0_hw_platform.a(mss_gpio.o)
 .rodata.g_config_reg_lut
                0x20003ff8       0x80 D:\GitHub\EECS373_Project\TouchScreenFinal\SoftConsole\TouchScreenFinal_MSS_CM3_0\TouchScreenFinal_MSS_CM3_0_hw_platform\Debug\libTouchScreenFinal_MSS_CM3_0_hw_platform.a(mss_gpio.o)
 .rodata.C.16.2565
                0x20004078       0x10 D:\GitHub\EECS373_Project\TouchScreenFinal\SoftConsole\TouchScreenFinal_MSS_CM3_0\TouchScreenFinal_MSS_CM3_0_hw_platform\Debug\libTouchScreenFinal_MSS_CM3_0_hw_platform.a(system_a2fxxxm3.o)
 .rodata.g_ace_channel_2_name
                0x20004088       0x14 D:\GitHub\EECS373_Project\TouchScreenFinal\SoftConsole\TouchScreenFinal_MSS_CM3_0\TouchScreenFinal_MSS_CM3_0_hw_platform\Debug\libTouchScreenFinal_MSS_CM3_0_hw_platform.a(ace_config.o)
                0x20004088                g_ace_channel_2_name
 .rodata.g_ace_channel_1_name
                0x2000409c        0x8 D:\GitHub\EECS373_Project\TouchScreenFinal\SoftConsole\TouchScreenFinal_MSS_CM3_0\TouchScreenFinal_MSS_CM3_0_hw_platform\Debug\libTouchScreenFinal_MSS_CM3_0_hw_platform.a(ace_config.o)
                0x2000409c                g_ace_channel_1_name
 .rodata.g_ace_channel_0_name
                0x200040a4       0x14 D:\GitHub\EECS373_Project\TouchScreenFinal\SoftConsole\TouchScreenFinal_MSS_CM3_0\TouchScreenFinal_MSS_CM3_0_hw_platform\Debug\libTouchScreenFinal_MSS_CM3_0_hw_platform.a(ace_config.o)
                0x200040a4                g_ace_channel_0_name
 .rodata.g_ace_channel_3_name
                0x200040b8        0x8 D:\GitHub\EECS373_Project\TouchScreenFinal\SoftConsole\TouchScreenFinal_MSS_CM3_0\TouchScreenFinal_MSS_CM3_0_hw_platform\Debug\libTouchScreenFinal_MSS_CM3_0_hw_platform.a(ace_config.o)
                0x200040b8                g_ace_channel_3_name
 .rodata.channel_quad_lut
                0x200040c0       0x30 D:\GitHub\EECS373_Project\TouchScreenFinal\SoftConsole\TouchScreenFinal_MSS_CM3_0\TouchScreenFinal_MSS_CM3_0_hw_platform\Debug\libTouchScreenFinal_MSS_CM3_0_hw_platform.a(ace_convert.o)
 .rodata.channel_type_lut
                0x200040f0       0x30 D:\GitHub\EECS373_Project\TouchScreenFinal\SoftConsole\TouchScreenFinal_MSS_CM3_0\TouchScreenFinal_MSS_CM3_0_hw_platform\Debug\libTouchScreenFinal_MSS_CM3_0_hw_platform.a(ace_convert.o)
 *(.ARM.extab* .gnu.linkonce.armextab.*)
 *(.gcc_except_table)
 *(.eh_frame_hdr)
 *(.eh_frame)
 *(.init)
 .init          0x20004120        0x4 c:/microsemi/softconsole v3.3/sourcery-g++/bin/../lib/gcc/arm-none-eabi/4.4.1/thumb2/crti.o
                0x20004120                _init
 .init          0x20004124        0x8 c:/microsemi/softconsole v3.3/sourcery-g++/bin/../lib/gcc/arm-none-eabi/4.4.1/thumb2/crtn.o
 *(.fini)
 .fini          0x2000412c        0x4 c:/microsemi/softconsole v3.3/sourcery-g++/bin/../lib/gcc/arm-none-eabi/4.4.1/thumb2/crti.o
                0x2000412c                _fini
 .fini          0x20004130        0x8 c:/microsemi/softconsole v3.3/sourcery-g++/bin/../lib/gcc/arm-none-eabi/4.4.1/thumb2/crtn.o
                0x20004138                PROVIDE (__preinit_array_start, .)
 *(.preinit_array)
                0x20004138                PROVIDE (__preinit_array_end, .)
                0x20004138                PROVIDE (__init_array_start, .)
 *(SORT(.init_array.*))
 *(.init_array)
 .init_array    0x20004138        0x4 c:/microsemi/softconsole v3.3/sourcery-g++/bin/../lib/gcc/arm-none-eabi/4.4.1/thumb2/crtbegin.o
                0x2000413c                PROVIDE (__init_array_end, .)
                0x2000413c                PROVIDE (__fini_array_start, .)
 *(.fini_array)
 .fini_array    0x2000413c        0x4 c:/microsemi/softconsole v3.3/sourcery-g++/bin/../lib/gcc/arm-none-eabi/4.4.1/thumb2/crtbegin.o
 *(SORT(.fini_array.*))
                0x20004140                PROVIDE (__fini_array_end, .)
                0x20004140                __exidx_start = .

.v4_bx          0x20004140        0x0
 .v4_bx         0x00000000        0x0 linker stubs

.ARM.exidx
 *(.ARM.exidx* .gnu.linkonce.armexidx.*)
                0x20004140                __exidx_end = .
                0x20004140                _etext = .
                0x20004140                PROVIDE (__text_end, .)

.data           0x20004140       0x5c
                0x20004140                __data_load = LOADADDR (.data)
                0x20004140                _sidata = LOADADDR (.data)
                0x20004140                __data_start = .
                0x20004140                _sdata = .
 *(.jcr)
 .jcr           0x20004140        0x0 c:/microsemi/softconsole v3.3/sourcery-g++/bin/../lib/gcc/arm-none-eabi/4.4.1/thumb2/crtbegin.o
 .jcr           0x20004140        0x4 c:/microsemi/softconsole v3.3/sourcery-g++/bin/../lib/gcc/arm-none-eabi/4.4.1/thumb2/crtend.o
 *(.got.plt)
 *(.got)
 *(.shdata)
 *(.data .data.* .gnu.linkonce.d.*)
 .data.g_FrequencyACE
                0x20004144        0x4 D:\GitHub\EECS373_Project\TouchScreenFinal\SoftConsole\TouchScreenFinal_MSS_CM3_0\TouchScreenFinal_MSS_CM3_0_hw_platform\Debug\libTouchScreenFinal_MSS_CM3_0_hw_platform.a(system_a2fxxxm3.o)
                0x20004144                g_FrequencyACE
 .data.g_FrequencyFPGA
                0x20004148        0x4 D:\GitHub\EECS373_Project\TouchScreenFinal\SoftConsole\TouchScreenFinal_MSS_CM3_0\TouchScreenFinal_MSS_CM3_0_hw_platform\Debug\libTouchScreenFinal_MSS_CM3_0_hw_platform.a(system_a2fxxxm3.o)
                0x20004148                g_FrequencyFPGA
 .data.g_FrequencyPCLK0
                0x2000414c        0x4 D:\GitHub\EECS373_Project\TouchScreenFinal\SoftConsole\TouchScreenFinal_MSS_CM3_0\TouchScreenFinal_MSS_CM3_0_hw_platform\Debug\libTouchScreenFinal_MSS_CM3_0_hw_platform.a(system_a2fxxxm3.o)
                0x2000414c                g_FrequencyPCLK0
 .data.g_FrequencyPCLK1
                0x20004150        0x4 D:\GitHub\EECS373_Project\TouchScreenFinal\SoftConsole\TouchScreenFinal_MSS_CM3_0\TouchScreenFinal_MSS_CM3_0_hw_platform\Debug\libTouchScreenFinal_MSS_CM3_0_hw_platform.a(system_a2fxxxm3.o)
                0x20004150                g_FrequencyPCLK1
 .data.SystemCoreClock
                0x20004154        0x4 D:\GitHub\EECS373_Project\TouchScreenFinal\SoftConsole\TouchScreenFinal_MSS_CM3_0\TouchScreenFinal_MSS_CM3_0_hw_platform\Debug\libTouchScreenFinal_MSS_CM3_0_hw_platform.a(system_a2fxxxm3.o)
                0x20004154                SystemCoreClock
 .data.SystemFrequency
                0x20004158        0x4 D:\GitHub\EECS373_Project\TouchScreenFinal\SoftConsole\TouchScreenFinal_MSS_CM3_0\TouchScreenFinal_MSS_CM3_0_hw_platform\Debug\libTouchScreenFinal_MSS_CM3_0_hw_platform.a(system_a2fxxxm3.o)
                0x20004158                SystemFrequency
 .data.g_ace_channel_desc_table
                0x2000415c       0x40 D:\GitHub\EECS373_Project\TouchScreenFinal\SoftConsole\TouchScreenFinal_MSS_CM3_0\TouchScreenFinal_MSS_CM3_0_hw_platform\Debug\libTouchScreenFinal_MSS_CM3_0_hw_platform.a(ace_config.o)
                0x2000415c                g_ace_channel_desc_table
                0x2000419c                . = ALIGN (0x4)
                0x2000419c                _edata = .

.bss            0x2000419c      0x2a4
                0x2000419c                __bss_start__ = .
                0x2000419c                _sbss = .
 *(.shbss)
 *(.bss .bss.* .gnu.linkonce.b.*)
 .bss           0x2000419c        0x1 c:/microsemi/softconsole v3.3/sourcery-g++/bin/../lib/gcc/arm-none-eabi/4.4.1/thumb2/crtbegin.o
 *fill*         0x2000419d        0x3 00
 .bss.g_gdec_lut
                0x200041a0        0xc D:\GitHub\EECS373_Project\TouchScreenFinal\SoftConsole\TouchScreenFinal_MSS_CM3_0\TouchScreenFinal_MSS_CM3_0_hw_platform\Debug\libTouchScreenFinal_MSS_CM3_0_hw_platform.a(ace_convert.o)
 .bss.channel_type_lut_h
                0x200041ac        0x4 D:\GitHub\EECS373_Project\TouchScreenFinal\SoftConsole\TouchScreenFinal_MSS_CM3_0\TouchScreenFinal_MSS_CM3_0_hw_platform\Debug\libTouchScreenFinal_MSS_CM3_0_hw_platform.a(ace_convert.o)
 *(COMMON)
 COMMON         0x200041b0        0xd ./main.o
                0x200041b0                x
                0x200041b4                rxplate
                0x200041b8                z
                0x200041b9                ace_x
                0x200041ba                y
                0x200041bc                ace_y
 *fill*         0x200041bd        0x3 00
 COMMON         0x200041c0       0x40 ./xbee.o
                0x200041c0                g_rx_buff
 COMMON         0x20004200       0x50 D:\GitHub\EECS373_Project\TouchScreenFinal\SoftConsole\TouchScreenFinal_MSS_CM3_0\TouchScreenFinal_MSS_CM3_0_hw_platform\Debug\libTouchScreenFinal_MSS_CM3_0_hw_platform.a(mss_uart.o)
                0x20004200                g_mss_uart1
                0x20004228                g_mss_uart0
 COMMON         0x20004250      0x108 D:\GitHub\EECS373_Project\TouchScreenFinal\SoftConsole\TouchScreenFinal_MSS_CM3_0\TouchScreenFinal_MSS_CM3_0_hw_platform\Debug\libTouchScreenFinal_MSS_CM3_0_hw_platform.a(mss_spi.o)
                0x20004250                g_mss_spi1
                0x200042d4                g_mss_spi0
 COMMON         0x20004358       0xe8 D:\GitHub\EECS373_Project\TouchScreenFinal\SoftConsole\TouchScreenFinal_MSS_CM3_0\TouchScreenFinal_MSS_CM3_0_hw_platform\Debug\libTouchScreenFinal_MSS_CM3_0_hw_platform.a(mss_i2c.o)
                0x20004358                g_mss_i2c0
                0x200043cc                g_mss_i2c1
                0x20004440                . = ALIGN (0x8)
                0x20004440                __bss_end__ = .
                0x20004440                _end = .
                0x20004440                __end = _end
                0x20004440                _ebss = .
                0x20004440                PROVIDE (end, .)

.stack          0x20004440     0x3000
                0x20004440                . = ALIGN (0x4)
                0x20005440                . = (. + PROCESS_STACK_SIZE)
 *fill*         0x20004440     0x1000 00
                0x20005440                . = ALIGN (0x4)
                0x20007440                . = (. + MAIN_STACK_SIZE)
 *fill*         0x20005440     0x2000 00
                0x20007440                . = ALIGN (0x4)

.stab
 *(.stab)

.stabstr
 *(.stabstr)

.debug
 *(.debug)

.line
 *(.line)

.debug_srcinfo
 *(.debug_srcinfo)

.debug_sfnames
 *(.debug_sfnames)

.comment        0x00000000      0x25a
 .comment       0x00000000       0x2b ./main.o
 .comment       0x0000002b       0x2b ./touchscreen.o
 .comment       0x00000056       0x2b ./xbee.o
 .comment       0x00000081       0x2b D:/GitHub/EECS373_Project/TouchScreenFinal/SoftConsole/TouchScreenFinal_MSS_CM3_0/TouchScreenFinal_MSS_CM3_0_hw_platform/Debug/CMSIS/startup_gcc/newlib_stubs.o
 .comment       0x000000ac       0x2b D:\GitHub\EECS373_Project\TouchScreenFinal\SoftConsole\TouchScreenFinal_MSS_CM3_0\TouchScreenFinal_MSS_CM3_0_hw_platform\Debug\libTouchScreenFinal_MSS_CM3_0_hw_platform.a(mss_uart.o)
 .comment       0x000000d7       0x2b D:\GitHub\EECS373_Project\TouchScreenFinal\SoftConsole\TouchScreenFinal_MSS_CM3_0\TouchScreenFinal_MSS_CM3_0_hw_platform\Debug\libTouchScreenFinal_MSS_CM3_0_hw_platform.a(mss_spi.o)
 .comment       0x00000102       0x2b D:\GitHub\EECS373_Project\TouchScreenFinal\SoftConsole\TouchScreenFinal_MSS_CM3_0\TouchScreenFinal_MSS_CM3_0_hw_platform\Debug\libTouchScreenFinal_MSS_CM3_0_hw_platform.a(mss_i2c.o)
 .comment       0x0000012d       0x2b D:\GitHub\EECS373_Project\TouchScreenFinal\SoftConsole\TouchScreenFinal_MSS_CM3_0\TouchScreenFinal_MSS_CM3_0_hw_platform\Debug\libTouchScreenFinal_MSS_CM3_0_hw_platform.a(mss_gpio.o)
 .comment       0x00000158       0x2b D:\GitHub\EECS373_Project\TouchScreenFinal\SoftConsole\TouchScreenFinal_MSS_CM3_0\TouchScreenFinal_MSS_CM3_0_hw_platform\Debug\libTouchScreenFinal_MSS_CM3_0_hw_platform.a(mss_ace.o)
 .comment       0x00000183       0x2b D:\GitHub\EECS373_Project\TouchScreenFinal\SoftConsole\TouchScreenFinal_MSS_CM3_0\TouchScreenFinal_MSS_CM3_0_hw_platform\Debug\libTouchScreenFinal_MSS_CM3_0_hw_platform.a(core_cm3.o)
 .comment       0x000001ae       0x2b D:\GitHub\EECS373_Project\TouchScreenFinal\SoftConsole\TouchScreenFinal_MSS_CM3_0\TouchScreenFinal_MSS_CM3_0_hw_platform\Debug\libTouchScreenFinal_MSS_CM3_0_hw_platform.a(system_a2fxxxm3.o)
 .comment       0x000001d9       0x2b D:\GitHub\EECS373_Project\TouchScreenFinal\SoftConsole\TouchScreenFinal_MSS_CM3_0\TouchScreenFinal_MSS_CM3_0_hw_platform\Debug\libTouchScreenFinal_MSS_CM3_0_hw_platform.a(ace_config.o)
 .comment       0x00000204       0x2b D:\GitHub\EECS373_Project\TouchScreenFinal\SoftConsole\TouchScreenFinal_MSS_CM3_0\TouchScreenFinal_MSS_CM3_0_hw_platform\Debug\libTouchScreenFinal_MSS_CM3_0_hw_platform.a(ace_convert.o)
 .comment       0x0000022f       0x2b D:\GitHub\EECS373_Project\TouchScreenFinal\SoftConsole\TouchScreenFinal_MSS_CM3_0\TouchScreenFinal_MSS_CM3_0_hw_platform\Debug\libTouchScreenFinal_MSS_CM3_0_hw_platform.a(ace_flags.o)

.debug_aranges  0x00000000      0x9a0
 *(.debug_aranges)
 .debug_aranges
                0x00000000       0x20 ./main.o
 .debug_aranges
                0x00000020      0x168 ./touchscreen.o
 .debug_aranges
                0x00000188       0x28 ./xbee.o
 .debug_aranges
                0x000001b0       0xa8 D:/GitHub/EECS373_Project/TouchScreenFinal/SoftConsole/TouchScreenFinal_MSS_CM3_0/TouchScreenFinal_MSS_CM3_0_hw_platform/Debug/CMSIS/startup_gcc/newlib_stubs.o
 .debug_aranges
                0x00000258       0xc0 D:\GitHub\EECS373_Project\TouchScreenFinal\SoftConsole\TouchScreenFinal_MSS_CM3_0\TouchScreenFinal_MSS_CM3_0_hw_platform\Debug\libTouchScreenFinal_MSS_CM3_0_hw_platform.a(mss_uart.o)
 .debug_aranges
                0x00000318       0xc8 D:\GitHub\EECS373_Project\TouchScreenFinal\SoftConsole\TouchScreenFinal_MSS_CM3_0\TouchScreenFinal_MSS_CM3_0_hw_platform\Debug\libTouchScreenFinal_MSS_CM3_0_hw_platform.a(mss_spi.o)
 .debug_aranges
                0x000003e0      0x110 D:\GitHub\EECS373_Project\TouchScreenFinal\SoftConsole\TouchScreenFinal_MSS_CM3_0\TouchScreenFinal_MSS_CM3_0_hw_platform\Debug\libTouchScreenFinal_MSS_CM3_0_hw_platform.a(mss_i2c.o)
 .debug_aranges
                0x000004f0       0x50 D:\GitHub\EECS373_Project\TouchScreenFinal\SoftConsole\TouchScreenFinal_MSS_CM3_0\TouchScreenFinal_MSS_CM3_0_hw_platform\Debug\libTouchScreenFinal_MSS_CM3_0_hw_platform.a(mss_gpio.o)
 .debug_aranges
                0x00000540       0xe0 D:\GitHub\EECS373_Project\TouchScreenFinal\SoftConsole\TouchScreenFinal_MSS_CM3_0\TouchScreenFinal_MSS_CM3_0_hw_platform\Debug\libTouchScreenFinal_MSS_CM3_0_hw_platform.a(mss_ace.o)
 .debug_aranges
                0x00000620       0xc8 D:\GitHub\EECS373_Project\TouchScreenFinal\SoftConsole\TouchScreenFinal_MSS_CM3_0\TouchScreenFinal_MSS_CM3_0_hw_platform\Debug\libTouchScreenFinal_MSS_CM3_0_hw_platform.a(core_cm3.o)
 .debug_aranges
                0x000006e8       0x28 D:\GitHub\EECS373_Project\TouchScreenFinal\SoftConsole\TouchScreenFinal_MSS_CM3_0\TouchScreenFinal_MSS_CM3_0_hw_platform\Debug\libTouchScreenFinal_MSS_CM3_0_hw_platform.a(system_a2fxxxm3.o)
 .debug_aranges
                0x00000710       0xb0 D:\GitHub\EECS373_Project\TouchScreenFinal\SoftConsole\TouchScreenFinal_MSS_CM3_0\TouchScreenFinal_MSS_CM3_0_hw_platform\Debug\libTouchScreenFinal_MSS_CM3_0_hw_platform.a(ace_convert.o)
 .debug_aranges
                0x000007c0      0x1e0 D:\GitHub\EECS373_Project\TouchScreenFinal\SoftConsole\TouchScreenFinal_MSS_CM3_0\TouchScreenFinal_MSS_CM3_0_hw_platform\Debug\libTouchScreenFinal_MSS_CM3_0_hw_platform.a(ace_flags.o)

.debug_pubnames
                0x00000000     0x1a0c
 *(.debug_pubnames)
 .debug_pubnames
                0x00000000       0x59 ./main.o
 .debug_pubnames
                0x00000059      0x232 ./touchscreen.o
 .debug_pubnames
                0x0000028b       0x45 ./xbee.o
 .debug_pubnames
                0x000002d0       0xeb D:/GitHub/EECS373_Project/TouchScreenFinal/SoftConsole/TouchScreenFinal_MSS_CM3_0/TouchScreenFinal_MSS_CM3_0_hw_platform/Debug/CMSIS/startup_gcc/newlib_stubs.o
 .debug_pubnames
                0x000003bb      0x21c D:\GitHub\EECS373_Project\TouchScreenFinal\SoftConsole\TouchScreenFinal_MSS_CM3_0\TouchScreenFinal_MSS_CM3_0_hw_platform\Debug\libTouchScreenFinal_MSS_CM3_0_hw_platform.a(mss_uart.o)
 .debug_pubnames
                0x000005d7      0x21a D:\GitHub\EECS373_Project\TouchScreenFinal\SoftConsole\TouchScreenFinal_MSS_CM3_0\TouchScreenFinal_MSS_CM3_0_hw_platform\Debug\libTouchScreenFinal_MSS_CM3_0_hw_platform.a(mss_spi.o)
 .debug_pubnames
                0x000007f1      0x2eb D:\GitHub\EECS373_Project\TouchScreenFinal\SoftConsole\TouchScreenFinal_MSS_CM3_0\TouchScreenFinal_MSS_CM3_0_hw_platform\Debug\libTouchScreenFinal_MSS_CM3_0_hw_platform.a(mss_i2c.o)
 .debug_pubnames
                0x00000adc       0xb1 D:\GitHub\EECS373_Project\TouchScreenFinal\SoftConsole\TouchScreenFinal_MSS_CM3_0\TouchScreenFinal_MSS_CM3_0_hw_platform\Debug\libTouchScreenFinal_MSS_CM3_0_hw_platform.a(mss_gpio.o)
 .debug_pubnames
                0x00000b8d      0x292 D:\GitHub\EECS373_Project\TouchScreenFinal\SoftConsole\TouchScreenFinal_MSS_CM3_0\TouchScreenFinal_MSS_CM3_0_hw_platform\Debug\libTouchScreenFinal_MSS_CM3_0_hw_platform.a(mss_ace.o)
 .debug_pubnames
                0x00000e1f      0x159 D:\GitHub\EECS373_Project\TouchScreenFinal\SoftConsole\TouchScreenFinal_MSS_CM3_0\TouchScreenFinal_MSS_CM3_0_hw_platform\Debug\libTouchScreenFinal_MSS_CM3_0_hw_platform.a(core_cm3.o)
 .debug_pubnames
                0x00000f78       0xb4 D:\GitHub\EECS373_Project\TouchScreenFinal\SoftConsole\TouchScreenFinal_MSS_CM3_0\TouchScreenFinal_MSS_CM3_0_hw_platform\Debug\libTouchScreenFinal_MSS_CM3_0_hw_platform.a(system_a2fxxxm3.o)
 .debug_pubnames
                0x0000102c      0x195 D:\GitHub\EECS373_Project\TouchScreenFinal\SoftConsole\TouchScreenFinal_MSS_CM3_0\TouchScreenFinal_MSS_CM3_0_hw_platform\Debug\libTouchScreenFinal_MSS_CM3_0_hw_platform.a(ace_config.o)
 .debug_pubnames
                0x000011c1      0x1ec D:\GitHub\EECS373_Project\TouchScreenFinal\SoftConsole\TouchScreenFinal_MSS_CM3_0\TouchScreenFinal_MSS_CM3_0_hw_platform\Debug\libTouchScreenFinal_MSS_CM3_0_hw_platform.a(ace_convert.o)
 .debug_pubnames
                0x000013ad      0x65f D:\GitHub\EECS373_Project\TouchScreenFinal\SoftConsole\TouchScreenFinal_MSS_CM3_0\TouchScreenFinal_MSS_CM3_0_hw_platform\Debug\libTouchScreenFinal_MSS_CM3_0_hw_platform.a(ace_flags.o)

.debug_info     0x00000000     0xf8e3
 *(.debug_info .gnu.linkonce.wi.*)
 .debug_info    0x00000000      0xbfc ./main.o
 .debug_info    0x00000bfc     0x21bf ./touchscreen.o
 .debug_info    0x00002dbb      0xb6a ./xbee.o
 .debug_info    0x00003925     0x10eb D:/GitHub/EECS373_Project/TouchScreenFinal/SoftConsole/TouchScreenFinal_MSS_CM3_0/TouchScreenFinal_MSS_CM3_0_hw_platform/Debug/CMSIS/startup_gcc/newlib_stubs.o
 .debug_info    0x00004a10     0x1740 D:\GitHub\EECS373_Project\TouchScreenFinal\SoftConsole\TouchScreenFinal_MSS_CM3_0\TouchScreenFinal_MSS_CM3_0_hw_platform\Debug\libTouchScreenFinal_MSS_CM3_0_hw_platform.a(mss_uart.o)
 .debug_info    0x00006150     0x16fe D:\GitHub\EECS373_Project\TouchScreenFinal\SoftConsole\TouchScreenFinal_MSS_CM3_0\TouchScreenFinal_MSS_CM3_0_hw_platform\Debug\libTouchScreenFinal_MSS_CM3_0_hw_platform.a(mss_spi.o)
 .debug_info    0x0000784e     0x190b D:\GitHub\EECS373_Project\TouchScreenFinal\SoftConsole\TouchScreenFinal_MSS_CM3_0\TouchScreenFinal_MSS_CM3_0_hw_platform\Debug\libTouchScreenFinal_MSS_CM3_0_hw_platform.a(mss_i2c.o)
 .debug_info    0x00009159     0x1124 D:\GitHub\EECS373_Project\TouchScreenFinal\SoftConsole\TouchScreenFinal_MSS_CM3_0\TouchScreenFinal_MSS_CM3_0_hw_platform\Debug\libTouchScreenFinal_MSS_CM3_0_hw_platform.a(mss_gpio.o)
 .debug_info    0x0000a27d     0x1ae7 D:\GitHub\EECS373_Project\TouchScreenFinal\SoftConsole\TouchScreenFinal_MSS_CM3_0\TouchScreenFinal_MSS_CM3_0_hw_platform\Debug\libTouchScreenFinal_MSS_CM3_0_hw_platform.a(mss_ace.o)
 .debug_info    0x0000bd64      0x535 D:\GitHub\EECS373_Project\TouchScreenFinal\SoftConsole\TouchScreenFinal_MSS_CM3_0\TouchScreenFinal_MSS_CM3_0_hw_platform\Debug\libTouchScreenFinal_MSS_CM3_0_hw_platform.a(core_cm3.o)
 .debug_info    0x0000c299      0x575 D:\GitHub\EECS373_Project\TouchScreenFinal\SoftConsole\TouchScreenFinal_MSS_CM3_0\TouchScreenFinal_MSS_CM3_0_hw_platform\Debug\libTouchScreenFinal_MSS_CM3_0_hw_platform.a(system_a2fxxxm3.o)
 .debug_info    0x0000c80e      0x4d5 D:\GitHub\EECS373_Project\TouchScreenFinal\SoftConsole\TouchScreenFinal_MSS_CM3_0\TouchScreenFinal_MSS_CM3_0_hw_platform\Debug\libTouchScreenFinal_MSS_CM3_0_hw_platform.a(ace_config.o)
 .debug_info    0x0000cce3     0x1a41 D:\GitHub\EECS373_Project\TouchScreenFinal\SoftConsole\TouchScreenFinal_MSS_CM3_0\TouchScreenFinal_MSS_CM3_0_hw_platform\Debug\libTouchScreenFinal_MSS_CM3_0_hw_platform.a(ace_convert.o)
 .debug_info    0x0000e724     0x11bf D:\GitHub\EECS373_Project\TouchScreenFinal\SoftConsole\TouchScreenFinal_MSS_CM3_0\TouchScreenFinal_MSS_CM3_0_hw_platform\Debug\libTouchScreenFinal_MSS_CM3_0_hw_platform.a(ace_flags.o)

.debug_abbrev   0x00000000     0x1cd8
 *(.debug_abbrev)
 .debug_abbrev  0x00000000      0x1c0 ./main.o
 .debug_abbrev  0x000001c0      0x321 ./touchscreen.o
 .debug_abbrev  0x000004e1      0x18e ./xbee.o
 .debug_abbrev  0x0000066f      0x251 D:/GitHub/EECS373_Project/TouchScreenFinal/SoftConsole/TouchScreenFinal_MSS_CM3_0/TouchScreenFinal_MSS_CM3_0_hw_platform/Debug/CMSIS/startup_gcc/newlib_stubs.o
 .debug_abbrev  0x000008c0      0x306 D:\GitHub\EECS373_Project\TouchScreenFinal\SoftConsole\TouchScreenFinal_MSS_CM3_0\TouchScreenFinal_MSS_CM3_0_hw_platform\Debug\libTouchScreenFinal_MSS_CM3_0_hw_platform.a(mss_uart.o)
 .debug_abbrev  0x00000bc6      0x2e3 D:\GitHub\EECS373_Project\TouchScreenFinal\SoftConsole\TouchScreenFinal_MSS_CM3_0\TouchScreenFinal_MSS_CM3_0_hw_platform\Debug\libTouchScreenFinal_MSS_CM3_0_hw_platform.a(mss_spi.o)
 .debug_abbrev  0x00000ea9      0x2da D:\GitHub\EECS373_Project\TouchScreenFinal\SoftConsole\TouchScreenFinal_MSS_CM3_0\TouchScreenFinal_MSS_CM3_0_hw_platform\Debug\libTouchScreenFinal_MSS_CM3_0_hw_platform.a(mss_i2c.o)
 .debug_abbrev  0x00001183      0x1f1 D:\GitHub\EECS373_Project\TouchScreenFinal\SoftConsole\TouchScreenFinal_MSS_CM3_0\TouchScreenFinal_MSS_CM3_0_hw_platform\Debug\libTouchScreenFinal_MSS_CM3_0_hw_platform.a(mss_gpio.o)
 .debug_abbrev  0x00001374      0x2e5 D:\GitHub\EECS373_Project\TouchScreenFinal\SoftConsole\TouchScreenFinal_MSS_CM3_0\TouchScreenFinal_MSS_CM3_0_hw_platform\Debug\libTouchScreenFinal_MSS_CM3_0_hw_platform.a(mss_ace.o)
 .debug_abbrev  0x00001659       0xc5 D:\GitHub\EECS373_Project\TouchScreenFinal\SoftConsole\TouchScreenFinal_MSS_CM3_0\TouchScreenFinal_MSS_CM3_0_hw_platform\Debug\libTouchScreenFinal_MSS_CM3_0_hw_platform.a(core_cm3.o)
 .debug_abbrev  0x0000171e      0x154 D:\GitHub\EECS373_Project\TouchScreenFinal\SoftConsole\TouchScreenFinal_MSS_CM3_0\TouchScreenFinal_MSS_CM3_0_hw_platform\Debug\libTouchScreenFinal_MSS_CM3_0_hw_platform.a(system_a2fxxxm3.o)
 .debug_abbrev  0x00001872       0xbd D:\GitHub\EECS373_Project\TouchScreenFinal\SoftConsole\TouchScreenFinal_MSS_CM3_0\TouchScreenFinal_MSS_CM3_0_hw_platform\Debug\libTouchScreenFinal_MSS_CM3_0_hw_platform.a(ace_config.o)
 .debug_abbrev  0x0000192f      0x1e5 D:\GitHub\EECS373_Project\TouchScreenFinal\SoftConsole\TouchScreenFinal_MSS_CM3_0\TouchScreenFinal_MSS_CM3_0_hw_platform\Debug\libTouchScreenFinal_MSS_CM3_0_hw_platform.a(ace_convert.o)
 .debug_abbrev  0x00001b14      0x1c4 D:\GitHub\EECS373_Project\TouchScreenFinal\SoftConsole\TouchScreenFinal_MSS_CM3_0\TouchScreenFinal_MSS_CM3_0_hw_platform\Debug\libTouchScreenFinal_MSS_CM3_0_hw_platform.a(ace_flags.o)

.debug_line     0x00000000     0x52ae
 *(.debug_line)
 .debug_line    0x00000000      0xae8 ./main.o
 .debug_line    0x00000ae8      0xcb9 ./touchscreen.o
 .debug_line    0x000017a1      0x459 ./xbee.o
 .debug_line    0x00001bfa      0x4f7 D:/GitHub/EECS373_Project/TouchScreenFinal/SoftConsole/TouchScreenFinal_MSS_CM3_0/TouchScreenFinal_MSS_CM3_0_hw_platform/Debug/CMSIS/startup_gcc/newlib_stubs.o
 .debug_line    0x000020f1      0x5c9 D:\GitHub\EECS373_Project\TouchScreenFinal\SoftConsole\TouchScreenFinal_MSS_CM3_0\TouchScreenFinal_MSS_CM3_0_hw_platform\Debug\libTouchScreenFinal_MSS_CM3_0_hw_platform.a(mss_uart.o)
 .debug_line    0x000026ba      0x814 D:\GitHub\EECS373_Project\TouchScreenFinal\SoftConsole\TouchScreenFinal_MSS_CM3_0\TouchScreenFinal_MSS_CM3_0_hw_platform\Debug\libTouchScreenFinal_MSS_CM3_0_hw_platform.a(mss_spi.o)
 .debug_line    0x00002ece      0x779 D:\GitHub\EECS373_Project\TouchScreenFinal\SoftConsole\TouchScreenFinal_MSS_CM3_0\TouchScreenFinal_MSS_CM3_0_hw_platform\Debug\libTouchScreenFinal_MSS_CM3_0_hw_platform.a(mss_i2c.o)
 .debug_line    0x00003647      0x30c D:\GitHub\EECS373_Project\TouchScreenFinal\SoftConsole\TouchScreenFinal_MSS_CM3_0\TouchScreenFinal_MSS_CM3_0_hw_platform\Debug\libTouchScreenFinal_MSS_CM3_0_hw_platform.a(mss_gpio.o)
 .debug_line    0x00003953      0x5bf D:\GitHub\EECS373_Project\TouchScreenFinal\SoftConsole\TouchScreenFinal_MSS_CM3_0\TouchScreenFinal_MSS_CM3_0_hw_platform\Debug\libTouchScreenFinal_MSS_CM3_0_hw_platform.a(mss_ace.o)
 .debug_line    0x00003f12      0x244 D:\GitHub\EECS373_Project\TouchScreenFinal\SoftConsole\TouchScreenFinal_MSS_CM3_0\TouchScreenFinal_MSS_CM3_0_hw_platform\Debug\libTouchScreenFinal_MSS_CM3_0_hw_platform.a(core_cm3.o)
 .debug_line    0x00004156      0x264 D:\GitHub\EECS373_Project\TouchScreenFinal\SoftConsole\TouchScreenFinal_MSS_CM3_0\TouchScreenFinal_MSS_CM3_0_hw_platform\Debug\libTouchScreenFinal_MSS_CM3_0_hw_platform.a(system_a2fxxxm3.o)
 .debug_line    0x000043ba      0x1a9 D:\GitHub\EECS373_Project\TouchScreenFinal\SoftConsole\TouchScreenFinal_MSS_CM3_0\TouchScreenFinal_MSS_CM3_0_hw_platform\Debug\libTouchScreenFinal_MSS_CM3_0_hw_platform.a(ace_config.o)
 .debug_line    0x00004563      0x495 D:\GitHub\EECS373_Project\TouchScreenFinal\SoftConsole\TouchScreenFinal_MSS_CM3_0\TouchScreenFinal_MSS_CM3_0_hw_platform\Debug\libTouchScreenFinal_MSS_CM3_0_hw_platform.a(ace_convert.o)
 .debug_line    0x000049f8      0x8b6 D:\GitHub\EECS373_Project\TouchScreenFinal\SoftConsole\TouchScreenFinal_MSS_CM3_0\TouchScreenFinal_MSS_CM3_0_hw_platform\Debug\libTouchScreenFinal_MSS_CM3_0_hw_platform.a(ace_flags.o)

.debug_frame    0x00000000     0x19c8
 *(.debug_frame)
 .debug_frame   0x00000000       0x30 ./main.o
 .debug_frame   0x00000030      0x514 ./touchscreen.o
 .debug_frame   0x00000544       0x50 ./xbee.o
 .debug_frame   0x00000594      0x174 D:/GitHub/EECS373_Project/TouchScreenFinal/SoftConsole/TouchScreenFinal_MSS_CM3_0/TouchScreenFinal_MSS_CM3_0_hw_platform/Debug/CMSIS/startup_gcc/newlib_stubs.o
 .debug_frame   0x00000708      0x1f0 D:\GitHub\EECS373_Project\TouchScreenFinal\SoftConsole\TouchScreenFinal_MSS_CM3_0\TouchScreenFinal_MSS_CM3_0_hw_platform\Debug\libTouchScreenFinal_MSS_CM3_0_hw_platform.a(mss_uart.o)
 .debug_frame   0x000008f8      0x270 D:\GitHub\EECS373_Project\TouchScreenFinal\SoftConsole\TouchScreenFinal_MSS_CM3_0\TouchScreenFinal_MSS_CM3_0_hw_platform\Debug\libTouchScreenFinal_MSS_CM3_0_hw_platform.a(mss_spi.o)
 .debug_frame   0x00000b68      0x2bc D:\GitHub\EECS373_Project\TouchScreenFinal\SoftConsole\TouchScreenFinal_MSS_CM3_0\TouchScreenFinal_MSS_CM3_0_hw_platform\Debug\libTouchScreenFinal_MSS_CM3_0_hw_platform.a(mss_i2c.o)
 .debug_frame   0x00000e24       0x88 D:\GitHub\EECS373_Project\TouchScreenFinal\SoftConsole\TouchScreenFinal_MSS_CM3_0\TouchScreenFinal_MSS_CM3_0_hw_platform\Debug\libTouchScreenFinal_MSS_CM3_0_hw_platform.a(mss_gpio.o)
 .debug_frame   0x00000eac      0x200 D:\GitHub\EECS373_Project\TouchScreenFinal\SoftConsole\TouchScreenFinal_MSS_CM3_0\TouchScreenFinal_MSS_CM3_0_hw_platform\Debug\libTouchScreenFinal_MSS_CM3_0_hw_platform.a(mss_ace.o)
 .debug_frame   0x000010ac      0x170 D:\GitHub\EECS373_Project\TouchScreenFinal\SoftConsole\TouchScreenFinal_MSS_CM3_0\TouchScreenFinal_MSS_CM3_0_hw_platform\Debug\libTouchScreenFinal_MSS_CM3_0_hw_platform.a(core_cm3.o)
 .debug_frame   0x0000121c       0x3c D:\GitHub\EECS373_Project\TouchScreenFinal\SoftConsole\TouchScreenFinal_MSS_CM3_0\TouchScreenFinal_MSS_CM3_0_hw_platform\Debug\libTouchScreenFinal_MSS_CM3_0_hw_platform.a(system_a2fxxxm3.o)
 .debug_frame   0x00001258      0x1b4 D:\GitHub\EECS373_Project\TouchScreenFinal\SoftConsole\TouchScreenFinal_MSS_CM3_0\TouchScreenFinal_MSS_CM3_0_hw_platform\Debug\libTouchScreenFinal_MSS_CM3_0_hw_platform.a(ace_convert.o)
 .debug_frame   0x0000140c      0x520 D:\GitHub\EECS373_Project\TouchScreenFinal\SoftConsole\TouchScreenFinal_MSS_CM3_0\TouchScreenFinal_MSS_CM3_0_hw_platform\Debug\libTouchScreenFinal_MSS_CM3_0_hw_platform.a(ace_flags.o)
 .debug_frame   0x0000192c       0x20 c:/microsemi/softconsole v3.3/sourcery-g++/bin/../lib/gcc/arm-none-eabi/4.4.1/../../../../arm-none-eabi/lib/thumb2\libc.a(lib_a-errno.o)
 .debug_frame   0x0000194c       0x2c c:/microsemi/softconsole v3.3/sourcery-g++/bin/../lib/gcc/arm-none-eabi/4.4.1/../../../../arm-none-eabi/lib/thumb2\libc.a(lib_a-init.o)
 .debug_frame   0x00001978       0x28 c:/microsemi/softconsole v3.3/sourcery-g++/bin/../lib/gcc/arm-none-eabi/4.4.1/../../../../arm-none-eabi/lib/thumb2\libc.a(lib_a-memset.o)
 .debug_frame   0x000019a0       0x28 c:/microsemi/softconsole v3.3/sourcery-g++/bin/../lib/gcc/arm-none-eabi/4.4.1/../../../../arm-none-eabi/lib/thumb2\libc.a(lib_a-strncmp.o)

.debug_str      0x00000000     0x4dc4
 *(.debug_str)
 .debug_str     0x00000000      0xf33 ./main.o
                                0xfb8 (size before relaxing)
 .debug_str     0x00000f33     0x10bb ./touchscreen.o
                               0x1e5c (size before relaxing)
 .debug_str     0x00001fee       0x64 ./xbee.o
                                0xee8 (size before relaxing)
 .debug_str     0x00002052      0x279 D:/GitHub/EECS373_Project/TouchScreenFinal/SoftConsole/TouchScreenFinal_MSS_CM3_0/TouchScreenFinal_MSS_CM3_0_hw_platform/Debug/CMSIS/startup_gcc/newlib_stubs.o
                               0x10bf (size before relaxing)
 .debug_str     0x000022cb      0x2f5 D:\GitHub\EECS373_Project\TouchScreenFinal\SoftConsole\TouchScreenFinal_MSS_CM3_0\TouchScreenFinal_MSS_CM3_0_hw_platform\Debug\libTouchScreenFinal_MSS_CM3_0_hw_platform.a(mss_uart.o)
                               0x14d0 (size before relaxing)
 .debug_str     0x000025c0      0x362 D:\GitHub\EECS373_Project\TouchScreenFinal\SoftConsole\TouchScreenFinal_MSS_CM3_0\TouchScreenFinal_MSS_CM3_0_hw_platform\Debug\libTouchScreenFinal_MSS_CM3_0_hw_platform.a(mss_spi.o)
                               0x16e1 (size before relaxing)
 .debug_str     0x00002922      0x38c D:\GitHub\EECS373_Project\TouchScreenFinal\SoftConsole\TouchScreenFinal_MSS_CM3_0\TouchScreenFinal_MSS_CM3_0_hw_platform\Debug\libTouchScreenFinal_MSS_CM3_0_hw_platform.a(mss_i2c.o)
                               0x1770 (size before relaxing)
 .debug_str     0x00002cae      0x2df D:\GitHub\EECS373_Project\TouchScreenFinal\SoftConsole\TouchScreenFinal_MSS_CM3_0\TouchScreenFinal_MSS_CM3_0_hw_platform\Debug\libTouchScreenFinal_MSS_CM3_0_hw_platform.a(mss_gpio.o)
                               0x12a8 (size before relaxing)
 .debug_str     0x00002f8d     0x1024 D:\GitHub\EECS373_Project\TouchScreenFinal\SoftConsole\TouchScreenFinal_MSS_CM3_0\TouchScreenFinal_MSS_CM3_0_hw_platform\Debug\libTouchScreenFinal_MSS_CM3_0_hw_platform.a(mss_ace.o)
                               0x1316 (size before relaxing)
 .debug_str     0x00003fb1      0x13b D:\GitHub\EECS373_Project\TouchScreenFinal\SoftConsole\TouchScreenFinal_MSS_CM3_0\TouchScreenFinal_MSS_CM3_0_hw_platform\Debug\libTouchScreenFinal_MSS_CM3_0_hw_platform.a(core_cm3.o)
                                0x286 (size before relaxing)
 .debug_str     0x000040ec       0xf7 D:\GitHub\EECS373_Project\TouchScreenFinal\SoftConsole\TouchScreenFinal_MSS_CM3_0\TouchScreenFinal_MSS_CM3_0_hw_platform\Debug\libTouchScreenFinal_MSS_CM3_0_hw_platform.a(system_a2fxxxm3.o)
                                0x473 (size before relaxing)
 .debug_str     0x000041e3      0x22b D:\GitHub\EECS373_Project\TouchScreenFinal\SoftConsole\TouchScreenFinal_MSS_CM3_0\TouchScreenFinal_MSS_CM3_0_hw_platform\Debug\libTouchScreenFinal_MSS_CM3_0_hw_platform.a(ace_config.o)
                                0x498 (size before relaxing)
 .debug_str     0x0000440e      0x32c D:\GitHub\EECS373_Project\TouchScreenFinal\SoftConsole\TouchScreenFinal_MSS_CM3_0\TouchScreenFinal_MSS_CM3_0_hw_platform\Debug\libTouchScreenFinal_MSS_CM3_0_hw_platform.a(ace_convert.o)
                                0xfe8 (size before relaxing)
 .debug_str     0x0000473a      0x68a D:\GitHub\EECS373_Project\TouchScreenFinal\SoftConsole\TouchScreenFinal_MSS_CM3_0\TouchScreenFinal_MSS_CM3_0_hw_platform\Debug\libTouchScreenFinal_MSS_CM3_0_hw_platform.a(ace_flags.o)
                               0x1336 (size before relaxing)

.debug_loc      0x00000000     0x3af2
 *(.debug_loc)
 .debug_loc     0x00000000       0x37 ./main.o
 .debug_loc     0x00000037      0x89c ./touchscreen.o
 .debug_loc     0x000008d3       0x6e ./xbee.o
 .debug_loc     0x00000941      0x30d D:/GitHub/EECS373_Project/TouchScreenFinal/SoftConsole/TouchScreenFinal_MSS_CM3_0/TouchScreenFinal_MSS_CM3_0_hw_platform/Debug/CMSIS/startup_gcc/newlib_stubs.o
 .debug_loc     0x00000c4e      0x894 D:\GitHub\EECS373_Project\TouchScreenFinal\SoftConsole\TouchScreenFinal_MSS_CM3_0\TouchScreenFinal_MSS_CM3_0_hw_platform\Debug\libTouchScreenFinal_MSS_CM3_0_hw_platform.a(mss_uart.o)
 .debug_loc     0x000014e2      0x982 D:\GitHub\EECS373_Project\TouchScreenFinal\SoftConsole\TouchScreenFinal_MSS_CM3_0\TouchScreenFinal_MSS_CM3_0_hw_platform\Debug\libTouchScreenFinal_MSS_CM3_0_hw_platform.a(mss_spi.o)
 .debug_loc     0x00001e64      0x755 D:\GitHub\EECS373_Project\TouchScreenFinal\SoftConsole\TouchScreenFinal_MSS_CM3_0\TouchScreenFinal_MSS_CM3_0_hw_platform\Debug\libTouchScreenFinal_MSS_CM3_0_hw_platform.a(mss_i2c.o)
 .debug_loc     0x000025b9       0xf1 D:\GitHub\EECS373_Project\TouchScreenFinal\SoftConsole\TouchScreenFinal_MSS_CM3_0\TouchScreenFinal_MSS_CM3_0_hw_platform\Debug\libTouchScreenFinal_MSS_CM3_0_hw_platform.a(mss_gpio.o)
 .debug_loc     0x000026aa      0x5ae D:\GitHub\EECS373_Project\TouchScreenFinal\SoftConsole\TouchScreenFinal_MSS_CM3_0\TouchScreenFinal_MSS_CM3_0_hw_platform\Debug\libTouchScreenFinal_MSS_CM3_0_hw_platform.a(mss_ace.o)
 .debug_loc     0x00002c58      0x1c8 D:\GitHub\EECS373_Project\TouchScreenFinal\SoftConsole\TouchScreenFinal_MSS_CM3_0\TouchScreenFinal_MSS_CM3_0_hw_platform\Debug\libTouchScreenFinal_MSS_CM3_0_hw_platform.a(core_cm3.o)
 .debug_loc     0x00002e20       0xb3 D:\GitHub\EECS373_Project\TouchScreenFinal\SoftConsole\TouchScreenFinal_MSS_CM3_0\TouchScreenFinal_MSS_CM3_0_hw_platform\Debug\libTouchScreenFinal_MSS_CM3_0_hw_platform.a(system_a2fxxxm3.o)
 .debug_loc     0x00002ed3      0x794 D:\GitHub\EECS373_Project\TouchScreenFinal\SoftConsole\TouchScreenFinal_MSS_CM3_0\TouchScreenFinal_MSS_CM3_0_hw_platform\Debug\libTouchScreenFinal_MSS_CM3_0_hw_platform.a(ace_convert.o)
 .debug_loc     0x00003667      0x48b D:\GitHub\EECS373_Project\TouchScreenFinal\SoftConsole\TouchScreenFinal_MSS_CM3_0\TouchScreenFinal_MSS_CM3_0_hw_platform\Debug\libTouchScreenFinal_MSS_CM3_0_hw_platform.a(ace_flags.o)

.debug_macinfo  0x00000000    0x5d06b
 *(.debug_macinfo)
 .debug_macinfo
                0x00000000     0xad48 ./main.o
 .debug_macinfo
                0x0000ad48     0x7539 ./touchscreen.o
 .debug_macinfo
                0x00012281     0x9464 ./xbee.o
 .debug_macinfo
                0x0001b6e5     0x9964 D:/GitHub/EECS373_Project/TouchScreenFinal/SoftConsole/TouchScreenFinal_MSS_CM3_0/TouchScreenFinal_MSS_CM3_0_hw_platform/Debug/CMSIS/startup_gcc/newlib_stubs.o
 .debug_macinfo
                0x00025049     0x63e3 D:\GitHub\EECS373_Project\TouchScreenFinal\SoftConsole\TouchScreenFinal_MSS_CM3_0\TouchScreenFinal_MSS_CM3_0_hw_platform\Debug\libTouchScreenFinal_MSS_CM3_0_hw_platform.a(mss_uart.o)
 .debug_macinfo
                0x0002b42c     0x7559 D:\GitHub\EECS373_Project\TouchScreenFinal\SoftConsole\TouchScreenFinal_MSS_CM3_0\TouchScreenFinal_MSS_CM3_0_hw_platform\Debug\libTouchScreenFinal_MSS_CM3_0_hw_platform.a(mss_spi.o)
 .debug_macinfo
                0x00032985     0x7518 D:\GitHub\EECS373_Project\TouchScreenFinal\SoftConsole\TouchScreenFinal_MSS_CM3_0\TouchScreenFinal_MSS_CM3_0_hw_platform\Debug\libTouchScreenFinal_MSS_CM3_0_hw_platform.a(mss_i2c.o)
 .debug_macinfo
                0x00039e9d     0x5cfa D:\GitHub\EECS373_Project\TouchScreenFinal\SoftConsole\TouchScreenFinal_MSS_CM3_0\TouchScreenFinal_MSS_CM3_0_hw_platform\Debug\libTouchScreenFinal_MSS_CM3_0_hw_platform.a(mss_gpio.o)
 .debug_macinfo
                0x0003fb97     0x77f7 D:\GitHub\EECS373_Project\TouchScreenFinal\SoftConsole\TouchScreenFinal_MSS_CM3_0\TouchScreenFinal_MSS_CM3_0_hw_platform\Debug\libTouchScreenFinal_MSS_CM3_0_hw_platform.a(mss_ace.o)
 .debug_macinfo
                0x0004738e     0x152b D:\GitHub\EECS373_Project\TouchScreenFinal\SoftConsole\TouchScreenFinal_MSS_CM3_0\TouchScreenFinal_MSS_CM3_0_hw_platform\Debug\libTouchScreenFinal_MSS_CM3_0_hw_platform.a(core_cm3.o)
 .debug_macinfo
                0x000488b9     0x5a98 D:\GitHub\EECS373_Project\TouchScreenFinal\SoftConsole\TouchScreenFinal_MSS_CM3_0\TouchScreenFinal_MSS_CM3_0_hw_platform\Debug\libTouchScreenFinal_MSS_CM3_0_hw_platform.a(system_a2fxxxm3.o)
 .debug_macinfo
                0x0004e351     0x1917 D:\GitHub\EECS373_Project\TouchScreenFinal\SoftConsole\TouchScreenFinal_MSS_CM3_0\TouchScreenFinal_MSS_CM3_0_hw_platform\Debug\libTouchScreenFinal_MSS_CM3_0_hw_platform.a(ace_config.o)
 .debug_macinfo
                0x0004fc68     0x5b95 D:\GitHub\EECS373_Project\TouchScreenFinal\SoftConsole\TouchScreenFinal_MSS_CM3_0\TouchScreenFinal_MSS_CM3_0_hw_platform\Debug\libTouchScreenFinal_MSS_CM3_0_hw_platform.a(ace_convert.o)
 .debug_macinfo
                0x000557fd     0x786e D:\GitHub\EECS373_Project\TouchScreenFinal\SoftConsole\TouchScreenFinal_MSS_CM3_0\TouchScreenFinal_MSS_CM3_0_hw_platform\Debug\libTouchScreenFinal_MSS_CM3_0_hw_platform.a(ace_flags.o)

.debug_weaknames
 *(.debug_weaknames)

.debug_funcnames
 *(.debug_funcnames)

.debug_typenames
 *(.debug_typenames)

.debug_varnames
 *(.debug_varnames)

.note.gnu.arm.ident
 *(.note.gnu.arm.ident)

.ARM.attributes
                0x00000000       0x25
 *(.ARM.attributes)
 .ARM.attributes
                0x00000000       0x19 c:/microsemi/softconsole v3.3/sourcery-g++/bin/../lib/gcc/arm-none-eabi/4.4.1/thumb2/crti.o
 .ARM.attributes
                0x00000019       0x29 c:/microsemi/softconsole v3.3/sourcery-g++/bin/../lib/gcc/arm-none-eabi/4.4.1/thumb2/crtbegin.o
 .ARM.attributes
                0x00000042       0x31 ./main.o
 .ARM.attributes
                0x00000073       0x31 ./touchscreen.o
 .ARM.attributes
                0x000000a4       0x31 ./xbee.o
 .ARM.attributes
                0x000000d5       0x21 D:/GitHub/EECS373_Project/TouchScreenFinal/SoftConsole/TouchScreenFinal_MSS_CM3_0/TouchScreenFinal_MSS_CM3_0_hw_platform/Debug/CMSIS/startup_gcc/startup_a2fxxxm3.o
 .ARM.attributes
                0x000000f6       0x31 D:/GitHub/EECS373_Project/TouchScreenFinal/SoftConsole/TouchScreenFinal_MSS_CM3_0/TouchScreenFinal_MSS_CM3_0_hw_platform/Debug/CMSIS/startup_gcc/newlib_stubs.o
 .ARM.attributes
                0x00000127       0x31 D:\GitHub\EECS373_Project\TouchScreenFinal\SoftConsole\TouchScreenFinal_MSS_CM3_0\TouchScreenFinal_MSS_CM3_0_hw_platform\Debug\libTouchScreenFinal_MSS_CM3_0_hw_platform.a(mss_uart.o)
 .ARM.attributes
                0x00000158       0x31 D:\GitHub\EECS373_Project\TouchScreenFinal\SoftConsole\TouchScreenFinal_MSS_CM3_0\TouchScreenFinal_MSS_CM3_0_hw_platform\Debug\libTouchScreenFinal_MSS_CM3_0_hw_platform.a(mss_spi.o)
 .ARM.attributes
                0x00000189       0x31 D:\GitHub\EECS373_Project\TouchScreenFinal\SoftConsole\TouchScreenFinal_MSS_CM3_0\TouchScreenFinal_MSS_CM3_0_hw_platform\Debug\libTouchScreenFinal_MSS_CM3_0_hw_platform.a(mss_i2c.o)
 .ARM.attributes
                0x000001ba       0x31 D:\GitHub\EECS373_Project\TouchScreenFinal\SoftConsole\TouchScreenFinal_MSS_CM3_0\TouchScreenFinal_MSS_CM3_0_hw_platform\Debug\libTouchScreenFinal_MSS_CM3_0_hw_platform.a(mss_gpio.o)
 .ARM.attributes
                0x000001eb       0x31 D:\GitHub\EECS373_Project\TouchScreenFinal\SoftConsole\TouchScreenFinal_MSS_CM3_0\TouchScreenFinal_MSS_CM3_0_hw_platform\Debug\libTouchScreenFinal_MSS_CM3_0_hw_platform.a(mss_ace.o)
 .ARM.attributes
                0x0000021c       0x31 D:\GitHub\EECS373_Project\TouchScreenFinal\SoftConsole\TouchScreenFinal_MSS_CM3_0\TouchScreenFinal_MSS_CM3_0_hw_platform\Debug\libTouchScreenFinal_MSS_CM3_0_hw_platform.a(core_cm3.o)
 .ARM.attributes
                0x0000024d       0x31 D:\GitHub\EECS373_Project\TouchScreenFinal\SoftConsole\TouchScreenFinal_MSS_CM3_0\TouchScreenFinal_MSS_CM3_0_hw_platform\Debug\libTouchScreenFinal_MSS_CM3_0_hw_platform.a(system_a2fxxxm3.o)
 .ARM.attributes
                0x0000027e       0x31 D:\GitHub\EECS373_Project\TouchScreenFinal\SoftConsole\TouchScreenFinal_MSS_CM3_0\TouchScreenFinal_MSS_CM3_0_hw_platform\Debug\libTouchScreenFinal_MSS_CM3_0_hw_platform.a(ace_config.o)
 .ARM.attributes
                0x000002af       0x31 D:\GitHub\EECS373_Project\TouchScreenFinal\SoftConsole\TouchScreenFinal_MSS_CM3_0\TouchScreenFinal_MSS_CM3_0_hw_platform\Debug\libTouchScreenFinal_MSS_CM3_0_hw_platform.a(ace_convert.o)
 .ARM.attributes
                0x000002e0       0x31 D:\GitHub\EECS373_Project\TouchScreenFinal\SoftConsole\TouchScreenFinal_MSS_CM3_0\TouchScreenFinal_MSS_CM3_0_hw_platform\Debug\libTouchScreenFinal_MSS_CM3_0_hw_platform.a(ace_flags.o)
 .ARM.attributes
                0x00000311       0x1b c:/microsemi/softconsole v3.3/sourcery-g++/bin/../lib/gcc/arm-none-eabi/4.4.1/thumb2\libgcc.a(_arm_addsubdf3.o)
 .ARM.attributes
                0x0000032c       0x1b c:/microsemi/softconsole v3.3/sourcery-g++/bin/../lib/gcc/arm-none-eabi/4.4.1/thumb2\libgcc.a(_arm_muldivdf3.o)
 .ARM.attributes
                0x00000347       0x1b c:/microsemi/softconsole v3.3/sourcery-g++/bin/../lib/gcc/arm-none-eabi/4.4.1/thumb2\libgcc.a(_arm_truncdfsf2.o)
 .ARM.attributes
                0x00000362       0x1b c:/microsemi/softconsole v3.3/sourcery-g++/bin/../lib/gcc/arm-none-eabi/4.4.1/thumb2\libgcc.a(_arm_addsubsf3.o)
 .ARM.attributes
                0x0000037d       0x1b c:/microsemi/softconsole v3.3/sourcery-g++/bin/../lib/gcc/arm-none-eabi/4.4.1/thumb2\libgcc.a(_arm_muldivsf3.o)
 .ARM.attributes
                0x00000398       0x1b c:/microsemi/softconsole v3.3/sourcery-g++/bin/../lib/gcc/arm-none-eabi/4.4.1/thumb2\libgcc.a(_arm_fixsfsi.o)
 .ARM.attributes
                0x000003b3       0x1b c:/microsemi/softconsole v3.3/sourcery-g++/bin/../lib/gcc/arm-none-eabi/4.4.1/thumb2\libgcc.a(_arm_fixunssfsi.o)
 .ARM.attributes
                0x000003ce       0x29 c:/microsemi/softconsole v3.3/sourcery-g++/bin/../lib/gcc/arm-none-eabi/4.4.1/../../../../arm-none-eabi/lib/thumb2\libc.a(lib_a-errno.o)
 .ARM.attributes
                0x000003f7       0x29 c:/microsemi/softconsole v3.3/sourcery-g++/bin/../lib/gcc/arm-none-eabi/4.4.1/../../../../arm-none-eabi/lib/thumb2\libc.a(lib_a-impure.o)
 .ARM.attributes
                0x00000420       0x29 c:/microsemi/softconsole v3.3/sourcery-g++/bin/../lib/gcc/arm-none-eabi/4.4.1/../../../../arm-none-eabi/lib/thumb2\libc.a(lib_a-init.o)
 .ARM.attributes
                0x00000449       0x29 c:/microsemi/softconsole v3.3/sourcery-g++/bin/../lib/gcc/arm-none-eabi/4.4.1/../../../../arm-none-eabi/lib/thumb2\libc.a(lib_a-memset.o)
 .ARM.attributes
                0x00000472       0x29 c:/microsemi/softconsole v3.3/sourcery-g++/bin/../lib/gcc/arm-none-eabi/4.4.1/../../../../arm-none-eabi/lib/thumb2\libc.a(lib_a-strncmp.o)
 .ARM.attributes
                0x0000049b       0x29 c:/microsemi/softconsole v3.3/sourcery-g++/bin/../lib/gcc/arm-none-eabi/4.4.1/thumb2/crtend.o
 .ARM.attributes
                0x000004c4       0x19 c:/microsemi/softconsole v3.3/sourcery-g++/bin/../lib/gcc/arm-none-eabi/4.4.1/thumb2/crtn.o

/DISCARD/
 *(.note.GNU-stack)
 *(.isr_vector)
OUTPUT(TouchScreenFinal_MSS_CM3_0_app elf32-littlearm)

.debug_ranges   0x00000000      0x9b0
 .debug_ranges  0x00000000       0x18 ./main.o
 .debug_ranges  0x00000018      0x160 ./touchscreen.o
 .debug_ranges  0x00000178       0x20 ./xbee.o
 .debug_ranges  0x00000198       0xa0 D:/GitHub/EECS373_Project/TouchScreenFinal/SoftConsole/TouchScreenFinal_MSS_CM3_0/TouchScreenFinal_MSS_CM3_0_hw_platform/Debug/CMSIS/startup_gcc/newlib_stubs.o
 .debug_ranges  0x00000238       0xd0 D:\GitHub\EECS373_Project\TouchScreenFinal\SoftConsole\TouchScreenFinal_MSS_CM3_0\TouchScreenFinal_MSS_CM3_0_hw_platform\Debug\libTouchScreenFinal_MSS_CM3_0_hw_platform.a(mss_uart.o)
 .debug_ranges  0x00000308       0xc0 D:\GitHub\EECS373_Project\TouchScreenFinal\SoftConsole\TouchScreenFinal_MSS_CM3_0\TouchScreenFinal_MSS_CM3_0_hw_platform\Debug\libTouchScreenFinal_MSS_CM3_0_hw_platform.a(mss_spi.o)
 .debug_ranges  0x000003c8      0x108 D:\GitHub\EECS373_Project\TouchScreenFinal\SoftConsole\TouchScreenFinal_MSS_CM3_0\TouchScreenFinal_MSS_CM3_0_hw_platform\Debug\libTouchScreenFinal_MSS_CM3_0_hw_platform.a(mss_i2c.o)
 .debug_ranges  0x000004d0       0x60 D:\GitHub\EECS373_Project\TouchScreenFinal\SoftConsole\TouchScreenFinal_MSS_CM3_0\TouchScreenFinal_MSS_CM3_0_hw_platform\Debug\libTouchScreenFinal_MSS_CM3_0_hw_platform.a(mss_gpio.o)
 .debug_ranges  0x00000530       0xf0 D:\GitHub\EECS373_Project\TouchScreenFinal\SoftConsole\TouchScreenFinal_MSS_CM3_0\TouchScreenFinal_MSS_CM3_0_hw_platform\Debug\libTouchScreenFinal_MSS_CM3_0_hw_platform.a(mss_ace.o)
 .debug_ranges  0x00000620       0xc0 D:\GitHub\EECS373_Project\TouchScreenFinal\SoftConsole\TouchScreenFinal_MSS_CM3_0\TouchScreenFinal_MSS_CM3_0_hw_platform\Debug\libTouchScreenFinal_MSS_CM3_0_hw_platform.a(core_cm3.o)
 .debug_ranges  0x000006e0       0x20 D:\GitHub\EECS373_Project\TouchScreenFinal\SoftConsole\TouchScreenFinal_MSS_CM3_0\TouchScreenFinal_MSS_CM3_0_hw_platform\Debug\libTouchScreenFinal_MSS_CM3_0_hw_platform.a(system_a2fxxxm3.o)
 .debug_ranges  0x00000700       0xd8 D:\GitHub\EECS373_Project\TouchScreenFinal\SoftConsole\TouchScreenFinal_MSS_CM3_0\TouchScreenFinal_MSS_CM3_0_hw_platform\Debug\libTouchScreenFinal_MSS_CM3_0_hw_platform.a(ace_convert.o)
 .debug_ranges  0x000007d8      0x1d8 D:\GitHub\EECS373_Project\TouchScreenFinal\SoftConsole\TouchScreenFinal_MSS_CM3_0\TouchScreenFinal_MSS_CM3_0_hw_platform\Debug\libTouchScreenFinal_MSS_CM3_0_hw_platform.a(ace_flags.o)
