Archive member included because of file (symbol)

N:\EECS373_Project\TouchScreenFinal\SoftConsole\TouchScreenFinal_MSS_CM3_0\TouchScreenFinal_MSS_CM3_0_hw_platform\Debug\libTouchScreenFinal_MSS_CM3_0_hw_platform.a(mss_spi.o)
                              ./touchscreen.o (g_mss_spi1)
N:\EECS373_Project\TouchScreenFinal\SoftConsole\TouchScreenFinal_MSS_CM3_0\TouchScreenFinal_MSS_CM3_0_hw_platform\Debug\libTouchScreenFinal_MSS_CM3_0_hw_platform.a(mss_gpio.o)
                              ./touchscreen.o (MSS_GPIO_init)
N:\EECS373_Project\TouchScreenFinal\SoftConsole\TouchScreenFinal_MSS_CM3_0\TouchScreenFinal_MSS_CM3_0_hw_platform\Debug\libTouchScreenFinal_MSS_CM3_0_hw_platform.a(mss_ace.o)
                              ./touchscreen.o (ACE_init)
N:\EECS373_Project\TouchScreenFinal\SoftConsole\TouchScreenFinal_MSS_CM3_0\TouchScreenFinal_MSS_CM3_0_hw_platform\Debug\libTouchScreenFinal_MSS_CM3_0_hw_platform.a(system_a2fxxxm3.o)
                              N:/EECS373_Project/TouchScreenFinal/SoftConsole/TouchScreenFinal_MSS_CM3_0/TouchScreenFinal_MSS_CM3_0_hw_platform/Debug/CMSIS/startup_gcc/startup_a2fxxxm3.o (SystemInit)
N:\EECS373_Project\TouchScreenFinal\SoftConsole\TouchScreenFinal_MSS_CM3_0\TouchScreenFinal_MSS_CM3_0_hw_platform\Debug\libTouchScreenFinal_MSS_CM3_0_hw_platform.a(ace_config.o)
                              N:\EECS373_Project\TouchScreenFinal\SoftConsole\TouchScreenFinal_MSS_CM3_0\TouchScreenFinal_MSS_CM3_0_hw_platform\Debug\libTouchScreenFinal_MSS_CM3_0_hw_platform.a(mss_ace.o) (g_ace_channel_desc_table)
N:\EECS373_Project\TouchScreenFinal\SoftConsole\TouchScreenFinal_MSS_CM3_0\TouchScreenFinal_MSS_CM3_0_hw_platform\Debug\libTouchScreenFinal_MSS_CM3_0_hw_platform.a(ace_convert.o)
                              N:\EECS373_Project\TouchScreenFinal\SoftConsole\TouchScreenFinal_MSS_CM3_0\TouchScreenFinal_MSS_CM3_0_hw_platform\Debug\libTouchScreenFinal_MSS_CM3_0_hw_platform.a(mss_ace.o) (ace_init_convert)
N:\EECS373_Project\TouchScreenFinal\SoftConsole\TouchScreenFinal_MSS_CM3_0\TouchScreenFinal_MSS_CM3_0_hw_platform\Debug\libTouchScreenFinal_MSS_CM3_0_hw_platform.a(ace_flags.o)
                              N:\EECS373_Project\TouchScreenFinal\SoftConsole\TouchScreenFinal_MSS_CM3_0\TouchScreenFinal_MSS_CM3_0_hw_platform\Debug\libTouchScreenFinal_MSS_CM3_0_hw_platform.a(mss_ace.o) (ace_init_flags)
c:/microsemi/softconsole v3.3/sourcery-g++/bin/../lib/gcc/arm-none-eabi/4.4.1/thumb2\libgcc.a(_arm_addsubdf3.o)
                              ./touchscreen.o (__aeabi_i2d)
c:/microsemi/softconsole v3.3/sourcery-g++/bin/../lib/gcc/arm-none-eabi/4.4.1/thumb2\libgcc.a(_arm_muldivdf3.o)
                              ./touchscreen.o (__aeabi_dmul)
c:/microsemi/softconsole v3.3/sourcery-g++/bin/../lib/gcc/arm-none-eabi/4.4.1/thumb2\libgcc.a(_arm_fixdfsi.o)
                              ./touchscreen.o (__aeabi_d2iz)
c:/microsemi/softconsole v3.3/sourcery-g++/bin/../lib/gcc/arm-none-eabi/4.4.1/thumb2\libgcc.a(_arm_addsubsf3.o)
                              ./touchscreen.o (__aeabi_fsub)
c:/microsemi/softconsole v3.3/sourcery-g++/bin/../lib/gcc/arm-none-eabi/4.4.1/thumb2\libgcc.a(_arm_muldivsf3.o)
                              ./touchscreen.o (__aeabi_fmul)
c:/microsemi/softconsole v3.3/sourcery-g++/bin/../lib/gcc/arm-none-eabi/4.4.1/thumb2\libgcc.a(_arm_fixsfsi.o)
                              ./touchscreen.o (__aeabi_f2iz)
c:/microsemi/softconsole v3.3/sourcery-g++/bin/../lib/gcc/arm-none-eabi/4.4.1/../../../../arm-none-eabi/lib/thumb2\libc.a(lib_a-errno.o)
                              N:/EECS373_Project/TouchScreenFinal/SoftConsole/TouchScreenFinal_MSS_CM3_0/TouchScreenFinal_MSS_CM3_0_hw_platform/Debug/CMSIS/startup_gcc/newlib_stubs.o (__errno)
c:/microsemi/softconsole v3.3/sourcery-g++/bin/../lib/gcc/arm-none-eabi/4.4.1/../../../../arm-none-eabi/lib/thumb2\libc.a(lib_a-impure.o)
                              c:/microsemi/softconsole v3.3/sourcery-g++/bin/../lib/gcc/arm-none-eabi/4.4.1/../../../../arm-none-eabi/lib/thumb2\libc.a(lib_a-errno.o) (_impure_ptr)
c:/microsemi/softconsole v3.3/sourcery-g++/bin/../lib/gcc/arm-none-eabi/4.4.1/../../../../arm-none-eabi/lib/thumb2\libc.a(lib_a-init.o)
                              N:/EECS373_Project/TouchScreenFinal/SoftConsole/TouchScreenFinal_MSS_CM3_0/TouchScreenFinal_MSS_CM3_0_hw_platform/Debug/CMSIS/startup_gcc/startup_a2fxxxm3.o (__libc_init_array)
c:/microsemi/softconsole v3.3/sourcery-g++/bin/../lib/gcc/arm-none-eabi/4.4.1/../../../../arm-none-eabi/lib/thumb2\libc.a(lib_a-memset.o)
                              N:\EECS373_Project\TouchScreenFinal\SoftConsole\TouchScreenFinal_MSS_CM3_0\TouchScreenFinal_MSS_CM3_0_hw_platform\Debug\libTouchScreenFinal_MSS_CM3_0_hw_platform.a(mss_spi.o) (memset)
c:/microsemi/softconsole v3.3/sourcery-g++/bin/../lib/gcc/arm-none-eabi/4.4.1/../../../../arm-none-eabi/lib/thumb2\libc.a(lib_a-strncmp.o)
[...]
Memory Configuration

Name             Origin             Length             Attributes
ram              0x20000000         0x00010000         xrw
*default*        0x00000000         0xffffffff

Linker script and memory map

LOAD c:/microsemi/softconsole v3.3/sourcery-g++/bin/../lib/gcc/arm-none-eabi/4.4.1/thumb2/crti.o
LOAD c:/microsemi/softconsole v3.3/sourcery-g++/bin/../lib/gcc/arm-none-eabi/4.4.1/thumb2/crtbegin.o
LOAD ./main.o
LOAD ./touchscreen.o
LOAD N:/EECS373_Project/TouchScreenFinal/SoftConsole/TouchScreenFinal_MSS_CM3_0/TouchScreenFinal_MSS_CM3_0_hw_platform/Debug/CMSIS/startup_gcc/startup_a2fxxxm3.o
LOAD N:/EECS373_Project/TouchScreenFinal/SoftConsole/TouchScreenFinal_MSS_CM3_0/TouchScreenFinal_MSS_CM3_0_hw_platform/Debug/CMSIS/startup_gcc/newlib_stubs.o
LOAD N:\EECS373_Project\TouchScreenFinal\SoftConsole\TouchScreenFinal_MSS_CM3_0\TouchScreenFinal_MSS_CM3_0_hw_platform\Debug\libTouchScreenFinal_MSS_CM3_0_hw_platform.a
START GROUP
LOAD c:/microsemi/softconsole v3.3/sourcery-g++/bin/../lib/gcc/arm-none-eabi/4.4.1/thumb2\libgcc.a
LOAD c:/microsemi/softconsole v3.3/sourcery-g++/bin/../lib/gcc/arm-none-eabi/4.4.1/../../../../arm-none-eabi/lib/thumb2\libc.a
END GROUP
LOAD c:/microsemi/softconsole v3.3/sourcery-g++/bin/../lib/gcc/arm-none-eabi/4.4.1/thumb2/crtend.o
LOAD c:/microsemi/softconsole v3.3/sourcery-g++/bin/../lib/gcc/arm-none-eabi/4.4.1/thumb2/crtn.o
START GROUP
LOAD c:/microsemi/softconsole v3.3/sourcery-g++/bin/../lib/gcc/arm-none-eabi/4.4.1/../../../../arm-none-eabi/lib/thumb2\libc.a
LOAD c:/microsemi/softconsole v3.3/sourcery-g++/bin/../lib/gcc/arm-none-eabi/4.4.1/thumb2\libgcc.a
LOAD c:/microsemi/softconsole v3.3/sourcery-g++/bin/../lib/gcc/arm-none-eabi/4.4.1/../../../../arm-none-eabi/lib/thumb2\libm.a
END GROUP
                0x00000000                __DYNAMIC = 0x0
                0x20000000                RAM_START_ADDRESS = 0x20000000
                0x00010000                RAM_SIZE = 0x10000
                0x00002000                MAIN_STACK_SIZE = 0x2000
                0x00001000                PROCESS_STACK_SIZE = 0x1000
                0x20010000                PROVIDE (__main_stack_start, (RAM_START_ADDRESS + RAM_SIZE))
                0x2000e000                PROVIDE (__process_stack_start, (__main_stack_start - MAIN_STACK_SIZE))
                0x20010000                PROVIDE (_estack, __main_stack_start)
                0x00000000                PROVIDE (__mirrored_nvm, 0x0)

.text           0x20000000     0x33ac
 CREATE_OBJECT_SYMBOLS
                0x20000000                __text_load = LOADADDR (.text)
                0x20000000                __text_start = .
                0x20000000                __vector_table_vma_base_address = .
 *(.isr_vector)
 .isr_vector    0x20000000      0x470 N:/EECS373_Project/TouchScreenFinal/SoftConsole/TouchScreenFinal_MSS_CM3_0/TouchScreenFinal_MSS_CM3_0_hw_platform/Debug/CMSIS/startup_gcc/startup_a2fxxxm3.o
                0x20000000                g_pfnVectors
                0x20000298                Reset_Handler
                0x20000308                NMI_Handler
                0x2000030a                HardFault_Handler
                0x2000030c                MemManage_Handler
                0x2000030e                BusFault_Handler
                0x20000310                UsageFault_Handler
                0x20000312                SVC_Handler
                0x20000314                DebugMon_Handler
                0x20000316                PendSV_Handler
                0x20000318                SysTick_Handler
                0x2000031a                WdogWakeup_IRQHandler
                0x2000031c                BrownOut_1_5V_IRQHandler
                0x2000031e                BrownOut_3_3V_IRQHandler
                0x20000320                RTC_Match_IRQHandler
                0x20000322                RTCIF_Pub_IRQHandler
                0x20000324                EthernetMAC_IRQHandler
                0x20000326                IAP_IRQHandler
                0x20000328                ENVM0_IRQHandler
                0x2000032a                ENVM1_IRQHandler
                0x2000032c                DMA_IRQHandler
                0x2000032e                UART0_IRQHandler
                0x20000330                UART1_IRQHandler
                0x20000336                I2C0_IRQHandler
                0x20000338                I2C0_SMBAlert_IRQHandler
                0x2000033a                I2C0_SMBus_IRQHandler
                0x2000033c                I2C1_IRQHandler
                0x2000033e                I2C1_SMBAlert_IRQHandler
                0x20000340                I2C1_SMBus_IRQHandler
                0x20000342                Timer1_IRQHandler
                0x20000344                Timer2_IRQHandler
                0x20000346                PLL_Lock_IRQHandler
                0x20000348                PLL_LockLost_IRQHandler
                0x2000034a                CommError_IRQHandler
                0x2000034c                Fabric_IRQHandler
                0x2000034e                GPIO0_IRQHandler
                0x20000350                GPIO1_IRQHandler
                0x20000352                GPIO2_IRQHandler
                0x20000354                GPIO3_IRQHandler
                0x20000356                GPIO4_IRQHandler
                0x20000358                GPIO5_IRQHandler
                0x2000035a                GPIO6_IRQHandler
                0x2000035c                GPIO7_IRQHandler
                0x2000035e                GPIO8_IRQHandler
                0x20000360                GPIO9_IRQHandler
                0x20000362                GPIO10_IRQHandler
                0x20000364                GPIO11_IRQHandler
                0x20000366                GPIO12_IRQHandler
                0x20000368                GPIO13_IRQHandler
                0x2000036a                GPIO14_IRQHandler
                0x2000036c                GPIO15_IRQHandler
                0x2000036e                GPIO16_IRQHandler
                0x20000370                GPIO17_IRQHandler
                0x20000372                GPIO18_IRQHandler
                0x20000374                GPIO19_IRQHandler
                0x20000376                GPIO20_IRQHandler
                0x20000378                GPIO21_IRQHandler
                0x2000037a                GPIO22_IRQHandler
                0x2000037c                GPIO23_IRQHandler
                0x2000037e                GPIO24_IRQHandler
                0x20000380                GPIO25_IRQHandler
                0x20000382                GPIO26_IRQHandler
                0x20000384                GPIO27_IRQHandler
                0x20000386                GPIO28_IRQHandler
                0x20000388                GPIO29_IRQHandler
                0x2000038a                GPIO30_IRQHandler
                0x2000038c                GPIO31_IRQHandler
                0x2000038e                ACE_PC0_Flag0_IRQHandler
                0x20000390                ACE_PC0_Flag1_IRQHandler
                0x20000392                ACE_PC0_Flag2_IRQHandler
                0x20000394                ACE_PC0_Flag3_IRQHandler
                0x20000396                ACE_PC1_Flag0_IRQHandler
                0x20000398                ACE_PC1_Flag1_IRQHandler
                0x2000039a                ACE_PC1_Flag2_IRQHandler
                0x2000039c                ACE_PC1_Flag3_IRQHandler
                0x2000039e                ACE_PC2_Flag0_IRQHandler
                0x200003a0                ACE_PC2_Flag1_IRQHandler
                0x200003a2                ACE_PC2_Flag2_IRQHandler
                0x200003a4                ACE_PC2_Flag3_IRQHandler
                0x200003a6                ACE_ADC0_DataValid_IRQHandler
                0x200003a8                ACE_ADC1_DataValid_IRQHandler
                0x200003aa                ACE_ADC2_DataValid_IRQHandler
                0x200003ac                ACE_ADC0_CalDone_IRQHandler
                0x200003ae                ACE_ADC1_CalDone_IRQHandler
                0x200003b0                ACE_ADC2_CalDone_IRQHandler
                0x200003b2                ACE_ADC0_CalStart_IRQHandler
                0x200003b4                ACE_ADC1_CalStart_IRQHandler
                0x200003b6                ACE_ADC2_CalStart_IRQHandler
                0x200003b8                ACE_Comp0_Fall_IRQHandler
                0x200003ba                ACE_Comp1_Fall_IRQHandler
                0x200003bc                ACE_Comp2_Fall_IRQHandler
                0x200003be                ACE_Comp3_Fall_IRQHandler
                0x200003c0                ACE_Comp4_Fall_IRQHandler
                0x200003c2                ACE_Comp5_Fall_IRQHandler
                0x200003c4                ACE_Comp6_Fall_IRQHandler
                0x200003c6                ACE_Comp7_Fall_IRQHandler
                0x200003c8                ACE_Comp8_Fall_IRQHandler
                0x200003ca                ACE_Comp9_Fall_IRQHandler
                0x200003cc                ACE_Comp10_Fall_IRQHandler
                0x200003ce                ACE_Comp11_Fall_IRQHandler
                0x200003d0                ACE_Comp0_Rise_IRQHandler
                0x200003d2                ACE_Comp1_Rise_IRQHandler
                0x200003d4                ACE_Comp2_Rise_IRQHandler
                0x200003d6                ACE_Comp3_Rise_IRQHandler
                0x200003d8                ACE_Comp4_Rise_IRQHandler
                0x200003da                ACE_Comp5_Rise_IRQHandler
                0x200003dc                ACE_Comp6_Rise_IRQHandler
                0x200003de                ACE_Comp7_Rise_IRQHandler
                0x200003e0                ACE_Comp8_Rise_IRQHandler
                0x200003e2                ACE_Comp9_Rise_IRQHandler
                0x200003e4                ACE_Comp10_Rise_IRQHandler
                0x200003e6                ACE_Comp11_Rise_IRQHandler
                0x200003e8                ACE_ADC0_FifoFull_IRQHandler
                0x200003ea                ACE_ADC0_FifoAFull_IRQHandler
                0x200003ec                ACE_ADC0_FifoEmpty_IRQHandler
                0x200003ee                ACE_ADC1_FifoFull_IRQHandler
                0x200003f0                ACE_ADC1_FifoAFull_IRQHandler
                0x200003f2                ACE_ADC1_FifoEmpty_IRQHandler
                0x200003f4                ACE_ADC2_FifoFull_IRQHandler
                0x200003f6                ACE_ADC2_FifoAFull_IRQHandler
                0x200003f8                ACE_ADC2_FifoEmpty_IRQHandler
 *(.text .text.* .gnu.linkonce.t.*)
 .text          0x20000470       0x30 c:/microsemi/softconsole v3.3/sourcery-g++/bin/../lib/gcc/arm-none-eabi/4.4.1/thumb2/crtbegin.o
 .text.main     0x200004a0       0x68 ./main.o
                0x200004a0                main
 .text.NVIC_DisableIRQ
                0x20000508       0x3c ./touchscreen.o
 .text.NVIC_ClearPendingIRQ
                0x20000544       0x3c ./touchscreen.o
 .text.MSS_TIM1_init
                0x20000580       0x84 ./touchscreen.o
 .text.MSS_TIM1_start
                0x20000604       0x1c ./touchscreen.o
 .text.MSS_TIM1_stop
                0x20000620       0x1c ./touchscreen.o
 .text.MSS_TIM1_get_current_value
                0x2000063c       0x18 ./touchscreen.o
 .text.MSS_TIM1_load_immediate
                0x20000654       0x20 ./touchscreen.o
 .text.touchscreen_begin
                0x20000674       0xe8 ./touchscreen.o
                0x20000674                touchscreen_begin
 *fill*         0x2000075c        0x4 00
 .text.getX     0x20000760       0xc0 ./touchscreen.o
                0x20000760                getX
 .text.getY     0x20000820       0xc0 ./touchscreen.o
                0x20000820                getY
 .text.getZ     0x200008e0      0x128 ./touchscreen.o
                0x200008e0                getZ
 .text.drawPixel
                0x20000a08       0x48 ./touchscreen.o
                0x20000a08                drawPixel
 .text.drawRectanglePixel
                0x20000a50       0x5c ./touchscreen.o
                0x20000a50                drawRectanglePixel
 .text.drawFillScreen
                0x20000aac       0x2c ./touchscreen.o
                0x20000aac                drawFillScreen
 .text.setAddr  0x20000ad8       0x50 ./touchscreen.o
                0x20000ad8                setAddr
 .text.sendCommand
                0x20000b28       0x60 ./touchscreen.o
                0x20000b28                sendCommand
 .text.delay    0x20000b88       0x40 ./touchscreen.o
                0x20000b88                delay
 .text.delayMicro
                0x20000bc8       0x3c ./touchscreen.o
                0x20000bc8                delayMicro
 .text.sendCommandOnly
                0x20000c04       0x2c ./touchscreen.o
                0x20000c04                sendCommandOnly
 .text.writeLine
                0x20000c30      0x13c ./touchscreen.o
                0x20000c30                writeLine
 .text.configureSPI
                0x20000d6c       0x30 ./touchscreen.o
                0x20000d6c                configureSPI
 .text.sendSPI  0x20000d9c       0x24 ./touchscreen.o
                0x20000d9c                sendSPI
 .text.sendSPI16
                0x20000dc0       0x38 ./touchscreen.o
                0x20000dc0                sendSPI16
 .text.set_SPI_CS
                0x20000df8       0x18 ./touchscreen.o
                0x20000df8                set_SPI_CS
 .text.clear_SPI_CS
                0x20000e10       0x18 ./touchscreen.o
                0x20000e10                clear_SPI_CS
 .text.set_DC_HIGH
                0x20000e28       0x14 ./touchscreen.o
                0x20000e28                set_DC_HIGH
 .text.set_DC_LOW
                0x20000e3c       0x14 ./touchscreen.o
                0x20000e3c                set_DC_LOW
 .text.NVIC_EnableIRQ
                0x20000e50       0x38 N:\EECS373_Project\TouchScreenFinal\SoftConsole\TouchScreenFinal_MSS_CM3_0\TouchScreenFinal_MSS_CM3_0_hw_platform\Debug\libTouchScreenFinal_MSS_CM3_0_hw_platform.a(mss_spi.o)
 .text.NVIC_DisableIRQ
                0x20000e88       0x3c N:\EECS373_Project\TouchScreenFinal\SoftConsole\TouchScreenFinal_MSS_CM3_0\TouchScreenFinal_MSS_CM3_0_hw_platform\Debug\libTouchScreenFinal_MSS_CM3_0_hw_platform.a(mss_spi.o)
 .text.NVIC_ClearPendingIRQ
                0x20000ec4       0x3c N:\EECS373_Project\TouchScreenFinal\SoftConsole\TouchScreenFinal_MSS_CM3_0\TouchScreenFinal_MSS_CM3_0_hw_platform\Debug\libTouchScreenFinal_MSS_CM3_0_hw_platform.a(mss_spi.o)
 .text.MSS_SPI_init
                0x20000f00      0x134 N:\EECS373_Project\TouchScreenFinal\SoftConsole\TouchScreenFinal_MSS_CM3_0\TouchScreenFinal_MSS_CM3_0_hw_platform\Debug\libTouchScreenFinal_MSS_CM3_0_hw_platform.a(mss_spi.o)
                0x20000f00                MSS_SPI_init
 .text.recover_from_rx_overflow
                0x20001034      0x160 N:\EECS373_Project\TouchScreenFinal\SoftConsole\TouchScreenFinal_MSS_CM3_0\TouchScreenFinal_MSS_CM3_0_hw_platform\Debug\libTouchScreenFinal_MSS_CM3_0_hw_platform.a(mss_spi.o)
 .text.MSS_SPI_configure_master_mode
                0x20001194      0x120 N:\EECS373_Project\TouchScreenFinal\SoftConsole\TouchScreenFinal_MSS_CM3_0\TouchScreenFinal_MSS_CM3_0_hw_platform\Debug\libTouchScreenFinal_MSS_CM3_0_hw_platform.a(mss_spi.o)
                0x20001194                MSS_SPI_configure_master_mode
 .text.MSS_SPI_set_slave_select
                0x200012b4      0x108 N:\EECS373_Project\TouchScreenFinal\SoftConsole\TouchScreenFinal_MSS_CM3_0\TouchScreenFinal_MSS_CM3_0_hw_platform\Debug\libTouchScreenFinal_MSS_CM3_0_hw_platform.a(mss_spi.o)
                0x200012b4                MSS_SPI_set_slave_select
 .text.MSS_SPI_clear_slave_select
                0x200013bc       0x90 N:\EECS373_Project\TouchScreenFinal\SoftConsole\TouchScreenFinal_MSS_CM3_0\TouchScreenFinal_MSS_CM3_0_hw_platform\Debug\libTouchScreenFinal_MSS_CM3_0_hw_platform.a(mss_spi.o)
                0x200013bc                MSS_SPI_clear_slave_select
 .text.MSS_SPI_transfer_frame
                0x2000144c       0xec N:\EECS373_Project\TouchScreenFinal\SoftConsole\TouchScreenFinal_MSS_CM3_0\TouchScreenFinal_MSS_CM3_0_hw_platform\Debug\libTouchScreenFinal_MSS_CM3_0_hw_platform.a(mss_spi.o)
                0x2000144c                MSS_SPI_transfer_frame
 .text.fill_slave_tx_fifo
                0x20001538       0xe0 N:\EECS373_Project\TouchScreenFinal\SoftConsole\TouchScreenFinal_MSS_CM3_0\TouchScreenFinal_MSS_CM3_0_hw_platform\Debug\libTouchScreenFinal_MSS_CM3_0_hw_platform.a(mss_spi.o)
 .text.read_slave_rx_fifo
                0x20001618       0xac N:\EECS373_Project\TouchScreenFinal\SoftConsole\TouchScreenFinal_MSS_CM3_0\TouchScreenFinal_MSS_CM3_0_hw_platform\Debug\libTouchScreenFinal_MSS_CM3_0_hw_platform.a(mss_spi.o)
 .text.mss_spi_isr
                0x200016c4      0x2b0 N:\EECS373_Project\TouchScreenFinal\SoftConsole\TouchScreenFinal_MSS_CM3_0\TouchScreenFinal_MSS_CM3_0_hw_platform\Debug\libTouchScreenFinal_MSS_CM3_0_hw_platform.a(mss_spi.o)
 .text.SPI0_IRQHandler
                0x20001974       0x2c N:\EECS373_Project\TouchScreenFinal\SoftConsole\TouchScreenFinal_MSS_CM3_0\TouchScreenFinal_MSS_CM3_0_hw_platform\Debug\libTouchScreenFinal_MSS_CM3_0_hw_platform.a(mss_spi.o)
                0x20001974                SPI0_IRQHandler
 .text.SPI1_IRQHandler
                0x200019a0       0x2c N:\EECS373_Project\TouchScreenFinal\SoftConsole\TouchScreenFinal_MSS_CM3_0\TouchScreenFinal_MSS_CM3_0_hw_platform\Debug\libTouchScreenFinal_MSS_CM3_0_hw_platform.a(mss_spi.o)
                0x200019a0                SPI1_IRQHandler
 .text.NVIC_ClearPendingIRQ
                0x200019cc       0x3c N:\EECS373_Project\TouchScreenFinal\SoftConsole\TouchScreenFinal_MSS_CM3_0\TouchScreenFinal_MSS_CM3_0_hw_platform\Debug\libTouchScreenFinal_MSS_CM3_0_hw_platform.a(mss_gpio.o)
 .text.MSS_GPIO_init
                0x20001a08       0x6c N:\EECS373_Project\TouchScreenFinal\SoftConsole\TouchScreenFinal_MSS_CM3_0\TouchScreenFinal_MSS_CM3_0_hw_platform\Debug\libTouchScreenFinal_MSS_CM3_0_hw_platform.a(mss_gpio.o)
                0x20001a08                MSS_GPIO_init
 .text.MSS_GPIO_config
                0x20001a74       0x3c N:\EECS373_Project\TouchScreenFinal\SoftConsole\TouchScreenFinal_MSS_CM3_0\TouchScreenFinal_MSS_CM3_0_hw_platform\Debug\libTouchScreenFinal_MSS_CM3_0_hw_platform.a(mss_gpio.o)
                0x20001a74                MSS_GPIO_config
 .text.MSS_GPIO_set_output
                0x20001ab0       0x40 N:\EECS373_Project\TouchScreenFinal\SoftConsole\TouchScreenFinal_MSS_CM3_0\TouchScreenFinal_MSS_CM3_0_hw_platform\Debug\libTouchScreenFinal_MSS_CM3_0_hw_platform.a(mss_gpio.o)
                0x20001ab0                MSS_GPIO_set_output
 .text.ACE_init
                0x20001af0       0x10 N:\EECS373_Project\TouchScreenFinal\SoftConsole\TouchScreenFinal_MSS_CM3_0\TouchScreenFinal_MSS_CM3_0_hw_platform\Debug\libTouchScreenFinal_MSS_CM3_0_hw_platform.a(mss_ace.o)
                0x20001af0                ACE_init
 .text.ACE_get_channel_handle
                0x20001b00       0x74 N:\EECS373_Project\TouchScreenFinal\SoftConsole\TouchScreenFinal_MSS_CM3_0\TouchScreenFinal_MSS_CM3_0_hw_platform\Debug\libTouchScreenFinal_MSS_CM3_0_hw_platform.a(mss_ace.o)
                0x20001b00                ACE_get_channel_handle
 .text.ACE_get_ppe_sample
                0x20001b74       0x54 N:\EECS373_Project\TouchScreenFinal\SoftConsole\TouchScreenFinal_MSS_CM3_0\TouchScreenFinal_MSS_CM3_0_hw_platform\Debug\libTouchScreenFinal_MSS_CM3_0_hw_platform.a(mss_ace.o)
                0x20001b74                ACE_get_ppe_sample
 .text.SystemInit
                0x20001bc8        0xc N:\EECS373_Project\TouchScreenFinal\SoftConsole\TouchScreenFinal_MSS_CM3_0\TouchScreenFinal_MSS_CM3_0_hw_platform\Debug\libTouchScreenFinal_MSS_CM3_0_hw_platform.a(system_a2fxxxm3.o)
                0x20001bc8                SystemInit
 .text.ace_init_convert
                0x20001bd4      0x1b4 N:\EECS373_Project\TouchScreenFinal\SoftConsole\TouchScreenFinal_MSS_CM3_0\TouchScreenFinal_MSS_CM3_0_hw_platform\Debug\libTouchScreenFinal_MSS_CM3_0_hw_platform.a(ace_convert.o)
                0x20001bd4                ace_init_convert
 .text.NVIC_ClearPendingIRQ
                0x20001d88       0x3c N:\EECS373_Project\TouchScreenFinal\SoftConsole\TouchScreenFinal_MSS_CM3_0\TouchScreenFinal_MSS_CM3_0_hw_platform\Debug\libTouchScreenFinal_MSS_CM3_0_hw_platform.a(ace_flags.o)
 .text.ace_init_flags
                0x20001dc4        0xc N:\EECS373_Project\TouchScreenFinal\SoftConsole\TouchScreenFinal_MSS_CM3_0\TouchScreenFinal_MSS_CM3_0_hw_platform\Debug\libTouchScreenFinal_MSS_CM3_0_hw_platform.a(ace_flags.o)
                0x20001dc4                ace_init_flags
 .text.process_flag_irq
                0x20001dd0       0x14 N:\EECS373_Project\TouchScreenFinal\SoftConsole\TouchScreenFinal_MSS_CM3_0\TouchScreenFinal_MSS_CM3_0_hw_platform\Debug\libTouchScreenFinal_MSS_CM3_0_hw_platform.a(ace_flags.o)
 .text.ACE_PPE_Flag0_IRQHandler
                0x20001de4       0x28 N:\EECS373_Project\TouchScreenFinal\SoftConsole\TouchScreenFinal_MSS_CM3_0\TouchScreenFinal_MSS_CM3_0_hw_platform\Debug\libTouchScreenFinal_MSS_CM3_0_hw_platform.a(ace_flags.o)
                0x20001de4                ACE_PPE_Flag0_IRQHandler
 .text.ACE_PPE_Flag1_IRQHandler
                0x20001e0c       0x28 N:\EECS373_Project\TouchScreenFinal\SoftConsole\TouchScreenFinal_MSS_CM3_0\TouchScreenFinal_MSS_CM3_0_hw_platform\Debug\libTouchScreenFinal_MSS_CM3_0_hw_platform.a(ace_flags.o)
                0x20001e0c                ACE_PPE_Flag1_IRQHandler
 .text.ACE_PPE_Flag2_IRQHandler
                0x20001e34       0x28 N:\EECS373_Project\TouchScreenFinal\SoftConsole\TouchScreenFinal_MSS_CM3_0\TouchScreenFinal_MSS_CM3_0_hw_platform\Debug\libTouchScreenFinal_MSS_CM3_0_hw_platform.a(ace_flags.o)
                0x20001e34                ACE_PPE_Flag2_IRQHandler
 .text.ACE_PPE_Flag3_IRQHandler
                0x20001e5c       0x28 N:\EECS373_Project\TouchScreenFinal\SoftConsole\TouchScreenFinal_MSS_CM3_0\TouchScreenFinal_MSS_CM3_0_hw_platform\Debug\libTouchScreenFinal_MSS_CM3_0_hw_platform.a(ace_flags.o)
                0x20001e5c                ACE_PPE_Flag3_IRQHandler
 .text.ACE_PPE_Flag4_IRQHandler
                0x20001e84       0x28 N:\EECS373_Project\TouchScreenFinal\SoftConsole\TouchScreenFinal_MSS_CM3_0\TouchScreenFinal_MSS_CM3_0_hw_platform\Debug\libTouchScreenFinal_MSS_CM3_0_hw_platform.a(ace_flags.o)
                0x20001e84                ACE_PPE_Flag4_IRQHandler
 .text.ACE_PPE_Flag5_IRQHandler
                0x20001eac       0x28 N:\EECS373_Project\TouchScreenFinal\SoftConsole\TouchScreenFinal_MSS_CM3_0\TouchScreenFinal_MSS_CM3_0_hw_platform\Debug\libTouchScreenFinal_MSS_CM3_0_hw_platform.a(ace_flags.o)
                0x20001eac                ACE_PPE_Flag5_IRQHandler
 .text.ACE_PPE_Flag6_IRQHandler
                0x20001ed4       0x28 N:\EECS373_Project\TouchScreenFinal\SoftConsole\TouchScreenFinal_MSS_CM3_0\TouchScreenFinal_MSS_CM3_0_hw_platform\Debug\libTouchScreenFinal_MSS_CM3_0_hw_platform.a(ace_flags.o)
                0x20001ed4                ACE_PPE_Flag6_IRQHandler
 .text.ACE_PPE_Flag7_IRQHandler
                0x20001efc       0x28 N:\EECS373_Project\TouchScreenFinal\SoftConsole\TouchScreenFinal_MSS_CM3_0\TouchScreenFinal_MSS_CM3_0_hw_platform\Debug\libTouchScreenFinal_MSS_CM3_0_hw_platform.a(ace_flags.o)
                0x20001efc                ACE_PPE_Flag7_IRQHandler
 .text.ACE_PPE_Flag8_IRQHandler
                0x20001f24       0x28 N:\EECS373_Project\TouchScreenFinal\SoftConsole\TouchScreenFinal_MSS_CM3_0\TouchScreenFinal_MSS_CM3_0_hw_platform\Debug\libTouchScreenFinal_MSS_CM3_0_hw_platform.a(ace_flags.o)
                0x20001f24                ACE_PPE_Flag8_IRQHandler
 .text.ACE_PPE_Flag9_IRQHandler
                0x20001f4c       0x28 N:\EECS373_Project\TouchScreenFinal\SoftConsole\TouchScreenFinal_MSS_CM3_0\TouchScreenFinal_MSS_CM3_0_hw_platform\Debug\libTouchScreenFinal_MSS_CM3_0_hw_platform.a(ace_flags.o)
                0x20001f4c                ACE_PPE_Flag9_IRQHandler
 .text.ACE_PPE_Flag10_IRQHandler
                0x20001f74       0x28 N:\EECS373_Project\TouchScreenFinal\SoftConsole\TouchScreenFinal_MSS_CM3_0\TouchScreenFinal_MSS_CM3_0_hw_platform\Debug\libTouchScreenFinal_MSS_CM3_0_hw_platform.a(ace_flags.o)
                0x20001f74                ACE_PPE_Flag10_IRQHandler
 .text.ACE_PPE_Flag11_IRQHandler
                0x20001f9c       0x28 N:\EECS373_Project\TouchScreenFinal\SoftConsole\TouchScreenFinal_MSS_CM3_0\TouchScreenFinal_MSS_CM3_0_hw_platform\Debug\libTouchScreenFinal_MSS_CM3_0_hw_platform.a(ace_flags.o)
                0x20001f9c                ACE_PPE_Flag11_IRQHandler
 .text.ACE_PPE_Flag12_IRQHandler
                0x20001fc4       0x28 N:\EECS373_Project\TouchScreenFinal\SoftConsole\TouchScreenFinal_MSS_CM3_0\TouchScreenFinal_MSS_CM3_0_hw_platform\Debug\libTouchScreenFinal_MSS_CM3_0_hw_platform.a(ace_flags.o)
                0x20001fc4                ACE_PPE_Flag12_IRQHandler
 .text.ACE_PPE_Flag13_IRQHandler
                0x20001fec       0x28 N:\EECS373_Project\TouchScreenFinal\SoftConsole\TouchScreenFinal_MSS_CM3_0\TouchScreenFinal_MSS_CM3_0_hw_platform\Debug\libTouchScreenFinal_MSS_CM3_0_hw_platform.a(ace_flags.o)
                0x20001fec                ACE_PPE_Flag13_IRQHandler
 .text.ACE_PPE_Flag14_IRQHandler
                0x20002014       0x28 N:\EECS373_Project\TouchScreenFinal\SoftConsole\TouchScreenFinal_MSS_CM3_0\TouchScreenFinal_MSS_CM3_0_hw_platform\Debug\libTouchScreenFinal_MSS_CM3_0_hw_platform.a(ace_flags.o)
                0x20002014                ACE_PPE_Flag14_IRQHandler
 .text.ACE_PPE_Flag15_IRQHandler
                0x2000203c       0x28 N:\EECS373_Project\TouchScreenFinal\SoftConsole\TouchScreenFinal_MSS_CM3_0\TouchScreenFinal_MSS_CM3_0_hw_platform\Debug\libTouchScreenFinal_MSS_CM3_0_hw_platform.a(ace_flags.o)
                0x2000203c                ACE_PPE_Flag15_IRQHandler
 .text.ACE_PPE_Flag16_IRQHandler
                0x20002064       0x28 N:\EECS373_Project\TouchScreenFinal\SoftConsole\TouchScreenFinal_MSS_CM3_0\TouchScreenFinal_MSS_CM3_0_hw_platform\Debug\libTouchScreenFinal_MSS_CM3_0_hw_platform.a(ace_flags.o)
                0x20002064                ACE_PPE_Flag16_IRQHandler
 .text.ACE_PPE_Flag17_IRQHandler
                0x2000208c       0x28 N:\EECS373_Project\TouchScreenFinal\SoftConsole\TouchScreenFinal_MSS_CM3_0\TouchScreenFinal_MSS_CM3_0_hw_platform\Debug\libTouchScreenFinal_MSS_CM3_0_hw_platform.a(ace_flags.o)
                0x2000208c                ACE_PPE_Flag17_IRQHandler
 .text.ACE_PPE_Flag18_IRQHandler
                0x200020b4       0x28 N:\EECS373_Project\TouchScreenFinal\SoftConsole\TouchScreenFinal_MSS_CM3_0\TouchScreenFinal_MSS_CM3_0_hw_platform\Debug\libTouchScreenFinal_MSS_CM3_0_hw_platform.a(ace_flags.o)
                0x200020b4                ACE_PPE_Flag18_IRQHandler
 .text.ACE_PPE_Flag19_IRQHandler
                0x200020dc       0x28 N:\EECS373_Project\TouchScreenFinal\SoftConsole\TouchScreenFinal_MSS_CM3_0\TouchScreenFinal_MSS_CM3_0_hw_platform\Debug\libTouchScreenFinal_MSS_CM3_0_hw_platform.a(ace_flags.o)
                0x200020dc                ACE_PPE_Flag19_IRQHandler
 .text.ACE_PPE_Flag20_IRQHandler
                0x20002104       0x28 N:\EECS373_Project\TouchScreenFinal\SoftConsole\TouchScreenFinal_MSS_CM3_0\TouchScreenFinal_MSS_CM3_0_hw_platform\Debug\libTouchScreenFinal_MSS_CM3_0_hw_platform.a(ace_flags.o)
                0x20002104                ACE_PPE_Flag20_IRQHandler
 .text.ACE_PPE_Flag21_IRQHandler
                0x2000212c       0x28 N:\EECS373_Project\TouchScreenFinal\SoftConsole\TouchScreenFinal_MSS_CM3_0\TouchScreenFinal_MSS_CM3_0_hw_platform\Debug\libTouchScreenFinal_MSS_CM3_0_hw_platform.a(ace_flags.o)
                0x2000212c                ACE_PPE_Flag21_IRQHandler
 .text.ACE_PPE_Flag22_IRQHandler
                0x20002154       0x28 N:\EECS373_Project\TouchScreenFinal\SoftConsole\TouchScreenFinal_MSS_CM3_0\TouchScreenFinal_MSS_CM3_0_hw_platform\Debug\libTouchScreenFinal_MSS_CM3_0_hw_platform.a(ace_flags.o)
                0x20002154                ACE_PPE_Flag22_IRQHandler
 .text.ACE_PPE_Flag23_IRQHandler
                0x2000217c       0x28 N:\EECS373_Project\TouchScreenFinal\SoftConsole\TouchScreenFinal_MSS_CM3_0\TouchScreenFinal_MSS_CM3_0_hw_platform\Debug\libTouchScreenFinal_MSS_CM3_0_hw_platform.a(ace_flags.o)
                0x2000217c                ACE_PPE_Flag23_IRQHandler
 .text.ACE_PPE_Flag24_IRQHandler
                0x200021a4       0x28 N:\EECS373_Project\TouchScreenFinal\SoftConsole\TouchScreenFinal_MSS_CM3_0\TouchScreenFinal_MSS_CM3_0_hw_platform\Debug\libTouchScreenFinal_MSS_CM3_0_hw_platform.a(ace_flags.o)
                0x200021a4                ACE_PPE_Flag24_IRQHandler
 .text.ACE_PPE_Flag25_IRQHandler
                0x200021cc       0x28 N:\EECS373_Project\TouchScreenFinal\SoftConsole\TouchScreenFinal_MSS_CM3_0\TouchScreenFinal_MSS_CM3_0_hw_platform\Debug\libTouchScreenFinal_MSS_CM3_0_hw_platform.a(ace_flags.o)
                0x200021cc                ACE_PPE_Flag25_IRQHandler
 .text.ACE_PPE_Flag26_IRQHandler
                0x200021f4       0x28 N:\EECS373_Project\TouchScreenFinal\SoftConsole\TouchScreenFinal_MSS_CM3_0\TouchScreenFinal_MSS_CM3_0_hw_platform\Debug\libTouchScreenFinal_MSS_CM3_0_hw_platform.a(ace_flags.o)
                0x200021f4                ACE_PPE_Flag26_IRQHandler
 .text.ACE_PPE_Flag27_IRQHandler
                0x2000221c       0x28 N:\EECS373_Project\TouchScreenFinal\SoftConsole\TouchScreenFinal_MSS_CM3_0\TouchScreenFinal_MSS_CM3_0_hw_platform\Debug\libTouchScreenFinal_MSS_CM3_0_hw_platform.a(ace_flags.o)
                0x2000221c                ACE_PPE_Flag27_IRQHandler
 .text.ACE_PPE_Flag28_IRQHandler
                0x20002244       0x28 N:\EECS373_Project\TouchScreenFinal\SoftConsole\TouchScreenFinal_MSS_CM3_0\TouchScreenFinal_MSS_CM3_0_hw_platform\Debug\libTouchScreenFinal_MSS_CM3_0_hw_platform.a(ace_flags.o)
                0x20002244                ACE_PPE_Flag28_IRQHandler
 .text.ACE_PPE_Flag29_IRQHandler
                0x2000226c       0x28 N:\EECS373_Project\TouchScreenFinal\SoftConsole\TouchScreenFinal_MSS_CM3_0\TouchScreenFinal_MSS_CM3_0_hw_platform\Debug\libTouchScreenFinal_MSS_CM3_0_hw_platform.a(ace_flags.o)
                0x2000226c                ACE_PPE_Flag29_IRQHandler
 .text.ACE_PPE_Flag30_IRQHandler
                0x20002294       0x28 N:\EECS373_Project\TouchScreenFinal\SoftConsole\TouchScreenFinal_MSS_CM3_0\TouchScreenFinal_MSS_CM3_0_hw_platform\Debug\libTouchScreenFinal_MSS_CM3_0_hw_platform.a(ace_flags.o)
                0x20002294                ACE_PPE_Flag30_IRQHandler
 .text.ACE_PPE_Flag31_IRQHandler
                0x200022bc       0x28 N:\EECS373_Project\TouchScreenFinal\SoftConsole\TouchScreenFinal_MSS_CM3_0\TouchScreenFinal_MSS_CM3_0_hw_platform\Debug\libTouchScreenFinal_MSS_CM3_0_hw_platform.a(ace_flags.o)
                0x200022bc                ACE_PPE_Flag31_IRQHandler
 .text          0x200022e4      0x370 c:/microsemi/softconsole v3.3/sourcery-g++/bin/../lib/gcc/arm-none-eabi/4.4.1/thumb2\libgcc.a(_arm_addsubdf3.o)
                0x200022e4                __aeabi_drsub
                0x200022ec                __aeabi_dsub
                0x200022ec                __subdf3
                0x200022f0                __aeabi_dadd
                0x200022f0                __adddf3
                0x20002568                __floatunsidf
                0x20002568                __aeabi_ui2d
                0x20002588                __floatsidf
                0x20002588                __aeabi_i2d
                0x200025ac                __aeabi_f2d
                0x200025ac                __extendsfdf2
                0x200025e8                __floatundidf
                0x200025e8                __aeabi_ul2d
                0x200025f8                __floatdidf
                0x200025f8                __aeabi_l2d
 .text          0x20002654      0x424 c:/microsemi/softconsole v3.3/sourcery-g++/bin/../lib/gcc/arm-none-eabi/4.4.1/thumb2\libgcc.a(_arm_muldivdf3.o)
                0x20002654                __aeabi_dmul
                0x20002654                __muldf3
                0x200028a8                __divdf3
                0x200028a8                __aeabi_ddiv
 .text          0x20002a78       0x50 c:/microsemi/softconsole v3.3/sourcery-g++/bin/../lib/gcc/arm-none-eabi/4.4.1/thumb2\libgcc.a(_arm_fixdfsi.o)
                0x20002a78                __aeabi_d2iz
                0x20002a78                __fixdfsi
 .text          0x20002ac8      0x21c c:/microsemi/softconsole v3.3/sourcery-g++/bin/../lib/gcc/arm-none-eabi/4.4.1/thumb2\libgcc.a(_arm_addsubsf3.o)
                0x20002ac8                __aeabi_frsub
                0x20002ad0                __subsf3
                0x20002ad0                __aeabi_fsub
                0x20002ad4                __aeabi_fadd
                0x20002ad4                __addsf3
                0x20002c34                __aeabi_ui2f
                0x20002c34                __floatunsisf
                0x20002c3c                __aeabi_i2f
                0x20002c3c                __floatsisf
                0x20002c58                __aeabi_ul2f
                0x20002c58                __floatundisf
                0x20002c68                __aeabi_l2f
                0x20002c68                __floatdisf
 .text          0x20002ce4      0x2a0 c:/microsemi/softconsole v3.3/sourcery-g++/bin/../lib/gcc/arm-none-eabi/4.4.1/thumb2\libgcc.a(_arm_muldivsf3.o)
                0x20002ce4                __mulsf3
                0x20002ce4                __aeabi_fmul
                0x20002e4c                __aeabi_fdiv
                0x20002e4c                __divsf3
 .text          0x20002f84       0x4c c:/microsemi/softconsole v3.3/sourcery-g++/bin/../lib/gcc/arm-none-eabi/4.4.1/thumb2\libgcc.a(_arm_fixsfsi.o)
                0x20002f84                __aeabi_f2iz
                0x20002f84                __fixsfsi
 .text          0x20002fd0       0x50 c:/microsemi/softconsole v3.3/sourcery-g++/bin/../lib/gcc/arm-none-eabi/4.4.1/../../../../arm-none-eabi/lib/thumb2\libc.a(lib_a-init.o)
                0x20002fd0                __libc_init_array
 .text          0x20003020       0xd4 c:/microsemi/softconsole v3.3/sourcery-g++/bin/../lib/gcc/arm-none-eabi/4.4.1/../../../../arm-none-eabi/lib/thumb2\libc.a(lib_a-memset.o)
                0x20003020                memset
 .text          0x200030f4       0xa8 c:/microsemi/softconsole v3.3/sourcery-g++/bin/../lib/gcc/arm-none-eabi/4.4.1/../../../../arm-none-eabi/lib/thumb2\libc.a(lib_a-strncmp.o)
                0x200030f4                strncmp
 *(.plt)
 *(.gnu.warning)
 *(.glue_7t)
 .glue_7t       0x00000000        0x0 linker stubs
 *(.glue_7)
 .glue_7        0x00000000        0x0 linker stubs
 *(.vfp11_veneer)
 .vfp11_veneer  0x00000000        0x0 linker stubs
                0x2000319c                . = ALIGN (0x4)
 *crtbegin.o(.ctors)
 *(EXCLUDE_FILE(*crtend.o) .ctors)
 *(SORT(.ctors.*))
 *crtend.o(.ctors)
 *crtbegin.o(.dtors)
 *(EXCLUDE_FILE(*crtend.o) .dtors)
 *(SORT(.dtors.*))
 *crtend.o(.dtors)
 *(.rodata .rodata.* .gnu.linkonce.r.*)
 .rodata.initcmd
                0x2000319c       0x70 ./touchscreen.o
 .rodata        0x2000320c       0x28 ./touchscreen.o
 .rodata.g_config_reg_lut
                0x20003234       0x80 N:\EECS373_Project\TouchScreenFinal\SoftConsole\TouchScreenFinal_MSS_CM3_0\TouchScreenFinal_MSS_CM3_0_hw_platform\Debug\libTouchScreenFinal_MSS_CM3_0_hw_platform.a(mss_gpio.o)
 .rodata.g_gpio_irqn_lut
                0x200032b4       0x40 N:\EECS373_Project\TouchScreenFinal\SoftConsole\TouchScreenFinal_MSS_CM3_0\TouchScreenFinal_MSS_CM3_0_hw_platform\Debug\libTouchScreenFinal_MSS_CM3_0_hw_platform.a(mss_gpio.o)
 .rodata.g_ace_channel_0_name
                0x200032f4       0x14 N:\EECS373_Project\TouchScreenFinal\SoftConsole\TouchScreenFinal_MSS_CM3_0\TouchScreenFinal_MSS_CM3_0_hw_platform\Debug\libTouchScreenFinal_MSS_CM3_0_hw_platform.a(ace_config.o)
                0x200032f4                g_ace_channel_0_name
 .rodata.g_ace_channel_1_name
                0x20003308        0x8 N:\EECS373_Project\TouchScreenFinal\SoftConsole\TouchScreenFinal_MSS_CM3_0\TouchScreenFinal_MSS_CM3_0_hw_platform\Debug\libTouchScreenFinal_MSS_CM3_0_hw_platform.a(ace_config.o)
                0x20003308                g_ace_channel_1_name
 .rodata.g_ace_channel_2_name
                0x20003310       0x14 N:\EECS373_Project\TouchScreenFinal\SoftConsole\TouchScreenFinal_MSS_CM3_0\TouchScreenFinal_MSS_CM3_0_hw_platform\Debug\libTouchScreenFinal_MSS_CM3_0_hw_platform.a(ace_config.o)
                0x20003310                g_ace_channel_2_name
 .rodata.g_ace_channel_3_name
                0x20003324        0x8 N:\EECS373_Project\TouchScreenFinal\SoftConsole\TouchScreenFinal_MSS_CM3_0\TouchScreenFinal_MSS_CM3_0_hw_platform\Debug\libTouchScreenFinal_MSS_CM3_0_hw_platform.a(ace_config.o)
                0x20003324                g_ace_channel_3_name
 .rodata.channel_type_lut
                0x2000332c       0x30 N:\EECS373_Project\TouchScreenFinal\SoftConsole\TouchScreenFinal_MSS_CM3_0\TouchScreenFinal_MSS_CM3_0_hw_platform\Debug\libTouchScreenFinal_MSS_CM3_0_hw_platform.a(ace_convert.o)
 .rodata.channel_quad_lut
                0x2000335c       0x30 N:\EECS373_Project\TouchScreenFinal\SoftConsole\TouchScreenFinal_MSS_CM3_0\TouchScreenFinal_MSS_CM3_0_hw_platform\Debug\libTouchScreenFinal_MSS_CM3_0_hw_platform.a(ace_convert.o)
 *(.ARM.extab* .gnu.linkonce.armextab.*)
 *(.gcc_except_table)
 *(.eh_frame_hdr)
 *(.eh_frame)
 *(.init)
 .init          0x2000338c        0x4 c:/microsemi/softconsole v3.3/sourcery-g++/bin/../lib/gcc/arm-none-eabi/4.4.1/thumb2/crti.o
                0x2000338c                _init
 .init          0x20003390        0x8 c:/microsemi/softconsole v3.3/sourcery-g++/bin/../lib/gcc/arm-none-eabi/4.4.1/thumb2/crtn.o
 *(.fini)
 .fini          0x20003398        0x4 c:/microsemi/softconsole v3.3/sourcery-g++/bin/../lib/gcc/arm-none-eabi/4.4.1/thumb2/crti.o
                0x20003398                _fini
 .fini          0x2000339c        0x8 c:/microsemi/softconsole v3.3/sourcery-g++/bin/../lib/gcc/arm-none-eabi/4.4.1/thumb2/crtn.o
                0x200033a4                PROVIDE (__preinit_array_start, .)
 *(.preinit_array)
                0x200033a4                PROVIDE (__preinit_array_end, .)
                0x200033a4                PROVIDE (__init_array_start, .)
 *(SORT(.init_array.*))
 *(.init_array)
 .init_array    0x200033a4        0x4 c:/microsemi/softconsole v3.3/sourcery-g++/bin/../lib/gcc/arm-none-eabi/4.4.1/thumb2/crtbegin.o
                0x200033a8                PROVIDE (__init_array_end, .)
                0x200033a8                PROVIDE (__fini_array_start, .)
 *(.fini_array)
 .fini_array    0x200033a8        0x4 c:/microsemi/softconsole v3.3/sourcery-g++/bin/../lib/gcc/arm-none-eabi/4.4.1/thumb2/crtbegin.o
 *(SORT(.fini_array.*))
                0x200033ac                PROVIDE (__fini_array_end, .)
                0x200033ac                __exidx_start = .

.v4_bx          0x200033ac        0x0
 .v4_bx         0x00000000        0x0 linker stubs

.ARM.exidx
 *(.ARM.exidx* .gnu.linkonce.armexidx.*)
                0x200033ac                __exidx_end = .
                0x200033ac                _etext = .
                0x200033ac                PROVIDE (__text_end, .)

.data           0x200033ac       0x44
                0x200033ac                __data_load = LOADADDR (.data)
                0x200033ac                _sidata = LOADADDR (.data)
                0x200033ac                __data_start = .
                0x200033ac                _sdata = .
 *(.jcr)
 .jcr           0x200033ac        0x0 c:/microsemi/softconsole v3.3/sourcery-g++/bin/../lib/gcc/arm-none-eabi/4.4.1/thumb2/crtbegin.o
 .jcr           0x200033ac        0x4 c:/microsemi/softconsole v3.3/sourcery-g++/bin/../lib/gcc/arm-none-eabi/4.4.1/thumb2/crtend.o
 *(.got.plt)
 *(.got)
 *(.shdata)
 *(.data .data.* .gnu.linkonce.d.*)
 .data.g_ace_channel_desc_table
                0x200033b0       0x40 N:\EECS373_Project\TouchScreenFinal\SoftConsole\TouchScreenFinal_MSS_CM3_0\TouchScreenFinal_MSS_CM3_0_hw_platform\Debug\libTouchScreenFinal_MSS_CM3_0_hw_platform.a(ace_config.o)
                0x200033b0                g_ace_channel_desc_table
                0x200033f0                . = ALIGN (0x4)
                0x200033f0                _edata = .

.bss            0x200033f0      0x128
                0x200033f0                __bss_start__ = .
                0x200033f0                _sbss = .
 *(.shbss)
 *(.bss .bss.* .gnu.linkonce.b.*)
 .bss           0x200033f0        0x1 c:/microsemi/softconsole v3.3/sourcery-g++/bin/../lib/gcc/arm-none-eabi/4.4.1/thumb2/crtbegin.o
 *fill*         0x200033f1        0x3 00
 .bss.g_gdec_lut
                0x200033f4        0xc N:\EECS373_Project\TouchScreenFinal\SoftConsole\TouchScreenFinal_MSS_CM3_0\TouchScreenFinal_MSS_CM3_0_hw_platform\Debug\libTouchScreenFinal_MSS_CM3_0_hw_platform.a(ace_convert.o)
 .bss.channel_type_lut_h
                0x20003400        0x4 N:\EECS373_Project\TouchScreenFinal\SoftConsole\TouchScreenFinal_MSS_CM3_0\TouchScreenFinal_MSS_CM3_0_hw_platform\Debug\libTouchScreenFinal_MSS_CM3_0_hw_platform.a(ace_convert.o)
 *(COMMON)
 COMMON         0x20003404        0x6 ./main.o
                0x20003404                rxplate
                0x20003408                ace_x
                0x20003409                ace_y
 *fill*         0x2000340a        0x2 00
 COMMON         0x2000340c      0x108 N:\EECS373_Project\TouchScreenFinal\SoftConsole\TouchScreenFinal_MSS_CM3_0\TouchScreenFinal_MSS_CM3_0_hw_platform\Debug\libTouchScreenFinal_MSS_CM3_0_hw_platform.a(mss_spi.o)
                0x2000340c                g_mss_spi1
                0x20003490                g_mss_spi0
                0x20003518                . = ALIGN (0x8)
 *fill*         0x20003514        0x4 00
                0x20003518                __bss_end__ = .
                0x20003518                _end = .
                0x20003518                __end = _end
                0x20003518                _ebss = .
                0x20003518                PROVIDE (end, .)

.stack          0x20003518     0x3000
                0x20003518                . = ALIGN (0x4)
                0x20004518                . = (. + PROCESS_STACK_SIZE)
 *fill*         0x20003518     0x1000 00
                0x20004518                . = ALIGN (0x4)
                0x20006518                . = (. + MAIN_STACK_SIZE)
 *fill*         0x20004518     0x2000 00
                0x20006518                . = ALIGN (0x4)

.stab
 *(.stab)

.stabstr
 *(.stabstr)

.debug
 *(.debug)

.line
 *(.line)

.debug_srcinfo
 *(.debug_srcinfo)

.debug_sfnames
 *(.debug_sfnames)

.comment        0x00000000      0x1ae
 .comment       0x00000000       0x2b ./main.o
 .comment       0x0000002b       0x2b ./touchscreen.o
 .comment       0x00000056       0x2b N:/EECS373_Project/TouchScreenFinal/SoftConsole/TouchScreenFinal_MSS_CM3_0/TouchScreenFinal_MSS_CM3_0_hw_platform/Debug/CMSIS/startup_gcc/newlib_stubs.o
 .comment       0x00000081       0x2b N:\EECS373_Project\TouchScreenFinal\SoftConsole\TouchScreenFinal_MSS_CM3_0\TouchScreenFinal_MSS_CM3_0_hw_platform\Debug\libTouchScreenFinal_MSS_CM3_0_hw_platform.a(mss_spi.o)
 .comment       0x000000ac       0x2b N:\EECS373_Project\TouchScreenFinal\SoftConsole\TouchScreenFinal_MSS_CM3_0\TouchScreenFinal_MSS_CM3_0_hw_platform\Debug\libTouchScreenFinal_MSS_CM3_0_hw_platform.a(mss_gpio.o)
 .comment       0x000000d7       0x2b N:\EECS373_Project\TouchScreenFinal\SoftConsole\TouchScreenFinal_MSS_CM3_0\TouchScreenFinal_MSS_CM3_0_hw_platform\Debug\libTouchScreenFinal_MSS_CM3_0_hw_platform.a(mss_ace.o)
 .comment       0x00000102       0x2b N:\EECS373_Project\TouchScreenFinal\SoftConsole\TouchScreenFinal_MSS_CM3_0\TouchScreenFinal_MSS_CM3_0_hw_platform\Debug\libTouchScreenFinal_MSS_CM3_0_hw_platform.a(system_a2fxxxm3.o)
 .comment       0x0000012d       0x2b N:\EECS373_Project\TouchScreenFinal\SoftConsole\TouchScreenFinal_MSS_CM3_0\TouchScreenFinal_MSS_CM3_0_hw_platform\Debug\libTouchScreenFinal_MSS_CM3_0_hw_platform.a(ace_config.o)
 .comment       0x00000158       0x2b N:\EECS373_Project\TouchScreenFinal\SoftConsole\TouchScreenFinal_MSS_CM3_0\TouchScreenFinal_MSS_CM3_0_hw_platform\Debug\libTouchScreenFinal_MSS_CM3_0_hw_platform.a(ace_convert.o)
 .comment       0x00000183       0x2b N:\EECS373_Project\TouchScreenFinal\SoftConsole\TouchScreenFinal_MSS_CM3_0\TouchScreenFinal_MSS_CM3_0_hw_platform\Debug\libTouchScreenFinal_MSS_CM3_0_hw_platform.a(ace_flags.o)

.debug_aranges  0x00000000      0x6c8
 *(.debug_aranges)
 .debug_aranges
                0x00000000       0x20 ./main.o
 .debug_aranges
                0x00000020      0x118 ./touchscreen.o
 .debug_aranges
                0x00000138       0xa8 N:/EECS373_Project/TouchScreenFinal/SoftConsole/TouchScreenFinal_MSS_CM3_0/TouchScreenFinal_MSS_CM3_0_hw_platform/Debug/CMSIS/startup_gcc/newlib_stubs.o
 .debug_aranges
                0x000001e0       0xe0 N:\EECS373_Project\TouchScreenFinal\SoftConsole\TouchScreenFinal_MSS_CM3_0\TouchScreenFinal_MSS_CM3_0_hw_platform\Debug\libTouchScreenFinal_MSS_CM3_0_hw_platform.a(mss_spi.o)
 .debug_aranges
                0x000002c0       0x60 N:\EECS373_Project\TouchScreenFinal\SoftConsole\TouchScreenFinal_MSS_CM3_0\TouchScreenFinal_MSS_CM3_0_hw_platform\Debug\libTouchScreenFinal_MSS_CM3_0_hw_platform.a(mss_gpio.o)
 .debug_aranges
                0x00000320       0xe0 N:\EECS373_Project\TouchScreenFinal\SoftConsole\TouchScreenFinal_MSS_CM3_0\TouchScreenFinal_MSS_CM3_0_hw_platform\Debug\libTouchScreenFinal_MSS_CM3_0_hw_platform.a(mss_ace.o)
 .debug_aranges
                0x00000400       0x30 N:\EECS373_Project\TouchScreenFinal\SoftConsole\TouchScreenFinal_MSS_CM3_0\TouchScreenFinal_MSS_CM3_0_hw_platform\Debug\libTouchScreenFinal_MSS_CM3_0_hw_platform.a(system_a2fxxxm3.o)
 .debug_aranges
                0x00000430       0xb0 N:\EECS373_Project\TouchScreenFinal\SoftConsole\TouchScreenFinal_MSS_CM3_0\TouchScreenFinal_MSS_CM3_0_hw_platform\Debug\libTouchScreenFinal_MSS_CM3_0_hw_platform.a(ace_convert.o)
 .debug_aranges
                0x000004e0      0x1e8 N:\EECS373_Project\TouchScreenFinal\SoftConsole\TouchScreenFinal_MSS_CM3_0\TouchScreenFinal_MSS_CM3_0_hw_platform\Debug\libTouchScreenFinal_MSS_CM3_0_hw_platform.a(ace_flags.o)

.debug_pubnames
                0x00000000     0x12ba
 *(.debug_pubnames)
 .debug_pubnames
                0x00000000       0x3b ./main.o
 .debug_pubnames
                0x0000003b      0x1a3 ./touchscreen.o
 .debug_pubnames
                0x000001de       0xeb N:/EECS373_Project/TouchScreenFinal/SoftConsole/TouchScreenFinal_MSS_CM3_0/TouchScreenFinal_MSS_CM3_0_hw_platform/Debug/CMSIS/startup_gcc/newlib_stubs.o
 .debug_pubnames
                0x000002c9      0x21a N:\EECS373_Project\TouchScreenFinal\SoftConsole\TouchScreenFinal_MSS_CM3_0\TouchScreenFinal_MSS_CM3_0_hw_platform\Debug\libTouchScreenFinal_MSS_CM3_0_hw_platform.a(mss_spi.o)
 .debug_pubnames
                0x000004e3       0xb1 N:\EECS373_Project\TouchScreenFinal\SoftConsole\TouchScreenFinal_MSS_CM3_0\TouchScreenFinal_MSS_CM3_0_hw_platform\Debug\libTouchScreenFinal_MSS_CM3_0_hw_platform.a(mss_gpio.o)
 .debug_pubnames
                0x00000594      0x292 N:\EECS373_Project\TouchScreenFinal\SoftConsole\TouchScreenFinal_MSS_CM3_0\TouchScreenFinal_MSS_CM3_0_hw_platform\Debug\libTouchScreenFinal_MSS_CM3_0_hw_platform.a(mss_ace.o)
 .debug_pubnames
                0x00000826       0xb4 N:\EECS373_Project\TouchScreenFinal\SoftConsole\TouchScreenFinal_MSS_CM3_0\TouchScreenFinal_MSS_CM3_0_hw_platform\Debug\libTouchScreenFinal_MSS_CM3_0_hw_platform.a(system_a2fxxxm3.o)
 .debug_pubnames
                0x000008da      0x195 N:\EECS373_Project\TouchScreenFinal\SoftConsole\TouchScreenFinal_MSS_CM3_0\TouchScreenFinal_MSS_CM3_0_hw_platform\Debug\libTouchScreenFinal_MSS_CM3_0_hw_platform.a(ace_config.o)
 .debug_pubnames
                0x00000a6f      0x1ec N:\EECS373_Project\TouchScreenFinal\SoftConsole\TouchScreenFinal_MSS_CM3_0\TouchScreenFinal_MSS_CM3_0_hw_platform\Debug\libTouchScreenFinal_MSS_CM3_0_hw_platform.a(ace_convert.o)
 .debug_pubnames
                0x00000c5b      0x65f N:\EECS373_Project\TouchScreenFinal\SoftConsole\TouchScreenFinal_MSS_CM3_0\TouchScreenFinal_MSS_CM3_0_hw_platform\Debug\libTouchScreenFinal_MSS_CM3_0_hw_platform.a(ace_flags.o)

.debug_info     0x00000000     0x9548
 *(.debug_info .gnu.linkonce.wi.*)
 .debug_info    0x00000000      0x13d ./main.o
 .debug_info    0x0000013d     0x192b ./touchscreen.o
 .debug_info    0x00001a68      0x6bf N:/EECS373_Project/TouchScreenFinal/SoftConsole/TouchScreenFinal_MSS_CM3_0/TouchScreenFinal_MSS_CM3_0_hw_platform/Debug/CMSIS/startup_gcc/newlib_stubs.o
 .debug_info    0x00002127     0x1472 N:\EECS373_Project\TouchScreenFinal\SoftConsole\TouchScreenFinal_MSS_CM3_0\TouchScreenFinal_MSS_CM3_0_hw_platform\Debug\libTouchScreenFinal_MSS_CM3_0_hw_platform.a(mss_spi.o)
 .debug_info    0x00003599     0x1114 N:\EECS373_Project\TouchScreenFinal\SoftConsole\TouchScreenFinal_MSS_CM3_0\TouchScreenFinal_MSS_CM3_0_hw_platform\Debug\libTouchScreenFinal_MSS_CM3_0_hw_platform.a(mss_gpio.o)
 .debug_info    0x000046ad     0x1b0d N:\EECS373_Project\TouchScreenFinal\SoftConsole\TouchScreenFinal_MSS_CM3_0\TouchScreenFinal_MSS_CM3_0_hw_platform\Debug\libTouchScreenFinal_MSS_CM3_0_hw_platform.a(mss_ace.o)
 .debug_info    0x000061ba      0x53c N:\EECS373_Project\TouchScreenFinal\SoftConsole\TouchScreenFinal_MSS_CM3_0\TouchScreenFinal_MSS_CM3_0_hw_platform\Debug\libTouchScreenFinal_MSS_CM3_0_hw_platform.a(system_a2fxxxm3.o)
 .debug_info    0x000066f6      0x4d5 N:\EECS373_Project\TouchScreenFinal\SoftConsole\TouchScreenFinal_MSS_CM3_0\TouchScreenFinal_MSS_CM3_0_hw_platform\Debug\libTouchScreenFinal_MSS_CM3_0_hw_platform.a(ace_config.o)
 .debug_info    0x00006bcb     0x1ab4 N:\EECS373_Project\TouchScreenFinal\SoftConsole\TouchScreenFinal_MSS_CM3_0\TouchScreenFinal_MSS_CM3_0_hw_platform\Debug\libTouchScreenFinal_MSS_CM3_0_hw_platform.a(ace_convert.o)
 .debug_info    0x0000867f      0xec9 N:\EECS373_Project\TouchScreenFinal\SoftConsole\TouchScreenFinal_MSS_CM3_0\TouchScreenFinal_MSS_CM3_0_hw_platform\Debug\libTouchScreenFinal_MSS_CM3_0_hw_platform.a(ace_flags.o)

.debug_abbrev   0x00000000      0xf38
 *(.debug_abbrev)
 .debug_abbrev  0x00000000       0xb2 ./main.o
 .debug_abbrev  0x000000b2      0x2cc ./touchscreen.o
 .debug_abbrev  0x0000037e      0x130 N:/EECS373_Project/TouchScreenFinal/SoftConsole/TouchScreenFinal_MSS_CM3_0/TouchScreenFinal_MSS_CM3_0_hw_platform/Debug/CMSIS/startup_gcc/newlib_stubs.o
 .debug_abbrev  0x000004ae      0x219 N:\EECS373_Project\TouchScreenFinal\SoftConsole\TouchScreenFinal_MSS_CM3_0\TouchScreenFinal_MSS_CM3_0_hw_platform\Debug\libTouchScreenFinal_MSS_CM3_0_hw_platform.a(mss_spi.o)
 .debug_abbrev  0x000006c7      0x181 N:\EECS373_Project\TouchScreenFinal\SoftConsole\TouchScreenFinal_MSS_CM3_0\TouchScreenFinal_MSS_CM3_0_hw_platform\Debug\libTouchScreenFinal_MSS_CM3_0_hw_platform.a(mss_gpio.o)
 .debug_abbrev  0x00000848      0x225 N:\EECS373_Project\TouchScreenFinal\SoftConsole\TouchScreenFinal_MSS_CM3_0\TouchScreenFinal_MSS_CM3_0_hw_platform\Debug\libTouchScreenFinal_MSS_CM3_0_hw_platform.a(mss_ace.o)
 .debug_abbrev  0x00000a6d      0x111 N:\EECS373_Project\TouchScreenFinal\SoftConsole\TouchScreenFinal_MSS_CM3_0\TouchScreenFinal_MSS_CM3_0_hw_platform\Debug\libTouchScreenFinal_MSS_CM3_0_hw_platform.a(system_a2fxxxm3.o)
 .debug_abbrev  0x00000b7e       0xbd N:\EECS373_Project\TouchScreenFinal\SoftConsole\TouchScreenFinal_MSS_CM3_0\TouchScreenFinal_MSS_CM3_0_hw_platform\Debug\libTouchScreenFinal_MSS_CM3_0_hw_platform.a(ace_config.o)
 .debug_abbrev  0x00000c3b      0x191 N:\EECS373_Project\TouchScreenFinal\SoftConsole\TouchScreenFinal_MSS_CM3_0\TouchScreenFinal_MSS_CM3_0_hw_platform\Debug\libTouchScreenFinal_MSS_CM3_0_hw_platform.a(ace_convert.o)
 .debug_abbrev  0x00000dcc      0x16c N:\EECS373_Project\TouchScreenFinal\SoftConsole\TouchScreenFinal_MSS_CM3_0\TouchScreenFinal_MSS_CM3_0_hw_platform\Debug\libTouchScreenFinal_MSS_CM3_0_hw_platform.a(ace_flags.o)

.debug_line     0x00000000     0x33cf
 *(.debug_line)
 .debug_line    0x00000000      0x5e3 ./main.o
 .debug_line    0x000005e3      0x8ad ./touchscreen.o
 .debug_line    0x00000e90      0x458 N:/EECS373_Project/TouchScreenFinal/SoftConsole/TouchScreenFinal_MSS_CM3_0/TouchScreenFinal_MSS_CM3_0_hw_platform/Debug/CMSIS/startup_gcc/newlib_stubs.o
 .debug_line    0x000012e8      0x6fc N:\EECS373_Project\TouchScreenFinal\SoftConsole\TouchScreenFinal_MSS_CM3_0\TouchScreenFinal_MSS_CM3_0_hw_platform\Debug\libTouchScreenFinal_MSS_CM3_0_hw_platform.a(mss_spi.o)
 .debug_line    0x000019e4      0x326 N:\EECS373_Project\TouchScreenFinal\SoftConsole\TouchScreenFinal_MSS_CM3_0\TouchScreenFinal_MSS_CM3_0_hw_platform\Debug\libTouchScreenFinal_MSS_CM3_0_hw_platform.a(mss_gpio.o)
 .debug_line    0x00001d0a      0x5f9 N:\EECS373_Project\TouchScreenFinal\SoftConsole\TouchScreenFinal_MSS_CM3_0\TouchScreenFinal_MSS_CM3_0_hw_platform\Debug\libTouchScreenFinal_MSS_CM3_0_hw_platform.a(mss_ace.o)
 .debug_line    0x00002303      0x27b N:\EECS373_Project\TouchScreenFinal\SoftConsole\TouchScreenFinal_MSS_CM3_0\TouchScreenFinal_MSS_CM3_0_hw_platform\Debug\libTouchScreenFinal_MSS_CM3_0_hw_platform.a(system_a2fxxxm3.o)
 .debug_line    0x0000257e      0x1a9 N:\EECS373_Project\TouchScreenFinal\SoftConsole\TouchScreenFinal_MSS_CM3_0\TouchScreenFinal_MSS_CM3_0_hw_platform\Debug\libTouchScreenFinal_MSS_CM3_0_hw_platform.a(ace_config.o)
 .debug_line    0x00002727      0x4d5 N:\EECS373_Project\TouchScreenFinal\SoftConsole\TouchScreenFinal_MSS_CM3_0\TouchScreenFinal_MSS_CM3_0_hw_platform\Debug\libTouchScreenFinal_MSS_CM3_0_hw_platform.a(ace_convert.o)
 .debug_line    0x00002bfc      0x7d3 N:\EECS373_Project\TouchScreenFinal\SoftConsole\TouchScreenFinal_MSS_CM3_0\TouchScreenFinal_MSS_CM3_0_hw_platform\Debug\libTouchScreenFinal_MSS_CM3_0_hw_platform.a(ace_flags.o)

.debug_frame    0x00000000     0x17dc
 *(.debug_frame)
 .debug_frame   0x00000000       0x30 ./main.o
 .debug_frame   0x00000030      0x3dc ./touchscreen.o
 .debug_frame   0x0000040c      0x21c N:/EECS373_Project/TouchScreenFinal/SoftConsole/TouchScreenFinal_MSS_CM3_0/TouchScreenFinal_MSS_CM3_0_hw_platform/Debug/CMSIS/startup_gcc/newlib_stubs.o
 .debug_frame   0x00000628      0x320 N:\EECS373_Project\TouchScreenFinal\SoftConsole\TouchScreenFinal_MSS_CM3_0\TouchScreenFinal_MSS_CM3_0_hw_platform\Debug\libTouchScreenFinal_MSS_CM3_0_hw_platform.a(mss_spi.o)
 .debug_frame   0x00000948      0x118 N:\EECS373_Project\TouchScreenFinal\SoftConsole\TouchScreenFinal_MSS_CM3_0\TouchScreenFinal_MSS_CM3_0_hw_platform\Debug\libTouchScreenFinal_MSS_CM3_0_hw_platform.a(mss_gpio.o)
 .debug_frame   0x00000a60      0x2cc N:\EECS373_Project\TouchScreenFinal\SoftConsole\TouchScreenFinal_MSS_CM3_0\TouchScreenFinal_MSS_CM3_0_hw_platform\Debug\libTouchScreenFinal_MSS_CM3_0_hw_platform.a(mss_ace.o)
 .debug_frame   0x00000d2c       0x64 N:\EECS373_Project\TouchScreenFinal\SoftConsole\TouchScreenFinal_MSS_CM3_0\TouchScreenFinal_MSS_CM3_0_hw_platform\Debug\libTouchScreenFinal_MSS_CM3_0_hw_platform.a(system_a2fxxxm3.o)
 .debug_frame   0x00000d90      0x24c N:\EECS373_Project\TouchScreenFinal\SoftConsole\TouchScreenFinal_MSS_CM3_0\TouchScreenFinal_MSS_CM3_0_hw_platform\Debug\libTouchScreenFinal_MSS_CM3_0_hw_platform.a(ace_convert.o)
 .debug_frame   0x00000fdc      0x764 N:\EECS373_Project\TouchScreenFinal\SoftConsole\TouchScreenFinal_MSS_CM3_0\TouchScreenFinal_MSS_CM3_0_hw_platform\Debug\libTouchScreenFinal_MSS_CM3_0_hw_platform.a(ace_flags.o)
 .debug_frame   0x00001740       0x20 c:/microsemi/softconsole v3.3/sourcery-g++/bin/../lib/gcc/arm-none-eabi/4.4.1/../../../../arm-none-eabi/lib/thumb2\libc.a(lib_a-errno.o)
 .debug_frame   0x00001760       0x2c c:/microsemi/softconsole v3.3/sourcery-g++/bin/../lib/gcc/arm-none-eabi/4.4.1/../../../../arm-none-eabi/lib/thumb2\libc.a(lib_a-init.o)
 .debug_frame   0x0000178c       0x28 c:/microsemi/softconsole v3.3/sourcery-g++/bin/../lib/gcc/arm-none-eabi/4.4.1/../../../../arm-none-eabi/lib/thumb2\libc.a(lib_a-memset.o)
 .debug_frame   0x000017b4       0x28 c:/microsemi/softconsole v3.3/sourcery-g++/bin/../lib/gcc/arm-none-eabi/4.4.1/../../../../arm-none-eabi/lib/thumb2\libc.a(lib_a-strncmp.o)

.debug_str      0x00000000     0x3e58
 *(.debug_str)
 .debug_str     0x00000000      0x159 ./main.o
                                0x18d (size before relaxing)
 .debug_str     0x00000159     0x16db ./touchscreen.o
                               0x190c (size before relaxing)
 .debug_str     0x00001834      0x24f N:/EECS373_Project/TouchScreenFinal/SoftConsole/TouchScreenFinal_MSS_CM3_0/TouchScreenFinal_MSS_CM3_0_hw_platform/Debug/CMSIS/startup_gcc/newlib_stubs.o
                                0x338 (size before relaxing)
 .debug_str     0x00001a83      0x384 N:\EECS373_Project\TouchScreenFinal\SoftConsole\TouchScreenFinal_MSS_CM3_0\TouchScreenFinal_MSS_CM3_0_hw_platform\Debug\libTouchScreenFinal_MSS_CM3_0_hw_platform.a(mss_spi.o)
                               0x16da (size before relaxing)
 .debug_str     0x00001e07      0x2df N:\EECS373_Project\TouchScreenFinal\SoftConsole\TouchScreenFinal_MSS_CM3_0\TouchScreenFinal_MSS_CM3_0_hw_platform\Debug\libTouchScreenFinal_MSS_CM3_0_hw_platform.a(mss_gpio.o)
                               0x12a1 (size before relaxing)
 .debug_str     0x000020e6     0x1078 N:\EECS373_Project\TouchScreenFinal\SoftConsole\TouchScreenFinal_MSS_CM3_0\TouchScreenFinal_MSS_CM3_0_hw_platform\Debug\libTouchScreenFinal_MSS_CM3_0_hw_platform.a(mss_ace.o)
                               0x130f (size before relaxing)
 .debug_str     0x0000315e      0x119 N:\EECS373_Project\TouchScreenFinal\SoftConsole\TouchScreenFinal_MSS_CM3_0\TouchScreenFinal_MSS_CM3_0_hw_platform\Debug\libTouchScreenFinal_MSS_CM3_0_hw_platform.a(system_a2fxxxm3.o)
                                0x46c (size before relaxing)
 .debug_str     0x00003277      0x22b N:\EECS373_Project\TouchScreenFinal\SoftConsole\TouchScreenFinal_MSS_CM3_0\TouchScreenFinal_MSS_CM3_0_hw_platform\Debug\libTouchScreenFinal_MSS_CM3_0_hw_platform.a(ace_config.o)
                                0x491 (size before relaxing)
 .debug_str     0x000034a2      0x32c N:\EECS373_Project\TouchScreenFinal\SoftConsole\TouchScreenFinal_MSS_CM3_0\TouchScreenFinal_MSS_CM3_0_hw_platform\Debug\libTouchScreenFinal_MSS_CM3_0_hw_platform.a(ace_convert.o)
                                0xfe1 (size before relaxing)
 .debug_str     0x000037ce      0x68a N:\EECS373_Project\TouchScreenFinal\SoftConsole\TouchScreenFinal_MSS_CM3_0\TouchScreenFinal_MSS_CM3_0_hw_platform\Debug\libTouchScreenFinal_MSS_CM3_0_hw_platform.a(ace_flags.o)
                               0x132f (size before relaxing)

.debug_loc      0x00000000     0x2694
 *(.debug_loc)
 .debug_loc     0x00000000       0x37 ./main.o
 .debug_loc     0x00000037      0x68c ./touchscreen.o
 .debug_loc     0x000006c3      0x3c6 N:/EECS373_Project/TouchScreenFinal/SoftConsole/TouchScreenFinal_MSS_CM3_0/TouchScreenFinal_MSS_CM3_0_hw_platform/Debug/CMSIS/startup_gcc/newlib_stubs.o
 .debug_loc     0x00000a89      0x549 N:\EECS373_Project\TouchScreenFinal\SoftConsole\TouchScreenFinal_MSS_CM3_0\TouchScreenFinal_MSS_CM3_0_hw_platform\Debug\libTouchScreenFinal_MSS_CM3_0_hw_platform.a(mss_spi.o)
 .debug_loc     0x00000fd2      0x1ef N:\EECS373_Project\TouchScreenFinal\SoftConsole\TouchScreenFinal_MSS_CM3_0\TouchScreenFinal_MSS_CM3_0_hw_platform\Debug\libTouchScreenFinal_MSS_CM3_0_hw_platform.a(mss_gpio.o)
 .debug_loc     0x000011c1      0x53b N:\EECS373_Project\TouchScreenFinal\SoftConsole\TouchScreenFinal_MSS_CM3_0\TouchScreenFinal_MSS_CM3_0_hw_platform\Debug\libTouchScreenFinal_MSS_CM3_0_hw_platform.a(mss_ace.o)
 .debug_loc     0x000016fc       0x99 N:\EECS373_Project\TouchScreenFinal\SoftConsole\TouchScreenFinal_MSS_CM3_0\TouchScreenFinal_MSS_CM3_0_hw_platform\Debug\libTouchScreenFinal_MSS_CM3_0_hw_platform.a(system_a2fxxxm3.o)
 .debug_loc     0x00001795      0x415 N:\EECS373_Project\TouchScreenFinal\SoftConsole\TouchScreenFinal_MSS_CM3_0\TouchScreenFinal_MSS_CM3_0_hw_platform\Debug\libTouchScreenFinal_MSS_CM3_0_hw_platform.a(ace_convert.o)
 .debug_loc     0x00001baa      0xaea N:\EECS373_Project\TouchScreenFinal\SoftConsole\TouchScreenFinal_MSS_CM3_0\TouchScreenFinal_MSS_CM3_0_hw_platform\Debug\libTouchScreenFinal_MSS_CM3_0_hw_platform.a(ace_flags.o)

.debug_macinfo  0x00000000    0x3a17b
 *(.debug_macinfo)
 .debug_macinfo
                0x00000000     0x621f ./main.o
 .debug_macinfo
                0x0000621f     0x621f ./touchscreen.o
 .debug_macinfo
                0x0000c43e     0x4bf0 N:/EECS373_Project/TouchScreenFinal/SoftConsole/TouchScreenFinal_MSS_CM3_0/TouchScreenFinal_MSS_CM3_0_hw_platform/Debug/CMSIS/startup_gcc/newlib_stubs.o
 .debug_macinfo
                0x0001102e     0x7540 N:\EECS373_Project\TouchScreenFinal\SoftConsole\TouchScreenFinal_MSS_CM3_0\TouchScreenFinal_MSS_CM3_0_hw_platform\Debug\libTouchScreenFinal_MSS_CM3_0_hw_platform.a(mss_spi.o)
 .debug_macinfo
                0x0001856e     0x5ce1 N:\EECS373_Project\TouchScreenFinal\SoftConsole\TouchScreenFinal_MSS_CM3_0\TouchScreenFinal_MSS_CM3_0_hw_platform\Debug\libTouchScreenFinal_MSS_CM3_0_hw_platform.a(mss_gpio.o)
 .debug_macinfo
                0x0001e24f     0x77de N:\EECS373_Project\TouchScreenFinal\SoftConsole\TouchScreenFinal_MSS_CM3_0\TouchScreenFinal_MSS_CM3_0_hw_platform\Debug\libTouchScreenFinal_MSS_CM3_0_hw_platform.a(mss_ace.o)
 .debug_macinfo
                0x00025a2d     0x5a7f N:\EECS373_Project\TouchScreenFinal\SoftConsole\TouchScreenFinal_MSS_CM3_0\TouchScreenFinal_MSS_CM3_0_hw_platform\Debug\libTouchScreenFinal_MSS_CM3_0_hw_platform.a(system_a2fxxxm3.o)
 .debug_macinfo
                0x0002b4ac     0x18fe N:\EECS373_Project\TouchScreenFinal\SoftConsole\TouchScreenFinal_MSS_CM3_0\TouchScreenFinal_MSS_CM3_0_hw_platform\Debug\libTouchScreenFinal_MSS_CM3_0_hw_platform.a(ace_config.o)
 .debug_macinfo
                0x0002cdaa     0x5b7c N:\EECS373_Project\TouchScreenFinal\SoftConsole\TouchScreenFinal_MSS_CM3_0\TouchScreenFinal_MSS_CM3_0_hw_platform\Debug\libTouchScreenFinal_MSS_CM3_0_hw_platform.a(ace_convert.o)
 .debug_macinfo
                0x00032926     0x7855 N:\EECS373_Project\TouchScreenFinal\SoftConsole\TouchScreenFinal_MSS_CM3_0\TouchScreenFinal_MSS_CM3_0_hw_platform\Debug\libTouchScreenFinal_MSS_CM3_0_hw_platform.a(ace_flags.o)

.debug_weaknames
 *(.debug_weaknames)

.debug_funcnames
 *(.debug_funcnames)

.debug_typenames
 *(.debug_typenames)

.debug_varnames
 *(.debug_varnames)

.note.gnu.arm.ident
 *(.note.gnu.arm.ident)

.ARM.attributes
                0x00000000       0x25
 *(.ARM.attributes)
 .ARM.attributes
                0x00000000       0x19 c:/microsemi/softconsole v3.3/sourcery-g++/bin/../lib/gcc/arm-none-eabi/4.4.1/thumb2/crti.o
 .ARM.attributes
                0x00000019       0x29 c:/microsemi/softconsole v3.3/sourcery-g++/bin/../lib/gcc/arm-none-eabi/4.4.1/thumb2/crtbegin.o
 .ARM.attributes
                0x00000042       0x31 ./main.o
 .ARM.attributes
                0x00000073       0x31 ./touchscreen.o
 .ARM.attributes
                0x000000a4       0x21 N:/EECS373_Project/TouchScreenFinal/SoftConsole/TouchScreenFinal_MSS_CM3_0/TouchScreenFinal_MSS_CM3_0_hw_platform/Debug/CMSIS/startup_gcc/startup_a2fxxxm3.o
 .ARM.attributes
                0x000000c5       0x31 N:/EECS373_Project/TouchScreenFinal/SoftConsole/TouchScreenFinal_MSS_CM3_0/TouchScreenFinal_MSS_CM3_0_hw_platform/Debug/CMSIS/startup_gcc/newlib_stubs.o
 .ARM.attributes
                0x000000f6       0x31 N:\EECS373_Project\TouchScreenFinal\SoftConsole\TouchScreenFinal_MSS_CM3_0\TouchScreenFinal_MSS_CM3_0_hw_platform\Debug\libTouchScreenFinal_MSS_CM3_0_hw_platform.a(mss_spi.o)
 .ARM.attributes
                0x00000127       0x31 N:\EECS373_Project\TouchScreenFinal\SoftConsole\TouchScreenFinal_MSS_CM3_0\TouchScreenFinal_MSS_CM3_0_hw_platform\Debug\libTouchScreenFinal_MSS_CM3_0_hw_platform.a(mss_gpio.o)
 .ARM.attributes
                0x00000158       0x31 N:\EECS373_Project\TouchScreenFinal\SoftConsole\TouchScreenFinal_MSS_CM3_0\TouchScreenFinal_MSS_CM3_0_hw_platform\Debug\libTouchScreenFinal_MSS_CM3_0_hw_platform.a(mss_ace.o)
 .ARM.attributes
                0x00000189       0x31 N:\EECS373_Project\TouchScreenFinal\SoftConsole\TouchScreenFinal_MSS_CM3_0\TouchScreenFinal_MSS_CM3_0_hw_platform\Debug\libTouchScreenFinal_MSS_CM3_0_hw_platform.a(system_a2fxxxm3.o)
 .ARM.attributes
                0x000001ba       0x31 N:\EECS373_Project\TouchScreenFinal\SoftConsole\TouchScreenFinal_MSS_CM3_0\TouchScreenFinal_MSS_CM3_0_hw_platform\Debug\libTouchScreenFinal_MSS_CM3_0_hw_platform.a(ace_config.o)
 .ARM.attributes
                0x000001eb       0x31 N:\EECS373_Project\TouchScreenFinal\SoftConsole\TouchScreenFinal_MSS_CM3_0\TouchScreenFinal_MSS_CM3_0_hw_platform\Debug\libTouchScreenFinal_MSS_CM3_0_hw_platform.a(ace_convert.o)
 .ARM.attributes
                0x0000021c       0x31 N:\EECS373_Project\TouchScreenFinal\SoftConsole\TouchScreenFinal_MSS_CM3_0\TouchScreenFinal_MSS_CM3_0_hw_platform\Debug\libTouchScreenFinal_MSS_CM3_0_hw_platform.a(ace_flags.o)
 .ARM.attributes
                0x0000024d       0x1b c:/microsemi/softconsole v3.3/sourcery-g++/bin/../lib/gcc/arm-none-eabi/4.4.1/thumb2\libgcc.a(_arm_addsubdf3.o)
 .ARM.attributes
                0x00000268       0x1b c:/microsemi/softconsole v3.3/sourcery-g++/bin/../lib/gcc/arm-none-eabi/4.4.1/thumb2\libgcc.a(_arm_muldivdf3.o)
 .ARM.attributes
                0x00000283       0x1b c:/microsemi/softconsole v3.3/sourcery-g++/bin/../lib/gcc/arm-none-eabi/4.4.1/thumb2\libgcc.a(_arm_fixdfsi.o)
 .ARM.attributes
                0x0000029e       0x1b c:/microsemi/softconsole v3.3/sourcery-g++/bin/../lib/gcc/arm-none-eabi/4.4.1/thumb2\libgcc.a(_arm_addsubsf3.o)
 .ARM.attributes
                0x000002b9       0x1b c:/microsemi/softconsole v3.3/sourcery-g++/bin/../lib/gcc/arm-none-eabi/4.4.1/thumb2\libgcc.a(_arm_muldivsf3.o)
 .ARM.attributes
                0x000002d4       0x1b c:/microsemi/softconsole v3.3/sourcery-g++/bin/../lib/gcc/arm-none-eabi/4.4.1/thumb2\libgcc.a(_arm_fixsfsi.o)
 .ARM.attributes
                0x000002ef       0x29 c:/microsemi/softconsole v3.3/sourcery-g++/bin/../lib/gcc/arm-none-eabi/4.4.1/../../../../arm-none-eabi/lib/thumb2\libc.a(lib_a-errno.o)
 .ARM.attributes
                0x00000318       0x29 c:/microsemi/softconsole v3.3/sourcery-g++/bin/../lib/gcc/arm-none-eabi/4.4.1/../../../../arm-none-eabi/lib/thumb2\libc.a(lib_a-impure.o)
 .ARM.attributes
                0x00000341       0x29 c:/microsemi/softconsole v3.3/sourcery-g++/bin/../lib/gcc/arm-none-eabi/4.4.1/../../../../arm-none-eabi/lib/thumb2\libc.a(lib_a-init.o)
 .ARM.attributes
                0x0000036a       0x29 c:/microsemi/softconsole v3.3/sourcery-g++/bin/../lib/gcc/arm-none-eabi/4.4.1/../../../../arm-none-eabi/lib/thumb2\libc.a(lib_a-memset.o)
 .ARM.attributes
                0x00000393       0x29 c:/microsemi/softconsole v3.3/sourcery-g++/bin/../lib/gcc/arm-none-eabi/4.4.1/../../../../arm-none-eabi/lib/thumb2\libc.a(lib_a-strncmp.o)
 .ARM.attributes
                0x000003bc       0x29 c:/microsemi/softconsole v3.3/sourcery-g++/bin/../lib/gcc/arm-none-eabi/4.4.1/thumb2/crtend.o
 .ARM.attributes
                0x000003e5       0x19 c:/microsemi/softconsole v3.3/sourcery-g++/bin/../lib/gcc/arm-none-eabi/4.4.1/thumb2/crtn.o

/DISCARD/
 *(.note.GNU-stack)
 *(.isr_vector)
OUTPUT(TouchScreenFinal_MSS_CM3_0_app elf32-littlearm)

.debug_ranges   0x00000000      0x680
 .debug_ranges  0x00000000       0x18 ./main.o
 .debug_ranges  0x00000018      0x110 ./touchscreen.o
 .debug_ranges  0x00000128       0xa0 N:/EECS373_Project/TouchScreenFinal/SoftConsole/TouchScreenFinal_MSS_CM3_0/TouchScreenFinal_MSS_CM3_0_hw_platform/Debug/CMSIS/startup_gcc/newlib_stubs.o
 .debug_ranges  0x000001c8       0xd8 N:\EECS373_Project\TouchScreenFinal\SoftConsole\TouchScreenFinal_MSS_CM3_0\TouchScreenFinal_MSS_CM3_0_hw_platform\Debug\libTouchScreenFinal_MSS_CM3_0_hw_platform.a(mss_spi.o)
 .debug_ranges  0x000002a0       0x58 N:\EECS373_Project\TouchScreenFinal\SoftConsole\TouchScreenFinal_MSS_CM3_0\TouchScreenFinal_MSS_CM3_0_hw_platform\Debug\libTouchScreenFinal_MSS_CM3_0_hw_platform.a(mss_gpio.o)
 .debug_ranges  0x000002f8       0xd8 N:\EECS373_Project\TouchScreenFinal\SoftConsole\TouchScreenFinal_MSS_CM3_0\TouchScreenFinal_MSS_CM3_0_hw_platform\Debug\libTouchScreenFinal_MSS_CM3_0_hw_platform.a(mss_ace.o)
 .debug_ranges  0x000003d0       0x28 N:\EECS373_Project\TouchScreenFinal\SoftConsole\TouchScreenFinal_MSS_CM3_0\TouchScreenFinal_MSS_CM3_0_hw_platform\Debug\libTouchScreenFinal_MSS_CM3_0_hw_platform.a(system_a2fxxxm3.o)
 .debug_ranges  0x000003f8       0xa8 N:\EECS373_Project\TouchScreenFinal\SoftConsole\TouchScreenFinal_MSS_CM3_0\TouchScreenFinal_MSS_CM3_0_hw_platform\Debug\libTouchScreenFinal_MSS_CM3_0_hw_platform.a(ace_convert.o)
 .debug_ranges  0x000004a0      0x1e0 N:\EECS373_Project\TouchScreenFinal\SoftConsole\TouchScreenFinal_MSS_CM3_0\TouchScreenFinal_MSS_CM3_0_hw_platform\Debug\libTouchScreenFinal_MSS_CM3_0_hw_platform.a(ace_flags.o)
