Archive member included because of file (symbol)

F:\GitHub\EECS373_Project\TouchScreenFinal\SoftConsole\TouchScreenFinal_MSS_CM3_0\TouchScreenFinal_MSS_CM3_0_hw_platform\Debug\libTouchScreenFinal_MSS_CM3_0_hw_platform.a(mss_uart.o)
                              ./xbee.o (MSS_UART_polled_tx)
F:\GitHub\EECS373_Project\TouchScreenFinal\SoftConsole\TouchScreenFinal_MSS_CM3_0\TouchScreenFinal_MSS_CM3_0_hw_platform\Debug\libTouchScreenFinal_MSS_CM3_0_hw_platform.a(mss_spi.o)
                              ./touchscreen.o (g_mss_spi1)
F:\GitHub\EECS373_Project\TouchScreenFinal\SoftConsole\TouchScreenFinal_MSS_CM3_0\TouchScreenFinal_MSS_CM3_0_hw_platform\Debug\libTouchScreenFinal_MSS_CM3_0_hw_platform.a(mss_i2c.o)
                              ./touchscreen.o (g_mss_i2c1)
F:\GitHub\EECS373_Project\TouchScreenFinal\SoftConsole\TouchScreenFinal_MSS_CM3_0\TouchScreenFinal_MSS_CM3_0_hw_platform\Debug\libTouchScreenFinal_MSS_CM3_0_hw_platform.a(mss_gpio.o)
                              ./touchscreen.o (MSS_GPIO_init)
F:\GitHub\EECS373_Project\TouchScreenFinal\SoftConsole\TouchScreenFinal_MSS_CM3_0\TouchScreenFinal_MSS_CM3_0_hw_platform\Debug\libTouchScreenFinal_MSS_CM3_0_hw_platform.a(mss_ace.o)
                              ./touchscreen.o (ACE_set_sdd_value)
F:\GitHub\EECS373_Project\TouchScreenFinal\SoftConsole\TouchScreenFinal_MSS_CM3_0\TouchScreenFinal_MSS_CM3_0_hw_platform\Debug\libTouchScreenFinal_MSS_CM3_0_hw_platform.a(core_cm3.o)
                              F:\GitHub\EECS373_Project\TouchScreenFinal\SoftConsole\TouchScreenFinal_MSS_CM3_0\TouchScreenFinal_MSS_CM3_0_hw_platform\Debug\libTouchScreenFinal_MSS_CM3_0_hw_platform.a(mss_i2c.o) (__get_PRIMASK)
F:\GitHub\EECS373_Project\TouchScreenFinal\SoftConsole\TouchScreenFinal_MSS_CM3_0\TouchScreenFinal_MSS_CM3_0_hw_platform\Debug\libTouchScreenFinal_MSS_CM3_0_hw_platform.a(system_a2fxxxm3.o)
                              F:/GitHub/EECS373_Project/TouchScreenFinal/SoftConsole/TouchScreenFinal_MSS_CM3_0/TouchScreenFinal_MSS_CM3_0_hw_platform/Debug/CMSIS/startup_gcc/startup_a2fxxxm3.o (SystemInit)
F:\GitHub\EECS373_Project\TouchScreenFinal\SoftConsole\TouchScreenFinal_MSS_CM3_0\TouchScreenFinal_MSS_CM3_0_hw_platform\Debug\libTouchScreenFinal_MSS_CM3_0_hw_platform.a(ace_config.o)
                              F:\GitHub\EECS373_Project\TouchScreenFinal\SoftConsole\TouchScreenFinal_MSS_CM3_0\TouchScreenFinal_MSS_CM3_0_hw_platform\Debug\libTouchScreenFinal_MSS_CM3_0_hw_platform.a(mss_ace.o) (g_ace_channel_desc_table)
F:\GitHub\EECS373_Project\TouchScreenFinal\SoftConsole\TouchScreenFinal_MSS_CM3_0\TouchScreenFinal_MSS_CM3_0_hw_platform\Debug\libTouchScreenFinal_MSS_CM3_0_hw_platform.a(ace_convert.o)
                              F:\GitHub\EECS373_Project\TouchScreenFinal\SoftConsole\TouchScreenFinal_MSS_CM3_0\TouchScreenFinal_MSS_CM3_0_hw_platform\Debug\libTouchScreenFinal_MSS_CM3_0_hw_platform.a(mss_ace.o) (ace_init_convert)
F:\GitHub\EECS373_Project\TouchScreenFinal\SoftConsole\TouchScreenFinal_MSS_CM3_0\TouchScreenFinal_MSS_CM3_0_hw_platform\Debug\libTouchScreenFinal_MSS_CM3_0_hw_platform.a(ace_flags.o)
                              F:\GitHub\EECS373_Project\TouchScreenFinal\SoftConsole\TouchScreenFinal_MSS_CM3_0\TouchScreenFinal_MSS_CM3_0_hw_platform\Debug\libTouchScreenFinal_MSS_CM3_0_hw_platform.a(mss_ace.o) (ace_init_flags)
c:/microsemi/softconsole v3.3/sourcery-g++/bin/../lib/gcc/arm-none-eabi/4.4.1/thumb2\libgcc.a(_arm_addsubdf3.o)
                              ./main.o (__aeabi_i2d)
c:/microsemi/softconsole v3.3/sourcery-g++/bin/../lib/gcc/arm-none-eabi/4.4.1/thumb2\libgcc.a(_arm_muldivdf3.o)
                              ./main.o (__aeabi_ddiv)
c:/microsemi/softconsole v3.3/sourcery-g++/bin/../lib/gcc/arm-none-eabi/4.4.1/thumb2\libgcc.a(_arm_truncdfsf2.o)
                              ./main.o (__aeabi_d2f)
c:/microsemi/softconsole v3.3/sourcery-g++/bin/../lib/gcc/arm-none-eabi/4.4.1/thumb2\libgcc.a(_arm_addsubsf3.o)
                              ./touchscreen.o (__aeabi_fsub)
c:/microsemi/softconsole v3.3/sourcery-g++/bin/../lib/gcc/arm-none-eabi/4.4.1/thumb2\libgcc.a(_arm_muldivsf3.o)
                              ./main.o (__aeabi_fmul)
c:/microsemi/softconsole v3.3/sourcery-g++/bin/../lib/gcc/arm-none-eabi/4.4.1/thumb2\libgcc.a(_arm_fixsfsi.o)
                              ./touchscreen.o (__aeabi_f2iz)
c:/microsemi/softconsole v3.3/sourcery-g++/bin/../lib/gcc/arm-none-eabi/4.4.1/thumb2\libgcc.a(_arm_fixunssfsi.o)
                              ./main.o (__aeabi_f2uiz)
c:/microsemi/softconsole v3.3/sourcery-g++/bin/../lib/gcc/arm-none-eabi/4.4.1/../../../../arm-none-eabi/lib/thumb2\libc.a(lib_a-errno.o)
                              F:/GitHub/EECS373_Project/TouchScreenFinal/SoftConsole/TouchScreenFinal_MSS_CM3_0/TouchScreenFinal_MSS_CM3_0_hw_platform/Debug/CMSIS/startup_gcc/newlib_stubs.o (__errno)
c:/microsemi/softconsole v3.3/sourcery-g++/bin/../lib/gcc/arm-none-eabi/4.4.1/../../../../arm-none-eabi/lib/thumb2\libc.a(lib_a-impure.o)
[...]
Memory Configuration

Name             Origin             Length             Attributes
ram              0x20000000         0x00010000         xrw
*default*        0x00000000         0xffffffff

Linker script and memory map

LOAD c:/microsemi/softconsole v3.3/sourcery-g++/bin/../lib/gcc/arm-none-eabi/4.4.1/thumb2/crti.o
LOAD c:/microsemi/softconsole v3.3/sourcery-g++/bin/../lib/gcc/arm-none-eabi/4.4.1/thumb2/crtbegin.o
LOAD ./main.o
LOAD ./touchscreen.o
LOAD ./xbee.o
LOAD F:/GitHub/EECS373_Project/TouchScreenFinal/SoftConsole/TouchScreenFinal_MSS_CM3_0/TouchScreenFinal_MSS_CM3_0_hw_platform/Debug/CMSIS/startup_gcc/startup_a2fxxxm3.o
LOAD F:/GitHub/EECS373_Project/TouchScreenFinal/SoftConsole/TouchScreenFinal_MSS_CM3_0/TouchScreenFinal_MSS_CM3_0_hw_platform/Debug/CMSIS/startup_gcc/newlib_stubs.o
LOAD F:\GitHub\EECS373_Project\TouchScreenFinal\SoftConsole\TouchScreenFinal_MSS_CM3_0\TouchScreenFinal_MSS_CM3_0_hw_platform\Debug\libTouchScreenFinal_MSS_CM3_0_hw_platform.a
START GROUP
LOAD c:/microsemi/softconsole v3.3/sourcery-g++/bin/../lib/gcc/arm-none-eabi/4.4.1/thumb2\libgcc.a
LOAD c:/microsemi/softconsole v3.3/sourcery-g++/bin/../lib/gcc/arm-none-eabi/4.4.1/../../../../arm-none-eabi/lib/thumb2\libc.a
END GROUP
LOAD c:/microsemi/softconsole v3.3/sourcery-g++/bin/../lib/gcc/arm-none-eabi/4.4.1/thumb2/crtend.o
LOAD c:/microsemi/softconsole v3.3/sourcery-g++/bin/../lib/gcc/arm-none-eabi/4.4.1/thumb2/crtn.o
START GROUP
LOAD c:/microsemi/softconsole v3.3/sourcery-g++/bin/../lib/gcc/arm-none-eabi/4.4.1/../../../../arm-none-eabi/lib/thumb2\libc.a
LOAD c:/microsemi/softconsole v3.3/sourcery-g++/bin/../lib/gcc/arm-none-eabi/4.4.1/thumb2\libgcc.a
LOAD c:/microsemi/softconsole v3.3/sourcery-g++/bin/../lib/gcc/arm-none-eabi/4.4.1/../../../../arm-none-eabi/lib/thumb2\libm.a
END GROUP
                0x00000000                __DYNAMIC = 0x0
                0x20000000                RAM_START_ADDRESS = 0x20000000
                0x00010000                RAM_SIZE = 0x10000
                0x00002000                MAIN_STACK_SIZE = 0x2000
                0x00001000                PROCESS_STACK_SIZE = 0x1000
                0x20010000                PROVIDE (__main_stack_start, (RAM_START_ADDRESS + RAM_SIZE))
                0x2000e000                PROVIDE (__process_stack_start, (__main_stack_start - MAIN_STACK_SIZE))
                0x20010000                PROVIDE (_estack, __main_stack_start)
                0x00000000                PROVIDE (__mirrored_nvm, 0x0)

.text           0x20000000     0x441c
 CREATE_OBJECT_SYMBOLS
                0x20000000                __text_load = LOADADDR (.text)
                0x20000000                __text_start = .
                0x20000000                __vector_table_vma_base_address = .
 *(.isr_vector)
 .isr_vector    0x20000000      0x470 F:/GitHub/EECS373_Project/TouchScreenFinal/SoftConsole/TouchScreenFinal_MSS_CM3_0/TouchScreenFinal_MSS_CM3_0_hw_platform/Debug/CMSIS/startup_gcc/startup_a2fxxxm3.o
                0x20000000                g_pfnVectors
                0x20000298                Reset_Handler
                0x20000308                NMI_Handler
                0x2000030a                HardFault_Handler
                0x2000030c                MemManage_Handler
                0x2000030e                BusFault_Handler
                0x20000310                UsageFault_Handler
                0x20000312                SVC_Handler
                0x20000314                DebugMon_Handler
                0x20000316                PendSV_Handler
                0x20000318                SysTick_Handler
                0x2000031a                WdogWakeup_IRQHandler
                0x2000031c                BrownOut_1_5V_IRQHandler
                0x2000031e                BrownOut_3_3V_IRQHandler
                0x20000320                RTC_Match_IRQHandler
                0x20000322                RTCIF_Pub_IRQHandler
                0x20000324                EthernetMAC_IRQHandler
                0x20000326                IAP_IRQHandler
                0x20000328                ENVM0_IRQHandler
                0x2000032a                ENVM1_IRQHandler
                0x2000032c                DMA_IRQHandler
                0x20000338                I2C0_SMBAlert_IRQHandler
                0x2000033a                I2C0_SMBus_IRQHandler
                0x2000033e                I2C1_SMBAlert_IRQHandler
                0x20000340                I2C1_SMBus_IRQHandler
                0x20000342                Timer1_IRQHandler
                0x20000344                Timer2_IRQHandler
                0x20000346                PLL_Lock_IRQHandler
                0x20000348                PLL_LockLost_IRQHandler
                0x2000034a                CommError_IRQHandler
                0x2000034c                Fabric_IRQHandler
                0x2000034e                GPIO0_IRQHandler
                0x20000350                GPIO1_IRQHandler
                0x20000352                GPIO2_IRQHandler
                0x20000354                GPIO3_IRQHandler
                0x20000356                GPIO4_IRQHandler
                0x20000358                GPIO5_IRQHandler
                0x2000035a                GPIO6_IRQHandler
                0x2000035c                GPIO7_IRQHandler
                0x2000035e                GPIO8_IRQHandler
                0x20000360                GPIO9_IRQHandler
                0x20000362                GPIO10_IRQHandler
                0x20000364                GPIO11_IRQHandler
                0x20000366                GPIO12_IRQHandler
                0x20000368                GPIO13_IRQHandler
                0x2000036a                GPIO14_IRQHandler
                0x2000036c                GPIO15_IRQHandler
                0x2000036e                GPIO16_IRQHandler
                0x20000370                GPIO17_IRQHandler
                0x20000372                GPIO18_IRQHandler
                0x20000374                GPIO19_IRQHandler
                0x20000376                GPIO20_IRQHandler
                0x20000378                GPIO21_IRQHandler
                0x2000037a                GPIO22_IRQHandler
                0x2000037c                GPIO23_IRQHandler
                0x2000037e                GPIO24_IRQHandler
                0x20000380                GPIO25_IRQHandler
                0x20000382                GPIO26_IRQHandler
                0x20000384                GPIO27_IRQHandler
                0x20000386                GPIO28_IRQHandler
                0x20000388                GPIO29_IRQHandler
                0x2000038a                GPIO30_IRQHandler
                0x2000038c                GPIO31_IRQHandler
                0x2000038e                ACE_PC0_Flag0_IRQHandler
                0x20000390                ACE_PC0_Flag1_IRQHandler
                0x20000392                ACE_PC0_Flag2_IRQHandler
                0x20000394                ACE_PC0_Flag3_IRQHandler
                0x20000396                ACE_PC1_Flag0_IRQHandler
                0x20000398                ACE_PC1_Flag1_IRQHandler
                0x2000039a                ACE_PC1_Flag2_IRQHandler
                0x2000039c                ACE_PC1_Flag3_IRQHandler
                0x2000039e                ACE_PC2_Flag0_IRQHandler
                0x200003a0                ACE_PC2_Flag1_IRQHandler
                0x200003a2                ACE_PC2_Flag2_IRQHandler
                0x200003a4                ACE_PC2_Flag3_IRQHandler
                0x200003a6                ACE_ADC0_DataValid_IRQHandler
                0x200003a8                ACE_ADC1_DataValid_IRQHandler
                0x200003aa                ACE_ADC2_DataValid_IRQHandler
                0x200003ac                ACE_ADC0_CalDone_IRQHandler
                0x200003ae                ACE_ADC1_CalDone_IRQHandler
                0x200003b0                ACE_ADC2_CalDone_IRQHandler
                0x200003b2                ACE_ADC0_CalStart_IRQHandler
                0x200003b4                ACE_ADC1_CalStart_IRQHandler
                0x200003b6                ACE_ADC2_CalStart_IRQHandler
                0x200003b8                ACE_Comp0_Fall_IRQHandler
                0x200003ba                ACE_Comp1_Fall_IRQHandler
                0x200003bc                ACE_Comp2_Fall_IRQHandler
                0x200003be                ACE_Comp3_Fall_IRQHandler
                0x200003c0                ACE_Comp4_Fall_IRQHandler
                0x200003c2                ACE_Comp5_Fall_IRQHandler
                0x200003c4                ACE_Comp6_Fall_IRQHandler
                0x200003c6                ACE_Comp7_Fall_IRQHandler
                0x200003c8                ACE_Comp8_Fall_IRQHandler
                0x200003ca                ACE_Comp9_Fall_IRQHandler
                0x200003cc                ACE_Comp10_Fall_IRQHandler
                0x200003ce                ACE_Comp11_Fall_IRQHandler
                0x200003d0                ACE_Comp0_Rise_IRQHandler
                0x200003d2                ACE_Comp1_Rise_IRQHandler
                0x200003d4                ACE_Comp2_Rise_IRQHandler
                0x200003d6                ACE_Comp3_Rise_IRQHandler
                0x200003d8                ACE_Comp4_Rise_IRQHandler
                0x200003da                ACE_Comp5_Rise_IRQHandler
                0x200003dc                ACE_Comp6_Rise_IRQHandler
                0x200003de                ACE_Comp7_Rise_IRQHandler
                0x200003e0                ACE_Comp8_Rise_IRQHandler
                0x200003e2                ACE_Comp9_Rise_IRQHandler
                0x200003e4                ACE_Comp10_Rise_IRQHandler
                0x200003e6                ACE_Comp11_Rise_IRQHandler
                0x200003e8                ACE_ADC0_FifoFull_IRQHandler
                0x200003ea                ACE_ADC0_FifoAFull_IRQHandler
                0x200003ec                ACE_ADC0_FifoEmpty_IRQHandler
                0x200003ee                ACE_ADC1_FifoFull_IRQHandler
                0x200003f0                ACE_ADC1_FifoAFull_IRQHandler
                0x200003f2                ACE_ADC1_FifoEmpty_IRQHandler
                0x200003f4                ACE_ADC2_FifoFull_IRQHandler
                0x200003f6                ACE_ADC2_FifoAFull_IRQHandler
                0x200003f8                ACE_ADC2_FifoEmpty_IRQHandler
 *(.text .text.* .gnu.linkonce.t.*)
 .text          0x20000470       0x30 c:/microsemi/softconsole v3.3/sourcery-g++/bin/../lib/gcc/arm-none-eabi/4.4.1/thumb2/crtbegin.o
 .text.main     0x200004a0      0x9c0 ./main.o
                0x200004a0                main
 .text.NVIC_DisableIRQ
                0x20000e60       0x3c ./touchscreen.o
 .text.NVIC_ClearPendingIRQ
                0x20000e9c       0x3c ./touchscreen.o
 .text.MSS_TIM1_init
                0x20000ed8       0x84 ./touchscreen.o
 .text.MSS_TIM1_start
                0x20000f5c       0x1c ./touchscreen.o
 .text.MSS_TIM1_stop
                0x20000f78       0x1c ./touchscreen.o
 .text.MSS_TIM1_get_current_value
                0x20000f94       0x18 ./touchscreen.o
 .text.MSS_TIM1_load_immediate
                0x20000fac       0x20 ./touchscreen.o
 .text.touchscreen_begin
                0x20000fcc      0x1b0 ./touchscreen.o
                0x20000fcc                touchscreen_begin
 .text.readTouch
                0x2000117c       0xa4 ./touchscreen.o
                0x2000117c                readTouch
 .text.touched  0x20001220       0x18 ./touchscreen.o
                0x20001220                touched
 .text.drawPixel
                0x20001238       0x48 ./touchscreen.o
                0x20001238                drawPixel
 .text.drawRectangle
                0x20001280       0x80 ./touchscreen.o
                0x20001280                drawRectangle
 .text.drawRectanglePixel
                0x20001300       0x5c ./touchscreen.o
                0x20001300                drawRectanglePixel
 .text.drawFillScreen
                0x2000135c       0x74 ./touchscreen.o
                0x2000135c                drawFillScreen
 .text.drawText1
                0x200013d0       0x44 ./touchscreen.o
                0x200013d0                drawText1
 .text.drawText2
                0x20001414       0x5c ./touchscreen.o
                0x20001414                drawText2
 .text.drawText3
                0x20001470       0x5c ./touchscreen.o
                0x20001470                drawText3
 .text.setAddr  0x200014cc       0x50 ./touchscreen.o
                0x200014cc                setAddr
 .text.sendCommand
                0x2000151c       0x60 ./touchscreen.o
                0x2000151c                sendCommand
 .text.delay    0x2000157c       0x40 ./touchscreen.o
                0x2000157c                delay
 .text.sendCommandOnly
                0x200015bc       0x2c ./touchscreen.o
                0x200015bc                sendCommandOnly
 .text.writeLine
                0x200015e8      0x13c ./touchscreen.o
                0x200015e8                writeLine
 .text.configureSPI
                0x20001724       0x30 ./touchscreen.o
                0x20001724                configureSPI
 .text.sendSPI  0x20001754       0x24 ./touchscreen.o
                0x20001754                sendSPI
 .text.sendSPI16
                0x20001778       0x38 ./touchscreen.o
                0x20001778                sendSPI16
 .text.set_SPI_CS
                0x200017b0       0x18 ./touchscreen.o
                0x200017b0                set_SPI_CS
 .text.clear_SPI_CS
                0x200017c8       0x18 ./touchscreen.o
                0x200017c8                clear_SPI_CS
 .text.set_DC_HIGH
                0x200017e0       0x14 ./touchscreen.o
                0x200017e0                set_DC_HIGH
 .text.set_DC_LOW
                0x200017f4       0x14 ./touchscreen.o
                0x200017f4                set_DC_LOW
 .text.writeRegister8
                0x20001808       0x50 ./touchscreen.o
                0x20001808                writeRegister8
 .text.readRegister8
                0x20001858       0x78 ./touchscreen.o
                0x20001858                readRegister8
 .text.bufferEmpty
                0x200018d0       0x18 ./touchscreen.o
                0x200018d0                bufferEmpty
 .text.scaleX   0x200018e8       0x60 ./touchscreen.o
                0x200018e8                scaleX
 .text.scaleY   0x20001948       0x60 ./touchscreen.o
                0x20001948                scaleY
 .text.sendMessage
                0x200019a8       0xfc ./xbee.o
                0x200019a8                sendMessage
 .text.uart1_rx_handler
                0x20001aa4       0x24 ./xbee.o
                0x20001aa4                uart1_rx_handler
 .text.MSS_UART_polled_tx
                0x20001ac8       0xac F:\GitHub\EECS373_Project\TouchScreenFinal\SoftConsole\TouchScreenFinal_MSS_CM3_0\TouchScreenFinal_MSS_CM3_0_hw_platform\Debug\libTouchScreenFinal_MSS_CM3_0_hw_platform.a(mss_uart.o)
                0x20001ac8                MSS_UART_polled_tx
 .text.MSS_UART_get_rx
                0x20001b74       0x9c F:\GitHub\EECS373_Project\TouchScreenFinal\SoftConsole\TouchScreenFinal_MSS_CM3_0\TouchScreenFinal_MSS_CM3_0_hw_platform\Debug\libTouchScreenFinal_MSS_CM3_0_hw_platform.a(mss_uart.o)
                0x20001b74                MSS_UART_get_rx
 .text.MSS_UART_isr
                0x20001c10       0x70 F:\GitHub\EECS373_Project\TouchScreenFinal\SoftConsole\TouchScreenFinal_MSS_CM3_0\TouchScreenFinal_MSS_CM3_0_hw_platform\Debug\libTouchScreenFinal_MSS_CM3_0_hw_platform.a(mss_uart.o)
 .text.default_tx_handler
                0x20001c80       0xa8 F:\GitHub\EECS373_Project\TouchScreenFinal\SoftConsole\TouchScreenFinal_MSS_CM3_0\TouchScreenFinal_MSS_CM3_0_hw_platform\Debug\libTouchScreenFinal_MSS_CM3_0_hw_platform.a(mss_uart.o)
 .text.MSS_UART_set_rx_handler
                0x20001d28       0xa4 F:\GitHub\EECS373_Project\TouchScreenFinal\SoftConsole\TouchScreenFinal_MSS_CM3_0\TouchScreenFinal_MSS_CM3_0_hw_platform\Debug\libTouchScreenFinal_MSS_CM3_0_hw_platform.a(mss_uart.o)
                0x20001d28                MSS_UART_set_rx_handler
 .text.UART0_IRQHandler
                0x20001dcc       0x30 F:\GitHub\EECS373_Project\TouchScreenFinal\SoftConsole\TouchScreenFinal_MSS_CM3_0\TouchScreenFinal_MSS_CM3_0_hw_platform\Debug\libTouchScreenFinal_MSS_CM3_0_hw_platform.a(mss_uart.o)
                0x20001dcc                UART0_IRQHandler
 .text.UART1_IRQHandler
                0x20001dfc       0x30 F:\GitHub\EECS373_Project\TouchScreenFinal\SoftConsole\TouchScreenFinal_MSS_CM3_0\TouchScreenFinal_MSS_CM3_0_hw_platform\Debug\libTouchScreenFinal_MSS_CM3_0_hw_platform.a(mss_uart.o)
                0x20001dfc                UART1_IRQHandler
 .text.MSS_UART_init
                0x20001e2c      0x150 F:\GitHub\EECS373_Project\TouchScreenFinal\SoftConsole\TouchScreenFinal_MSS_CM3_0\TouchScreenFinal_MSS_CM3_0_hw_platform\Debug\libTouchScreenFinal_MSS_CM3_0_hw_platform.a(mss_uart.o)
                0x20001e2c                MSS_UART_init
 .text.recover_from_rx_overflow
                0x20001f7c       0xe4 F:\GitHub\EECS373_Project\TouchScreenFinal\SoftConsole\TouchScreenFinal_MSS_CM3_0\TouchScreenFinal_MSS_CM3_0_hw_platform\Debug\libTouchScreenFinal_MSS_CM3_0_hw_platform.a(mss_spi.o)
 .text.MSS_SPI_configure_master_mode
                0x20002060      0x100 F:\GitHub\EECS373_Project\TouchScreenFinal\SoftConsole\TouchScreenFinal_MSS_CM3_0\TouchScreenFinal_MSS_CM3_0_hw_platform\Debug\libTouchScreenFinal_MSS_CM3_0_hw_platform.a(mss_spi.o)
                0x20002060                MSS_SPI_configure_master_mode
 .text.MSS_SPI_set_slave_select
                0x20002160       0xcc F:\GitHub\EECS373_Project\TouchScreenFinal\SoftConsole\TouchScreenFinal_MSS_CM3_0\TouchScreenFinal_MSS_CM3_0_hw_platform\Debug\libTouchScreenFinal_MSS_CM3_0_hw_platform.a(mss_spi.o)
                0x20002160                MSS_SPI_set_slave_select
 .text.MSS_SPI_clear_slave_select
                0x2000222c       0x90 F:\GitHub\EECS373_Project\TouchScreenFinal\SoftConsole\TouchScreenFinal_MSS_CM3_0\TouchScreenFinal_MSS_CM3_0_hw_platform\Debug\libTouchScreenFinal_MSS_CM3_0_hw_platform.a(mss_spi.o)
                0x2000222c                MSS_SPI_clear_slave_select
 .text.MSS_SPI_transfer_frame
                0x200022bc       0x90 F:\GitHub\EECS373_Project\TouchScreenFinal\SoftConsole\TouchScreenFinal_MSS_CM3_0\TouchScreenFinal_MSS_CM3_0_hw_platform\Debug\libTouchScreenFinal_MSS_CM3_0_hw_platform.a(mss_spi.o)
                0x200022bc                MSS_SPI_transfer_frame
 .text.fill_slave_tx_fifo
                0x2000234c       0xa8 F:\GitHub\EECS373_Project\TouchScreenFinal\SoftConsole\TouchScreenFinal_MSS_CM3_0\TouchScreenFinal_MSS_CM3_0_hw_platform\Debug\libTouchScreenFinal_MSS_CM3_0_hw_platform.a(mss_spi.o)
 .text.read_slave_rx_fifo
                0x200023f4       0x74 F:\GitHub\EECS373_Project\TouchScreenFinal\SoftConsole\TouchScreenFinal_MSS_CM3_0\TouchScreenFinal_MSS_CM3_0_hw_platform\Debug\libTouchScreenFinal_MSS_CM3_0_hw_platform.a(mss_spi.o)
 .text.mss_spi_isr
                0x20002468      0x1c8 F:\GitHub\EECS373_Project\TouchScreenFinal\SoftConsole\TouchScreenFinal_MSS_CM3_0\TouchScreenFinal_MSS_CM3_0_hw_platform\Debug\libTouchScreenFinal_MSS_CM3_0_hw_platform.a(mss_spi.o)
 .text.SPI0_IRQHandler
                0x20002630       0x30 F:\GitHub\EECS373_Project\TouchScreenFinal\SoftConsole\TouchScreenFinal_MSS_CM3_0\TouchScreenFinal_MSS_CM3_0_hw_platform\Debug\libTouchScreenFinal_MSS_CM3_0_hw_platform.a(mss_spi.o)
                0x20002630                SPI0_IRQHandler
 .text.SPI1_IRQHandler
                0x20002660       0x30 F:\GitHub\EECS373_Project\TouchScreenFinal\SoftConsole\TouchScreenFinal_MSS_CM3_0\TouchScreenFinal_MSS_CM3_0_hw_platform\Debug\libTouchScreenFinal_MSS_CM3_0_hw_platform.a(mss_spi.o)
                0x20002660                SPI1_IRQHandler
 .text.MSS_SPI_init
                0x20002690       0xfc F:\GitHub\EECS373_Project\TouchScreenFinal\SoftConsole\TouchScreenFinal_MSS_CM3_0\TouchScreenFinal_MSS_CM3_0_hw_platform\Debug\libTouchScreenFinal_MSS_CM3_0_hw_platform.a(mss_spi.o)
                0x20002690                MSS_SPI_init
 .text.MSS_I2C_wait_complete
                0x2000278c       0x28 F:\GitHub\EECS373_Project\TouchScreenFinal\SoftConsole\TouchScreenFinal_MSS_CM3_0\TouchScreenFinal_MSS_CM3_0_hw_platform\Debug\libTouchScreenFinal_MSS_CM3_0_hw_platform.a(mss_i2c.o)
                0x2000278c                MSS_I2C_wait_complete
 .text.enable_slave_if_required
                0x200027b4       0x10 F:\GitHub\EECS373_Project\TouchScreenFinal\SoftConsole\TouchScreenFinal_MSS_CM3_0\TouchScreenFinal_MSS_CM3_0_hw_platform\Debug\libTouchScreenFinal_MSS_CM3_0_hw_platform.a(mss_i2c.o)
 .text.mss_i2c_isr
                0x200027c4      0x594 F:\GitHub\EECS373_Project\TouchScreenFinal\SoftConsole\TouchScreenFinal_MSS_CM3_0\TouchScreenFinal_MSS_CM3_0_hw_platform\Debug\libTouchScreenFinal_MSS_CM3_0_hw_platform.a(mss_i2c.o)
 .text.I2C0_IRQHandler
                0x20002d58       0x30 F:\GitHub\EECS373_Project\TouchScreenFinal\SoftConsole\TouchScreenFinal_MSS_CM3_0\TouchScreenFinal_MSS_CM3_0_hw_platform\Debug\libTouchScreenFinal_MSS_CM3_0_hw_platform.a(mss_i2c.o)
                0x20002d58                I2C0_IRQHandler
 .text.I2C1_IRQHandler
                0x20002d88       0x30 F:\GitHub\EECS373_Project\TouchScreenFinal\SoftConsole\TouchScreenFinal_MSS_CM3_0\TouchScreenFinal_MSS_CM3_0_hw_platform\Debug\libTouchScreenFinal_MSS_CM3_0_hw_platform.a(mss_i2c.o)
                0x20002d88                I2C1_IRQHandler
 .text.disable_interrupts
                0x20002db8       0x14 F:\GitHub\EECS373_Project\TouchScreenFinal\SoftConsole\TouchScreenFinal_MSS_CM3_0\TouchScreenFinal_MSS_CM3_0_hw_platform\Debug\libTouchScreenFinal_MSS_CM3_0_hw_platform.a(mss_i2c.o)
 .text.restore_interrupts
                0x20002dcc        0x8 F:\GitHub\EECS373_Project\TouchScreenFinal\SoftConsole\TouchScreenFinal_MSS_CM3_0\TouchScreenFinal_MSS_CM3_0_hw_platform\Debug\libTouchScreenFinal_MSS_CM3_0_hw_platform.a(mss_i2c.o)
 .text.MSS_I2C_read
                0x20002dd4       0xe0 F:\GitHub\EECS373_Project\TouchScreenFinal\SoftConsole\TouchScreenFinal_MSS_CM3_0\TouchScreenFinal_MSS_CM3_0_hw_platform\Debug\libTouchScreenFinal_MSS_CM3_0_hw_platform.a(mss_i2c.o)
                0x20002dd4                MSS_I2C_read
 .text.MSS_I2C_write
                0x20002eb4       0xdc F:\GitHub\EECS373_Project\TouchScreenFinal\SoftConsole\TouchScreenFinal_MSS_CM3_0\TouchScreenFinal_MSS_CM3_0_hw_platform\Debug\libTouchScreenFinal_MSS_CM3_0_hw_platform.a(mss_i2c.o)
                0x20002eb4                MSS_I2C_write
 .text.MSS_I2C_init
                0x20002f90      0x11c F:\GitHub\EECS373_Project\TouchScreenFinal\SoftConsole\TouchScreenFinal_MSS_CM3_0\TouchScreenFinal_MSS_CM3_0_hw_platform\Debug\libTouchScreenFinal_MSS_CM3_0_hw_platform.a(mss_i2c.o)
                0x20002f90                MSS_I2C_init
 .text.MSS_GPIO_init
                0x200030ac       0x60 F:\GitHub\EECS373_Project\TouchScreenFinal\SoftConsole\TouchScreenFinal_MSS_CM3_0\TouchScreenFinal_MSS_CM3_0_hw_platform\Debug\libTouchScreenFinal_MSS_CM3_0_hw_platform.a(mss_gpio.o)
                0x200030ac                MSS_GPIO_init
 .text.MSS_GPIO_config
                0x2000310c       0x18 F:\GitHub\EECS373_Project\TouchScreenFinal\SoftConsole\TouchScreenFinal_MSS_CM3_0\TouchScreenFinal_MSS_CM3_0_hw_platform\Debug\libTouchScreenFinal_MSS_CM3_0_hw_platform.a(mss_gpio.o)
                0x2000310c                MSS_GPIO_config
 .text.MSS_GPIO_set_output
                0x20003124       0x1c F:\GitHub\EECS373_Project\TouchScreenFinal\SoftConsole\TouchScreenFinal_MSS_CM3_0\TouchScreenFinal_MSS_CM3_0_hw_platform\Debug\libTouchScreenFinal_MSS_CM3_0_hw_platform.a(mss_gpio.o)
                0x20003124                MSS_GPIO_set_output
 .text.__get_PRIMASK
                0x20003140        0x8 F:\GitHub\EECS373_Project\TouchScreenFinal\SoftConsole\TouchScreenFinal_MSS_CM3_0\TouchScreenFinal_MSS_CM3_0_hw_platform\Debug\libTouchScreenFinal_MSS_CM3_0_hw_platform.a(core_cm3.o)
                0x20003140                __get_PRIMASK
 .text.__set_PRIMASK
                0x20003148        0x8 F:\GitHub\EECS373_Project\TouchScreenFinal\SoftConsole\TouchScreenFinal_MSS_CM3_0\TouchScreenFinal_MSS_CM3_0_hw_platform\Debug\libTouchScreenFinal_MSS_CM3_0_hw_platform.a(core_cm3.o)
                0x20003148                __set_PRIMASK
 .text.SystemInit
                0x20003150        0x4 F:\GitHub\EECS373_Project\TouchScreenFinal\SoftConsole\TouchScreenFinal_MSS_CM3_0\TouchScreenFinal_MSS_CM3_0_hw_platform\Debug\libTouchScreenFinal_MSS_CM3_0_hw_platform.a(system_a2fxxxm3.o)
                0x20003150                SystemInit
 .text.SystemCoreClockUpdate
                0x20003154      0x130 F:\GitHub\EECS373_Project\TouchScreenFinal\SoftConsole\TouchScreenFinal_MSS_CM3_0\TouchScreenFinal_MSS_CM3_0_hw_platform\Debug\libTouchScreenFinal_MSS_CM3_0_hw_platform.a(system_a2fxxxm3.o)
                0x20003154                SystemCoreClockUpdate
 .text.ACE_PPE_Flag0_IRQHandler
                0x20003284       0x20 F:\GitHub\EECS373_Project\TouchScreenFinal\SoftConsole\TouchScreenFinal_MSS_CM3_0\TouchScreenFinal_MSS_CM3_0_hw_platform\Debug\libTouchScreenFinal_MSS_CM3_0_hw_platform.a(ace_flags.o)
                0x20003284                ACE_PPE_Flag0_IRQHandler
 .text.ACE_PPE_Flag1_IRQHandler
                0x200032a4       0x20 F:\GitHub\EECS373_Project\TouchScreenFinal\SoftConsole\TouchScreenFinal_MSS_CM3_0\TouchScreenFinal_MSS_CM3_0_hw_platform\Debug\libTouchScreenFinal_MSS_CM3_0_hw_platform.a(ace_flags.o)
                0x200032a4                ACE_PPE_Flag1_IRQHandler
 .text.ACE_PPE_Flag2_IRQHandler
                0x200032c4       0x20 F:\GitHub\EECS373_Project\TouchScreenFinal\SoftConsole\TouchScreenFinal_MSS_CM3_0\TouchScreenFinal_MSS_CM3_0_hw_platform\Debug\libTouchScreenFinal_MSS_CM3_0_hw_platform.a(ace_flags.o)
                0x200032c4                ACE_PPE_Flag2_IRQHandler
 .text.ACE_PPE_Flag3_IRQHandler
                0x200032e4       0x20 F:\GitHub\EECS373_Project\TouchScreenFinal\SoftConsole\TouchScreenFinal_MSS_CM3_0\TouchScreenFinal_MSS_CM3_0_hw_platform\Debug\libTouchScreenFinal_MSS_CM3_0_hw_platform.a(ace_flags.o)
                0x200032e4                ACE_PPE_Flag3_IRQHandler
 .text.ACE_PPE_Flag4_IRQHandler
                0x20003304       0x20 F:\GitHub\EECS373_Project\TouchScreenFinal\SoftConsole\TouchScreenFinal_MSS_CM3_0\TouchScreenFinal_MSS_CM3_0_hw_platform\Debug\libTouchScreenFinal_MSS_CM3_0_hw_platform.a(ace_flags.o)
                0x20003304                ACE_PPE_Flag4_IRQHandler
 .text.ACE_PPE_Flag5_IRQHandler
                0x20003324       0x20 F:\GitHub\EECS373_Project\TouchScreenFinal\SoftConsole\TouchScreenFinal_MSS_CM3_0\TouchScreenFinal_MSS_CM3_0_hw_platform\Debug\libTouchScreenFinal_MSS_CM3_0_hw_platform.a(ace_flags.o)
                0x20003324                ACE_PPE_Flag5_IRQHandler
 .text.ACE_PPE_Flag6_IRQHandler
                0x20003344       0x20 F:\GitHub\EECS373_Project\TouchScreenFinal\SoftConsole\TouchScreenFinal_MSS_CM3_0\TouchScreenFinal_MSS_CM3_0_hw_platform\Debug\libTouchScreenFinal_MSS_CM3_0_hw_platform.a(ace_flags.o)
                0x20003344                ACE_PPE_Flag6_IRQHandler
 .text.ACE_PPE_Flag7_IRQHandler
                0x20003364       0x20 F:\GitHub\EECS373_Project\TouchScreenFinal\SoftConsole\TouchScreenFinal_MSS_CM3_0\TouchScreenFinal_MSS_CM3_0_hw_platform\Debug\libTouchScreenFinal_MSS_CM3_0_hw_platform.a(ace_flags.o)
                0x20003364                ACE_PPE_Flag7_IRQHandler
 .text.ACE_PPE_Flag8_IRQHandler
                0x20003384       0x20 F:\GitHub\EECS373_Project\TouchScreenFinal\SoftConsole\TouchScreenFinal_MSS_CM3_0\TouchScreenFinal_MSS_CM3_0_hw_platform\Debug\libTouchScreenFinal_MSS_CM3_0_hw_platform.a(ace_flags.o)
                0x20003384                ACE_PPE_Flag8_IRQHandler
 .text.ACE_PPE_Flag9_IRQHandler
                0x200033a4       0x20 F:\GitHub\EECS373_Project\TouchScreenFinal\SoftConsole\TouchScreenFinal_MSS_CM3_0\TouchScreenFinal_MSS_CM3_0_hw_platform\Debug\libTouchScreenFinal_MSS_CM3_0_hw_platform.a(ace_flags.o)
                0x200033a4                ACE_PPE_Flag9_IRQHandler
 .text.ACE_PPE_Flag10_IRQHandler
                0x200033c4       0x20 F:\GitHub\EECS373_Project\TouchScreenFinal\SoftConsole\TouchScreenFinal_MSS_CM3_0\TouchScreenFinal_MSS_CM3_0_hw_platform\Debug\libTouchScreenFinal_MSS_CM3_0_hw_platform.a(ace_flags.o)
                0x200033c4                ACE_PPE_Flag10_IRQHandler
 .text.ACE_PPE_Flag11_IRQHandler
                0x200033e4       0x20 F:\GitHub\EECS373_Project\TouchScreenFinal\SoftConsole\TouchScreenFinal_MSS_CM3_0\TouchScreenFinal_MSS_CM3_0_hw_platform\Debug\libTouchScreenFinal_MSS_CM3_0_hw_platform.a(ace_flags.o)
                0x200033e4                ACE_PPE_Flag11_IRQHandler
 .text.ACE_PPE_Flag12_IRQHandler
                0x20003404       0x20 F:\GitHub\EECS373_Project\TouchScreenFinal\SoftConsole\TouchScreenFinal_MSS_CM3_0\TouchScreenFinal_MSS_CM3_0_hw_platform\Debug\libTouchScreenFinal_MSS_CM3_0_hw_platform.a(ace_flags.o)
                0x20003404                ACE_PPE_Flag12_IRQHandler
 .text.ACE_PPE_Flag13_IRQHandler
                0x20003424       0x20 F:\GitHub\EECS373_Project\TouchScreenFinal\SoftConsole\TouchScreenFinal_MSS_CM3_0\TouchScreenFinal_MSS_CM3_0_hw_platform\Debug\libTouchScreenFinal_MSS_CM3_0_hw_platform.a(ace_flags.o)
                0x20003424                ACE_PPE_Flag13_IRQHandler
 .text.ACE_PPE_Flag14_IRQHandler
                0x20003444       0x20 F:\GitHub\EECS373_Project\TouchScreenFinal\SoftConsole\TouchScreenFinal_MSS_CM3_0\TouchScreenFinal_MSS_CM3_0_hw_platform\Debug\libTouchScreenFinal_MSS_CM3_0_hw_platform.a(ace_flags.o)
                0x20003444                ACE_PPE_Flag14_IRQHandler
 .text.ACE_PPE_Flag15_IRQHandler
                0x20003464       0x20 F:\GitHub\EECS373_Project\TouchScreenFinal\SoftConsole\TouchScreenFinal_MSS_CM3_0\TouchScreenFinal_MSS_CM3_0_hw_platform\Debug\libTouchScreenFinal_MSS_CM3_0_hw_platform.a(ace_flags.o)
                0x20003464                ACE_PPE_Flag15_IRQHandler
 .text.ACE_PPE_Flag16_IRQHandler
                0x20003484       0x20 F:\GitHub\EECS373_Project\TouchScreenFinal\SoftConsole\TouchScreenFinal_MSS_CM3_0\TouchScreenFinal_MSS_CM3_0_hw_platform\Debug\libTouchScreenFinal_MSS_CM3_0_hw_platform.a(ace_flags.o)
                0x20003484                ACE_PPE_Flag16_IRQHandler
 .text.ACE_PPE_Flag17_IRQHandler
                0x200034a4       0x20 F:\GitHub\EECS373_Project\TouchScreenFinal\SoftConsole\TouchScreenFinal_MSS_CM3_0\TouchScreenFinal_MSS_CM3_0_hw_platform\Debug\libTouchScreenFinal_MSS_CM3_0_hw_platform.a(ace_flags.o)
                0x200034a4                ACE_PPE_Flag17_IRQHandler
 .text.ACE_PPE_Flag18_IRQHandler
                0x200034c4       0x20 F:\GitHub\EECS373_Project\TouchScreenFinal\SoftConsole\TouchScreenFinal_MSS_CM3_0\TouchScreenFinal_MSS_CM3_0_hw_platform\Debug\libTouchScreenFinal_MSS_CM3_0_hw_platform.a(ace_flags.o)
                0x200034c4                ACE_PPE_Flag18_IRQHandler
 .text.ACE_PPE_Flag19_IRQHandler
                0x200034e4       0x20 F:\GitHub\EECS373_Project\TouchScreenFinal\SoftConsole\TouchScreenFinal_MSS_CM3_0\TouchScreenFinal_MSS_CM3_0_hw_platform\Debug\libTouchScreenFinal_MSS_CM3_0_hw_platform.a(ace_flags.o)
                0x200034e4                ACE_PPE_Flag19_IRQHandler
 .text.ACE_PPE_Flag20_IRQHandler
                0x20003504       0x20 F:\GitHub\EECS373_Project\TouchScreenFinal\SoftConsole\TouchScreenFinal_MSS_CM3_0\TouchScreenFinal_MSS_CM3_0_hw_platform\Debug\libTouchScreenFinal_MSS_CM3_0_hw_platform.a(ace_flags.o)
                0x20003504                ACE_PPE_Flag20_IRQHandler
 .text.ACE_PPE_Flag21_IRQHandler
                0x20003524       0x20 F:\GitHub\EECS373_Project\TouchScreenFinal\SoftConsole\TouchScreenFinal_MSS_CM3_0\TouchScreenFinal_MSS_CM3_0_hw_platform\Debug\libTouchScreenFinal_MSS_CM3_0_hw_platform.a(ace_flags.o)
                0x20003524                ACE_PPE_Flag21_IRQHandler
 .text.ACE_PPE_Flag22_IRQHandler
                0x20003544       0x20 F:\GitHub\EECS373_Project\TouchScreenFinal\SoftConsole\TouchScreenFinal_MSS_CM3_0\TouchScreenFinal_MSS_CM3_0_hw_platform\Debug\libTouchScreenFinal_MSS_CM3_0_hw_platform.a(ace_flags.o)
                0x20003544                ACE_PPE_Flag22_IRQHandler
 .text.ACE_PPE_Flag23_IRQHandler
                0x20003564       0x20 F:\GitHub\EECS373_Project\TouchScreenFinal\SoftConsole\TouchScreenFinal_MSS_CM3_0\TouchScreenFinal_MSS_CM3_0_hw_platform\Debug\libTouchScreenFinal_MSS_CM3_0_hw_platform.a(ace_flags.o)
                0x20003564                ACE_PPE_Flag23_IRQHandler
 .text.ACE_PPE_Flag24_IRQHandler
                0x20003584       0x20 F:\GitHub\EECS373_Project\TouchScreenFinal\SoftConsole\TouchScreenFinal_MSS_CM3_0\TouchScreenFinal_MSS_CM3_0_hw_platform\Debug\libTouchScreenFinal_MSS_CM3_0_hw_platform.a(ace_flags.o)
                0x20003584                ACE_PPE_Flag24_IRQHandler
 .text.ACE_PPE_Flag25_IRQHandler
                0x200035a4       0x20 F:\GitHub\EECS373_Project\TouchScreenFinal\SoftConsole\TouchScreenFinal_MSS_CM3_0\TouchScreenFinal_MSS_CM3_0_hw_platform\Debug\libTouchScreenFinal_MSS_CM3_0_hw_platform.a(ace_flags.o)
                0x200035a4                ACE_PPE_Flag25_IRQHandler
 .text.ACE_PPE_Flag26_IRQHandler
                0x200035c4       0x20 F:\GitHub\EECS373_Project\TouchScreenFinal\SoftConsole\TouchScreenFinal_MSS_CM3_0\TouchScreenFinal_MSS_CM3_0_hw_platform\Debug\libTouchScreenFinal_MSS_CM3_0_hw_platform.a(ace_flags.o)
                0x200035c4                ACE_PPE_Flag26_IRQHandler
 .text.ACE_PPE_Flag27_IRQHandler
                0x200035e4       0x20 F:\GitHub\EECS373_Project\TouchScreenFinal\SoftConsole\TouchScreenFinal_MSS_CM3_0\TouchScreenFinal_MSS_CM3_0_hw_platform\Debug\libTouchScreenFinal_MSS_CM3_0_hw_platform.a(ace_flags.o)
                0x200035e4                ACE_PPE_Flag27_IRQHandler
 .text.ACE_PPE_Flag28_IRQHandler
                0x20003604       0x20 F:\GitHub\EECS373_Project\TouchScreenFinal\SoftConsole\TouchScreenFinal_MSS_CM3_0\TouchScreenFinal_MSS_CM3_0_hw_platform\Debug\libTouchScreenFinal_MSS_CM3_0_hw_platform.a(ace_flags.o)
                0x20003604                ACE_PPE_Flag28_IRQHandler
 .text.ACE_PPE_Flag29_IRQHandler
                0x20003624       0x20 F:\GitHub\EECS373_Project\TouchScreenFinal\SoftConsole\TouchScreenFinal_MSS_CM3_0\TouchScreenFinal_MSS_CM3_0_hw_platform\Debug\libTouchScreenFinal_MSS_CM3_0_hw_platform.a(ace_flags.o)
                0x20003624                ACE_PPE_Flag29_IRQHandler
 .text.ACE_PPE_Flag30_IRQHandler
                0x20003644       0x20 F:\GitHub\EECS373_Project\TouchScreenFinal\SoftConsole\TouchScreenFinal_MSS_CM3_0\TouchScreenFinal_MSS_CM3_0_hw_platform\Debug\libTouchScreenFinal_MSS_CM3_0_hw_platform.a(ace_flags.o)
                0x20003644                ACE_PPE_Flag30_IRQHandler
 .text.ACE_PPE_Flag31_IRQHandler
                0x20003664       0x20 F:\GitHub\EECS373_Project\TouchScreenFinal\SoftConsole\TouchScreenFinal_MSS_CM3_0\TouchScreenFinal_MSS_CM3_0_hw_platform\Debug\libTouchScreenFinal_MSS_CM3_0_hw_platform.a(ace_flags.o)
                0x20003664                ACE_PPE_Flag31_IRQHandler
 .text          0x20003684      0x370 c:/microsemi/softconsole v3.3/sourcery-g++/bin/../lib/gcc/arm-none-eabi/4.4.1/thumb2\libgcc.a(_arm_addsubdf3.o)
                0x20003684                __aeabi_drsub
                0x2000368c                __aeabi_dsub
                0x2000368c                __subdf3
                0x20003690                __aeabi_dadd
                0x20003690                __adddf3
                0x20003908                __floatunsidf
                0x20003908                __aeabi_ui2d
                0x20003928                __floatsidf
                0x20003928                __aeabi_i2d
                0x2000394c                __aeabi_f2d
                0x2000394c                __extendsfdf2
                0x20003988                __floatundidf
                0x20003988                __aeabi_ul2d
                0x20003998                __floatdidf
                0x20003998                __aeabi_l2d
 .text          0x200039f4      0x424 c:/microsemi/softconsole v3.3/sourcery-g++/bin/../lib/gcc/arm-none-eabi/4.4.1/thumb2\libgcc.a(_arm_muldivdf3.o)
                0x200039f4                __aeabi_dmul
                0x200039f4                __muldf3
                0x20003c48                __divdf3
                0x20003c48                __aeabi_ddiv
 .text          0x20003e18       0xa0 c:/microsemi/softconsole v3.3/sourcery-g++/bin/../lib/gcc/arm-none-eabi/4.4.1/thumb2\libgcc.a(_arm_truncdfsf2.o)
                0x20003e18                __truncdfsf2
                0x20003e18                __aeabi_d2f
 .text          0x20003eb8      0x2a0 c:/microsemi/softconsole v3.3/sourcery-g++/bin/../lib/gcc/arm-none-eabi/4.4.1/thumb2\libgcc.a(_arm_muldivsf3.o)
                0x20003eb8                __mulsf3
                0x20003eb8                __aeabi_fmul
                0x20004020                __aeabi_fdiv
                0x20004020                __divsf3
 .text          0x20004158       0x40 c:/microsemi/softconsole v3.3/sourcery-g++/bin/../lib/gcc/arm-none-eabi/4.4.1/thumb2\libgcc.a(_arm_fixunssfsi.o)
                0x20004158                __fixunssfsi
                0x20004158                __aeabi_f2uiz
 .text          0x20004198       0x50 c:/microsemi/softconsole v3.3/sourcery-g++/bin/../lib/gcc/arm-none-eabi/4.4.1/../../../../arm-none-eabi/lib/thumb2\libc.a(lib_a-init.o)
                0x20004198                __libc_init_array
 .text          0x200041e8       0xd4 c:/microsemi/softconsole v3.3/sourcery-g++/bin/../lib/gcc/arm-none-eabi/4.4.1/../../../../arm-none-eabi/lib/thumb2\libc.a(lib_a-memset.o)
                0x200041e8                memset
 *(.plt)
 *(.gnu.warning)
 *(.glue_7t)
 .glue_7t       0x00000000        0x0 linker stubs
 *(.glue_7)
 .glue_7        0x00000000        0x0 linker stubs
 *(.vfp11_veneer)
 .vfp11_veneer  0x00000000        0x0 linker stubs
                0x200042bc                . = ALIGN (0x4)
 *crtbegin.o(.ctors)
 *(EXCLUDE_FILE(*crtend.o) .ctors)
 *(SORT(.ctors.*))
 *crtend.o(.ctors)
 *crtbegin.o(.dtors)
 *(EXCLUDE_FILE(*crtend.o) .dtors)
 *(SORT(.dtors.*))
 *crtend.o(.dtors)
 *(.rodata .rodata.* .gnu.linkonce.r.*)
 .rodata.initcmd
                0x200042bc       0x70 ./touchscreen.o
 .rodata.g_gpio_irqn_lut
                0x2000432c       0x40 F:\GitHub\EECS373_Project\TouchScreenFinal\SoftConsole\TouchScreenFinal_MSS_CM3_0\TouchScreenFinal_MSS_CM3_0_hw_platform\Debug\libTouchScreenFinal_MSS_CM3_0_hw_platform.a(mss_gpio.o)
 .rodata.g_config_reg_lut
                0x2000436c       0x80 F:\GitHub\EECS373_Project\TouchScreenFinal\SoftConsole\TouchScreenFinal_MSS_CM3_0\TouchScreenFinal_MSS_CM3_0_hw_platform\Debug\libTouchScreenFinal_MSS_CM3_0_hw_platform.a(mss_gpio.o)
 .rodata.C.16.2565
                0x200043ec       0x10 F:\GitHub\EECS373_Project\TouchScreenFinal\SoftConsole\TouchScreenFinal_MSS_CM3_0\TouchScreenFinal_MSS_CM3_0_hw_platform\Debug\libTouchScreenFinal_MSS_CM3_0_hw_platform.a(system_a2fxxxm3.o)
 *(.ARM.extab* .gnu.linkonce.armextab.*)
 *(.gcc_except_table)
 *(.eh_frame_hdr)
 *(.eh_frame)
 *(.init)
 .init          0x200043fc        0x4 c:/microsemi/softconsole v3.3/sourcery-g++/bin/../lib/gcc/arm-none-eabi/4.4.1/thumb2/crti.o
                0x200043fc                _init
 .init          0x20004400        0x8 c:/microsemi/softconsole v3.3/sourcery-g++/bin/../lib/gcc/arm-none-eabi/4.4.1/thumb2/crtn.o
 *(.fini)
 .fini          0x20004408        0x4 c:/microsemi/softconsole v3.3/sourcery-g++/bin/../lib/gcc/arm-none-eabi/4.4.1/thumb2/crti.o
                0x20004408                _fini
 .fini          0x2000440c        0x8 c:/microsemi/softconsole v3.3/sourcery-g++/bin/../lib/gcc/arm-none-eabi/4.4.1/thumb2/crtn.o
                0x20004414                PROVIDE (__preinit_array_start, .)
 *(.preinit_array)
                0x20004414                PROVIDE (__preinit_array_end, .)
                0x20004414                PROVIDE (__init_array_start, .)
 *(SORT(.init_array.*))
 *(.init_array)
 .init_array    0x20004414        0x4 c:/microsemi/softconsole v3.3/sourcery-g++/bin/../lib/gcc/arm-none-eabi/4.4.1/thumb2/crtbegin.o
                0x20004418                PROVIDE (__init_array_end, .)
                0x20004418                PROVIDE (__fini_array_start, .)
 *(.fini_array)
 .fini_array    0x20004418        0x4 c:/microsemi/softconsole v3.3/sourcery-g++/bin/../lib/gcc/arm-none-eabi/4.4.1/thumb2/crtbegin.o
 *(SORT(.fini_array.*))
                0x2000441c                PROVIDE (__fini_array_end, .)
                0x2000441c                __exidx_start = .

.v4_bx          0x2000441c        0x0
 .v4_bx         0x00000000        0x0 linker stubs

.ARM.exidx
 *(.ARM.exidx* .gnu.linkonce.armexidx.*)
                0x2000441c                __exidx_end = .
                0x2000441c                _etext = .
                0x2000441c                PROVIDE (__text_end, .)

.data           0x2000441c       0x1c
                0x2000441c                __data_load = LOADADDR (.data)
                0x2000441c                _sidata = LOADADDR (.data)
                0x2000441c                __data_start = .
                0x2000441c                _sdata = .
 *(.jcr)
 .jcr           0x2000441c        0x0 c:/microsemi/softconsole v3.3/sourcery-g++/bin/../lib/gcc/arm-none-eabi/4.4.1/thumb2/crtbegin.o
 .jcr           0x2000441c        0x4 c:/microsemi/softconsole v3.3/sourcery-g++/bin/../lib/gcc/arm-none-eabi/4.4.1/thumb2/crtend.o
 *(.got.plt)
 *(.got)
 *(.shdata)
 *(.data .data.* .gnu.linkonce.d.*)
 .data.g_FrequencyACE
                0x20004420        0x4 F:\GitHub\EECS373_Project\TouchScreenFinal\SoftConsole\TouchScreenFinal_MSS_CM3_0\TouchScreenFinal_MSS_CM3_0_hw_platform\Debug\libTouchScreenFinal_MSS_CM3_0_hw_platform.a(system_a2fxxxm3.o)
                0x20004420                g_FrequencyACE
 .data.g_FrequencyFPGA
                0x20004424        0x4 F:\GitHub\EECS373_Project\TouchScreenFinal\SoftConsole\TouchScreenFinal_MSS_CM3_0\TouchScreenFinal_MSS_CM3_0_hw_platform\Debug\libTouchScreenFinal_MSS_CM3_0_hw_platform.a(system_a2fxxxm3.o)
                0x20004424                g_FrequencyFPGA
 .data.g_FrequencyPCLK0
                0x20004428        0x4 F:\GitHub\EECS373_Project\TouchScreenFinal\SoftConsole\TouchScreenFinal_MSS_CM3_0\TouchScreenFinal_MSS_CM3_0_hw_platform\Debug\libTouchScreenFinal_MSS_CM3_0_hw_platform.a(system_a2fxxxm3.o)
                0x20004428                g_FrequencyPCLK0
 .data.g_FrequencyPCLK1
                0x2000442c        0x4 F:\GitHub\EECS373_Project\TouchScreenFinal\SoftConsole\TouchScreenFinal_MSS_CM3_0\TouchScreenFinal_MSS_CM3_0_hw_platform\Debug\libTouchScreenFinal_MSS_CM3_0_hw_platform.a(system_a2fxxxm3.o)
                0x2000442c                g_FrequencyPCLK1
 .data.SystemCoreClock
                0x20004430        0x4 F:\GitHub\EECS373_Project\TouchScreenFinal\SoftConsole\TouchScreenFinal_MSS_CM3_0\TouchScreenFinal_MSS_CM3_0_hw_platform\Debug\libTouchScreenFinal_MSS_CM3_0_hw_platform.a(system_a2fxxxm3.o)
                0x20004430                SystemCoreClock
 .data.SystemFrequency
                0x20004434        0x4 F:\GitHub\EECS373_Project\TouchScreenFinal\SoftConsole\TouchScreenFinal_MSS_CM3_0\TouchScreenFinal_MSS_CM3_0_hw_platform\Debug\libTouchScreenFinal_MSS_CM3_0_hw_platform.a(system_a2fxxxm3.o)
                0x20004434                SystemFrequency
                0x20004438                . = ALIGN (0x4)
                0x20004438                _edata = .

.bss            0x20004438      0x298
                0x20004438                __bss_start__ = .
                0x20004438                _sbss = .
 *(.shbss)
 *(.bss .bss.* .gnu.linkonce.b.*)
 .bss           0x20004438        0x1 c:/microsemi/softconsole v3.3/sourcery-g++/bin/../lib/gcc/arm-none-eabi/4.4.1/thumb2/crtbegin.o
 *(COMMON)
 *fill*         0x20004439        0x3 00
 COMMON         0x2000443c        0xd ./main.o
                0x2000443c                x
                0x20004440                rxplate
                0x20004444                z
                0x20004445                ace_x
                0x20004446                y
                0x20004448                ace_y
 *fill*         0x20004449        0x3 00
 COMMON         0x2000444c       0x40 ./xbee.o
                0x2000444c                g_rx_buff
 COMMON         0x2000448c       0x50 F:\GitHub\EECS373_Project\TouchScreenFinal\SoftConsole\TouchScreenFinal_MSS_CM3_0\TouchScreenFinal_MSS_CM3_0_hw_platform\Debug\libTouchScreenFinal_MSS_CM3_0_hw_platform.a(mss_uart.o)
                0x2000448c                g_mss_uart1
                0x200044b4                g_mss_uart0
 COMMON         0x200044dc      0x108 F:\GitHub\EECS373_Project\TouchScreenFinal\SoftConsole\TouchScreenFinal_MSS_CM3_0\TouchScreenFinal_MSS_CM3_0_hw_platform\Debug\libTouchScreenFinal_MSS_CM3_0_hw_platform.a(mss_spi.o)
                0x200044dc                g_mss_spi1
                0x20004560                g_mss_spi0
 COMMON         0x200045e4       0xe8 F:\GitHub\EECS373_Project\TouchScreenFinal\SoftConsole\TouchScreenFinal_MSS_CM3_0\TouchScreenFinal_MSS_CM3_0_hw_platform\Debug\libTouchScreenFinal_MSS_CM3_0_hw_platform.a(mss_i2c.o)
                0x200045e4                g_mss_i2c0
                0x20004658                g_mss_i2c1
                0x200046d0                . = ALIGN (0x8)
 *fill*         0x200046cc        0x4 00
                0x200046d0                __bss_end__ = .
                0x200046d0                _end = .
                0x200046d0                __end = _end
                0x200046d0                _ebss = .
                0x200046d0                PROVIDE (end, .)

.stack          0x200046d0     0x3000
                0x200046d0                . = ALIGN (0x4)
                0x200056d0                . = (. + PROCESS_STACK_SIZE)
 *fill*         0x200046d0     0x1000 00
                0x200056d0                . = ALIGN (0x4)
                0x200076d0                . = (. + MAIN_STACK_SIZE)
 *fill*         0x200056d0     0x2000 00
                0x200076d0                . = ALIGN (0x4)

.stab
 *(.stab)

.stabstr
 *(.stabstr)

.debug
 *(.debug)

.line
 *(.line)

.debug_srcinfo
 *(.debug_srcinfo)

.debug_sfnames
 *(.debug_sfnames)

.comment        0x00000000      0x25a
 .comment       0x00000000       0x2b ./main.o
 .comment       0x0000002b       0x2b ./touchscreen.o
 .comment       0x00000056       0x2b ./xbee.o
 .comment       0x00000081       0x2b F:/GitHub/EECS373_Project/TouchScreenFinal/SoftConsole/TouchScreenFinal_MSS_CM3_0/TouchScreenFinal_MSS_CM3_0_hw_platform/Debug/CMSIS/startup_gcc/newlib_stubs.o
 .comment       0x000000ac       0x2b F:\GitHub\EECS373_Project\TouchScreenFinal\SoftConsole\TouchScreenFinal_MSS_CM3_0\TouchScreenFinal_MSS_CM3_0_hw_platform\Debug\libTouchScreenFinal_MSS_CM3_0_hw_platform.a(mss_uart.o)
 .comment       0x000000d7       0x2b F:\GitHub\EECS373_Project\TouchScreenFinal\SoftConsole\TouchScreenFinal_MSS_CM3_0\TouchScreenFinal_MSS_CM3_0_hw_platform\Debug\libTouchScreenFinal_MSS_CM3_0_hw_platform.a(mss_spi.o)
 .comment       0x00000102       0x2b F:\GitHub\EECS373_Project\TouchScreenFinal\SoftConsole\TouchScreenFinal_MSS_CM3_0\TouchScreenFinal_MSS_CM3_0_hw_platform\Debug\libTouchScreenFinal_MSS_CM3_0_hw_platform.a(mss_i2c.o)
 .comment       0x0000012d       0x2b F:\GitHub\EECS373_Project\TouchScreenFinal\SoftConsole\TouchScreenFinal_MSS_CM3_0\TouchScreenFinal_MSS_CM3_0_hw_platform\Debug\libTouchScreenFinal_MSS_CM3_0_hw_platform.a(mss_gpio.o)
 .comment       0x00000158       0x2b F:\GitHub\EECS373_Project\TouchScreenFinal\SoftConsole\TouchScreenFinal_MSS_CM3_0\TouchScreenFinal_MSS_CM3_0_hw_platform\Debug\libTouchScreenFinal_MSS_CM3_0_hw_platform.a(mss_ace.o)
 .comment       0x00000183       0x2b F:\GitHub\EECS373_Project\TouchScreenFinal\SoftConsole\TouchScreenFinal_MSS_CM3_0\TouchScreenFinal_MSS_CM3_0_hw_platform\Debug\libTouchScreenFinal_MSS_CM3_0_hw_platform.a(core_cm3.o)
 .comment       0x000001ae       0x2b F:\GitHub\EECS373_Project\TouchScreenFinal\SoftConsole\TouchScreenFinal_MSS_CM3_0\TouchScreenFinal_MSS_CM3_0_hw_platform\Debug\libTouchScreenFinal_MSS_CM3_0_hw_platform.a(system_a2fxxxm3.o)
 .comment       0x000001d9       0x2b F:\GitHub\EECS373_Project\TouchScreenFinal\SoftConsole\TouchScreenFinal_MSS_CM3_0\TouchScreenFinal_MSS_CM3_0_hw_platform\Debug\libTouchScreenFinal_MSS_CM3_0_hw_platform.a(ace_config.o)
 .comment       0x00000204       0x2b F:\GitHub\EECS373_Project\TouchScreenFinal\SoftConsole\TouchScreenFinal_MSS_CM3_0\TouchScreenFinal_MSS_CM3_0_hw_platform\Debug\libTouchScreenFinal_MSS_CM3_0_hw_platform.a(ace_convert.o)
 .comment       0x0000022f       0x2b F:\GitHub\EECS373_Project\TouchScreenFinal\SoftConsole\TouchScreenFinal_MSS_CM3_0\TouchScreenFinal_MSS_CM3_0_hw_platform\Debug\libTouchScreenFinal_MSS_CM3_0_hw_platform.a(ace_flags.o)

.debug_aranges  0x00000000      0x9a0
 *(.debug_aranges)
 .debug_aranges
                0x00000000       0x20 ./main.o
 .debug_aranges
                0x00000020      0x168 ./touchscreen.o
 .debug_aranges
                0x00000188       0x28 ./xbee.o
 .debug_aranges
                0x000001b0       0xa8 F:/GitHub/EECS373_Project/TouchScreenFinal/SoftConsole/TouchScreenFinal_MSS_CM3_0/TouchScreenFinal_MSS_CM3_0_hw_platform/Debug/CMSIS/startup_gcc/newlib_stubs.o
 .debug_aranges
                0x00000258       0xc0 F:\GitHub\EECS373_Project\TouchScreenFinal\SoftConsole\TouchScreenFinal_MSS_CM3_0\TouchScreenFinal_MSS_CM3_0_hw_platform\Debug\libTouchScreenFinal_MSS_CM3_0_hw_platform.a(mss_uart.o)
 .debug_aranges
                0x00000318       0xc8 F:\GitHub\EECS373_Project\TouchScreenFinal\SoftConsole\TouchScreenFinal_MSS_CM3_0\TouchScreenFinal_MSS_CM3_0_hw_platform\Debug\libTouchScreenFinal_MSS_CM3_0_hw_platform.a(mss_spi.o)
 .debug_aranges
                0x000003e0      0x110 F:\GitHub\EECS373_Project\TouchScreenFinal\SoftConsole\TouchScreenFinal_MSS_CM3_0\TouchScreenFinal_MSS_CM3_0_hw_platform\Debug\libTouchScreenFinal_MSS_CM3_0_hw_platform.a(mss_i2c.o)
 .debug_aranges
                0x000004f0       0x50 F:\GitHub\EECS373_Project\TouchScreenFinal\SoftConsole\TouchScreenFinal_MSS_CM3_0\TouchScreenFinal_MSS_CM3_0_hw_platform\Debug\libTouchScreenFinal_MSS_CM3_0_hw_platform.a(mss_gpio.o)
 .debug_aranges
                0x00000540       0xe0 F:\GitHub\EECS373_Project\TouchScreenFinal\SoftConsole\TouchScreenFinal_MSS_CM3_0\TouchScreenFinal_MSS_CM3_0_hw_platform\Debug\libTouchScreenFinal_MSS_CM3_0_hw_platform.a(mss_ace.o)
 .debug_aranges
                0x00000620       0xc8 F:\GitHub\EECS373_Project\TouchScreenFinal\SoftConsole\TouchScreenFinal_MSS_CM3_0\TouchScreenFinal_MSS_CM3_0_hw_platform\Debug\libTouchScreenFinal_MSS_CM3_0_hw_platform.a(core_cm3.o)
 .debug_aranges
                0x000006e8       0x28 F:\GitHub\EECS373_Project\TouchScreenFinal\SoftConsole\TouchScreenFinal_MSS_CM3_0\TouchScreenFinal_MSS_CM3_0_hw_platform\Debug\libTouchScreenFinal_MSS_CM3_0_hw_platform.a(system_a2fxxxm3.o)
 .debug_aranges
                0x00000710       0xb0 F:\GitHub\EECS373_Project\TouchScreenFinal\SoftConsole\TouchScreenFinal_MSS_CM3_0\TouchScreenFinal_MSS_CM3_0_hw_platform\Debug\libTouchScreenFinal_MSS_CM3_0_hw_platform.a(ace_convert.o)
 .debug_aranges
                0x000007c0      0x1e0 F:\GitHub\EECS373_Project\TouchScreenFinal\SoftConsole\TouchScreenFinal_MSS_CM3_0\TouchScreenFinal_MSS_CM3_0_hw_platform\Debug\libTouchScreenFinal_MSS_CM3_0_hw_platform.a(ace_flags.o)

.debug_pubnames
                0x00000000     0x1a0c
 *(.debug_pubnames)
 .debug_pubnames
                0x00000000       0x59 ./main.o
 .debug_pubnames
                0x00000059      0x232 ./touchscreen.o
 .debug_pubnames
                0x0000028b       0x45 ./xbee.o
 .debug_pubnames
                0x000002d0       0xeb F:/GitHub/EECS373_Project/TouchScreenFinal/SoftConsole/TouchScreenFinal_MSS_CM3_0/TouchScreenFinal_MSS_CM3_0_hw_platform/Debug/CMSIS/startup_gcc/newlib_stubs.o
 .debug_pubnames
                0x000003bb      0x21c F:\GitHub\EECS373_Project\TouchScreenFinal\SoftConsole\TouchScreenFinal_MSS_CM3_0\TouchScreenFinal_MSS_CM3_0_hw_platform\Debug\libTouchScreenFinal_MSS_CM3_0_hw_platform.a(mss_uart.o)
 .debug_pubnames
                0x000005d7      0x21a F:\GitHub\EECS373_Project\TouchScreenFinal\SoftConsole\TouchScreenFinal_MSS_CM3_0\TouchScreenFinal_MSS_CM3_0_hw_platform\Debug\libTouchScreenFinal_MSS_CM3_0_hw_platform.a(mss_spi.o)
 .debug_pubnames
                0x000007f1      0x2eb F:\GitHub\EECS373_Project\TouchScreenFinal\SoftConsole\TouchScreenFinal_MSS_CM3_0\TouchScreenFinal_MSS_CM3_0_hw_platform\Debug\libTouchScreenFinal_MSS_CM3_0_hw_platform.a(mss_i2c.o)
 .debug_pubnames
                0x00000adc       0xb1 F:\GitHub\EECS373_Project\TouchScreenFinal\SoftConsole\TouchScreenFinal_MSS_CM3_0\TouchScreenFinal_MSS_CM3_0_hw_platform\Debug\libTouchScreenFinal_MSS_CM3_0_hw_platform.a(mss_gpio.o)
 .debug_pubnames
                0x00000b8d      0x292 F:\GitHub\EECS373_Project\TouchScreenFinal\SoftConsole\TouchScreenFinal_MSS_CM3_0\TouchScreenFinal_MSS_CM3_0_hw_platform\Debug\libTouchScreenFinal_MSS_CM3_0_hw_platform.a(mss_ace.o)
 .debug_pubnames
                0x00000e1f      0x159 F:\GitHub\EECS373_Project\TouchScreenFinal\SoftConsole\TouchScreenFinal_MSS_CM3_0\TouchScreenFinal_MSS_CM3_0_hw_platform\Debug\libTouchScreenFinal_MSS_CM3_0_hw_platform.a(core_cm3.o)
 .debug_pubnames
                0x00000f78       0xb4 F:\GitHub\EECS373_Project\TouchScreenFinal\SoftConsole\TouchScreenFinal_MSS_CM3_0\TouchScreenFinal_MSS_CM3_0_hw_platform\Debug\libTouchScreenFinal_MSS_CM3_0_hw_platform.a(system_a2fxxxm3.o)
 .debug_pubnames
                0x0000102c      0x195 F:\GitHub\EECS373_Project\TouchScreenFinal\SoftConsole\TouchScreenFinal_MSS_CM3_0\TouchScreenFinal_MSS_CM3_0_hw_platform\Debug\libTouchScreenFinal_MSS_CM3_0_hw_platform.a(ace_config.o)
 .debug_pubnames
                0x000011c1      0x1ec F:\GitHub\EECS373_Project\TouchScreenFinal\SoftConsole\TouchScreenFinal_MSS_CM3_0\TouchScreenFinal_MSS_CM3_0_hw_platform\Debug\libTouchScreenFinal_MSS_CM3_0_hw_platform.a(ace_convert.o)
 .debug_pubnames
                0x000013ad      0x65f F:\GitHub\EECS373_Project\TouchScreenFinal\SoftConsole\TouchScreenFinal_MSS_CM3_0\TouchScreenFinal_MSS_CM3_0_hw_platform\Debug\libTouchScreenFinal_MSS_CM3_0_hw_platform.a(ace_flags.o)

.debug_info     0x00000000     0xf981
 *(.debug_info .gnu.linkonce.wi.*)
 .debug_info    0x00000000      0xc9c ./main.o
 .debug_info    0x00000c9c     0x21bd ./touchscreen.o
 .debug_info    0x00002e59      0xb6a ./xbee.o
 .debug_info    0x000039c3     0x10eb F:/GitHub/EECS373_Project/TouchScreenFinal/SoftConsole/TouchScreenFinal_MSS_CM3_0/TouchScreenFinal_MSS_CM3_0_hw_platform/Debug/CMSIS/startup_gcc/newlib_stubs.o
 .debug_info    0x00004aae     0x1740 F:\GitHub\EECS373_Project\TouchScreenFinal\SoftConsole\TouchScreenFinal_MSS_CM3_0\TouchScreenFinal_MSS_CM3_0_hw_platform\Debug\libTouchScreenFinal_MSS_CM3_0_hw_platform.a(mss_uart.o)
 .debug_info    0x000061ee     0x16fe F:\GitHub\EECS373_Project\TouchScreenFinal\SoftConsole\TouchScreenFinal_MSS_CM3_0\TouchScreenFinal_MSS_CM3_0_hw_platform\Debug\libTouchScreenFinal_MSS_CM3_0_hw_platform.a(mss_spi.o)
 .debug_info    0x000078ec     0x190b F:\GitHub\EECS373_Project\TouchScreenFinal\SoftConsole\TouchScreenFinal_MSS_CM3_0\TouchScreenFinal_MSS_CM3_0_hw_platform\Debug\libTouchScreenFinal_MSS_CM3_0_hw_platform.a(mss_i2c.o)
 .debug_info    0x000091f7     0x1124 F:\GitHub\EECS373_Project\TouchScreenFinal\SoftConsole\TouchScreenFinal_MSS_CM3_0\TouchScreenFinal_MSS_CM3_0_hw_platform\Debug\libTouchScreenFinal_MSS_CM3_0_hw_platform.a(mss_gpio.o)
 .debug_info    0x0000a31b     0x1ae7 F:\GitHub\EECS373_Project\TouchScreenFinal\SoftConsole\TouchScreenFinal_MSS_CM3_0\TouchScreenFinal_MSS_CM3_0_hw_platform\Debug\libTouchScreenFinal_MSS_CM3_0_hw_platform.a(mss_ace.o)
 .debug_info    0x0000be02      0x535 F:\GitHub\EECS373_Project\TouchScreenFinal\SoftConsole\TouchScreenFinal_MSS_CM3_0\TouchScreenFinal_MSS_CM3_0_hw_platform\Debug\libTouchScreenFinal_MSS_CM3_0_hw_platform.a(core_cm3.o)
 .debug_info    0x0000c337      0x575 F:\GitHub\EECS373_Project\TouchScreenFinal\SoftConsole\TouchScreenFinal_MSS_CM3_0\TouchScreenFinal_MSS_CM3_0_hw_platform\Debug\libTouchScreenFinal_MSS_CM3_0_hw_platform.a(system_a2fxxxm3.o)
 .debug_info    0x0000c8ac      0x4d5 F:\GitHub\EECS373_Project\TouchScreenFinal\SoftConsole\TouchScreenFinal_MSS_CM3_0\TouchScreenFinal_MSS_CM3_0_hw_platform\Debug\libTouchScreenFinal_MSS_CM3_0_hw_platform.a(ace_config.o)
 .debug_info    0x0000cd81     0x1a41 F:\GitHub\EECS373_Project\TouchScreenFinal\SoftConsole\TouchScreenFinal_MSS_CM3_0\TouchScreenFinal_MSS_CM3_0_hw_platform\Debug\libTouchScreenFinal_MSS_CM3_0_hw_platform.a(ace_convert.o)
 .debug_info    0x0000e7c2     0x11bf F:\GitHub\EECS373_Project\TouchScreenFinal\SoftConsole\TouchScreenFinal_MSS_CM3_0\TouchScreenFinal_MSS_CM3_0_hw_platform\Debug\libTouchScreenFinal_MSS_CM3_0_hw_platform.a(ace_flags.o)

.debug_abbrev   0x00000000     0x1cdf
 *(.debug_abbrev)
 .debug_abbrev  0x00000000      0x1c7 ./main.o
 .debug_abbrev  0x000001c7      0x321 ./touchscreen.o
 .debug_abbrev  0x000004e8      0x18e ./xbee.o
 .debug_abbrev  0x00000676      0x251 F:/GitHub/EECS373_Project/TouchScreenFinal/SoftConsole/TouchScreenFinal_MSS_CM3_0/TouchScreenFinal_MSS_CM3_0_hw_platform/Debug/CMSIS/startup_gcc/newlib_stubs.o
 .debug_abbrev  0x000008c7      0x306 F:\GitHub\EECS373_Project\TouchScreenFinal\SoftConsole\TouchScreenFinal_MSS_CM3_0\TouchScreenFinal_MSS_CM3_0_hw_platform\Debug\libTouchScreenFinal_MSS_CM3_0_hw_platform.a(mss_uart.o)
 .debug_abbrev  0x00000bcd      0x2e3 F:\GitHub\EECS373_Project\TouchScreenFinal\SoftConsole\TouchScreenFinal_MSS_CM3_0\TouchScreenFinal_MSS_CM3_0_hw_platform\Debug\libTouchScreenFinal_MSS_CM3_0_hw_platform.a(mss_spi.o)
 .debug_abbrev  0x00000eb0      0x2da F:\GitHub\EECS373_Project\TouchScreenFinal\SoftConsole\TouchScreenFinal_MSS_CM3_0\TouchScreenFinal_MSS_CM3_0_hw_platform\Debug\libTouchScreenFinal_MSS_CM3_0_hw_platform.a(mss_i2c.o)
 .debug_abbrev  0x0000118a      0x1f1 F:\GitHub\EECS373_Project\TouchScreenFinal\SoftConsole\TouchScreenFinal_MSS_CM3_0\TouchScreenFinal_MSS_CM3_0_hw_platform\Debug\libTouchScreenFinal_MSS_CM3_0_hw_platform.a(mss_gpio.o)
 .debug_abbrev  0x0000137b      0x2e5 F:\GitHub\EECS373_Project\TouchScreenFinal\SoftConsole\TouchScreenFinal_MSS_CM3_0\TouchScreenFinal_MSS_CM3_0_hw_platform\Debug\libTouchScreenFinal_MSS_CM3_0_hw_platform.a(mss_ace.o)
 .debug_abbrev  0x00001660       0xc5 F:\GitHub\EECS373_Project\TouchScreenFinal\SoftConsole\TouchScreenFinal_MSS_CM3_0\TouchScreenFinal_MSS_CM3_0_hw_platform\Debug\libTouchScreenFinal_MSS_CM3_0_hw_platform.a(core_cm3.o)
 .debug_abbrev  0x00001725      0x154 F:\GitHub\EECS373_Project\TouchScreenFinal\SoftConsole\TouchScreenFinal_MSS_CM3_0\TouchScreenFinal_MSS_CM3_0_hw_platform\Debug\libTouchScreenFinal_MSS_CM3_0_hw_platform.a(system_a2fxxxm3.o)
 .debug_abbrev  0x00001879       0xbd F:\GitHub\EECS373_Project\TouchScreenFinal\SoftConsole\TouchScreenFinal_MSS_CM3_0\TouchScreenFinal_MSS_CM3_0_hw_platform\Debug\libTouchScreenFinal_MSS_CM3_0_hw_platform.a(ace_config.o)
 .debug_abbrev  0x00001936      0x1e5 F:\GitHub\EECS373_Project\TouchScreenFinal\SoftConsole\TouchScreenFinal_MSS_CM3_0\TouchScreenFinal_MSS_CM3_0_hw_platform\Debug\libTouchScreenFinal_MSS_CM3_0_hw_platform.a(ace_convert.o)
 .debug_abbrev  0x00001b1b      0x1c4 F:\GitHub\EECS373_Project\TouchScreenFinal\SoftConsole\TouchScreenFinal_MSS_CM3_0\TouchScreenFinal_MSS_CM3_0_hw_platform\Debug\libTouchScreenFinal_MSS_CM3_0_hw_platform.a(ace_flags.o)

.debug_line     0x00000000     0x5310
 *(.debug_line)
 .debug_line    0x00000000      0xb4f ./main.o
 .debug_line    0x00000b4f      0xcb4 ./touchscreen.o
 .debug_line    0x00001803      0x459 ./xbee.o
 .debug_line    0x00001c5c      0x4f7 F:/GitHub/EECS373_Project/TouchScreenFinal/SoftConsole/TouchScreenFinal_MSS_CM3_0/TouchScreenFinal_MSS_CM3_0_hw_platform/Debug/CMSIS/startup_gcc/newlib_stubs.o
 .debug_line    0x00002153      0x5c9 F:\GitHub\EECS373_Project\TouchScreenFinal\SoftConsole\TouchScreenFinal_MSS_CM3_0\TouchScreenFinal_MSS_CM3_0_hw_platform\Debug\libTouchScreenFinal_MSS_CM3_0_hw_platform.a(mss_uart.o)
 .debug_line    0x0000271c      0x814 F:\GitHub\EECS373_Project\TouchScreenFinal\SoftConsole\TouchScreenFinal_MSS_CM3_0\TouchScreenFinal_MSS_CM3_0_hw_platform\Debug\libTouchScreenFinal_MSS_CM3_0_hw_platform.a(mss_spi.o)
 .debug_line    0x00002f30      0x779 F:\GitHub\EECS373_Project\TouchScreenFinal\SoftConsole\TouchScreenFinal_MSS_CM3_0\TouchScreenFinal_MSS_CM3_0_hw_platform\Debug\libTouchScreenFinal_MSS_CM3_0_hw_platform.a(mss_i2c.o)
 .debug_line    0x000036a9      0x30c F:\GitHub\EECS373_Project\TouchScreenFinal\SoftConsole\TouchScreenFinal_MSS_CM3_0\TouchScreenFinal_MSS_CM3_0_hw_platform\Debug\libTouchScreenFinal_MSS_CM3_0_hw_platform.a(mss_gpio.o)
 .debug_line    0x000039b5      0x5bf F:\GitHub\EECS373_Project\TouchScreenFinal\SoftConsole\TouchScreenFinal_MSS_CM3_0\TouchScreenFinal_MSS_CM3_0_hw_platform\Debug\libTouchScreenFinal_MSS_CM3_0_hw_platform.a(mss_ace.o)
 .debug_line    0x00003f74      0x244 F:\GitHub\EECS373_Project\TouchScreenFinal\SoftConsole\TouchScreenFinal_MSS_CM3_0\TouchScreenFinal_MSS_CM3_0_hw_platform\Debug\libTouchScreenFinal_MSS_CM3_0_hw_platform.a(core_cm3.o)
 .debug_line    0x000041b8      0x264 F:\GitHub\EECS373_Project\TouchScreenFinal\SoftConsole\TouchScreenFinal_MSS_CM3_0\TouchScreenFinal_MSS_CM3_0_hw_platform\Debug\libTouchScreenFinal_MSS_CM3_0_hw_platform.a(system_a2fxxxm3.o)
 .debug_line    0x0000441c      0x1a9 F:\GitHub\EECS373_Project\TouchScreenFinal\SoftConsole\TouchScreenFinal_MSS_CM3_0\TouchScreenFinal_MSS_CM3_0_hw_platform\Debug\libTouchScreenFinal_MSS_CM3_0_hw_platform.a(ace_config.o)
 .debug_line    0x000045c5      0x495 F:\GitHub\EECS373_Project\TouchScreenFinal\SoftConsole\TouchScreenFinal_MSS_CM3_0\TouchScreenFinal_MSS_CM3_0_hw_platform\Debug\libTouchScreenFinal_MSS_CM3_0_hw_platform.a(ace_convert.o)
 .debug_line    0x00004a5a      0x8b6 F:\GitHub\EECS373_Project\TouchScreenFinal\SoftConsole\TouchScreenFinal_MSS_CM3_0\TouchScreenFinal_MSS_CM3_0_hw_platform\Debug\libTouchScreenFinal_MSS_CM3_0_hw_platform.a(ace_flags.o)

.debug_frame    0x00000000     0x19c8
 *(.debug_frame)
 .debug_frame   0x00000000       0x30 ./main.o
 .debug_frame   0x00000030      0x514 ./touchscreen.o
 .debug_frame   0x00000544       0x50 ./xbee.o
 .debug_frame   0x00000594      0x174 F:/GitHub/EECS373_Project/TouchScreenFinal/SoftConsole/TouchScreenFinal_MSS_CM3_0/TouchScreenFinal_MSS_CM3_0_hw_platform/Debug/CMSIS/startup_gcc/newlib_stubs.o
 .debug_frame   0x00000708      0x1f0 F:\GitHub\EECS373_Project\TouchScreenFinal\SoftConsole\TouchScreenFinal_MSS_CM3_0\TouchScreenFinal_MSS_CM3_0_hw_platform\Debug\libTouchScreenFinal_MSS_CM3_0_hw_platform.a(mss_uart.o)
 .debug_frame   0x000008f8      0x270 F:\GitHub\EECS373_Project\TouchScreenFinal\SoftConsole\TouchScreenFinal_MSS_CM3_0\TouchScreenFinal_MSS_CM3_0_hw_platform\Debug\libTouchScreenFinal_MSS_CM3_0_hw_platform.a(mss_spi.o)
 .debug_frame   0x00000b68      0x2bc F:\GitHub\EECS373_Project\TouchScreenFinal\SoftConsole\TouchScreenFinal_MSS_CM3_0\TouchScreenFinal_MSS_CM3_0_hw_platform\Debug\libTouchScreenFinal_MSS_CM3_0_hw_platform.a(mss_i2c.o)
 .debug_frame   0x00000e24       0x88 F:\GitHub\EECS373_Project\TouchScreenFinal\SoftConsole\TouchScreenFinal_MSS_CM3_0\TouchScreenFinal_MSS_CM3_0_hw_platform\Debug\libTouchScreenFinal_MSS_CM3_0_hw_platform.a(mss_gpio.o)
 .debug_frame   0x00000eac      0x200 F:\GitHub\EECS373_Project\TouchScreenFinal\SoftConsole\TouchScreenFinal_MSS_CM3_0\TouchScreenFinal_MSS_CM3_0_hw_platform\Debug\libTouchScreenFinal_MSS_CM3_0_hw_platform.a(mss_ace.o)
 .debug_frame   0x000010ac      0x170 F:\GitHub\EECS373_Project\TouchScreenFinal\SoftConsole\TouchScreenFinal_MSS_CM3_0\TouchScreenFinal_MSS_CM3_0_hw_platform\Debug\libTouchScreenFinal_MSS_CM3_0_hw_platform.a(core_cm3.o)
 .debug_frame   0x0000121c       0x3c F:\GitHub\EECS373_Project\TouchScreenFinal\SoftConsole\TouchScreenFinal_MSS_CM3_0\TouchScreenFinal_MSS_CM3_0_hw_platform\Debug\libTouchScreenFinal_MSS_CM3_0_hw_platform.a(system_a2fxxxm3.o)
 .debug_frame   0x00001258      0x1b4 F:\GitHub\EECS373_Project\TouchScreenFinal\SoftConsole\TouchScreenFinal_MSS_CM3_0\TouchScreenFinal_MSS_CM3_0_hw_platform\Debug\libTouchScreenFinal_MSS_CM3_0_hw_platform.a(ace_convert.o)
 .debug_frame   0x0000140c      0x520 F:\GitHub\EECS373_Project\TouchScreenFinal\SoftConsole\TouchScreenFinal_MSS_CM3_0\TouchScreenFinal_MSS_CM3_0_hw_platform\Debug\libTouchScreenFinal_MSS_CM3_0_hw_platform.a(ace_flags.o)
 .debug_frame   0x0000192c       0x20 c:/microsemi/softconsole v3.3/sourcery-g++/bin/../lib/gcc/arm-none-eabi/4.4.1/../../../../arm-none-eabi/lib/thumb2\libc.a(lib_a-errno.o)
 .debug_frame   0x0000194c       0x2c c:/microsemi/softconsole v3.3/sourcery-g++/bin/../lib/gcc/arm-none-eabi/4.4.1/../../../../arm-none-eabi/lib/thumb2\libc.a(lib_a-init.o)
 .debug_frame   0x00001978       0x28 c:/microsemi/softconsole v3.3/sourcery-g++/bin/../lib/gcc/arm-none-eabi/4.4.1/../../../../arm-none-eabi/lib/thumb2\libc.a(lib_a-memset.o)
 .debug_frame   0x000019a0       0x28 c:/microsemi/softconsole v3.3/sourcery-g++/bin/../lib/gcc/arm-none-eabi/4.4.1/../../../../arm-none-eabi/lib/thumb2\libc.a(lib_a-strncmp.o)

.debug_str      0x00000000     0x4de4
 *(.debug_str)
 .debug_str     0x00000000      0xf53 ./main.o
                                0xfde (size before relaxing)
 .debug_str     0x00000f53     0x10bb ./touchscreen.o
                               0x1e5c (size before relaxing)
 .debug_str     0x0000200e       0x64 ./xbee.o
                                0xee8 (size before relaxing)
 .debug_str     0x00002072      0x279 F:/GitHub/EECS373_Project/TouchScreenFinal/SoftConsole/TouchScreenFinal_MSS_CM3_0/TouchScreenFinal_MSS_CM3_0_hw_platform/Debug/CMSIS/startup_gcc/newlib_stubs.o
                               0x10bf (size before relaxing)
 .debug_str     0x000022eb      0x2f5 F:\GitHub\EECS373_Project\TouchScreenFinal\SoftConsole\TouchScreenFinal_MSS_CM3_0\TouchScreenFinal_MSS_CM3_0_hw_platform\Debug\libTouchScreenFinal_MSS_CM3_0_hw_platform.a(mss_uart.o)
                               0x14d0 (size before relaxing)
 .debug_str     0x000025e0      0x362 F:\GitHub\EECS373_Project\TouchScreenFinal\SoftConsole\TouchScreenFinal_MSS_CM3_0\TouchScreenFinal_MSS_CM3_0_hw_platform\Debug\libTouchScreenFinal_MSS_CM3_0_hw_platform.a(mss_spi.o)
                               0x16e1 (size before relaxing)
 .debug_str     0x00002942      0x38c F:\GitHub\EECS373_Project\TouchScreenFinal\SoftConsole\TouchScreenFinal_MSS_CM3_0\TouchScreenFinal_MSS_CM3_0_hw_platform\Debug\libTouchScreenFinal_MSS_CM3_0_hw_platform.a(mss_i2c.o)
                               0x1770 (size before relaxing)
 .debug_str     0x00002cce      0x2df F:\GitHub\EECS373_Project\TouchScreenFinal\SoftConsole\TouchScreenFinal_MSS_CM3_0\TouchScreenFinal_MSS_CM3_0_hw_platform\Debug\libTouchScreenFinal_MSS_CM3_0_hw_platform.a(mss_gpio.o)
                               0x12a8 (size before relaxing)
 .debug_str     0x00002fad     0x1024 F:\GitHub\EECS373_Project\TouchScreenFinal\SoftConsole\TouchScreenFinal_MSS_CM3_0\TouchScreenFinal_MSS_CM3_0_hw_platform\Debug\libTouchScreenFinal_MSS_CM3_0_hw_platform.a(mss_ace.o)
                               0x1316 (size before relaxing)
 .debug_str     0x00003fd1      0x13b F:\GitHub\EECS373_Project\TouchScreenFinal\SoftConsole\TouchScreenFinal_MSS_CM3_0\TouchScreenFinal_MSS_CM3_0_hw_platform\Debug\libTouchScreenFinal_MSS_CM3_0_hw_platform.a(core_cm3.o)
                                0x286 (size before relaxing)
 .debug_str     0x0000410c       0xf7 F:\GitHub\EECS373_Project\TouchScreenFinal\SoftConsole\TouchScreenFinal_MSS_CM3_0\TouchScreenFinal_MSS_CM3_0_hw_platform\Debug\libTouchScreenFinal_MSS_CM3_0_hw_platform.a(system_a2fxxxm3.o)
                                0x473 (size before relaxing)
 .debug_str     0x00004203      0x22b F:\GitHub\EECS373_Project\TouchScreenFinal\SoftConsole\TouchScreenFinal_MSS_CM3_0\TouchScreenFinal_MSS_CM3_0_hw_platform\Debug\libTouchScreenFinal_MSS_CM3_0_hw_platform.a(ace_config.o)
                                0x498 (size before relaxing)
 .debug_str     0x0000442e      0x32c F:\GitHub\EECS373_Project\TouchScreenFinal\SoftConsole\TouchScreenFinal_MSS_CM3_0\TouchScreenFinal_MSS_CM3_0_hw_platform\Debug\libTouchScreenFinal_MSS_CM3_0_hw_platform.a(ace_convert.o)
                                0xfe8 (size before relaxing)
 .debug_str     0x0000475a      0x68a F:\GitHub\EECS373_Project\TouchScreenFinal\SoftConsole\TouchScreenFinal_MSS_CM3_0\TouchScreenFinal_MSS_CM3_0_hw_platform\Debug\libTouchScreenFinal_MSS_CM3_0_hw_platform.a(ace_flags.o)
                               0x1336 (size before relaxing)

.debug_loc      0x00000000     0x3af4
 *(.debug_loc)
 .debug_loc     0x00000000       0x39 ./main.o
 .debug_loc     0x00000039      0x89c ./touchscreen.o
 .debug_loc     0x000008d5       0x6e ./xbee.o
 .debug_loc     0x00000943      0x30d F:/GitHub/EECS373_Project/TouchScreenFinal/SoftConsole/TouchScreenFinal_MSS_CM3_0/TouchScreenFinal_MSS_CM3_0_hw_platform/Debug/CMSIS/startup_gcc/newlib_stubs.o
 .debug_loc     0x00000c50      0x894 F:\GitHub\EECS373_Project\TouchScreenFinal\SoftConsole\TouchScreenFinal_MSS_CM3_0\TouchScreenFinal_MSS_CM3_0_hw_platform\Debug\libTouchScreenFinal_MSS_CM3_0_hw_platform.a(mss_uart.o)
 .debug_loc     0x000014e4      0x982 F:\GitHub\EECS373_Project\TouchScreenFinal\SoftConsole\TouchScreenFinal_MSS_CM3_0\TouchScreenFinal_MSS_CM3_0_hw_platform\Debug\libTouchScreenFinal_MSS_CM3_0_hw_platform.a(mss_spi.o)
 .debug_loc     0x00001e66      0x755 F:\GitHub\EECS373_Project\TouchScreenFinal\SoftConsole\TouchScreenFinal_MSS_CM3_0\TouchScreenFinal_MSS_CM3_0_hw_platform\Debug\libTouchScreenFinal_MSS_CM3_0_hw_platform.a(mss_i2c.o)
 .debug_loc     0x000025bb       0xf1 F:\GitHub\EECS373_Project\TouchScreenFinal\SoftConsole\TouchScreenFinal_MSS_CM3_0\TouchScreenFinal_MSS_CM3_0_hw_platform\Debug\libTouchScreenFinal_MSS_CM3_0_hw_platform.a(mss_gpio.o)
 .debug_loc     0x000026ac      0x5ae F:\GitHub\EECS373_Project\TouchScreenFinal\SoftConsole\TouchScreenFinal_MSS_CM3_0\TouchScreenFinal_MSS_CM3_0_hw_platform\Debug\libTouchScreenFinal_MSS_CM3_0_hw_platform.a(mss_ace.o)
 .debug_loc     0x00002c5a      0x1c8 F:\GitHub\EECS373_Project\TouchScreenFinal\SoftConsole\TouchScreenFinal_MSS_CM3_0\TouchScreenFinal_MSS_CM3_0_hw_platform\Debug\libTouchScreenFinal_MSS_CM3_0_hw_platform.a(core_cm3.o)
 .debug_loc     0x00002e22       0xb3 F:\GitHub\EECS373_Project\TouchScreenFinal\SoftConsole\TouchScreenFinal_MSS_CM3_0\TouchScreenFinal_MSS_CM3_0_hw_platform\Debug\libTouchScreenFinal_MSS_CM3_0_hw_platform.a(system_a2fxxxm3.o)
 .debug_loc     0x00002ed5      0x794 F:\GitHub\EECS373_Project\TouchScreenFinal\SoftConsole\TouchScreenFinal_MSS_CM3_0\TouchScreenFinal_MSS_CM3_0_hw_platform\Debug\libTouchScreenFinal_MSS_CM3_0_hw_platform.a(ace_convert.o)
 .debug_loc     0x00003669      0x48b F:\GitHub\EECS373_Project\TouchScreenFinal\SoftConsole\TouchScreenFinal_MSS_CM3_0\TouchScreenFinal_MSS_CM3_0_hw_platform\Debug\libTouchScreenFinal_MSS_CM3_0_hw_platform.a(ace_flags.o)

.debug_macinfo  0x00000000    0x5d06b
 *(.debug_macinfo)
 .debug_macinfo
                0x00000000     0xad48 ./main.o
 .debug_macinfo
                0x0000ad48     0x7539 ./touchscreen.o
 .debug_macinfo
                0x00012281     0x9464 ./xbee.o
 .debug_macinfo
                0x0001b6e5     0x9964 F:/GitHub/EECS373_Project/TouchScreenFinal/SoftConsole/TouchScreenFinal_MSS_CM3_0/TouchScreenFinal_MSS_CM3_0_hw_platform/Debug/CMSIS/startup_gcc/newlib_stubs.o
 .debug_macinfo
                0x00025049     0x63e3 F:\GitHub\EECS373_Project\TouchScreenFinal\SoftConsole\TouchScreenFinal_MSS_CM3_0\TouchScreenFinal_MSS_CM3_0_hw_platform\Debug\libTouchScreenFinal_MSS_CM3_0_hw_platform.a(mss_uart.o)
 .debug_macinfo
                0x0002b42c     0x7559 F:\GitHub\EECS373_Project\TouchScreenFinal\SoftConsole\TouchScreenFinal_MSS_CM3_0\TouchScreenFinal_MSS_CM3_0_hw_platform\Debug\libTouchScreenFinal_MSS_CM3_0_hw_platform.a(mss_spi.o)
 .debug_macinfo
                0x00032985     0x7518 F:\GitHub\EECS373_Project\TouchScreenFinal\SoftConsole\TouchScreenFinal_MSS_CM3_0\TouchScreenFinal_MSS_CM3_0_hw_platform\Debug\libTouchScreenFinal_MSS_CM3_0_hw_platform.a(mss_i2c.o)
 .debug_macinfo
                0x00039e9d     0x5cfa F:\GitHub\EECS373_Project\TouchScreenFinal\SoftConsole\TouchScreenFinal_MSS_CM3_0\TouchScreenFinal_MSS_CM3_0_hw_platform\Debug\libTouchScreenFinal_MSS_CM3_0_hw_platform.a(mss_gpio.o)
 .debug_macinfo
                0x0003fb97     0x77f7 F:\GitHub\EECS373_Project\TouchScreenFinal\SoftConsole\TouchScreenFinal_MSS_CM3_0\TouchScreenFinal_MSS_CM3_0_hw_platform\Debug\libTouchScreenFinal_MSS_CM3_0_hw_platform.a(mss_ace.o)
 .debug_macinfo
                0x0004738e     0x152b F:\GitHub\EECS373_Project\TouchScreenFinal\SoftConsole\TouchScreenFinal_MSS_CM3_0\TouchScreenFinal_MSS_CM3_0_hw_platform\Debug\libTouchScreenFinal_MSS_CM3_0_hw_platform.a(core_cm3.o)
 .debug_macinfo
                0x000488b9     0x5a98 F:\GitHub\EECS373_Project\TouchScreenFinal\SoftConsole\TouchScreenFinal_MSS_CM3_0\TouchScreenFinal_MSS_CM3_0_hw_platform\Debug\libTouchScreenFinal_MSS_CM3_0_hw_platform.a(system_a2fxxxm3.o)
 .debug_macinfo
                0x0004e351     0x1917 F:\GitHub\EECS373_Project\TouchScreenFinal\SoftConsole\TouchScreenFinal_MSS_CM3_0\TouchScreenFinal_MSS_CM3_0_hw_platform\Debug\libTouchScreenFinal_MSS_CM3_0_hw_platform.a(ace_config.o)
 .debug_macinfo
                0x0004fc68     0x5b95 F:\GitHub\EECS373_Project\TouchScreenFinal\SoftConsole\TouchScreenFinal_MSS_CM3_0\TouchScreenFinal_MSS_CM3_0_hw_platform\Debug\libTouchScreenFinal_MSS_CM3_0_hw_platform.a(ace_convert.o)
 .debug_macinfo
                0x000557fd     0x786e F:\GitHub\EECS373_Project\TouchScreenFinal\SoftConsole\TouchScreenFinal_MSS_CM3_0\TouchScreenFinal_MSS_CM3_0_hw_platform\Debug\libTouchScreenFinal_MSS_CM3_0_hw_platform.a(ace_flags.o)

.debug_weaknames
 *(.debug_weaknames)

.debug_funcnames
 *(.debug_funcnames)

.debug_typenames
 *(.debug_typenames)

.debug_varnames
 *(.debug_varnames)

.note.gnu.arm.ident
 *(.note.gnu.arm.ident)

.ARM.attributes
                0x00000000       0x25
 *(.ARM.attributes)
 .ARM.attributes
                0x00000000       0x19 c:/microsemi/softconsole v3.3/sourcery-g++/bin/../lib/gcc/arm-none-eabi/4.4.1/thumb2/crti.o
 .ARM.attributes
                0x00000019       0x29 c:/microsemi/softconsole v3.3/sourcery-g++/bin/../lib/gcc/arm-none-eabi/4.4.1/thumb2/crtbegin.o
 .ARM.attributes
                0x00000042       0x31 ./main.o
 .ARM.attributes
                0x00000073       0x31 ./touchscreen.o
 .ARM.attributes
                0x000000a4       0x31 ./xbee.o
 .ARM.attributes
                0x000000d5       0x21 F:/GitHub/EECS373_Project/TouchScreenFinal/SoftConsole/TouchScreenFinal_MSS_CM3_0/TouchScreenFinal_MSS_CM3_0_hw_platform/Debug/CMSIS/startup_gcc/startup_a2fxxxm3.o
 .ARM.attributes
                0x000000f6       0x31 F:/GitHub/EECS373_Project/TouchScreenFinal/SoftConsole/TouchScreenFinal_MSS_CM3_0/TouchScreenFinal_MSS_CM3_0_hw_platform/Debug/CMSIS/startup_gcc/newlib_stubs.o
 .ARM.attributes
                0x00000127       0x31 F:\GitHub\EECS373_Project\TouchScreenFinal\SoftConsole\TouchScreenFinal_MSS_CM3_0\TouchScreenFinal_MSS_CM3_0_hw_platform\Debug\libTouchScreenFinal_MSS_CM3_0_hw_platform.a(mss_uart.o)
 .ARM.attributes
                0x00000158       0x31 F:\GitHub\EECS373_Project\TouchScreenFinal\SoftConsole\TouchScreenFinal_MSS_CM3_0\TouchScreenFinal_MSS_CM3_0_hw_platform\Debug\libTouchScreenFinal_MSS_CM3_0_hw_platform.a(mss_spi.o)
 .ARM.attributes
                0x00000189       0x31 F:\GitHub\EECS373_Project\TouchScreenFinal\SoftConsole\TouchScreenFinal_MSS_CM3_0\TouchScreenFinal_MSS_CM3_0_hw_platform\Debug\libTouchScreenFinal_MSS_CM3_0_hw_platform.a(mss_i2c.o)
 .ARM.attributes
                0x000001ba       0x31 F:\GitHub\EECS373_Project\TouchScreenFinal\SoftConsole\TouchScreenFinal_MSS_CM3_0\TouchScreenFinal_MSS_CM3_0_hw_platform\Debug\libTouchScreenFinal_MSS_CM3_0_hw_platform.a(mss_gpio.o)
 .ARM.attributes
                0x000001eb       0x31 F:\GitHub\EECS373_Project\TouchScreenFinal\SoftConsole\TouchScreenFinal_MSS_CM3_0\TouchScreenFinal_MSS_CM3_0_hw_platform\Debug\libTouchScreenFinal_MSS_CM3_0_hw_platform.a(mss_ace.o)
 .ARM.attributes
                0x0000021c       0x31 F:\GitHub\EECS373_Project\TouchScreenFinal\SoftConsole\TouchScreenFinal_MSS_CM3_0\TouchScreenFinal_MSS_CM3_0_hw_platform\Debug\libTouchScreenFinal_MSS_CM3_0_hw_platform.a(core_cm3.o)
 .ARM.attributes
                0x0000024d       0x31 F:\GitHub\EECS373_Project\TouchScreenFinal\SoftConsole\TouchScreenFinal_MSS_CM3_0\TouchScreenFinal_MSS_CM3_0_hw_platform\Debug\libTouchScreenFinal_MSS_CM3_0_hw_platform.a(system_a2fxxxm3.o)
 .ARM.attributes
                0x0000027e       0x31 F:\GitHub\EECS373_Project\TouchScreenFinal\SoftConsole\TouchScreenFinal_MSS_CM3_0\TouchScreenFinal_MSS_CM3_0_hw_platform\Debug\libTouchScreenFinal_MSS_CM3_0_hw_platform.a(ace_config.o)
 .ARM.attributes
                0x000002af       0x31 F:\GitHub\EECS373_Project\TouchScreenFinal\SoftConsole\TouchScreenFinal_MSS_CM3_0\TouchScreenFinal_MSS_CM3_0_hw_platform\Debug\libTouchScreenFinal_MSS_CM3_0_hw_platform.a(ace_convert.o)
 .ARM.attributes
                0x000002e0       0x31 F:\GitHub\EECS373_Project\TouchScreenFinal\SoftConsole\TouchScreenFinal_MSS_CM3_0\TouchScreenFinal_MSS_CM3_0_hw_platform\Debug\libTouchScreenFinal_MSS_CM3_0_hw_platform.a(ace_flags.o)
 .ARM.attributes
                0x00000311       0x1b c:/microsemi/softconsole v3.3/sourcery-g++/bin/../lib/gcc/arm-none-eabi/4.4.1/thumb2\libgcc.a(_arm_addsubdf3.o)
 .ARM.attributes
                0x0000032c       0x1b c:/microsemi/softconsole v3.3/sourcery-g++/bin/../lib/gcc/arm-none-eabi/4.4.1/thumb2\libgcc.a(_arm_muldivdf3.o)
 .ARM.attributes
                0x00000347       0x1b c:/microsemi/softconsole v3.3/sourcery-g++/bin/../lib/gcc/arm-none-eabi/4.4.1/thumb2\libgcc.a(_arm_truncdfsf2.o)
 .ARM.attributes
                0x00000362       0x1b c:/microsemi/softconsole v3.3/sourcery-g++/bin/../lib/gcc/arm-none-eabi/4.4.1/thumb2\libgcc.a(_arm_addsubsf3.o)
 .ARM.attributes
                0x0000037d       0x1b c:/microsemi/softconsole v3.3/sourcery-g++/bin/../lib/gcc/arm-none-eabi/4.4.1/thumb2\libgcc.a(_arm_muldivsf3.o)
 .ARM.attributes
                0x00000398       0x1b c:/microsemi/softconsole v3.3/sourcery-g++/bin/../lib/gcc/arm-none-eabi/4.4.1/thumb2\libgcc.a(_arm_fixsfsi.o)
 .ARM.attributes
                0x000003b3       0x1b c:/microsemi/softconsole v3.3/sourcery-g++/bin/../lib/gcc/arm-none-eabi/4.4.1/thumb2\libgcc.a(_arm_fixunssfsi.o)
 .ARM.attributes
                0x000003ce       0x29 c:/microsemi/softconsole v3.3/sourcery-g++/bin/../lib/gcc/arm-none-eabi/4.4.1/../../../../arm-none-eabi/lib/thumb2\libc.a(lib_a-errno.o)
 .ARM.attributes
                0x000003f7       0x29 c:/microsemi/softconsole v3.3/sourcery-g++/bin/../lib/gcc/arm-none-eabi/4.4.1/../../../../arm-none-eabi/lib/thumb2\libc.a(lib_a-impure.o)
 .ARM.attributes
                0x00000420       0x29 c:/microsemi/softconsole v3.3/sourcery-g++/bin/../lib/gcc/arm-none-eabi/4.4.1/../../../../arm-none-eabi/lib/thumb2\libc.a(lib_a-init.o)
 .ARM.attributes
                0x00000449       0x29 c:/microsemi/softconsole v3.3/sourcery-g++/bin/../lib/gcc/arm-none-eabi/4.4.1/../../../../arm-none-eabi/lib/thumb2\libc.a(lib_a-memset.o)
 .ARM.attributes
                0x00000472       0x29 c:/microsemi/softconsole v3.3/sourcery-g++/bin/../lib/gcc/arm-none-eabi/4.4.1/../../../../arm-none-eabi/lib/thumb2\libc.a(lib_a-strncmp.o)
 .ARM.attributes
                0x0000049b       0x29 c:/microsemi/softconsole v3.3/sourcery-g++/bin/../lib/gcc/arm-none-eabi/4.4.1/thumb2/crtend.o
 .ARM.attributes
                0x000004c4       0x19 c:/microsemi/softconsole v3.3/sourcery-g++/bin/../lib/gcc/arm-none-eabi/4.4.1/thumb2/crtn.o

/DISCARD/
 *(.note.GNU-stack)
 *(.isr_vector)
OUTPUT(TouchScreenFinal_MSS_CM3_0_app elf32-littlearm)

.debug_ranges   0x00000000      0x9c8
 .debug_ranges  0x00000000       0x30 ./main.o
 .debug_ranges  0x00000030      0x160 ./touchscreen.o
 .debug_ranges  0x00000190       0x20 ./xbee.o
 .debug_ranges  0x000001b0       0xa0 F:/GitHub/EECS373_Project/TouchScreenFinal/SoftConsole/TouchScreenFinal_MSS_CM3_0/TouchScreenFinal_MSS_CM3_0_hw_platform/Debug/CMSIS/startup_gcc/newlib_stubs.o
 .debug_ranges  0x00000250       0xd0 F:\GitHub\EECS373_Project\TouchScreenFinal\SoftConsole\TouchScreenFinal_MSS_CM3_0\TouchScreenFinal_MSS_CM3_0_hw_platform\Debug\libTouchScreenFinal_MSS_CM3_0_hw_platform.a(mss_uart.o)
 .debug_ranges  0x00000320       0xc0 F:\GitHub\EECS373_Project\TouchScreenFinal\SoftConsole\TouchScreenFinal_MSS_CM3_0\TouchScreenFinal_MSS_CM3_0_hw_platform\Debug\libTouchScreenFinal_MSS_CM3_0_hw_platform.a(mss_spi.o)
 .debug_ranges  0x000003e0      0x108 F:\GitHub\EECS373_Project\TouchScreenFinal\SoftConsole\TouchScreenFinal_MSS_CM3_0\TouchScreenFinal_MSS_CM3_0_hw_platform\Debug\libTouchScreenFinal_MSS_CM3_0_hw_platform.a(mss_i2c.o)
 .debug_ranges  0x000004e8       0x60 F:\GitHub\EECS373_Project\TouchScreenFinal\SoftConsole\TouchScreenFinal_MSS_CM3_0\TouchScreenFinal_MSS_CM3_0_hw_platform\Debug\libTouchScreenFinal_MSS_CM3_0_hw_platform.a(mss_gpio.o)
 .debug_ranges  0x00000548       0xf0 F:\GitHub\EECS373_Project\TouchScreenFinal\SoftConsole\TouchScreenFinal_MSS_CM3_0\TouchScreenFinal_MSS_CM3_0_hw_platform\Debug\libTouchScreenFinal_MSS_CM3_0_hw_platform.a(mss_ace.o)
 .debug_ranges  0x00000638       0xc0 F:\GitHub\EECS373_Project\TouchScreenFinal\SoftConsole\TouchScreenFinal_MSS_CM3_0\TouchScreenFinal_MSS_CM3_0_hw_platform\Debug\libTouchScreenFinal_MSS_CM3_0_hw_platform.a(core_cm3.o)
 .debug_ranges  0x000006f8       0x20 F:\GitHub\EECS373_Project\TouchScreenFinal\SoftConsole\TouchScreenFinal_MSS_CM3_0\TouchScreenFinal_MSS_CM3_0_hw_platform\Debug\libTouchScreenFinal_MSS_CM3_0_hw_platform.a(system_a2fxxxm3.o)
 .debug_ranges  0x00000718       0xd8 F:\GitHub\EECS373_Project\TouchScreenFinal\SoftConsole\TouchScreenFinal_MSS_CM3_0\TouchScreenFinal_MSS_CM3_0_hw_platform\Debug\libTouchScreenFinal_MSS_CM3_0_hw_platform.a(ace_convert.o)
 .debug_ranges  0x000007f0      0x1d8 F:\GitHub\EECS373_Project\TouchScreenFinal\SoftConsole\TouchScreenFinal_MSS_CM3_0\TouchScreenFinal_MSS_CM3_0_hw_platform\Debug\libTouchScreenFinal_MSS_CM3_0_hw_platform.a(ace_flags.o)
