Target Part: A2F200M3F_FBGA484_STD
Report for cell WhiteboarPlotter.verilog
  Core Cell usage:
              cell count     area count*area
               GND     4      0.0        0.0
           MSS_APB     1      0.0        0.0
           MSS_CCC     1      0.0        0.0
               MX2     4      1.0        4.0
              NOR2     2      1.0        2.0
             NOR2A     2      1.0        2.0
             NOR2B    23      1.0       23.0
              NOR3     2      1.0        2.0
             NOR3C     1      1.0        1.0
               OA1     6      1.0        6.0
              OA1B     2      1.0        2.0
               OR2     4      1.0        4.0
              OR2B     2      1.0        2.0
             RCOSC     1      0.0        0.0
               VCC     4      0.0        0.0
               XA1    14      1.0       14.0


              DFN1    22      1.0       22.0
                   -----          ----------
             TOTAL    95                84.0


  IO Cell usage:
              cell count
         INBUF_MSS     3
            OUTBUF     4
        OUTBUF_MSS     8
                   -----
             TOTAL    15


Core Cells         : 84 of 4608 (2%)
IO Cells           : 15

  RAM/ROM Usage Summary
Block Rams : 0 of 8 (0%)

